Archive member included to satisfy reference by file (symbol)

c:/program files (x86)/atmel/studio/7.0/toolchain/avr8/avr8-gnu-toolchain/bin/../lib/gcc/avr/4.9.2/avr5\libgcc.a(_mulsi3.o)
                              common_avr-liberty-master_src/timer.o (__mulsi3)
c:/program files (x86)/atmel/studio/7.0/toolchain/avr8/avr8-gnu-toolchain/bin/../lib/gcc/avr/4.9.2/avr5\libgcc.a(_udivmodhi4.o)
                              common_avr-liberty-master_src/buffer.o (__udivmodhi4)
c:/program files (x86)/atmel/studio/7.0/toolchain/avr8/avr8-gnu-toolchain/bin/../lib/gcc/avr/4.9.2/avr5\libgcc.a(_udivmodsi4.o)
                              common_avr-liberty-master_src/rprintf.o (__udivmodsi4)
c:/program files (x86)/atmel/studio/7.0/toolchain/avr8/avr8-gnu-toolchain/bin/../lib/gcc/avr/4.9.2/avr5\libgcc.a(_divmodsi4.o)
                              common_avr-liberty-master_src/timer.o (__divmodsi4)
c:/program files (x86)/atmel/studio/7.0/toolchain/avr8/avr8-gnu-toolchain/bin/../lib/gcc/avr/4.9.2/avr5\libgcc.a(_negsi2.o)
                              c:/program files (x86)/atmel/studio/7.0/toolchain/avr8/avr8-gnu-toolchain/bin/../lib/gcc/avr/4.9.2/avr5\libgcc.a(_divmodsi4.o) (__negsi2)
c:/program files (x86)/atmel/studio/7.0/toolchain/avr8/avr8-gnu-toolchain/bin/../lib/gcc/avr/4.9.2/avr5\libgcc.a(_exit.o)
                              C:/Program Files (x86)/Atmel/Studio/7.0/Packs/atmel/ATmega_DFP/1.0.90/gcc/dev/atmega16/avr5/crtatmega16.o (exit)
c:/program files (x86)/atmel/studio/7.0/toolchain/avr8/avr8-gnu-toolchain/bin/../lib/gcc/avr/4.9.2/avr5\libgcc.a(_tablejump2.o)
                              LMMB_main/appl.o (__tablejump2__)
c:/program files (x86)/atmel/studio/7.0/toolchain/avr8/avr8-gnu-toolchain/bin/../lib/gcc/avr/4.9.2/avr5\libgcc.a(_clear_bss.o)
                              common_avr-liberty-master_src/rprintf.o (__do_clear_bss)
c:/program files (x86)/atmel/studio/7.0/toolchain/avr8/avr8-gnu-toolchain/bin/../lib/gcc/avr/4.9.2/avr5\libgcc.a(_muluhisi3.o)
                              c:/program files (x86)/atmel/studio/7.0/toolchain/avr8/avr8-gnu-toolchain/bin/../lib/gcc/avr/4.9.2/avr5\libgcc.a(_mulsi3.o) (__muluhisi3)
c:/program files (x86)/atmel/studio/7.0/toolchain/avr8/avr8-gnu-toolchain/bin/../lib/gcc/avr/4.9.2/avr5\libgcc.a(_umulhisi3.o)
                              c:/program files (x86)/atmel/studio/7.0/toolchain/avr8/avr8-gnu-toolchain/bin/../lib/gcc/avr/4.9.2/avr5\libgcc.a(_muluhisi3.o) (__umulhisi3)

Allocating common symbols
Common symbol       size              file

uartReadyTx         0x1               common_avr-liberty-master_src/uart.o
appl                0x18              LMMB_main/appl.o
greeting            0x14              LMMB_main/appl.o
Timer0Reg0          0x4               common_avr-liberty-master_src/timer.o
uartRxBuffer        0x8               common_avr-liberty-master_src/uart.o
TimerPauseReg       0x4               common_avr-liberty-master_src/timer.o
button              0x8               LM_button/button.o
Timer2Reg0          0x4               common_avr-liberty-master_src/timer.o
LEDs                0x4               LMMB_main/led.o
uartBufferedTx      0x1               common_avr-liberty-master_src/uart.o
testChar            0x1               LMMB_main/appl.o
uartTxBuffer        0x8               common_avr-liberty-master_src/uart.o
uartRxOverflow      0x2               common_avr-liberty-master_src/uart.o
SSD                 0x6               LMMB_main/ssd.o

Discarded input sections

 .data          0x00000000        0x0 C:/Program Files (x86)/Atmel/Studio/7.0/Packs/atmel/ATmega_DFP/1.0.90/gcc/dev/atmega16/avr5/crtatmega16.o
 .bss           0x00000000        0x0 C:/Program Files (x86)/Atmel/Studio/7.0/Packs/atmel/ATmega_DFP/1.0.90/gcc/dev/atmega16/avr5/crtatmega16.o
 .text          0x00000000        0x0 common_avr-liberty-master_src/buffer.o
 .data          0x00000000        0x0 common_avr-liberty-master_src/buffer.o
 .bss           0x00000000        0x0 common_avr-liberty-master_src/buffer.o
 .text.bufferDumpFromFront
                0x00000000       0x40 common_avr-liberty-master_src/buffer.o
 .text.bufferGetAtIndex
                0x00000000       0x26 common_avr-liberty-master_src/buffer.o
 .text.bufferIsNotFull
                0x00000000       0x16 common_avr-liberty-master_src/buffer.o
 .text.bufferFlush
                0x00000000        0xe common_avr-liberty-master_src/buffer.o
 .text          0x00000000        0x0 common_avr-liberty-master_src/rprintf.o
 .data          0x00000000        0x0 common_avr-liberty-master_src/rprintf.o
 .bss           0x00000000        0x0 common_avr-liberty-master_src/rprintf.o
 .text.rprintfStr
                0x00000000       0x1c common_avr-liberty-master_src/rprintf.o
 .text.rprintfStrLen
                0x00000000       0x5c common_avr-liberty-master_src/rprintf.o
 .text.rprintfProgStr
                0x00000000       0x22 common_avr-liberty-master_src/rprintf.o
 .text.rprintfCRLF
                0x00000000        0x6 common_avr-liberty-master_src/rprintf.o
 .text.rprintfu08
                0x00000000       0x14 common_avr-liberty-master_src/rprintf.o
 .text.rprintfu16
                0x00000000       0x12 common_avr-liberty-master_src/rprintf.o
 .text.rprintfu32
                0x00000000       0x20 common_avr-liberty-master_src/rprintf.o
 .text.rprintfNum
                0x00000000      0x140 common_avr-liberty-master_src/rprintf.o
 .text          0x00000000        0x0 common_avr-liberty-master_src/timer.o
 .data          0x00000000        0x0 common_avr-liberty-master_src/timer.o
 .bss           0x00000000        0x0 common_avr-liberty-master_src/timer.o
 .text.delay_us
                0x00000000        0x2 common_avr-liberty-master_src/timer.o
 .text.timer0GetPrescaler
                0x00000000       0x14 common_avr-liberty-master_src/timer.o
 .text.timer1GetPrescaler
                0x00000000       0x14 common_avr-liberty-master_src/timer.o
 .text.timer2GetPrescaler
                0x00000000       0x14 common_avr-liberty-master_src/timer.o
 .text.timerPause
                0x00000000       0xf6 common_avr-liberty-master_src/timer.o
 .text.timer0ClearOverflowCount
                0x00000000       0x12 common_avr-liberty-master_src/timer.o
 .text.timer0GetOverflowCount
                0x00000000       0x12 common_avr-liberty-master_src/timer.o
 .text.timer2ClearOverflowCount
                0x00000000       0x12 common_avr-liberty-master_src/timer.o
 .text.timer2GetOverflowCount
                0x00000000       0x12 common_avr-liberty-master_src/timer.o
 .text.timer1PWMInit
                0x00000000       0x30 common_avr-liberty-master_src/timer.o
 .text.timer1PWMInitICR
                0x00000000       0x28 common_avr-liberty-master_src/timer.o
 .text.timer1PWMAOn
                0x00000000        0xe common_avr-liberty-master_src/timer.o
 .text.timer1PWMBOn
                0x00000000        0xe common_avr-liberty-master_src/timer.o
 .text.timer1PWMAOff
                0x00000000        0xe common_avr-liberty-master_src/timer.o
 .text.timer1PWMBOff
                0x00000000        0xe common_avr-liberty-master_src/timer.o
 .text.timer1PWMOff
                0x00000000       0x14 common_avr-liberty-master_src/timer.o
 .text.timer1PWMASet
                0x00000000        0x6 common_avr-liberty-master_src/timer.o
 .text.timer1PWMBSet
                0x00000000        0x6 common_avr-liberty-master_src/timer.o
 .progmem.data.TimerRTCPrescaleFactor
                0x00000000       0x10 common_avr-liberty-master_src/timer.o
 .progmem.data.TimerPrescaleFactor
                0x00000000        0xc common_avr-liberty-master_src/timer.o
 .text          0x00000000        0x0 common_avr-liberty-master_src/uart.o
 .data          0x00000000        0x0 common_avr-liberty-master_src/uart.o
 .bss           0x00000000        0x0 common_avr-liberty-master_src/uart.o
 .text.uartSetRxHandler
                0x00000000        0xa common_avr-liberty-master_src/uart.o
 .text.uartGetRxBuffer
                0x00000000        0x6 common_avr-liberty-master_src/uart.o
 .text.uartGetTxBuffer
                0x00000000        0x6 common_avr-liberty-master_src/uart.o
 .text.uartReceiveByte
                0x00000000       0x34 common_avr-liberty-master_src/uart.o
 .text.uartGetByte
                0x00000000       0x28 common_avr-liberty-master_src/uart.o
 .text.uartFlushReceiveBuffer
                0x00000000        0xa common_avr-liberty-master_src/uart.o
 .text.uartReceiveBufferIsEmpty
                0x00000000       0x14 common_avr-liberty-master_src/uart.o
 .text.uartAddToTxBuffer
                0x00000000        0xa common_avr-liberty-master_src/uart.o
 .text.uartSendTxBuffer
                0x00000000       0x12 common_avr-liberty-master_src/uart.o
 .text          0x00000000        0x0 LMMB_main/appl.o
 .data          0x00000000        0x0 LMMB_main/appl.o
 .bss           0x00000000        0x0 LMMB_main/appl.o
 .text.AppSelfDetGetState
                0x00000000        0x8 LMMB_main/appl.o
 .text.AppSelfDetGetResult
                0x00000000        0xa LMMB_main/appl.o
 .text          0x00000000        0x0 LMMB_main/button_dep.o
 .data          0x00000000        0x0 LMMB_main/button_dep.o
 .bss           0x00000000        0x0 LMMB_main/button_dep.o
 .text          0x00000000        0x0 LMMB_main/led.o
 .data          0x00000000        0x0 LMMB_main/led.o
 .bss           0x00000000        0x0 LMMB_main/led.o
 .text.LEDFlag1Set
                0x00000000       0x10 LMMB_main/led.o
 .text.LEDFlag1On
                0x00000000        0xc LMMB_main/led.o
 .text.LEDFlag1Flash1Hz
                0x00000000        0xe LMMB_main/led.o
 .text.LEDFlag1Flash2Hz
                0x00000000        0xe LMMB_main/led.o
 .text.LEDFlag1Flash3Hz
                0x00000000        0xe LMMB_main/led.o
 .text.LEDFlag1Off
                0x00000000        0xe LMMB_main/led.o
 .text.LEDFlag2Set
                0x00000000       0x10 LMMB_main/led.o
 .text.LEDFlag2On
                0x00000000        0xc LMMB_main/led.o
 .text.LEDFlag2Flash1Hz
                0x00000000        0xe LMMB_main/led.o
 .text.LEDFlag2Flash2Hz
                0x00000000        0xe LMMB_main/led.o
 .text.LEDFlag2Flash3Hz
                0x00000000        0xe LMMB_main/led.o
 .text.LEDFlag2Off
                0x00000000        0xe LMMB_main/led.o
 .text          0x00000000        0x0 LMMB_main/main.o
 .data          0x00000000        0x0 LMMB_main/main.o
 .bss           0x00000000        0x0 LMMB_main/main.o
 .text          0x00000000        0x0 LMMB_main/measure.o
 .data          0x00000000        0x0 LMMB_main/measure.o
 .bss           0x00000000        0x0 LMMB_main/measure.o
 .debug_line    0x00000000        0x0 LMMB_main/measure.o
 .debug_str     0x00000000       0xf7 LMMB_main/measure.o
 .comment       0x00000000       0x31 LMMB_main/measure.o
 .text          0x00000000        0x0 LMMB_main/ssd.o
 .data          0x00000000        0x0 LMMB_main/ssd.o
 .bss           0x00000000        0x0 LMMB_main/ssd.o
 .text          0x00000000        0x0 LM_button/button.o
 .data          0x00000000        0x0 LM_button/button.o
 .bss           0x00000000        0x0 LM_button/button.o
 .text.ButtonGetTwiceTap
                0x00000000        0x6 LM_button/button.o
 .text          0x00000000        0x0 c:/program files (x86)/atmel/studio/7.0/toolchain/avr8/avr8-gnu-toolchain/bin/../lib/gcc/avr/4.9.2/avr5\libgcc.a(_mulsi3.o)
 .data          0x00000000        0x0 c:/program files (x86)/atmel/studio/7.0/toolchain/avr8/avr8-gnu-toolchain/bin/../lib/gcc/avr/4.9.2/avr5\libgcc.a(_mulsi3.o)
 .bss           0x00000000        0x0 c:/program files (x86)/atmel/studio/7.0/toolchain/avr8/avr8-gnu-toolchain/bin/../lib/gcc/avr/4.9.2/avr5\libgcc.a(_mulsi3.o)
 .text.libgcc.mul
                0x00000000       0x20 c:/program files (x86)/atmel/studio/7.0/toolchain/avr8/avr8-gnu-toolchain/bin/../lib/gcc/avr/4.9.2/avr5\libgcc.a(_mulsi3.o)
 .text.libgcc.div
                0x00000000        0x0 c:/program files (x86)/atmel/studio/7.0/toolchain/avr8/avr8-gnu-toolchain/bin/../lib/gcc/avr/4.9.2/avr5\libgcc.a(_mulsi3.o)
 .text.libgcc   0x00000000        0x0 c:/program files (x86)/atmel/studio/7.0/toolchain/avr8/avr8-gnu-toolchain/bin/../lib/gcc/avr/4.9.2/avr5\libgcc.a(_mulsi3.o)
 .text.libgcc.prologue
                0x00000000        0x0 c:/program files (x86)/atmel/studio/7.0/toolchain/avr8/avr8-gnu-toolchain/bin/../lib/gcc/avr/4.9.2/avr5\libgcc.a(_mulsi3.o)
 .text.libgcc.builtins
                0x00000000        0x0 c:/program files (x86)/atmel/studio/7.0/toolchain/avr8/avr8-gnu-toolchain/bin/../lib/gcc/avr/4.9.2/avr5\libgcc.a(_mulsi3.o)
 .text.libgcc.fmul
                0x00000000        0x0 c:/program files (x86)/atmel/studio/7.0/toolchain/avr8/avr8-gnu-toolchain/bin/../lib/gcc/avr/4.9.2/avr5\libgcc.a(_mulsi3.o)
 .text.libgcc.fixed
                0x00000000        0x0 c:/program files (x86)/atmel/studio/7.0/toolchain/avr8/avr8-gnu-toolchain/bin/../lib/gcc/avr/4.9.2/avr5\libgcc.a(_mulsi3.o)
 .text          0x00000000        0x0 c:/program files (x86)/atmel/studio/7.0/toolchain/avr8/avr8-gnu-toolchain/bin/../lib/gcc/avr/4.9.2/avr5\libgcc.a(_udivmodhi4.o)
 .data          0x00000000        0x0 c:/program files (x86)/atmel/studio/7.0/toolchain/avr8/avr8-gnu-toolchain/bin/../lib/gcc/avr/4.9.2/avr5\libgcc.a(_udivmodhi4.o)
 .bss           0x00000000        0x0 c:/program files (x86)/atmel/studio/7.0/toolchain/avr8/avr8-gnu-toolchain/bin/../lib/gcc/avr/4.9.2/avr5\libgcc.a(_udivmodhi4.o)
 .text.libgcc.mul
                0x00000000        0x0 c:/program files (x86)/atmel/studio/7.0/toolchain/avr8/avr8-gnu-toolchain/bin/../lib/gcc/avr/4.9.2/avr5\libgcc.a(_udivmodhi4.o)
 .text.libgcc   0x00000000        0x0 c:/program files (x86)/atmel/studio/7.0/toolchain/avr8/avr8-gnu-toolchain/bin/../lib/gcc/avr/4.9.2/avr5\libgcc.a(_udivmodhi4.o)
 .text.libgcc.prologue
                0x00000000        0x0 c:/program files (x86)/atmel/studio/7.0/toolchain/avr8/avr8-gnu-toolchain/bin/../lib/gcc/avr/4.9.2/avr5\libgcc.a(_udivmodhi4.o)
 .text.libgcc.builtins
                0x00000000        0x0 c:/program files (x86)/atmel/studio/7.0/toolchain/avr8/avr8-gnu-toolchain/bin/../lib/gcc/avr/4.9.2/avr5\libgcc.a(_udivmodhi4.o)
 .text.libgcc.fmul
                0x00000000        0x0 c:/program files (x86)/atmel/studio/7.0/toolchain/avr8/avr8-gnu-toolchain/bin/../lib/gcc/avr/4.9.2/avr5\libgcc.a(_udivmodhi4.o)
 .text.libgcc.fixed
                0x00000000        0x0 c:/program files (x86)/atmel/studio/7.0/toolchain/avr8/avr8-gnu-toolchain/bin/../lib/gcc/avr/4.9.2/avr5\libgcc.a(_udivmodhi4.o)
 .text          0x00000000        0x0 c:/program files (x86)/atmel/studio/7.0/toolchain/avr8/avr8-gnu-toolchain/bin/../lib/gcc/avr/4.9.2/avr5\libgcc.a(_udivmodsi4.o)
 .data          0x00000000        0x0 c:/program files (x86)/atmel/studio/7.0/toolchain/avr8/avr8-gnu-toolchain/bin/../lib/gcc/avr/4.9.2/avr5\libgcc.a(_udivmodsi4.o)
 .bss           0x00000000        0x0 c:/program files (x86)/atmel/studio/7.0/toolchain/avr8/avr8-gnu-toolchain/bin/../lib/gcc/avr/4.9.2/avr5\libgcc.a(_udivmodsi4.o)
 .text.libgcc.mul
                0x00000000        0x0 c:/program files (x86)/atmel/studio/7.0/toolchain/avr8/avr8-gnu-toolchain/bin/../lib/gcc/avr/4.9.2/avr5\libgcc.a(_udivmodsi4.o)
 .text.libgcc   0x00000000        0x0 c:/program files (x86)/atmel/studio/7.0/toolchain/avr8/avr8-gnu-toolchain/bin/../lib/gcc/avr/4.9.2/avr5\libgcc.a(_udivmodsi4.o)
 .text.libgcc.prologue
                0x00000000        0x0 c:/program files (x86)/atmel/studio/7.0/toolchain/avr8/avr8-gnu-toolchain/bin/../lib/gcc/avr/4.9.2/avr5\libgcc.a(_udivmodsi4.o)
 .text.libgcc.builtins
                0x00000000        0x0 c:/program files (x86)/atmel/studio/7.0/toolchain/avr8/avr8-gnu-toolchain/bin/../lib/gcc/avr/4.9.2/avr5\libgcc.a(_udivmodsi4.o)
 .text.libgcc.fmul
                0x00000000        0x0 c:/program files (x86)/atmel/studio/7.0/toolchain/avr8/avr8-gnu-toolchain/bin/../lib/gcc/avr/4.9.2/avr5\libgcc.a(_udivmodsi4.o)
 .text.libgcc.fixed
                0x00000000        0x0 c:/program files (x86)/atmel/studio/7.0/toolchain/avr8/avr8-gnu-toolchain/bin/../lib/gcc/avr/4.9.2/avr5\libgcc.a(_udivmodsi4.o)
 .text          0x00000000        0x0 c:/program files (x86)/atmel/studio/7.0/toolchain/avr8/avr8-gnu-toolchain/bin/../lib/gcc/avr/4.9.2/avr5\libgcc.a(_divmodsi4.o)
 .data          0x00000000        0x0 c:/program files (x86)/atmel/studio/7.0/toolchain/avr8/avr8-gnu-toolchain/bin/../lib/gcc/avr/4.9.2/avr5\libgcc.a(_divmodsi4.o)
 .bss           0x00000000        0x0 c:/program files (x86)/atmel/studio/7.0/toolchain/avr8/avr8-gnu-toolchain/bin/../lib/gcc/avr/4.9.2/avr5\libgcc.a(_divmodsi4.o)
 .text.libgcc.mul
                0x00000000        0x0 c:/program files (x86)/atmel/studio/7.0/toolchain/avr8/avr8-gnu-toolchain/bin/../lib/gcc/avr/4.9.2/avr5\libgcc.a(_divmodsi4.o)
 .text.libgcc.div
                0x00000000       0x2e c:/program files (x86)/atmel/studio/7.0/toolchain/avr8/avr8-gnu-toolchain/bin/../lib/gcc/avr/4.9.2/avr5\libgcc.a(_divmodsi4.o)
 .text.libgcc   0x00000000        0x0 c:/program files (x86)/atmel/studio/7.0/toolchain/avr8/avr8-gnu-toolchain/bin/../lib/gcc/avr/4.9.2/avr5\libgcc.a(_divmodsi4.o)
 .text.libgcc.prologue
                0x00000000        0x0 c:/program files (x86)/atmel/studio/7.0/toolchain/avr8/avr8-gnu-toolchain/bin/../lib/gcc/avr/4.9.2/avr5\libgcc.a(_divmodsi4.o)
 .text.libgcc.builtins
                0x00000000        0x0 c:/program files (x86)/atmel/studio/7.0/toolchain/avr8/avr8-gnu-toolchain/bin/../lib/gcc/avr/4.9.2/avr5\libgcc.a(_divmodsi4.o)
 .text.libgcc.fmul
                0x00000000        0x0 c:/program files (x86)/atmel/studio/7.0/toolchain/avr8/avr8-gnu-toolchain/bin/../lib/gcc/avr/4.9.2/avr5\libgcc.a(_divmodsi4.o)
 .text.libgcc.fixed
                0x00000000        0x0 c:/program files (x86)/atmel/studio/7.0/toolchain/avr8/avr8-gnu-toolchain/bin/../lib/gcc/avr/4.9.2/avr5\libgcc.a(_divmodsi4.o)
 .text          0x00000000        0x0 c:/program files (x86)/atmel/studio/7.0/toolchain/avr8/avr8-gnu-toolchain/bin/../lib/gcc/avr/4.9.2/avr5\libgcc.a(_negsi2.o)
 .data          0x00000000        0x0 c:/program files (x86)/atmel/studio/7.0/toolchain/avr8/avr8-gnu-toolchain/bin/../lib/gcc/avr/4.9.2/avr5\libgcc.a(_negsi2.o)
 .bss           0x00000000        0x0 c:/program files (x86)/atmel/studio/7.0/toolchain/avr8/avr8-gnu-toolchain/bin/../lib/gcc/avr/4.9.2/avr5\libgcc.a(_negsi2.o)
 .text.libgcc.mul
                0x00000000        0x0 c:/program files (x86)/atmel/studio/7.0/toolchain/avr8/avr8-gnu-toolchain/bin/../lib/gcc/avr/4.9.2/avr5\libgcc.a(_negsi2.o)
 .text.libgcc.div
                0x00000000       0x10 c:/program files (x86)/atmel/studio/7.0/toolchain/avr8/avr8-gnu-toolchain/bin/../lib/gcc/avr/4.9.2/avr5\libgcc.a(_negsi2.o)
 .text.libgcc   0x00000000        0x0 c:/program files (x86)/atmel/studio/7.0/toolchain/avr8/avr8-gnu-toolchain/bin/../lib/gcc/avr/4.9.2/avr5\libgcc.a(_negsi2.o)
 .text.libgcc.prologue
                0x00000000        0x0 c:/program files (x86)/atmel/studio/7.0/toolchain/avr8/avr8-gnu-toolchain/bin/../lib/gcc/avr/4.9.2/avr5\libgcc.a(_negsi2.o)
 .text.libgcc.builtins
                0x00000000        0x0 c:/program files (x86)/atmel/studio/7.0/toolchain/avr8/avr8-gnu-toolchain/bin/../lib/gcc/avr/4.9.2/avr5\libgcc.a(_negsi2.o)
 .text.libgcc.fmul
                0x00000000        0x0 c:/program files (x86)/atmel/studio/7.0/toolchain/avr8/avr8-gnu-toolchain/bin/../lib/gcc/avr/4.9.2/avr5\libgcc.a(_negsi2.o)
 .text.libgcc.fixed
                0x00000000        0x0 c:/program files (x86)/atmel/studio/7.0/toolchain/avr8/avr8-gnu-toolchain/bin/../lib/gcc/avr/4.9.2/avr5\libgcc.a(_negsi2.o)
 .text          0x00000000        0x0 c:/program files (x86)/atmel/studio/7.0/toolchain/avr8/avr8-gnu-toolchain/bin/../lib/gcc/avr/4.9.2/avr5\libgcc.a(_exit.o)
 .data          0x00000000        0x0 c:/program files (x86)/atmel/studio/7.0/toolchain/avr8/avr8-gnu-toolchain/bin/../lib/gcc/avr/4.9.2/avr5\libgcc.a(_exit.o)
 .bss           0x00000000        0x0 c:/program files (x86)/atmel/studio/7.0/toolchain/avr8/avr8-gnu-toolchain/bin/../lib/gcc/avr/4.9.2/avr5\libgcc.a(_exit.o)
 .text.libgcc.mul
                0x00000000        0x0 c:/program files (x86)/atmel/studio/7.0/toolchain/avr8/avr8-gnu-toolchain/bin/../lib/gcc/avr/4.9.2/avr5\libgcc.a(_exit.o)
 .text.libgcc.div
                0x00000000        0x0 c:/program files (x86)/atmel/studio/7.0/toolchain/avr8/avr8-gnu-toolchain/bin/../lib/gcc/avr/4.9.2/avr5\libgcc.a(_exit.o)
 .text.libgcc   0x00000000        0x0 c:/program files (x86)/atmel/studio/7.0/toolchain/avr8/avr8-gnu-toolchain/bin/../lib/gcc/avr/4.9.2/avr5\libgcc.a(_exit.o)
 .text.libgcc.prologue
                0x00000000        0x0 c:/program files (x86)/atmel/studio/7.0/toolchain/avr8/avr8-gnu-toolchain/bin/../lib/gcc/avr/4.9.2/avr5\libgcc.a(_exit.o)
 .text.libgcc.builtins
                0x00000000        0x0 c:/program files (x86)/atmel/studio/7.0/toolchain/avr8/avr8-gnu-toolchain/bin/../lib/gcc/avr/4.9.2/avr5\libgcc.a(_exit.o)
 .text.libgcc.fmul
                0x00000000        0x0 c:/program files (x86)/atmel/studio/7.0/toolchain/avr8/avr8-gnu-toolchain/bin/../lib/gcc/avr/4.9.2/avr5\libgcc.a(_exit.o)
 .text.libgcc.fixed
                0x00000000        0x0 c:/program files (x86)/atmel/studio/7.0/toolchain/avr8/avr8-gnu-toolchain/bin/../lib/gcc/avr/4.9.2/avr5\libgcc.a(_exit.o)
 .text          0x00000000        0x0 c:/program files (x86)/atmel/studio/7.0/toolchain/avr8/avr8-gnu-toolchain/bin/../lib/gcc/avr/4.9.2/avr5\libgcc.a(_tablejump2.o)
 .data          0x00000000        0x0 c:/program files (x86)/atmel/studio/7.0/toolchain/avr8/avr8-gnu-toolchain/bin/../lib/gcc/avr/4.9.2/avr5\libgcc.a(_tablejump2.o)
 .bss           0x00000000        0x0 c:/program files (x86)/atmel/studio/7.0/toolchain/avr8/avr8-gnu-toolchain/bin/../lib/gcc/avr/4.9.2/avr5\libgcc.a(_tablejump2.o)
 .text.libgcc.mul
                0x00000000        0x0 c:/program files (x86)/atmel/studio/7.0/toolchain/avr8/avr8-gnu-toolchain/bin/../lib/gcc/avr/4.9.2/avr5\libgcc.a(_tablejump2.o)
 .text.libgcc.div
                0x00000000        0x0 c:/program files (x86)/atmel/studio/7.0/toolchain/avr8/avr8-gnu-toolchain/bin/../lib/gcc/avr/4.9.2/avr5\libgcc.a(_tablejump2.o)
 .text.libgcc.prologue
                0x00000000        0x0 c:/program files (x86)/atmel/studio/7.0/toolchain/avr8/avr8-gnu-toolchain/bin/../lib/gcc/avr/4.9.2/avr5\libgcc.a(_tablejump2.o)
 .text.libgcc.builtins
                0x00000000        0x0 c:/program files (x86)/atmel/studio/7.0/toolchain/avr8/avr8-gnu-toolchain/bin/../lib/gcc/avr/4.9.2/avr5\libgcc.a(_tablejump2.o)
 .text.libgcc.fmul
                0x00000000        0x0 c:/program files (x86)/atmel/studio/7.0/toolchain/avr8/avr8-gnu-toolchain/bin/../lib/gcc/avr/4.9.2/avr5\libgcc.a(_tablejump2.o)
 .text.libgcc.fixed
                0x00000000        0x0 c:/program files (x86)/atmel/studio/7.0/toolchain/avr8/avr8-gnu-toolchain/bin/../lib/gcc/avr/4.9.2/avr5\libgcc.a(_tablejump2.o)
 .text          0x00000000        0x0 c:/program files (x86)/atmel/studio/7.0/toolchain/avr8/avr8-gnu-toolchain/bin/../lib/gcc/avr/4.9.2/avr5\libgcc.a(_clear_bss.o)
 .data          0x00000000        0x0 c:/program files (x86)/atmel/studio/7.0/toolchain/avr8/avr8-gnu-toolchain/bin/../lib/gcc/avr/4.9.2/avr5\libgcc.a(_clear_bss.o)
 .bss           0x00000000        0x0 c:/program files (x86)/atmel/studio/7.0/toolchain/avr8/avr8-gnu-toolchain/bin/../lib/gcc/avr/4.9.2/avr5\libgcc.a(_clear_bss.o)
 .text.libgcc.mul
                0x00000000        0x0 c:/program files (x86)/atmel/studio/7.0/toolchain/avr8/avr8-gnu-toolchain/bin/../lib/gcc/avr/4.9.2/avr5\libgcc.a(_clear_bss.o)
 .text.libgcc.div
                0x00000000        0x0 c:/program files (x86)/atmel/studio/7.0/toolchain/avr8/avr8-gnu-toolchain/bin/../lib/gcc/avr/4.9.2/avr5\libgcc.a(_clear_bss.o)
 .text.libgcc   0x00000000        0x0 c:/program files (x86)/atmel/studio/7.0/toolchain/avr8/avr8-gnu-toolchain/bin/../lib/gcc/avr/4.9.2/avr5\libgcc.a(_clear_bss.o)
 .text.libgcc.prologue
                0x00000000        0x0 c:/program files (x86)/atmel/studio/7.0/toolchain/avr8/avr8-gnu-toolchain/bin/../lib/gcc/avr/4.9.2/avr5\libgcc.a(_clear_bss.o)
 .text.libgcc.builtins
                0x00000000        0x0 c:/program files (x86)/atmel/studio/7.0/toolchain/avr8/avr8-gnu-toolchain/bin/../lib/gcc/avr/4.9.2/avr5\libgcc.a(_clear_bss.o)
 .text.libgcc.fmul
                0x00000000        0x0 c:/program files (x86)/atmel/studio/7.0/toolchain/avr8/avr8-gnu-toolchain/bin/../lib/gcc/avr/4.9.2/avr5\libgcc.a(_clear_bss.o)
 .text.libgcc.fixed
                0x00000000        0x0 c:/program files (x86)/atmel/studio/7.0/toolchain/avr8/avr8-gnu-toolchain/bin/../lib/gcc/avr/4.9.2/avr5\libgcc.a(_clear_bss.o)
 .text          0x00000000        0x0 c:/program files (x86)/atmel/studio/7.0/toolchain/avr8/avr8-gnu-toolchain/bin/../lib/gcc/avr/4.9.2/avr5\libgcc.a(_muluhisi3.o)
 .data          0x00000000        0x0 c:/program files (x86)/atmel/studio/7.0/toolchain/avr8/avr8-gnu-toolchain/bin/../lib/gcc/avr/4.9.2/avr5\libgcc.a(_muluhisi3.o)
 .bss           0x00000000        0x0 c:/program files (x86)/atmel/studio/7.0/toolchain/avr8/avr8-gnu-toolchain/bin/../lib/gcc/avr/4.9.2/avr5\libgcc.a(_muluhisi3.o)
 .text.libgcc.mul
                0x00000000       0x16 c:/program files (x86)/atmel/studio/7.0/toolchain/avr8/avr8-gnu-toolchain/bin/../lib/gcc/avr/4.9.2/avr5\libgcc.a(_muluhisi3.o)
 .text.libgcc.div
                0x00000000        0x0 c:/program files (x86)/atmel/studio/7.0/toolchain/avr8/avr8-gnu-toolchain/bin/../lib/gcc/avr/4.9.2/avr5\libgcc.a(_muluhisi3.o)
 .text.libgcc   0x00000000        0x0 c:/program files (x86)/atmel/studio/7.0/toolchain/avr8/avr8-gnu-toolchain/bin/../lib/gcc/avr/4.9.2/avr5\libgcc.a(_muluhisi3.o)
 .text.libgcc.prologue
                0x00000000        0x0 c:/program files (x86)/atmel/studio/7.0/toolchain/avr8/avr8-gnu-toolchain/bin/../lib/gcc/avr/4.9.2/avr5\libgcc.a(_muluhisi3.o)
 .text.libgcc.builtins
                0x00000000        0x0 c:/program files (x86)/atmel/studio/7.0/toolchain/avr8/avr8-gnu-toolchain/bin/../lib/gcc/avr/4.9.2/avr5\libgcc.a(_muluhisi3.o)
 .text.libgcc.fmul
                0x00000000        0x0 c:/program files (x86)/atmel/studio/7.0/toolchain/avr8/avr8-gnu-toolchain/bin/../lib/gcc/avr/4.9.2/avr5\libgcc.a(_muluhisi3.o)
 .text.libgcc.fixed
                0x00000000        0x0 c:/program files (x86)/atmel/studio/7.0/toolchain/avr8/avr8-gnu-toolchain/bin/../lib/gcc/avr/4.9.2/avr5\libgcc.a(_muluhisi3.o)
 .text          0x00000000        0x0 c:/program files (x86)/atmel/studio/7.0/toolchain/avr8/avr8-gnu-toolchain/bin/../lib/gcc/avr/4.9.2/avr5\libgcc.a(_umulhisi3.o)
 .data          0x00000000        0x0 c:/program files (x86)/atmel/studio/7.0/toolchain/avr8/avr8-gnu-toolchain/bin/../lib/gcc/avr/4.9.2/avr5\libgcc.a(_umulhisi3.o)
 .bss           0x00000000        0x0 c:/program files (x86)/atmel/studio/7.0/toolchain/avr8/avr8-gnu-toolchain/bin/../lib/gcc/avr/4.9.2/avr5\libgcc.a(_umulhisi3.o)
 .text.libgcc.mul
                0x00000000       0x1e c:/program files (x86)/atmel/studio/7.0/toolchain/avr8/avr8-gnu-toolchain/bin/../lib/gcc/avr/4.9.2/avr5\libgcc.a(_umulhisi3.o)
 .text.libgcc.div
                0x00000000        0x0 c:/program files (x86)/atmel/studio/7.0/toolchain/avr8/avr8-gnu-toolchain/bin/../lib/gcc/avr/4.9.2/avr5\libgcc.a(_umulhisi3.o)
 .text.libgcc   0x00000000        0x0 c:/program files (x86)/atmel/studio/7.0/toolchain/avr8/avr8-gnu-toolchain/bin/../lib/gcc/avr/4.9.2/avr5\libgcc.a(_umulhisi3.o)
 .text.libgcc.prologue
                0x00000000        0x0 c:/program files (x86)/atmel/studio/7.0/toolchain/avr8/avr8-gnu-toolchain/bin/../lib/gcc/avr/4.9.2/avr5\libgcc.a(_umulhisi3.o)
 .text.libgcc.builtins
                0x00000000        0x0 c:/program files (x86)/atmel/studio/7.0/toolchain/avr8/avr8-gnu-toolchain/bin/../lib/gcc/avr/4.9.2/avr5\libgcc.a(_umulhisi3.o)
 .text.libgcc.fmul
                0x00000000        0x0 c:/program files (x86)/atmel/studio/7.0/toolchain/avr8/avr8-gnu-toolchain/bin/../lib/gcc/avr/4.9.2/avr5\libgcc.a(_umulhisi3.o)
 .text.libgcc.fixed
                0x00000000        0x0 c:/program files (x86)/atmel/studio/7.0/toolchain/avr8/avr8-gnu-toolchain/bin/../lib/gcc/avr/4.9.2/avr5\libgcc.a(_umulhisi3.o)

Memory Configuration

Name             Origin             Length             Attributes
text             0x00000000         0x00020000         xr
data             0x00800060         0x0000ffa0         rw !x
eeprom           0x00810000         0x00010000         rw !x
fuse             0x00820000         0x00000400         rw !x
lock             0x00830000         0x00000400         rw !x
signature        0x00840000         0x00000400         rw !x
user_signatures  0x00850000         0x00000400         rw !x
*default*        0x00000000         0xffffffff

Linker script and memory map

LOAD C:/Program Files (x86)/Atmel/Studio/7.0/Packs/atmel/ATmega_DFP/1.0.90/gcc/dev/atmega16/avr5/crtatmega16.o
LOAD common_avr-liberty-master_src/buffer.o
LOAD common_avr-liberty-master_src/rprintf.o
LOAD common_avr-liberty-master_src/timer.o
LOAD common_avr-liberty-master_src/uart.o
LOAD LMMB_main/appl.o
LOAD LMMB_main/button_dep.o
LOAD LMMB_main/led.o
LOAD LMMB_main/main.o
LOAD LMMB_main/measure.o
LOAD LMMB_main/ssd.o
LOAD LM_button/button.o
START GROUP
LOAD c:/program files (x86)/atmel/studio/7.0/toolchain/avr8/avr8-gnu-toolchain/bin/../lib/gcc/avr/4.9.2/../../../../avr/lib/avr5\libm.a
END GROUP
START GROUP
LOAD c:/program files (x86)/atmel/studio/7.0/toolchain/avr8/avr8-gnu-toolchain/bin/../lib/gcc/avr/4.9.2/avr5\libgcc.a
LOAD c:/program files (x86)/atmel/studio/7.0/toolchain/avr8/avr8-gnu-toolchain/bin/../lib/gcc/avr/4.9.2/../../../../avr/lib/avr5\libm.a
LOAD c:/program files (x86)/atmel/studio/7.0/toolchain/avr8/avr8-gnu-toolchain/bin/../lib/gcc/avr/4.9.2/../../../../avr/lib/avr5\libc.a
LOAD C:/Program Files (x86)/Atmel/Studio/7.0/Packs/atmel/ATmega_DFP/1.0.90/gcc/dev/atmega16/avr5\libatmega16.a
END GROUP

.hash
 *(.hash)

.dynsym
 *(.dynsym)

.dynstr
 *(.dynstr)

.gnu.version
 *(.gnu.version)

.gnu.version_d
 *(.gnu.version_d)

.gnu.version_r
 *(.gnu.version_r)

.rel.init
 *(.rel.init)

.rela.init
 *(.rela.init)

.rel.text
 *(.rel.text)
 *(.rel.text.*)
 *(.rel.gnu.linkonce.t*)

.rela.text
 *(.rela.text)
 *(.rela.text.*)
 *(.rela.gnu.linkonce.t*)

.rel.fini
 *(.rel.fini)

.rela.fini
 *(.rela.fini)

.rel.rodata
 *(.rel.rodata)
 *(.rel.rodata.*)
 *(.rel.gnu.linkonce.r*)

.rela.rodata
 *(.rela.rodata)
 *(.rela.rodata.*)
 *(.rela.gnu.linkonce.r*)

.rel.data
 *(.rel.data)
 *(.rel.data.*)
 *(.rel.gnu.linkonce.d*)

.rela.data
 *(.rela.data)
 *(.rela.data.*)
 *(.rela.gnu.linkonce.d*)

.rel.ctors
 *(.rel.ctors)

.rela.ctors
 *(.rela.ctors)

.rel.dtors
 *(.rel.dtors)

.rela.dtors
 *(.rela.dtors)

.rel.got
 *(.rel.got)

.rela.got
 *(.rela.got)

.rel.bss
 *(.rel.bss)

.rela.bss
 *(.rela.bss)

.rel.plt
 *(.rel.plt)

.rela.plt
 *(.rela.plt)

.text           0x00000000     0x10c4
 *(.vectors)
 .vectors       0x00000000       0x54 C:/Program Files (x86)/Atmel/Studio/7.0/Packs/atmel/ATmega_DFP/1.0.90/gcc/dev/atmega16/avr5/crtatmega16.o
                0x00000000                __vector_default
                0x00000000                __vectors
 *(.vectors)
 *(.progmem.gcc*)
 .progmem.gcc_sw_table.AppDisplay.isra.0
                0x00000054       0x10 LMMB_main/appl.o
                0x00000064                . = ALIGN (0x2)
                0x00000064                __trampolines_start = .
 *(.trampolines)
 .trampolines   0x00000064        0x0 linker stubs
 *(.trampolines*)
                0x00000064                __trampolines_end = .
 *(.progmem*)
 .progmem.data.HexChars
                0x00000064       0x11 common_avr-liberty-master_src/rprintf.o
 .progmem.data.__c.2113
                0x00000075       0x1e LMMB_main/appl.o
 .progmem.data.__c.2111
                0x00000093        0x8 LMMB_main/appl.o
 .progmem.data.__c.2109
                0x0000009b       0x23 LMMB_main/appl.o
 .progmem.data.__c.2107
                0x000000be       0x22 LMMB_main/appl.o
 .progmem.data.__c.2105
                0x000000e0       0x31 LMMB_main/appl.o
 .progmem.data.__c.2065
                0x00000111        0x8 LMMB_main/appl.o
 .progmem.data.__c.2050
                0x00000119       0x12 LMMB_main/appl.o
 .progmem.data.ssdCharTble
                0x0000012b       0x13 LMMB_main/ssd.o
                0x0000013e                . = ALIGN (0x2)
 *(.jumptables)
 *(.jumptables*)
 *(.lowtext)
 *(.lowtext*)
                0x0000013e                __ctors_start = .
 *(.ctors)
                0x0000013e                __ctors_end = .
                0x0000013e                __dtors_start = .
 *(.dtors)
                0x0000013e                __dtors_end = .
 SORT(*)(.ctors)
 SORT(*)(.dtors)
 *(.init0)
 .init0         0x0000013e        0x0 C:/Program Files (x86)/Atmel/Studio/7.0/Packs/atmel/ATmega_DFP/1.0.90/gcc/dev/atmega16/avr5/crtatmega16.o
                0x0000013e                __init
 *(.init0)
 *(.init1)
 *(.init1)
 *(.init2)
 .init2         0x0000013e        0xc C:/Program Files (x86)/Atmel/Studio/7.0/Packs/atmel/ATmega_DFP/1.0.90/gcc/dev/atmega16/avr5/crtatmega16.o
 *(.init2)
 *(.init3)
 *(.init3)
 *(.init4)
 .init4         0x0000014a       0x10 c:/program files (x86)/atmel/studio/7.0/toolchain/avr8/avr8-gnu-toolchain/bin/../lib/gcc/avr/4.9.2/avr5\libgcc.a(_clear_bss.o)
                0x0000014a                __do_clear_bss
 *(.init4)
 *(.init5)
 *(.init5)
 *(.init6)
 *(.init6)
 *(.init7)
 *(.init7)
 *(.init8)
 *(.init8)
 *(.init9)
 .init9         0x0000015a        0x8 C:/Program Files (x86)/Atmel/Studio/7.0/Packs/atmel/ATmega_DFP/1.0.90/gcc/dev/atmega16/avr5/crtatmega16.o
 *(.init9)
 *(.text)
 .text          0x00000162        0x4 C:/Program Files (x86)/Atmel/Studio/7.0/Packs/atmel/ATmega_DFP/1.0.90/gcc/dev/atmega16/avr5/crtatmega16.o
                0x00000162                __vector_1
                0x00000162                __vector_12
                0x00000162                __bad_interrupt
                0x00000162                __vector_17
                0x00000162                __vector_2
                0x00000162                __vector_15
                0x00000162                __vector_14
                0x00000162                __vector_10
                0x00000162                __vector_16
                0x00000162                __vector_18
                0x00000162                __vector_20
                0x00000166                . = ALIGN (0x2)
 *(.text.*)
 .text.bufferInit
                0x00000166       0x1a common_avr-liberty-master_src/buffer.o
                0x00000166                bufferInit
 .text.bufferGetFromFront
                0x00000180       0x48 common_avr-liberty-master_src/buffer.o
                0x00000180                bufferGetFromFront
 .text.bufferAddToEnd
                0x000001c8       0x42 common_avr-liberty-master_src/buffer.o
                0x000001c8                bufferAddToEnd
 .text.rprintfInit
                0x0000020a        0xa common_avr-liberty-master_src/rprintf.o
                0x0000020a                rprintfInit
 .text.rprintfChar
                0x00000214       0x22 common_avr-liberty-master_src/rprintf.o
                0x00000214                rprintfChar
 .text.rprintfu04
                0x00000236       0x10 common_avr-liberty-master_src/rprintf.o
                0x00000236                rprintfu04
 .text.rprintf1RamRom
                0x00000246      0x140 common_avr-liberty-master_src/rprintf.o
                0x00000246                rprintf1RamRom
 .text.timer0SetPrescaler
                0x00000386        0xa common_avr-liberty-master_src/timer.o
                0x00000386                timer0SetPrescaler
 .text.timer0Init
                0x00000390       0x26 common_avr-liberty-master_src/timer.o
                0x00000390                timer0Init
 .text.timer1SetPrescaler
                0x000003b6        0xa common_avr-liberty-master_src/timer.o
                0x000003b6                timer1SetPrescaler
 .text.timer1Init
                0x000003c0       0x12 common_avr-liberty-master_src/timer.o
                0x000003c0                timer1Init
 .text.timer2SetPrescaler
                0x000003d2        0xa common_avr-liberty-master_src/timer.o
                0x000003d2                timer2SetPrescaler
 .text.timer2Init
                0x000003dc       0x20 common_avr-liberty-master_src/timer.o
                0x000003dc                timer2Init
 .text.timerAttach
                0x000003fc       0x16 common_avr-liberty-master_src/timer.o
                0x000003fc                timerAttach
 .text.timerDetach
                0x00000412       0x16 common_avr-liberty-master_src/timer.o
                0x00000412                timerDetach
 .text.timerInit
                0x00000428       0x22 common_avr-liberty-master_src/timer.o
                0x00000428                timerInit
 .text.__vector_9
                0x0000044a       0xa6 common_avr-liberty-master_src/timer.o
                0x0000044a                __vector_9
 .text.__vector_8
                0x000004f0       0x5a common_avr-liberty-master_src/timer.o
                0x000004f0                __vector_8
 .text.__vector_4
                0x0000054a       0x80 common_avr-liberty-master_src/timer.o
                0x0000054a                __vector_4
 .text.__vector_19
                0x000005ca       0x5a common_avr-liberty-master_src/timer.o
                0x000005ca                __vector_19
 .text.__vector_6
                0x00000624       0x5a common_avr-liberty-master_src/timer.o
                0x00000624                __vector_6
 .text.__vector_7
                0x0000067e       0x5a common_avr-liberty-master_src/timer.o
                0x0000067e                __vector_7
 .text.__vector_5
                0x000006d8       0x5a common_avr-liberty-master_src/timer.o
                0x000006d8                __vector_5
 .text.__vector_3
                0x00000732       0x5a common_avr-liberty-master_src/timer.o
                0x00000732                __vector_3
 .text.uartInitBuffers
                0x0000078c       0x20 common_avr-liberty-master_src/uart.o
                0x0000078c                uartInitBuffers
 .text.uartInit
                0x000007ac       0x2c common_avr-liberty-master_src/uart.o
                0x000007ac                uartInit
 .text.uartSetBaudRate
                0x000007d8       0x48 common_avr-liberty-master_src/uart.o
                0x000007d8                uartSetBaudRate
 .text.uartSendByte
                0x00000820       0x10 common_avr-liberty-master_src/uart.o
                0x00000820                uartSendByte
 .text.__vector_13
                0x00000830       0x6e common_avr-liberty-master_src/uart.o
                0x00000830                __vector_13
 .text.__vector_11
                0x0000089e       0x7e common_avr-liberty-master_src/uart.o
                0x0000089e                __vector_11
 .text.AppOutputCompare0
                0x0000091c       0x12 LMMB_main/appl.o
                0x0000091c                AppOutputCompare0
 .text.AppDisplay.isra.0
                0x0000092e       0x4a LMMB_main/appl.o
 .text.ApplInit
                0x00000978       0x44 LMMB_main/appl.o
                0x00000978                ApplInit
 .text.AppCycleUpdate
                0x000009bc      0x258 LMMB_main/appl.o
                0x000009bc                AppCycleUpdate
 .text.AppWaitZeroCrossing
                0x00000c14       0x1c LMMB_main/appl.o
                0x00000c14                AppWaitZeroCrossing
 .text.timerTest
                0x00000c30       0x66 LMMB_main/appl.o
                0x00000c30                timerTest
 .text.McuInit  0x00000c96       0x1c LMMB_main/appl.o
                0x00000c96                McuInit
 .text.ButtonInitEx
                0x00000cb2        0x8 LMMB_main/button_dep.o
                0x00000cb2                ButtonInitEx
 .text.ButtonGetIO_StateEx
                0x00000cba        0x8 LMMB_main/button_dep.o
                0x00000cba                ButtonGetIO_StateEx
 .text.ButtonJMP1ReleasedEvent
                0x00000cc2        0x8 LMMB_main/button_dep.o
                0x00000cc2                ButtonJMP1ReleasedEvent
 .text.ButtonJMP1HeldEvent
                0x00000cca        0x8 LMMB_main/button_dep.o
                0x00000cca                ButtonJMP1HeldEvent
 .text.ButtonJMP2ReleasedEvent
                0x00000cd2        0xa LMMB_main/button_dep.o
                0x00000cd2                ButtonJMP2ReleasedEvent
 .text.ButtonJMP2HeldEvent
                0x00000cdc        0xa LMMB_main/button_dep.o
                0x00000cdc                ButtonJMP2HeldEvent
 .text.LEDInit  0x00000ce6       0x36 LMMB_main/led.o
                0x00000ce6                LEDInit
 .text.LEDCycleUpdate
                0x00000d1c       0x7a LMMB_main/led.o
                0x00000d1c                LEDCycleUpdate
 .text.startup.main
                0x00000d96       0x1e LMMB_main/main.o
                0x00000d96                main
 .text.SSDCycleUpdate
                0x00000db4       0x8e LMMB_main/ssd.o
                0x00000db4                SSDCycleUpdate
 .text.SSDDisplayDec
                0x00000e42       0xc8 LMMB_main/ssd.o
                0x00000e42                SSDDisplayDec
 .text.SSDDisplayHex
                0x00000f0a       0x78 LMMB_main/ssd.o
                0x00000f0a                SSDDisplayHex
 .text.SSDInit  0x00000f82       0x1e LMMB_main/ssd.o
                0x00000f82                SSDInit
 .text.ButtonInit
                0x00000fa0        0x4 LM_button/button.o
                0x00000fa0                ButtonInit
 .text.ButtonCycleUpdate
                0x00000fa4       0x8e LM_button/button.o
                0x00000fa4                ButtonCycleUpdate
 .text.ButtonGetHoldTime
                0x00001032        0xa LM_button/button.o
                0x00001032                ButtonGetHoldTime
 .text.ButtonGetReleased
                0x0000103c        0x6 LM_button/button.o
                0x0000103c                ButtonGetReleased
 .text.ButtonGetHeld
                0x00001042        0x6 LM_button/button.o
                0x00001042                ButtonGetHeld
 .text.libgcc.div
                0x00001048       0x28 c:/program files (x86)/atmel/studio/7.0/toolchain/avr8/avr8-gnu-toolchain/bin/../lib/gcc/avr/4.9.2/avr5\libgcc.a(_udivmodhi4.o)
                0x00001048                __udivmodhi4
 .text.libgcc.div
                0x00001070       0x44 c:/program files (x86)/atmel/studio/7.0/toolchain/avr8/avr8-gnu-toolchain/bin/../lib/gcc/avr/4.9.2/avr5\libgcc.a(_udivmodsi4.o)
                0x00001070                __udivmodsi4
 .text.libgcc   0x000010b4        0xc c:/program files (x86)/atmel/studio/7.0/toolchain/avr8/avr8-gnu-toolchain/bin/../lib/gcc/avr/4.9.2/avr5\libgcc.a(_tablejump2.o)
                0x000010b4                __tablejump2__
                0x000010c0                . = ALIGN (0x2)
 *(.fini9)
 .fini9         0x000010c0        0x0 c:/program files (x86)/atmel/studio/7.0/toolchain/avr8/avr8-gnu-toolchain/bin/../lib/gcc/avr/4.9.2/avr5\libgcc.a(_exit.o)
                0x000010c0                _exit
                0x000010c0                exit
 *(.fini9)
 *(.fini8)
 *(.fini8)
 *(.fini7)
 *(.fini7)
 *(.fini6)
 *(.fini6)
 *(.fini5)
 *(.fini5)
 *(.fini4)
 *(.fini4)
 *(.fini3)
 *(.fini3)
 *(.fini2)
 *(.fini2)
 *(.fini1)
 *(.fini1)
 *(.fini0)
 .fini0         0x000010c0        0x4 c:/program files (x86)/atmel/studio/7.0/toolchain/avr8/avr8-gnu-toolchain/bin/../lib/gcc/avr/4.9.2/avr5\libgcc.a(_exit.o)
 *(.fini0)
                0x000010c4                _etext = .

.data           0x00800060        0x0 load address 0x000010c4
                0x00800060                PROVIDE (__data_start, .)
 *(.data)
 *(.data*)
 *(.rodata)
 *(.rodata*)
 *(.gnu.linkonce.d*)
                0x00800060                . = ALIGN (0x2)
                0x00800060                _edata = .
                0x00800060                PROVIDE (__data_end, .)

.bss            0x00800060       0xf5
                0x00800060                PROVIDE (__bss_start, .)
 *(.bss)
 *(.bss*)
 .bss.rputchar  0x00800060        0x2 common_avr-liberty-master_src/rprintf.o
 .bss.TimerIntFunc
                0x00800062       0x10 common_avr-liberty-master_src/timer.o
 .bss.UartRxFunc
                0x00800072        0x2 common_avr-liberty-master_src/uart.o
 .bss.uartTxData
                0x00800074       0x40 common_avr-liberty-master_src/uart.o
 .bss.uartRxData
                0x008000b4       0x40 common_avr-liberty-master_src/uart.o
 .bss.cnt.2059  0x008000f4        0x2 LMMB_main/appl.o
 *(COMMON)
 COMMON         0x008000f6        0xc common_avr-liberty-master_src/timer.o
                0x008000f6                Timer0Reg0
                0x008000fa                TimerPauseReg
                0x008000fe                Timer2Reg0
 COMMON         0x00800102       0x14 common_avr-liberty-master_src/uart.o
                0x00800102                uartReadyTx
                0x00800103                uartRxBuffer
                0x0080010b                uartBufferedTx
                0x0080010c                uartTxBuffer
                0x00800114                uartRxOverflow
 COMMON         0x00800116       0x2d LMMB_main/appl.o
                0x00800116                appl
                0x0080012e                greeting
                0x00800142                testChar
 COMMON         0x00800143        0x4 LMMB_main/led.o
                0x00800143                LEDs
 COMMON         0x00800147        0x6 LMMB_main/ssd.o
                0x00800147                SSD
 COMMON         0x0080014d        0x8 LM_button/button.o
                0x0080014d                button
                0x00800155                PROVIDE (__bss_end, .)
                0x000010c4                __data_load_start = LOADADDR (.data)
                0x000010c4                __data_load_end = (__data_load_start + SIZEOF (.data))

.noinit         0x00800155        0x0
                0x00800155                PROVIDE (__noinit_start, .)
 *(.noinit*)
                0x00800155                PROVIDE (__noinit_end, .)
                0x00800155                _end = .
                0x00800155                PROVIDE (__heap_start, .)

.eeprom         0x00810000        0x0
 *(.eeprom*)
                0x00810000                __eeprom_end = .

.fuse
 *(.fuse)
 *(.lfuse)
 *(.hfuse)
 *(.efuse)

.lock
 *(.lock*)

.signature
 *(.signature*)

.user_signatures
 *(.user_signatures*)

.stab
 *(.stab)

.stabstr
 *(.stabstr)

.stab.excl
 *(.stab.excl)

.stab.exclstr
 *(.stab.exclstr)

.stab.index
 *(.stab.index)

.stab.indexstr
 *(.stab.indexstr)

.comment        0x00000000       0x30
 *(.comment)
 .comment       0x00000000       0x30 common_avr-liberty-master_src/buffer.o
                                 0x31 (size before relaxing)
 .comment       0x00000030       0x31 common_avr-liberty-master_src/rprintf.o
 .comment       0x00000030       0x31 common_avr-liberty-master_src/timer.o
 .comment       0x00000030       0x31 common_avr-liberty-master_src/uart.o
 .comment       0x00000030       0x31 LMMB_main/appl.o
 .comment       0x00000030       0x31 LMMB_main/button_dep.o
 .comment       0x00000030       0x31 LMMB_main/led.o
 .comment       0x00000030       0x31 LMMB_main/main.o
 .comment       0x00000030       0x31 LMMB_main/ssd.o
 .comment       0x00000030       0x31 LM_button/button.o

.note.gnu.avr.deviceinfo
                0x00000000       0x3c
 .note.gnu.avr.deviceinfo
                0x00000000       0x3c C:/Program Files (x86)/Atmel/Studio/7.0/Packs/atmel/ATmega_DFP/1.0.90/gcc/dev/atmega16/avr5/crtatmega16.o

.note.gnu.build-id
 *(.note.gnu.build-id)

.debug
 *(.debug)

.line
 *(.line)

.debug_srcinfo
 *(.debug_srcinfo)

.debug_sfnames
 *(.debug_sfnames)

.debug_aranges  0x00000000      0x458
 *(.debug_aranges)
 .debug_aranges
                0x00000000       0x50 common_avr-liberty-master_src/buffer.o
 .debug_aranges
                0x00000050       0x78 common_avr-liberty-master_src/rprintf.o
 .debug_aranges
                0x000000c8      0x130 common_avr-liberty-master_src/timer.o
 .debug_aranges
                0x000001f8       0x90 common_avr-liberty-master_src/uart.o
 .debug_aranges
                0x00000288       0x60 LMMB_main/appl.o
 .debug_aranges
                0x000002e8       0x48 LMMB_main/button_dep.o
 .debug_aranges
                0x00000330       0x88 LMMB_main/led.o
 .debug_aranges
                0x000003b8       0x20 LMMB_main/main.o
 .debug_aranges
                0x000003d8       0x38 LMMB_main/ssd.o
 .debug_aranges
                0x00000410       0x48 LM_button/button.o

.debug_pubnames
 *(.debug_pubnames)

.debug_info     0x00000000     0x304f
 *(.debug_info .gnu.linkonce.wi.*)
 .debug_info    0x00000000      0x2ed common_avr-liberty-master_src/buffer.o
 .debug_info    0x000002ed      0x624 common_avr-liberty-master_src/rprintf.o
 .debug_info    0x00000911      0x728 common_avr-liberty-master_src/timer.o
 .debug_info    0x00001039      0x5a7 common_avr-liberty-master_src/uart.o
 .debug_info    0x000015e0      0x8f6 LMMB_main/appl.o
 .debug_info    0x00001ed6      0x22b LMMB_main/button_dep.o
 .debug_info    0x00002101      0x497 LMMB_main/led.o
 .debug_info    0x00002598      0x122 LMMB_main/main.o
 .debug_info    0x000026ba      0x707 LMMB_main/ssd.o
 .debug_info    0x00002dc1      0x28e LM_button/button.o

.debug_abbrev   0x00000000     0x116a
 *(.debug_abbrev)
 .debug_abbrev  0x00000000       0xea common_avr-liberty-master_src/buffer.o
 .debug_abbrev  0x000000ea      0x1dd common_avr-liberty-master_src/rprintf.o
 .debug_abbrev  0x000002c7      0x238 common_avr-liberty-master_src/timer.o
 .debug_abbrev  0x000004ff      0x2c2 common_avr-liberty-master_src/uart.o
 .debug_abbrev  0x000007c1      0x2bf LMMB_main/appl.o
 .debug_abbrev  0x00000a80      0x111 LMMB_main/button_dep.o
 .debug_abbrev  0x00000b91      0x1c8 LMMB_main/led.o
 .debug_abbrev  0x00000d59       0x64 LMMB_main/main.o
 .debug_abbrev  0x00000dbd      0x24a LMMB_main/ssd.o
 .debug_abbrev  0x00001007      0x163 LM_button/button.o

.debug_line     0x00000000     0x11a2
 *(.debug_line .debug_line.* .debug_line_end)
 .debug_line    0x00000000      0x153 common_avr-liberty-master_src/buffer.o
 .debug_line    0x00000153      0x28a common_avr-liberty-master_src/rprintf.o
 .debug_line    0x000003dd      0x36a common_avr-liberty-master_src/timer.o
 .debug_line    0x00000747      0x1ef common_avr-liberty-master_src/uart.o
 .debug_line    0x00000936      0x26d LMMB_main/appl.o
 .debug_line    0x00000ba3      0x12b LMMB_main/button_dep.o
 .debug_line    0x00000cce      0x1d0 LMMB_main/led.o
 .debug_line    0x00000e9e       0x95 LMMB_main/main.o
 .debug_line    0x00000f33      0x131 LMMB_main/ssd.o
 .debug_line    0x00001064      0x13e LM_button/button.o

.debug_frame    0x00000000      0xc54
 *(.debug_frame)
 .debug_frame   0x00000000       0x84 common_avr-liberty-master_src/buffer.o
 .debug_frame   0x00000084      0x1e8 common_avr-liberty-master_src/rprintf.o
 .debug_frame   0x0000026c      0x4b4 common_avr-liberty-master_src/timer.o
 .debug_frame   0x00000720      0x1bc common_avr-liberty-master_src/uart.o
 .debug_frame   0x000008dc      0x104 LMMB_main/appl.o
 .debug_frame   0x000009e0       0x74 LMMB_main/button_dep.o
 .debug_frame   0x00000a54       0xf4 LMMB_main/led.o
 .debug_frame   0x00000b48       0x24 LMMB_main/main.o
 .debug_frame   0x00000b6c       0x74 LMMB_main/ssd.o
 .debug_frame   0x00000be0       0x74 LM_button/button.o

.debug_str      0x00000000     0x10fd
 *(.debug_str)
 .debug_str     0x00000000      0x227 common_avr-liberty-master_src/buffer.o
                                0x273 (size before relaxing)
 .debug_str     0x00000227      0x17e common_avr-liberty-master_src/rprintf.o
                                0x308 (size before relaxing)
 .debug_str     0x000003a5      0x307 common_avr-liberty-master_src/timer.o
                                0x49c (size before relaxing)
 .debug_str     0x000006ac      0x1b1 common_avr-liberty-master_src/uart.o
                                0x396 (size before relaxing)
 .debug_str     0x0000085d      0x495 LMMB_main/appl.o
                                0x6ad (size before relaxing)
 .debug_str     0x00000cf2       0xfd LMMB_main/button_dep.o
                                0x2d5 (size before relaxing)
 .debug_str     0x00000def      0x16c LMMB_main/led.o
                                0x2f9 (size before relaxing)
 .debug_str     0x00000f5b       0x3a LMMB_main/main.o
                                0x1ef (size before relaxing)
 .debug_str     0x00000f95      0x11d LMMB_main/ssd.o
                                0x365 (size before relaxing)
 .debug_str     0x000010b2       0x4b LM_button/button.o
                                0x2ee (size before relaxing)

.debug_loc      0x00000000     0x211c
 *(.debug_loc)
 .debug_loc     0x00000000      0x200 common_avr-liberty-master_src/buffer.o
 .debug_loc     0x00000200      0xb32 common_avr-liberty-master_src/rprintf.o
 .debug_loc     0x00000d32      0x8cf common_avr-liberty-master_src/timer.o
 .debug_loc     0x00001601      0x343 common_avr-liberty-master_src/uart.o
 .debug_loc     0x00001944      0x1c9 LMMB_main/appl.o
 .debug_loc     0x00001b0d       0x32 LMMB_main/button_dep.o
 .debug_loc     0x00001b3f      0x100 LMMB_main/led.o
 .debug_loc     0x00001c3f      0x469 LMMB_main/ssd.o
 .debug_loc     0x000020a8       0x74 LM_button/button.o

.debug_macinfo
 *(.debug_macinfo)

.debug_weaknames
 *(.debug_weaknames)

.debug_funcnames
 *(.debug_funcnames)

.debug_typenames
 *(.debug_typenames)

.debug_varnames
 *(.debug_varnames)

.debug_pubtypes
 *(.debug_pubtypes)

.debug_ranges   0x00000000      0x3b8
 *(.debug_ranges)
 .debug_ranges  0x00000000       0x40 common_avr-liberty-master_src/buffer.o
 .debug_ranges  0x00000040       0x68 common_avr-liberty-master_src/rprintf.o
 .debug_ranges  0x000000a8      0x120 common_avr-liberty-master_src/timer.o
 .debug_ranges  0x000001c8       0x80 common_avr-liberty-master_src/uart.o
 .debug_ranges  0x00000248       0x50 LMMB_main/appl.o
 .debug_ranges  0x00000298       0x38 LMMB_main/button_dep.o
 .debug_ranges  0x000002d0       0x78 LMMB_main/led.o
 .debug_ranges  0x00000348       0x10 LMMB_main/main.o
 .debug_ranges  0x00000358       0x28 LMMB_main/ssd.o
 .debug_ranges  0x00000380       0x38 LM_button/button.o

.debug_macro
 *(.debug_macro)
OUTPUT(LevelMeterMainboard.elf elf32-avr)
LOAD linker stubs
