Archive member included to satisfy reference by file (symbol)

c:/program files (x86)/atmel/studio/7.0/toolchain/avr8/avr8-gnu-toolchain/bin/../lib/gcc/avr/4.9.2/avr5\libgcc.a(_udivmodhi4.o)
                              common_avr-liberty-master_src/buffer.o (__udivmodhi4)
c:/program files (x86)/atmel/studio/7.0/toolchain/avr8/avr8-gnu-toolchain/bin/../lib/gcc/avr/4.9.2/avr5\libgcc.a(_udivmodsi4.o)
                              common_avr-liberty-master_src/rprintf.o (__udivmodsi4)
c:/program files (x86)/atmel/studio/7.0/toolchain/avr8/avr8-gnu-toolchain/bin/../lib/gcc/avr/4.9.2/avr5\libgcc.a(_exit.o)
                              C:/Program Files (x86)/Atmel/Studio/7.0/Packs/atmel/ATmega_DFP/1.0.90/gcc/dev/atmega16/avr5/crtatmega16.o (exit)
c:/program files (x86)/atmel/studio/7.0/toolchain/avr8/avr8-gnu-toolchain/bin/../lib/gcc/avr/4.9.2/avr5\libgcc.a(_clear_bss.o)
                              common_avr-liberty-master_src/rprintf.o (__do_clear_bss)
c:/program files (x86)/atmel/studio/7.0/toolchain/avr8/avr8-gnu-toolchain/bin/../lib/gcc/avr/4.9.2/avr5\libgcc.a(_umulhisi3.o)
                              common_avr-liberty-master_src/rprintf.o (__umulhisi3)

Allocating common symbols
Common symbol       size              file

uartReadyTx         0x1               common_avr-liberty-master_src/uart.o
greeting            0x14              LMMB_main/appl.o
uartRxBuffer        0x8               common_avr-liberty-master_src/uart.o
button              0x14              LM_button/button.o
uartBufferedTx      0x1               common_avr-liberty-master_src/uart.o
testChar            0x1               LMMB_main/appl.o
uartTxBuffer        0x8               common_avr-liberty-master_src/uart.o
uartRxOverflow      0x2               common_avr-liberty-master_src/uart.o

Discarded input sections

 .data          0x00000000        0x0 C:/Program Files (x86)/Atmel/Studio/7.0/Packs/atmel/ATmega_DFP/1.0.90/gcc/dev/atmega16/avr5/crtatmega16.o
 .bss           0x00000000        0x0 C:/Program Files (x86)/Atmel/Studio/7.0/Packs/atmel/ATmega_DFP/1.0.90/gcc/dev/atmega16/avr5/crtatmega16.o
 .text          0x00000000        0x0 common_avr-liberty-master_src/buffer.o
 .data          0x00000000        0x0 common_avr-liberty-master_src/buffer.o
 .bss           0x00000000        0x0 common_avr-liberty-master_src/buffer.o
 .text.bufferDumpFromFront
                0x00000000       0x40 common_avr-liberty-master_src/buffer.o
 .text.bufferGetAtIndex
                0x00000000       0x26 common_avr-liberty-master_src/buffer.o
 .text.bufferFlush
                0x00000000        0xe common_avr-liberty-master_src/buffer.o
 .text          0x00000000        0x0 common_avr-liberty-master_src/rprintf.o
 .data          0x00000000        0x0 common_avr-liberty-master_src/rprintf.o
 .bss           0x00000000        0x0 common_avr-liberty-master_src/rprintf.o
 .text.rprintfStr
                0x00000000       0x22 common_avr-liberty-master_src/rprintf.o
 .text.rprintfStrLen
                0x00000000       0x66 common_avr-liberty-master_src/rprintf.o
 .text.rprintfProgStr
                0x00000000       0x28 common_avr-liberty-master_src/rprintf.o
 .text.rprintfCRLF
                0x00000000        0x8 common_avr-liberty-master_src/rprintf.o
 .text.rprintfu08
                0x00000000       0x16 common_avr-liberty-master_src/rprintf.o
 .text.rprintfu16
                0x00000000       0x14 common_avr-liberty-master_src/rprintf.o
 .text.rprintfu32
                0x00000000       0x22 common_avr-liberty-master_src/rprintf.o
 .text.rprintfNum
                0x00000000      0x164 common_avr-liberty-master_src/rprintf.o
 .text          0x00000000        0x0 common_avr-liberty-master_src/uart.o
 .data          0x00000000        0x0 common_avr-liberty-master_src/uart.o
 .bss           0x00000000        0x0 common_avr-liberty-master_src/uart.o
 .text.uartSetRxHandler
                0x00000000        0xa common_avr-liberty-master_src/uart.o
 .text.uartGetRxBuffer
                0x00000000        0x6 common_avr-liberty-master_src/uart.o
 .text.uartGetTxBuffer
                0x00000000        0x6 common_avr-liberty-master_src/uart.o
 .text.uartReceiveByte
                0x00000000       0x38 common_avr-liberty-master_src/uart.o
 .text.uartGetByte
                0x00000000       0x28 common_avr-liberty-master_src/uart.o
 .text.uartFlushReceiveBuffer
                0x00000000        0xa common_avr-liberty-master_src/uart.o
 .text.uartReceiveBufferIsEmpty
                0x00000000       0x14 common_avr-liberty-master_src/uart.o
 .text.uartAddToTxBuffer
                0x00000000        0xc common_avr-liberty-master_src/uart.o
 .text.uartSendTxBuffer
                0x00000000       0x14 common_avr-liberty-master_src/uart.o
 .text          0x00000000        0x0 LMMB_main/appl.o
 .data          0x00000000        0x0 LMMB_main/appl.o
 .bss           0x00000000        0x0 LMMB_main/appl.o
 COMMON         0x00000000       0x15 LMMB_main/appl.o
 .text          0x00000000        0x0 LMMB_main/main.o
 .data          0x00000000        0x0 LMMB_main/main.o
 .bss           0x00000000        0x0 LMMB_main/main.o
 .text          0x00000000        0x0 LM_button/button.o
 .data          0x00000000        0x0 LM_button/button.o
 .bss           0x00000000        0x0 LM_button/button.o
 .text.ButtonGetHoldTime
                0x00000000        0xa LM_button/button.o
 .text.ButtonGetReleased
                0x00000000        0x6 LM_button/button.o
 .text.ButtonGetHeld
                0x00000000        0x6 LM_button/button.o
 .text.ButtonGetTwiceTapEvent
                0x00000000        0x6 LM_button/button.o
 .text          0x00000000        0x0 c:/program files (x86)/atmel/studio/7.0/toolchain/avr8/avr8-gnu-toolchain/bin/../lib/gcc/avr/4.9.2/avr5\libgcc.a(_udivmodhi4.o)
 .data          0x00000000        0x0 c:/program files (x86)/atmel/studio/7.0/toolchain/avr8/avr8-gnu-toolchain/bin/../lib/gcc/avr/4.9.2/avr5\libgcc.a(_udivmodhi4.o)
 .bss           0x00000000        0x0 c:/program files (x86)/atmel/studio/7.0/toolchain/avr8/avr8-gnu-toolchain/bin/../lib/gcc/avr/4.9.2/avr5\libgcc.a(_udivmodhi4.o)
 .text.libgcc.mul
                0x00000000        0x0 c:/program files (x86)/atmel/studio/7.0/toolchain/avr8/avr8-gnu-toolchain/bin/../lib/gcc/avr/4.9.2/avr5\libgcc.a(_udivmodhi4.o)
 .text.libgcc   0x00000000        0x0 c:/program files (x86)/atmel/studio/7.0/toolchain/avr8/avr8-gnu-toolchain/bin/../lib/gcc/avr/4.9.2/avr5\libgcc.a(_udivmodhi4.o)
 .text.libgcc.prologue
                0x00000000        0x0 c:/program files (x86)/atmel/studio/7.0/toolchain/avr8/avr8-gnu-toolchain/bin/../lib/gcc/avr/4.9.2/avr5\libgcc.a(_udivmodhi4.o)
 .text.libgcc.builtins
                0x00000000        0x0 c:/program files (x86)/atmel/studio/7.0/toolchain/avr8/avr8-gnu-toolchain/bin/../lib/gcc/avr/4.9.2/avr5\libgcc.a(_udivmodhi4.o)
 .text.libgcc.fmul
                0x00000000        0x0 c:/program files (x86)/atmel/studio/7.0/toolchain/avr8/avr8-gnu-toolchain/bin/../lib/gcc/avr/4.9.2/avr5\libgcc.a(_udivmodhi4.o)
 .text.libgcc.fixed
                0x00000000        0x0 c:/program files (x86)/atmel/studio/7.0/toolchain/avr8/avr8-gnu-toolchain/bin/../lib/gcc/avr/4.9.2/avr5\libgcc.a(_udivmodhi4.o)
 .text          0x00000000        0x0 c:/program files (x86)/atmel/studio/7.0/toolchain/avr8/avr8-gnu-toolchain/bin/../lib/gcc/avr/4.9.2/avr5\libgcc.a(_udivmodsi4.o)
 .data          0x00000000        0x0 c:/program files (x86)/atmel/studio/7.0/toolchain/avr8/avr8-gnu-toolchain/bin/../lib/gcc/avr/4.9.2/avr5\libgcc.a(_udivmodsi4.o)
 .bss           0x00000000        0x0 c:/program files (x86)/atmel/studio/7.0/toolchain/avr8/avr8-gnu-toolchain/bin/../lib/gcc/avr/4.9.2/avr5\libgcc.a(_udivmodsi4.o)
 .text.libgcc.mul
                0x00000000        0x0 c:/program files (x86)/atmel/studio/7.0/toolchain/avr8/avr8-gnu-toolchain/bin/../lib/gcc/avr/4.9.2/avr5\libgcc.a(_udivmodsi4.o)
 .text.libgcc   0x00000000        0x0 c:/program files (x86)/atmel/studio/7.0/toolchain/avr8/avr8-gnu-toolchain/bin/../lib/gcc/avr/4.9.2/avr5\libgcc.a(_udivmodsi4.o)
 .text.libgcc.prologue
                0x00000000        0x0 c:/program files (x86)/atmel/studio/7.0/toolchain/avr8/avr8-gnu-toolchain/bin/../lib/gcc/avr/4.9.2/avr5\libgcc.a(_udivmodsi4.o)
 .text.libgcc.builtins
                0x00000000        0x0 c:/program files (x86)/atmel/studio/7.0/toolchain/avr8/avr8-gnu-toolchain/bin/../lib/gcc/avr/4.9.2/avr5\libgcc.a(_udivmodsi4.o)
 .text.libgcc.fmul
                0x00000000        0x0 c:/program files (x86)/atmel/studio/7.0/toolchain/avr8/avr8-gnu-toolchain/bin/../lib/gcc/avr/4.9.2/avr5\libgcc.a(_udivmodsi4.o)
 .text.libgcc.fixed
                0x00000000        0x0 c:/program files (x86)/atmel/studio/7.0/toolchain/avr8/avr8-gnu-toolchain/bin/../lib/gcc/avr/4.9.2/avr5\libgcc.a(_udivmodsi4.o)
 .text          0x00000000        0x0 c:/program files (x86)/atmel/studio/7.0/toolchain/avr8/avr8-gnu-toolchain/bin/../lib/gcc/avr/4.9.2/avr5\libgcc.a(_exit.o)
 .data          0x00000000        0x0 c:/program files (x86)/atmel/studio/7.0/toolchain/avr8/avr8-gnu-toolchain/bin/../lib/gcc/avr/4.9.2/avr5\libgcc.a(_exit.o)
 .bss           0x00000000        0x0 c:/program files (x86)/atmel/studio/7.0/toolchain/avr8/avr8-gnu-toolchain/bin/../lib/gcc/avr/4.9.2/avr5\libgcc.a(_exit.o)
 .text.libgcc.mul
                0x00000000        0x0 c:/program files (x86)/atmel/studio/7.0/toolchain/avr8/avr8-gnu-toolchain/bin/../lib/gcc/avr/4.9.2/avr5\libgcc.a(_exit.o)
 .text.libgcc.div
                0x00000000        0x0 c:/program files (x86)/atmel/studio/7.0/toolchain/avr8/avr8-gnu-toolchain/bin/../lib/gcc/avr/4.9.2/avr5\libgcc.a(_exit.o)
 .text.libgcc   0x00000000        0x0 c:/program files (x86)/atmel/studio/7.0/toolchain/avr8/avr8-gnu-toolchain/bin/../lib/gcc/avr/4.9.2/avr5\libgcc.a(_exit.o)
 .text.libgcc.prologue
                0x00000000        0x0 c:/program files (x86)/atmel/studio/7.0/toolchain/avr8/avr8-gnu-toolchain/bin/../lib/gcc/avr/4.9.2/avr5\libgcc.a(_exit.o)
 .text.libgcc.builtins
                0x00000000        0x0 c:/program files (x86)/atmel/studio/7.0/toolchain/avr8/avr8-gnu-toolchain/bin/../lib/gcc/avr/4.9.2/avr5\libgcc.a(_exit.o)
 .text.libgcc.fmul
                0x00000000        0x0 c:/program files (x86)/atmel/studio/7.0/toolchain/avr8/avr8-gnu-toolchain/bin/../lib/gcc/avr/4.9.2/avr5\libgcc.a(_exit.o)
 .text.libgcc.fixed
                0x00000000        0x0 c:/program files (x86)/atmel/studio/7.0/toolchain/avr8/avr8-gnu-toolchain/bin/../lib/gcc/avr/4.9.2/avr5\libgcc.a(_exit.o)
 .text          0x00000000        0x0 c:/program files (x86)/atmel/studio/7.0/toolchain/avr8/avr8-gnu-toolchain/bin/../lib/gcc/avr/4.9.2/avr5\libgcc.a(_clear_bss.o)
 .data          0x00000000        0x0 c:/program files (x86)/atmel/studio/7.0/toolchain/avr8/avr8-gnu-toolchain/bin/../lib/gcc/avr/4.9.2/avr5\libgcc.a(_clear_bss.o)
 .bss           0x00000000        0x0 c:/program files (x86)/atmel/studio/7.0/toolchain/avr8/avr8-gnu-toolchain/bin/../lib/gcc/avr/4.9.2/avr5\libgcc.a(_clear_bss.o)
 .text.libgcc.mul
                0x00000000        0x0 c:/program files (x86)/atmel/studio/7.0/toolchain/avr8/avr8-gnu-toolchain/bin/../lib/gcc/avr/4.9.2/avr5\libgcc.a(_clear_bss.o)
 .text.libgcc.div
                0x00000000        0x0 c:/program files (x86)/atmel/studio/7.0/toolchain/avr8/avr8-gnu-toolchain/bin/../lib/gcc/avr/4.9.2/avr5\libgcc.a(_clear_bss.o)
 .text.libgcc   0x00000000        0x0 c:/program files (x86)/atmel/studio/7.0/toolchain/avr8/avr8-gnu-toolchain/bin/../lib/gcc/avr/4.9.2/avr5\libgcc.a(_clear_bss.o)
 .text.libgcc.prologue
                0x00000000        0x0 c:/program files (x86)/atmel/studio/7.0/toolchain/avr8/avr8-gnu-toolchain/bin/../lib/gcc/avr/4.9.2/avr5\libgcc.a(_clear_bss.o)
 .text.libgcc.builtins
                0x00000000        0x0 c:/program files (x86)/atmel/studio/7.0/toolchain/avr8/avr8-gnu-toolchain/bin/../lib/gcc/avr/4.9.2/avr5\libgcc.a(_clear_bss.o)
 .text.libgcc.fmul
                0x00000000        0x0 c:/program files (x86)/atmel/studio/7.0/toolchain/avr8/avr8-gnu-toolchain/bin/../lib/gcc/avr/4.9.2/avr5\libgcc.a(_clear_bss.o)
 .text.libgcc.fixed
                0x00000000        0x0 c:/program files (x86)/atmel/studio/7.0/toolchain/avr8/avr8-gnu-toolchain/bin/../lib/gcc/avr/4.9.2/avr5\libgcc.a(_clear_bss.o)
 .text          0x00000000        0x0 c:/program files (x86)/atmel/studio/7.0/toolchain/avr8/avr8-gnu-toolchain/bin/../lib/gcc/avr/4.9.2/avr5\libgcc.a(_umulhisi3.o)
 .data          0x00000000        0x0 c:/program files (x86)/atmel/studio/7.0/toolchain/avr8/avr8-gnu-toolchain/bin/../lib/gcc/avr/4.9.2/avr5\libgcc.a(_umulhisi3.o)
 .bss           0x00000000        0x0 c:/program files (x86)/atmel/studio/7.0/toolchain/avr8/avr8-gnu-toolchain/bin/../lib/gcc/avr/4.9.2/avr5\libgcc.a(_umulhisi3.o)
 .text.libgcc.div
                0x00000000        0x0 c:/program files (x86)/atmel/studio/7.0/toolchain/avr8/avr8-gnu-toolchain/bin/../lib/gcc/avr/4.9.2/avr5\libgcc.a(_umulhisi3.o)
 .text.libgcc   0x00000000        0x0 c:/program files (x86)/atmel/studio/7.0/toolchain/avr8/avr8-gnu-toolchain/bin/../lib/gcc/avr/4.9.2/avr5\libgcc.a(_umulhisi3.o)
 .text.libgcc.prologue
                0x00000000        0x0 c:/program files (x86)/atmel/studio/7.0/toolchain/avr8/avr8-gnu-toolchain/bin/../lib/gcc/avr/4.9.2/avr5\libgcc.a(_umulhisi3.o)
 .text.libgcc.builtins
                0x00000000        0x0 c:/program files (x86)/atmel/studio/7.0/toolchain/avr8/avr8-gnu-toolchain/bin/../lib/gcc/avr/4.9.2/avr5\libgcc.a(_umulhisi3.o)
 .text.libgcc.fmul
                0x00000000        0x0 c:/program files (x86)/atmel/studio/7.0/toolchain/avr8/avr8-gnu-toolchain/bin/../lib/gcc/avr/4.9.2/avr5\libgcc.a(_umulhisi3.o)
 .text.libgcc.fixed
                0x00000000        0x0 c:/program files (x86)/atmel/studio/7.0/toolchain/avr8/avr8-gnu-toolchain/bin/../lib/gcc/avr/4.9.2/avr5\libgcc.a(_umulhisi3.o)

Memory Configuration

Name             Origin             Length             Attributes
text             0x00000000         0x00020000         xr
data             0x00800060         0x0000ffa0         rw !x
eeprom           0x00810000         0x00010000         rw !x
fuse             0x00820000         0x00000400         rw !x
lock             0x00830000         0x00000400         rw !x
signature        0x00840000         0x00000400         rw !x
user_signatures  0x00850000         0x00000400         rw !x
*default*        0x00000000         0xffffffff

Linker script and memory map

LOAD C:/Program Files (x86)/Atmel/Studio/7.0/Packs/atmel/ATmega_DFP/1.0.90/gcc/dev/atmega16/avr5/crtatmega16.o
LOAD common_avr-liberty-master_src/buffer.o
LOAD common_avr-liberty-master_src/rprintf.o
LOAD common_avr-liberty-master_src/uart.o
LOAD LMMB_main/appl.o
LOAD LMMB_main/main.o
LOAD LM_button/button.o
START GROUP
LOAD c:/program files (x86)/atmel/studio/7.0/toolchain/avr8/avr8-gnu-toolchain/bin/../lib/gcc/avr/4.9.2/../../../../avr/lib/avr5\libm.a
END GROUP
START GROUP
LOAD c:/program files (x86)/atmel/studio/7.0/toolchain/avr8/avr8-gnu-toolchain/bin/../lib/gcc/avr/4.9.2/avr5\libgcc.a
LOAD c:/program files (x86)/atmel/studio/7.0/toolchain/avr8/avr8-gnu-toolchain/bin/../lib/gcc/avr/4.9.2/../../../../avr/lib/avr5\libm.a
LOAD c:/program files (x86)/atmel/studio/7.0/toolchain/avr8/avr8-gnu-toolchain/bin/../lib/gcc/avr/4.9.2/../../../../avr/lib/avr5\libc.a
LOAD C:/Program Files (x86)/Atmel/Studio/7.0/Packs/atmel/ATmega_DFP/1.0.90/gcc/dev/atmega16/avr5\libatmega16.a
END GROUP

.hash
 *(.hash)

.dynsym
 *(.dynsym)

.dynstr
 *(.dynstr)

.gnu.version
 *(.gnu.version)

.gnu.version_d
 *(.gnu.version_d)

.gnu.version_r
 *(.gnu.version_r)

.rel.init
 *(.rel.init)

.rela.init
 *(.rela.init)

.rel.text
 *(.rel.text)
 *(.rel.text.*)
 *(.rel.gnu.linkonce.t*)

.rela.text
 *(.rela.text)
 *(.rela.text.*)
 *(.rela.gnu.linkonce.t*)

.rel.fini
 *(.rel.fini)

.rela.fini
 *(.rela.fini)

.rel.rodata
 *(.rel.rodata)
 *(.rel.rodata.*)
 *(.rel.gnu.linkonce.r*)

.rela.rodata
 *(.rela.rodata)
 *(.rela.rodata.*)
 *(.rela.gnu.linkonce.r*)

.rel.data
 *(.rel.data)
 *(.rel.data.*)
 *(.rel.gnu.linkonce.d*)

.rela.data
 *(.rela.data)
 *(.rela.data.*)
 *(.rela.gnu.linkonce.d*)

.rel.ctors
 *(.rel.ctors)

.rela.ctors
 *(.rela.ctors)

.rel.dtors
 *(.rel.dtors)

.rela.dtors
 *(.rela.dtors)

.rel.got
 *(.rel.got)

.rela.got
 *(.rela.got)

.rel.bss
 *(.rel.bss)

.rela.bss
 *(.rela.bss)

.rel.plt
 *(.rel.plt)

.rela.plt
 *(.rela.plt)

.text           0x00000000      0x86a
 *(.vectors)
 .vectors       0x00000000       0x54 C:/Program Files (x86)/Atmel/Studio/7.0/Packs/atmel/ATmega_DFP/1.0.90/gcc/dev/atmega16/avr5/crtatmega16.o
                0x00000000                __vector_default
                0x00000000                __vectors
 *(.vectors)
 *(.progmem.gcc*)
                0x00000054                . = ALIGN (0x2)
                0x00000054                __trampolines_start = .
 *(.trampolines)
 .trampolines   0x00000054        0x0 linker stubs
 *(.trampolines*)
                0x00000054                __trampolines_end = .
 *(.progmem*)
 .progmem.data.HexChars
                0x00000054       0x11 common_avr-liberty-master_src/rprintf.o
 .progmem.data.__c.2034
                0x00000065        0x9 LMMB_main/appl.o
 .progmem.data.__c.2032
                0x0000006e       0x13 LMMB_main/appl.o
 .progmem.data.__c.2030
                0x00000081        0x7 LMMB_main/appl.o
 .progmem.data.__c.2027
                0x00000088        0x7 LMMB_main/appl.o
 .progmem.data.__c.2024
                0x0000008f        0x7 LMMB_main/appl.o
 .progmem.data.__c.2021
                0x00000096        0x8 LMMB_main/appl.o
 .progmem.data.__c.2018
                0x0000009e        0x8 LMMB_main/appl.o
 .progmem.data.__c.2015
                0x000000a6        0x8 LMMB_main/appl.o
 .progmem.data.__c.2012
                0x000000ae        0x7 LMMB_main/appl.o
 .progmem.data.__c.2010
                0x000000b5        0x7 LMMB_main/appl.o
 .progmem.data.__c.2004
                0x000000bc       0x13 LMMB_main/appl.o
                0x000000d0                . = ALIGN (0x2)
 *fill*         0x000000cf        0x1 
 *(.jumptables)
 *(.jumptables*)
 *(.lowtext)
 *(.lowtext*)
                0x000000d0                __ctors_start = .
 *(.ctors)
                0x000000d0                __ctors_end = .
                0x000000d0                __dtors_start = .
 *(.dtors)
                0x000000d0                __dtors_end = .
 SORT(*)(.ctors)
 SORT(*)(.dtors)
 *(.init0)
 .init0         0x000000d0        0x0 C:/Program Files (x86)/Atmel/Studio/7.0/Packs/atmel/ATmega_DFP/1.0.90/gcc/dev/atmega16/avr5/crtatmega16.o
                0x000000d0                __init
 *(.init0)
 *(.init1)
 *(.init1)
 *(.init2)
 .init2         0x000000d0        0xc C:/Program Files (x86)/Atmel/Studio/7.0/Packs/atmel/ATmega_DFP/1.0.90/gcc/dev/atmega16/avr5/crtatmega16.o
 *(.init2)
 *(.init3)
 *(.init3)
 *(.init4)
 .init4         0x000000dc       0x10 c:/program files (x86)/atmel/studio/7.0/toolchain/avr8/avr8-gnu-toolchain/bin/../lib/gcc/avr/4.9.2/avr5\libgcc.a(_clear_bss.o)
                0x000000dc                __do_clear_bss
 *(.init4)
 *(.init5)
 *(.init5)
 *(.init6)
 *(.init6)
 *(.init7)
 *(.init7)
 *(.init8)
 *(.init8)
 *(.init9)
 .init9         0x000000ec        0x8 C:/Program Files (x86)/Atmel/Studio/7.0/Packs/atmel/ATmega_DFP/1.0.90/gcc/dev/atmega16/avr5/crtatmega16.o
 *(.init9)
 *(.text)
 .text          0x000000f4        0x4 C:/Program Files (x86)/Atmel/Studio/7.0/Packs/atmel/ATmega_DFP/1.0.90/gcc/dev/atmega16/avr5/crtatmega16.o
                0x000000f4                __vector_1
                0x000000f4                __vector_12
                0x000000f4                __bad_interrupt
                0x000000f4                __vector_6
                0x000000f4                __vector_3
                0x000000f4                __vector_17
                0x000000f4                __vector_19
                0x000000f4                __vector_7
                0x000000f4                __vector_5
                0x000000f4                __vector_4
                0x000000f4                __vector_9
                0x000000f4                __vector_2
                0x000000f4                __vector_15
                0x000000f4                __vector_8
                0x000000f4                __vector_14
                0x000000f4                __vector_10
                0x000000f4                __vector_16
                0x000000f4                __vector_18
                0x000000f4                __vector_20
                0x000000f8                . = ALIGN (0x2)
 *(.text.*)
 .text.bufferInit
                0x000000f8       0x1a common_avr-liberty-master_src/buffer.o
                0x000000f8                bufferInit
 .text.bufferGetFromFront
                0x00000112       0x48 common_avr-liberty-master_src/buffer.o
                0x00000112                bufferGetFromFront
 .text.bufferAddToEnd
                0x0000015a       0x4a common_avr-liberty-master_src/buffer.o
                0x0000015a                bufferAddToEnd
 .text.bufferIsNotFull
                0x000001a4       0x16 common_avr-liberty-master_src/buffer.o
                0x000001a4                bufferIsNotFull
 .text.rprintfInit
                0x000001ba        0xa common_avr-liberty-master_src/rprintf.o
                0x000001ba                rprintfInit
 .text.rprintfChar
                0x000001c4       0x24 common_avr-liberty-master_src/rprintf.o
                0x000001c4                rprintfChar
 .text.rprintfu04
                0x000001e8       0x12 common_avr-liberty-master_src/rprintf.o
                0x000001e8                rprintfu04
 .text.rprintf1RamRom
                0x000001fa      0x188 common_avr-liberty-master_src/rprintf.o
                0x000001fa                rprintf1RamRom
 .text.uartInitBuffers
                0x00000382       0x22 common_avr-liberty-master_src/uart.o
                0x00000382                uartInitBuffers
 .text.uartInit
                0x000003a4       0x2c common_avr-liberty-master_src/uart.o
                0x000003a4                uartInit
 .text.uartSetBaudRate
                0x000003d0       0x64 common_avr-liberty-master_src/uart.o
                0x000003d0                uartSetBaudRate
 .text.uartSendByte
                0x00000434       0x10 common_avr-liberty-master_src/uart.o
                0x00000434                uartSendByte
 .text.__vector_13
                0x00000444       0x76 common_avr-liberty-master_src/uart.o
                0x00000444                __vector_13
 .text.__vector_11
                0x000004ba       0x7e common_avr-liberty-master_src/uart.o
                0x000004ba                __vector_11
 .text.McuInit  0x00000538       0x1a LMMB_main/appl.o
                0x00000538                McuInit
 .text.ApplInit
                0x00000552       0x1c LMMB_main/appl.o
                0x00000552                ApplInit
 .text.AppCycleUpdate
                0x0000056e      0x162 LMMB_main/appl.o
                0x0000056e                AppCycleUpdate
 .text.main     0x000006d0       0x20 LMMB_main/main.o
                0x000006d0                main
 .text.ButtonInit
                0x000006f0       0x14 LM_button/button.o
                0x000006f0                ButtonInit
 .text.ButtonCycleUpdate
                0x00000704       0xd8 LM_button/button.o
                0x00000704                ButtonCycleUpdate
 .text.libgcc.div
                0x000007dc       0x28 c:/program files (x86)/atmel/studio/7.0/toolchain/avr8/avr8-gnu-toolchain/bin/../lib/gcc/avr/4.9.2/avr5\libgcc.a(_udivmodhi4.o)
                0x000007dc                __udivmodhi4
 .text.libgcc.div
                0x00000804       0x44 c:/program files (x86)/atmel/studio/7.0/toolchain/avr8/avr8-gnu-toolchain/bin/../lib/gcc/avr/4.9.2/avr5\libgcc.a(_udivmodsi4.o)
                0x00000804                __udivmodsi4
 .text.libgcc.mul
                0x00000848       0x1e c:/program files (x86)/atmel/studio/7.0/toolchain/avr8/avr8-gnu-toolchain/bin/../lib/gcc/avr/4.9.2/avr5\libgcc.a(_umulhisi3.o)
                0x00000848                __umulhisi3
                0x00000866                . = ALIGN (0x2)
 *(.fini9)
 .fini9         0x00000866        0x0 c:/program files (x86)/atmel/studio/7.0/toolchain/avr8/avr8-gnu-toolchain/bin/../lib/gcc/avr/4.9.2/avr5\libgcc.a(_exit.o)
                0x00000866                _exit
                0x00000866                exit
 *(.fini9)
 *(.fini8)
 *(.fini8)
 *(.fini7)
 *(.fini7)
 *(.fini6)
 *(.fini6)
 *(.fini5)
 *(.fini5)
 *(.fini4)
 *(.fini4)
 *(.fini3)
 *(.fini3)
 *(.fini2)
 *(.fini2)
 *(.fini1)
 *(.fini1)
 *(.fini0)
 .fini0         0x00000866        0x4 c:/program files (x86)/atmel/studio/7.0/toolchain/avr8/avr8-gnu-toolchain/bin/../lib/gcc/avr/4.9.2/avr5\libgcc.a(_exit.o)
 *(.fini0)
                0x0000086a                _etext = .

.data           0x00800060        0x0 load address 0x0000086a
                0x00800060                PROVIDE (__data_start, .)
 *(.data)
 *(.data*)
 *(.rodata)
 *(.rodata*)
 *(.gnu.linkonce.d*)
                0x00800060                . = ALIGN (0x2)
                0x00800060                _edata = .
                0x00800060                PROVIDE (__data_end, .)

.bss            0x00800060       0xac
                0x00800060                PROVIDE (__bss_start, .)
 *(.bss)
 *(.bss*)
 .bss.rputchar  0x00800060        0x2 common_avr-liberty-master_src/rprintf.o
 .bss.UartRxFunc
                0x00800062        0x2 common_avr-liberty-master_src/uart.o
 .bss.uartTxData
                0x00800064       0x40 common_avr-liberty-master_src/uart.o
 .bss.uartRxData
                0x008000a4       0x40 common_avr-liberty-master_src/uart.o
 *(COMMON)
 COMMON         0x008000e4       0x14 common_avr-liberty-master_src/uart.o
                0x008000e4                uartReadyTx
                0x008000e5                uartRxBuffer
                0x008000ed                uartBufferedTx
                0x008000ee                uartTxBuffer
                0x008000f6                uartRxOverflow
 COMMON         0x008000f8       0x14 LM_button/button.o
                0x008000f8                button
                0x0080010c                PROVIDE (__bss_end, .)
                0x0000086a                __data_load_start = LOADADDR (.data)
                0x0000086a                __data_load_end = (__data_load_start + SIZEOF (.data))

.noinit         0x0080010c        0x0
                0x0080010c                PROVIDE (__noinit_start, .)
 *(.noinit*)
                0x0080010c                PROVIDE (__noinit_end, .)
                0x0080010c                _end = .
                0x0080010c                PROVIDE (__heap_start, .)

.eeprom         0x00810000        0x0
 *(.eeprom*)
                0x00810000                __eeprom_end = .

.fuse
 *(.fuse)
 *(.lfuse)
 *(.hfuse)
 *(.efuse)

.lock
 *(.lock*)

.signature
 *(.signature*)

.user_signatures
 *(.user_signatures*)

.stab
 *(.stab)

.stabstr
 *(.stabstr)

.stab.excl
 *(.stab.excl)

.stab.exclstr
 *(.stab.exclstr)

.stab.index
 *(.stab.index)

.stab.indexstr
 *(.stab.indexstr)

.comment        0x00000000       0x30
 *(.comment)
 .comment       0x00000000       0x30 common_avr-liberty-master_src/buffer.o
                                 0x31 (size before relaxing)
 .comment       0x00000030       0x31 common_avr-liberty-master_src/rprintf.o
 .comment       0x00000030       0x31 common_avr-liberty-master_src/uart.o
 .comment       0x00000030       0x31 LMMB_main/appl.o
 .comment       0x00000030       0x31 LMMB_main/main.o
 .comment       0x00000030       0x31 LM_button/button.o

.note.gnu.avr.deviceinfo
                0x00000000       0x3c
 .note.gnu.avr.deviceinfo
                0x00000000       0x3c C:/Program Files (x86)/Atmel/Studio/7.0/Packs/atmel/ATmega_DFP/1.0.90/gcc/dev/atmega16/avr5/crtatmega16.o

.note.gnu.build-id
 *(.note.gnu.build-id)

.debug
 *(.debug)

.line
 *(.line)

.debug_srcinfo
 *(.debug_srcinfo)

.debug_sfnames
 *(.debug_sfnames)

.debug_aranges  0x00000000      0x1f0
 *(.debug_aranges)
 .debug_aranges
                0x00000000       0x50 common_avr-liberty-master_src/buffer.o
 .debug_aranges
                0x00000050       0x78 common_avr-liberty-master_src/rprintf.o
 .debug_aranges
                0x000000c8       0x90 common_avr-liberty-master_src/uart.o
 .debug_aranges
                0x00000158       0x30 LMMB_main/appl.o
 .debug_aranges
                0x00000188       0x20 LMMB_main/main.o
 .debug_aranges
                0x000001a8       0x48 LM_button/button.o

.debug_pubnames
 *(.debug_pubnames)

.debug_info     0x00000000     0x1911
 *(.debug_info .gnu.linkonce.wi.*)
 .debug_info    0x00000000      0x2ef common_avr-liberty-master_src/buffer.o
 .debug_info    0x000002ef      0x63b common_avr-liberty-master_src/rprintf.o
 .debug_info    0x0000092a      0x581 common_avr-liberty-master_src/uart.o
 .debug_info    0x00000eab      0x511 LMMB_main/appl.o
 .debug_info    0x000013bc      0x168 LMMB_main/main.o
 .debug_info    0x00001524      0x3ed LM_button/button.o

.debug_abbrev   0x00000000      0x9ad
 *(.debug_abbrev)
 .debug_abbrev  0x00000000      0x106 common_avr-liberty-master_src/buffer.o
 .debug_abbrev  0x00000106      0x1d2 common_avr-liberty-master_src/rprintf.o
 .debug_abbrev  0x000002d8      0x291 common_avr-liberty-master_src/uart.o
 .debug_abbrev  0x00000569      0x1d5 LMMB_main/appl.o
 .debug_abbrev  0x0000073e       0xe2 LMMB_main/main.o
 .debug_abbrev  0x00000820      0x18d LM_button/button.o

.debug_line     0x00000000      0x9b1
 *(.debug_line .debug_line.* .debug_line_end)
 .debug_line    0x00000000      0x153 common_avr-liberty-master_src/buffer.o
 .debug_line    0x00000153      0x2a5 common_avr-liberty-master_src/rprintf.o
 .debug_line    0x000003f8      0x1f4 common_avr-liberty-master_src/uart.o
 .debug_line    0x000005ec      0x149 LMMB_main/appl.o
 .debug_line    0x00000735      0x149 LMMB_main/main.o
 .debug_line    0x0000087e      0x133 LM_button/button.o

.debug_frame    0x00000000      0x5c0
 *(.debug_frame)
 .debug_frame   0x00000000       0x90 common_avr-liberty-master_src/buffer.o
 .debug_frame   0x00000090      0x1f8 common_avr-liberty-master_src/rprintf.o
 .debug_frame   0x00000288      0x1bc common_avr-liberty-master_src/uart.o
 .debug_frame   0x00000444       0xe4 LMMB_main/appl.o
 .debug_frame   0x00000528       0x24 LMMB_main/main.o
 .debug_frame   0x0000054c       0x74 LM_button/button.o

.debug_str      0x00000000      0x805
 *(.debug_str)
 .debug_str     0x00000000      0x227 common_avr-liberty-master_src/buffer.o
                                0x273 (size before relaxing)
 .debug_str     0x00000227      0x184 common_avr-liberty-master_src/rprintf.o
                                0x308 (size before relaxing)
 .debug_str     0x000003ab      0x1b1 common_avr-liberty-master_src/uart.o
                                0x396 (size before relaxing)
 .debug_str     0x0000055c      0x18c LMMB_main/appl.o
                                0x389 (size before relaxing)
 .debug_str     0x000006e8       0x76 LMMB_main/main.o
                                0x1ff (size before relaxing)
 .debug_str     0x0000075e       0xa7 LM_button/button.o
                                0x370 (size before relaxing)

.debug_loc      0x00000000     0x1630
 *(.debug_loc)
 .debug_loc     0x00000000      0x23c common_avr-liberty-master_src/buffer.o
 .debug_loc     0x0000023c      0xcf9 common_avr-liberty-master_src/rprintf.o
 .debug_loc     0x00000f35      0x337 common_avr-liberty-master_src/uart.o
 .debug_loc     0x0000126c      0x2c1 LMMB_main/appl.o
 .debug_loc     0x0000152d      0x103 LM_button/button.o

.debug_macinfo
 *(.debug_macinfo)

.debug_weaknames
 *(.debug_weaknames)

.debug_funcnames
 *(.debug_funcnames)

.debug_typenames
 *(.debug_typenames)

.debug_varnames
 *(.debug_varnames)

.debug_pubtypes
 *(.debug_pubtypes)

.debug_ranges   0x00000000      0x1a8
 *(.debug_ranges)
 .debug_ranges  0x00000000       0x40 common_avr-liberty-master_src/buffer.o
 .debug_ranges  0x00000040       0x80 common_avr-liberty-master_src/rprintf.o
 .debug_ranges  0x000000c0       0x80 common_avr-liberty-master_src/uart.o
 .debug_ranges  0x00000140       0x20 LMMB_main/appl.o
 .debug_ranges  0x00000160       0x10 LMMB_main/main.o
 .debug_ranges  0x00000170       0x38 LM_button/button.o

.debug_macro
 *(.debug_macro)
OUTPUT(LevelMeterMainboard.elf elf32-avr)
LOAD linker stubs
