Archive member included to satisfy reference by file (symbol)

c:/program files (x86)/atmel/studio/7.0/toolchain/avr8/avr8-gnu-toolchain/bin/../lib/gcc/avr/4.9.2/avr5\libgcc.a(_mulsi3.o)
                              common_avr-liberty-master_src/timer.o (__mulsi3)
c:/program files (x86)/atmel/studio/7.0/toolchain/avr8/avr8-gnu-toolchain/bin/../lib/gcc/avr/4.9.2/avr5\libgcc.a(_udivmodhi4.o)
                              common_avr-liberty-master_src/buffer.o (__udivmodhi4)
c:/program files (x86)/atmel/studio/7.0/toolchain/avr8/avr8-gnu-toolchain/bin/../lib/gcc/avr/4.9.2/avr5\libgcc.a(_udivmodsi4.o)
                              common_avr-liberty-master_src/rprintf.o (__udivmodsi4)
c:/program files (x86)/atmel/studio/7.0/toolchain/avr8/avr8-gnu-toolchain/bin/../lib/gcc/avr/4.9.2/avr5\libgcc.a(_divmodsi4.o)
                              common_avr-liberty-master_src/timer.o (__divmodsi4)
c:/program files (x86)/atmel/studio/7.0/toolchain/avr8/avr8-gnu-toolchain/bin/../lib/gcc/avr/4.9.2/avr5\libgcc.a(_negsi2.o)
                              c:/program files (x86)/atmel/studio/7.0/toolchain/avr8/avr8-gnu-toolchain/bin/../lib/gcc/avr/4.9.2/avr5\libgcc.a(_divmodsi4.o) (__negsi2)
c:/program files (x86)/atmel/studio/7.0/toolchain/avr8/avr8-gnu-toolchain/bin/../lib/gcc/avr/4.9.2/avr5\libgcc.a(_exit.o)
                              C:/Program Files (x86)/Atmel/Studio/7.0/Packs/atmel/ATmega_DFP/1.0.90/gcc/dev/atmega16/avr5/crtatmega16.o (exit)
c:/program files (x86)/atmel/studio/7.0/toolchain/avr8/avr8-gnu-toolchain/bin/../lib/gcc/avr/4.9.2/avr5\libgcc.a(_tablejump2.o)
                              LMMB_main/appl.o (__tablejump2__)
c:/program files (x86)/atmel/studio/7.0/toolchain/avr8/avr8-gnu-toolchain/bin/../lib/gcc/avr/4.9.2/avr5\libgcc.a(_clear_bss.o)
                              common_avr-liberty-master_src/rprintf.o (__do_clear_bss)
c:/program files (x86)/atmel/studio/7.0/toolchain/avr8/avr8-gnu-toolchain/bin/../lib/gcc/avr/4.9.2/avr5\libgcc.a(_muluhisi3.o)
                              c:/program files (x86)/atmel/studio/7.0/toolchain/avr8/avr8-gnu-toolchain/bin/../lib/gcc/avr/4.9.2/avr5\libgcc.a(_mulsi3.o) (__muluhisi3)
c:/program files (x86)/atmel/studio/7.0/toolchain/avr8/avr8-gnu-toolchain/bin/../lib/gcc/avr/4.9.2/avr5\libgcc.a(_umulhisi3.o)
                              c:/program files (x86)/atmel/studio/7.0/toolchain/avr8/avr8-gnu-toolchain/bin/../lib/gcc/avr/4.9.2/avr5\libgcc.a(_muluhisi3.o) (__umulhisi3)

Allocating common symbols
Common symbol       size              file

uartReadyTx         0x1               common_avr-liberty-master_src/uart.o
appl                0x18              LMMB_main/appl.o
greeting            0x14              LMMB_main/appl.o
mData               0xa               LMMB_main/measure.o
Timer0Reg0          0x4               common_avr-liberty-master_src/timer.o
uartRxBuffer        0x8               common_avr-liberty-master_src/uart.o
TimerPauseReg       0x4               common_avr-liberty-master_src/timer.o
button              0x8               LM_button/button.o
Timer2Reg0          0x4               common_avr-liberty-master_src/timer.o
LEDs                0x4               LMMB_main/led.o
uartBufferedTx      0x1               common_avr-liberty-master_src/uart.o
Adc0Buffer          0x8               LMMB_main/measure.o
testChar            0x1               LMMB_main/appl.o
uartTxBuffer        0x8               common_avr-liberty-master_src/uart.o
uartRxOverflow      0x2               common_avr-liberty-master_src/uart.o
SSD                 0x6               LMMB_main/ssd.o

Discarded input sections

 .data          0x00000000        0x0 C:/Program Files (x86)/Atmel/Studio/7.0/Packs/atmel/ATmega_DFP/1.0.90/gcc/dev/atmega16/avr5/crtatmega16.o
 .bss           0x00000000        0x0 C:/Program Files (x86)/Atmel/Studio/7.0/Packs/atmel/ATmega_DFP/1.0.90/gcc/dev/atmega16/avr5/crtatmega16.o
 .text          0x00000000        0x0 common_avr-liberty-master_src/buffer.o
 .data          0x00000000        0x0 common_avr-liberty-master_src/buffer.o
 .bss           0x00000000        0x0 common_avr-liberty-master_src/buffer.o
 .text.bufferDumpFromFront
                0x00000000       0x40 common_avr-liberty-master_src/buffer.o
 .text.bufferGetAtIndex
                0x00000000       0x26 common_avr-liberty-master_src/buffer.o
 .text.bufferFlush
                0x00000000        0xe common_avr-liberty-master_src/buffer.o
 .text          0x00000000        0x0 common_avr-liberty-master_src/rprintf.o
 .data          0x00000000        0x0 common_avr-liberty-master_src/rprintf.o
 .bss           0x00000000        0x0 common_avr-liberty-master_src/rprintf.o
 .text.rprintfStr
                0x00000000       0x1c common_avr-liberty-master_src/rprintf.o
 .text.rprintfStrLen
                0x00000000       0x5c common_avr-liberty-master_src/rprintf.o
 .text.rprintfProgStr
                0x00000000       0x22 common_avr-liberty-master_src/rprintf.o
 .text.rprintfCRLF
                0x00000000        0x6 common_avr-liberty-master_src/rprintf.o
 .text.rprintfu08
                0x00000000       0x14 common_avr-liberty-master_src/rprintf.o
 .text.rprintfu16
                0x00000000       0x12 common_avr-liberty-master_src/rprintf.o
 .text.rprintfu32
                0x00000000       0x20 common_avr-liberty-master_src/rprintf.o
 .text.rprintfNum
                0x00000000      0x140 common_avr-liberty-master_src/rprintf.o
 .text          0x00000000        0x0 common_avr-liberty-master_src/timer.o
 .data          0x00000000        0x0 common_avr-liberty-master_src/timer.o
 .bss           0x00000000        0x0 common_avr-liberty-master_src/timer.o
 .text.delay_us
                0x00000000        0x2 common_avr-liberty-master_src/timer.o
 .text.timer0GetPrescaler
                0x00000000       0x14 common_avr-liberty-master_src/timer.o
 .text.timer1GetPrescaler
                0x00000000       0x14 common_avr-liberty-master_src/timer.o
 .text.timer2GetPrescaler
                0x00000000       0x14 common_avr-liberty-master_src/timer.o
 .text.timerPause
                0x00000000       0xf6 common_avr-liberty-master_src/timer.o
 .text.timer0ClearOverflowCount
                0x00000000       0x12 common_avr-liberty-master_src/timer.o
 .text.timer0GetOverflowCount
                0x00000000       0x12 common_avr-liberty-master_src/timer.o
 .text.timer2ClearOverflowCount
                0x00000000       0x12 common_avr-liberty-master_src/timer.o
 .text.timer2GetOverflowCount
                0x00000000       0x12 common_avr-liberty-master_src/timer.o
 .text.timer1PWMInitICR
                0x00000000       0x28 common_avr-liberty-master_src/timer.o
 .text.timer1PWMAOff
                0x00000000        0xe common_avr-liberty-master_src/timer.o
 .text.timer1PWMBOff
                0x00000000        0xe common_avr-liberty-master_src/timer.o
 .text.timer1PWMOff
                0x00000000       0x14 common_avr-liberty-master_src/timer.o
 .progmem.data.TimerRTCPrescaleFactor
                0x00000000       0x10 common_avr-liberty-master_src/timer.o
 .progmem.data.TimerPrescaleFactor
                0x00000000        0xc common_avr-liberty-master_src/timer.o
 .text          0x00000000        0x0 common_avr-liberty-master_src/uart.o
 .data          0x00000000        0x0 common_avr-liberty-master_src/uart.o
 .bss           0x00000000        0x0 common_avr-liberty-master_src/uart.o
 .text.uartSetRxHandler
                0x00000000        0xa common_avr-liberty-master_src/uart.o
 .text.uartGetRxBuffer
                0x00000000        0x6 common_avr-liberty-master_src/uart.o
 .text.uartGetTxBuffer
                0x00000000        0x6 common_avr-liberty-master_src/uart.o
 .text.uartReceiveByte
                0x00000000       0x34 common_avr-liberty-master_src/uart.o
 .text.uartGetByte
                0x00000000       0x28 common_avr-liberty-master_src/uart.o
 .text.uartFlushReceiveBuffer
                0x00000000        0xa common_avr-liberty-master_src/uart.o
 .text.uartReceiveBufferIsEmpty
                0x00000000       0x14 common_avr-liberty-master_src/uart.o
 .text.uartAddToTxBuffer
                0x00000000        0xa common_avr-liberty-master_src/uart.o
 .text.uartSendTxBuffer
                0x00000000       0x12 common_avr-liberty-master_src/uart.o
 .text          0x00000000        0x0 LMMB_main/appl.o
 .data          0x00000000        0x0 LMMB_main/appl.o
 .bss           0x00000000        0x0 LMMB_main/appl.o
 .text.AppSelfDetGetState
                0x00000000        0x8 LMMB_main/appl.o
 .text.AppSelfDetGetResult
                0x00000000        0xa LMMB_main/appl.o
 .text          0x00000000        0x0 LMMB_main/button_dep.o
 .data          0x00000000        0x0 LMMB_main/button_dep.o
 .bss           0x00000000        0x0 LMMB_main/button_dep.o
 .text          0x00000000        0x0 LMMB_main/led.o
 .data          0x00000000        0x0 LMMB_main/led.o
 .bss           0x00000000        0x0 LMMB_main/led.o
 .text.LEDFlag1Set
                0x00000000       0x10 LMMB_main/led.o
 .text.LEDFlag1On
                0x00000000        0xc LMMB_main/led.o
 .text.LEDFlag1Flash1Hz
                0x00000000        0xe LMMB_main/led.o
 .text.LEDFlag1Flash2Hz
                0x00000000        0xe LMMB_main/led.o
 .text.LEDFlag1Flash3Hz
                0x00000000        0xe LMMB_main/led.o
 .text.LEDFlag1Off
                0x00000000        0xe LMMB_main/led.o
 .text.LEDFlag2Set
                0x00000000       0x10 LMMB_main/led.o
 .text.LEDFlag2On
                0x00000000        0xc LMMB_main/led.o
 .text.LEDFlag2Flash1Hz
                0x00000000        0xe LMMB_main/led.o
 .text.LEDFlag2Flash2Hz
                0x00000000        0xe LMMB_main/led.o
 .text.LEDFlag2Flash3Hz
                0x00000000        0xe LMMB_main/led.o
 .text.LEDFlag2Off
                0x00000000        0xe LMMB_main/led.o
 .text          0x00000000        0x0 LMMB_main/main.o
 .data          0x00000000        0x0 LMMB_main/main.o
 .bss           0x00000000        0x0 LMMB_main/main.o
 .text          0x00000000        0x0 LMMB_main/measure.o
 .data          0x00000000        0x0 LMMB_main/measure.o
 .bss           0x00000000        0x0 LMMB_main/measure.o
 .text          0x00000000        0x0 LMMB_main/ssd.o
 .data          0x00000000        0x0 LMMB_main/ssd.o
 .bss           0x00000000        0x0 LMMB_main/ssd.o
 .text          0x00000000        0x0 LM_ADC/adc.o
 .data          0x00000000        0x0 LM_ADC/adc.o
 .bss           0x00000000        0x0 LM_ADC/adc.o
 .text          0x00000000        0x0 LM_button/button.o
 .data          0x00000000        0x0 LM_button/button.o
 .bss           0x00000000        0x0 LM_button/button.o
 .text.ButtonGetTwiceTap
                0x00000000        0x6 LM_button/button.o
 .text          0x00000000        0x0 c:/program files (x86)/atmel/studio/7.0/toolchain/avr8/avr8-gnu-toolchain/bin/../lib/gcc/avr/4.9.2/avr5\libgcc.a(_mulsi3.o)
 .data          0x00000000        0x0 c:/program files (x86)/atmel/studio/7.0/toolchain/avr8/avr8-gnu-toolchain/bin/../lib/gcc/avr/4.9.2/avr5\libgcc.a(_mulsi3.o)
 .bss           0x00000000        0x0 c:/program files (x86)/atmel/studio/7.0/toolchain/avr8/avr8-gnu-toolchain/bin/../lib/gcc/avr/4.9.2/avr5\libgcc.a(_mulsi3.o)
 .text.libgcc.mul
                0x00000000       0x20 c:/program files (x86)/atmel/studio/7.0/toolchain/avr8/avr8-gnu-toolchain/bin/../lib/gcc/avr/4.9.2/avr5\libgcc.a(_mulsi3.o)
 .text.libgcc.div
                0x00000000        0x0 c:/program files (x86)/atmel/studio/7.0/toolchain/avr8/avr8-gnu-toolchain/bin/../lib/gcc/avr/4.9.2/avr5\libgcc.a(_mulsi3.o)
 .text.libgcc   0x00000000        0x0 c:/program files (x86)/atmel/studio/7.0/toolchain/avr8/avr8-gnu-toolchain/bin/../lib/gcc/avr/4.9.2/avr5\libgcc.a(_mulsi3.o)
 .text.libgcc.prologue
                0x00000000        0x0 c:/program files (x86)/atmel/studio/7.0/toolchain/avr8/avr8-gnu-toolchain/bin/../lib/gcc/avr/4.9.2/avr5\libgcc.a(_mulsi3.o)
 .text.libgcc.builtins
                0x00000000        0x0 c:/program files (x86)/atmel/studio/7.0/toolchain/avr8/avr8-gnu-toolchain/bin/../lib/gcc/avr/4.9.2/avr5\libgcc.a(_mulsi3.o)
 .text.libgcc.fmul
                0x00000000        0x0 c:/program files (x86)/atmel/studio/7.0/toolchain/avr8/avr8-gnu-toolchain/bin/../lib/gcc/avr/4.9.2/avr5\libgcc.a(_mulsi3.o)
 .text.libgcc.fixed
                0x00000000        0x0 c:/program files (x86)/atmel/studio/7.0/toolchain/avr8/avr8-gnu-toolchain/bin/../lib/gcc/avr/4.9.2/avr5\libgcc.a(_mulsi3.o)
 .text          0x00000000        0x0 c:/program files (x86)/atmel/studio/7.0/toolchain/avr8/avr8-gnu-toolchain/bin/../lib/gcc/avr/4.9.2/avr5\libgcc.a(_udivmodhi4.o)
 .data          0x00000000        0x0 c:/program files (x86)/atmel/studio/7.0/toolchain/avr8/avr8-gnu-toolchain/bin/../lib/gcc/avr/4.9.2/avr5\libgcc.a(_udivmodhi4.o)
 .bss           0x00000000        0x0 c:/program files (x86)/atmel/studio/7.0/toolchain/avr8/avr8-gnu-toolchain/bin/../lib/gcc/avr/4.9.2/avr5\libgcc.a(_udivmodhi4.o)
 .text.libgcc.mul
                0x00000000        0x0 c:/program files (x86)/atmel/studio/7.0/toolchain/avr8/avr8-gnu-toolchain/bin/../lib/gcc/avr/4.9.2/avr5\libgcc.a(_udivmodhi4.o)
 .text.libgcc   0x00000000        0x0 c:/program files (x86)/atmel/studio/7.0/toolchain/avr8/avr8-gnu-toolchain/bin/../lib/gcc/avr/4.9.2/avr5\libgcc.a(_udivmodhi4.o)
 .text.libgcc.prologue
                0x00000000        0x0 c:/program files (x86)/atmel/studio/7.0/toolchain/avr8/avr8-gnu-toolchain/bin/../lib/gcc/avr/4.9.2/avr5\libgcc.a(_udivmodhi4.o)
 .text.libgcc.builtins
                0x00000000        0x0 c:/program files (x86)/atmel/studio/7.0/toolchain/avr8/avr8-gnu-toolchain/bin/../lib/gcc/avr/4.9.2/avr5\libgcc.a(_udivmodhi4.o)
 .text.libgcc.fmul
                0x00000000        0x0 c:/program files (x86)/atmel/studio/7.0/toolchain/avr8/avr8-gnu-toolchain/bin/../lib/gcc/avr/4.9.2/avr5\libgcc.a(_udivmodhi4.o)
 .text.libgcc.fixed
                0x00000000        0x0 c:/program files (x86)/atmel/studio/7.0/toolchain/avr8/avr8-gnu-toolchain/bin/../lib/gcc/avr/4.9.2/avr5\libgcc.a(_udivmodhi4.o)
 .text          0x00000000        0x0 c:/program files (x86)/atmel/studio/7.0/toolchain/avr8/avr8-gnu-toolchain/bin/../lib/gcc/avr/4.9.2/avr5\libgcc.a(_udivmodsi4.o)
 .data          0x00000000        0x0 c:/program files (x86)/atmel/studio/7.0/toolchain/avr8/avr8-gnu-toolchain/bin/../lib/gcc/avr/4.9.2/avr5\libgcc.a(_udivmodsi4.o)
 .bss           0x00000000        0x0 c:/program files (x86)/atmel/studio/7.0/toolchain/avr8/avr8-gnu-toolchain/bin/../lib/gcc/avr/4.9.2/avr5\libgcc.a(_udivmodsi4.o)
 .text.libgcc.mul
                0x00000000        0x0 c:/program files (x86)/atmel/studio/7.0/toolchain/avr8/avr8-gnu-toolchain/bin/../lib/gcc/avr/4.9.2/avr5\libgcc.a(_udivmodsi4.o)
 .text.libgcc   0x00000000        0x0 c:/program files (x86)/atmel/studio/7.0/toolchain/avr8/avr8-gnu-toolchain/bin/../lib/gcc/avr/4.9.2/avr5\libgcc.a(_udivmodsi4.o)
 .text.libgcc.prologue
                0x00000000        0x0 c:/program files (x86)/atmel/studio/7.0/toolchain/avr8/avr8-gnu-toolchain/bin/../lib/gcc/avr/4.9.2/avr5\libgcc.a(_udivmodsi4.o)
 .text.libgcc.builtins
                0x00000000        0x0 c:/program files (x86)/atmel/studio/7.0/toolchain/avr8/avr8-gnu-toolchain/bin/../lib/gcc/avr/4.9.2/avr5\libgcc.a(_udivmodsi4.o)
 .text.libgcc.fmul
                0x00000000        0x0 c:/program files (x86)/atmel/studio/7.0/toolchain/avr8/avr8-gnu-toolchain/bin/../lib/gcc/avr/4.9.2/avr5\libgcc.a(_udivmodsi4.o)
 .text.libgcc.fixed
                0x00000000        0x0 c:/program files (x86)/atmel/studio/7.0/toolchain/avr8/avr8-gnu-toolchain/bin/../lib/gcc/avr/4.9.2/avr5\libgcc.a(_udivmodsi4.o)
 .text          0x00000000        0x0 c:/program files (x86)/atmel/studio/7.0/toolchain/avr8/avr8-gnu-toolchain/bin/../lib/gcc/avr/4.9.2/avr5\libgcc.a(_divmodsi4.o)
 .data          0x00000000        0x0 c:/program files (x86)/atmel/studio/7.0/toolchain/avr8/avr8-gnu-toolchain/bin/../lib/gcc/avr/4.9.2/avr5\libgcc.a(_divmodsi4.o)
 .bss           0x00000000        0x0 c:/program files (x86)/atmel/studio/7.0/toolchain/avr8/avr8-gnu-toolchain/bin/../lib/gcc/avr/4.9.2/avr5\libgcc.a(_divmodsi4.o)
 .text.libgcc.mul
                0x00000000        0x0 c:/program files (x86)/atmel/studio/7.0/toolchain/avr8/avr8-gnu-toolchain/bin/../lib/gcc/avr/4.9.2/avr5\libgcc.a(_divmodsi4.o)
 .text.libgcc.div
                0x00000000       0x2e c:/program files (x86)/atmel/studio/7.0/toolchain/avr8/avr8-gnu-toolchain/bin/../lib/gcc/avr/4.9.2/avr5\libgcc.a(_divmodsi4.o)
 .text.libgcc   0x00000000        0x0 c:/program files (x86)/atmel/studio/7.0/toolchain/avr8/avr8-gnu-toolchain/bin/../lib/gcc/avr/4.9.2/avr5\libgcc.a(_divmodsi4.o)
 .text.libgcc.prologue
                0x00000000        0x0 c:/program files (x86)/atmel/studio/7.0/toolchain/avr8/avr8-gnu-toolchain/bin/../lib/gcc/avr/4.9.2/avr5\libgcc.a(_divmodsi4.o)
 .text.libgcc.builtins
                0x00000000        0x0 c:/program files (x86)/atmel/studio/7.0/toolchain/avr8/avr8-gnu-toolchain/bin/../lib/gcc/avr/4.9.2/avr5\libgcc.a(_divmodsi4.o)
 .text.libgcc.fmul
                0x00000000        0x0 c:/program files (x86)/atmel/studio/7.0/toolchain/avr8/avr8-gnu-toolchain/bin/../lib/gcc/avr/4.9.2/avr5\libgcc.a(_divmodsi4.o)
 .text.libgcc.fixed
                0x00000000        0x0 c:/program files (x86)/atmel/studio/7.0/toolchain/avr8/avr8-gnu-toolchain/bin/../lib/gcc/avr/4.9.2/avr5\libgcc.a(_divmodsi4.o)
 .text          0x00000000        0x0 c:/program files (x86)/atmel/studio/7.0/toolchain/avr8/avr8-gnu-toolchain/bin/../lib/gcc/avr/4.9.2/avr5\libgcc.a(_negsi2.o)
 .data          0x00000000        0x0 c:/program files (x86)/atmel/studio/7.0/toolchain/avr8/avr8-gnu-toolchain/bin/../lib/gcc/avr/4.9.2/avr5\libgcc.a(_negsi2.o)
 .bss           0x00000000        0x0 c:/program files (x86)/atmel/studio/7.0/toolchain/avr8/avr8-gnu-toolchain/bin/../lib/gcc/avr/4.9.2/avr5\libgcc.a(_negsi2.o)
 .text.libgcc.mul
                0x00000000        0x0 c:/program files (x86)/atmel/studio/7.0/toolchain/avr8/avr8-gnu-toolchain/bin/../lib/gcc/avr/4.9.2/avr5\libgcc.a(_negsi2.o)
 .text.libgcc.div
                0x00000000       0x10 c:/program files (x86)/atmel/studio/7.0/toolchain/avr8/avr8-gnu-toolchain/bin/../lib/gcc/avr/4.9.2/avr5\libgcc.a(_negsi2.o)
 .text.libgcc   0x00000000        0x0 c:/program files (x86)/atmel/studio/7.0/toolchain/avr8/avr8-gnu-toolchain/bin/../lib/gcc/avr/4.9.2/avr5\libgcc.a(_negsi2.o)
 .text.libgcc.prologue
                0x00000000        0x0 c:/program files (x86)/atmel/studio/7.0/toolchain/avr8/avr8-gnu-toolchain/bin/../lib/gcc/avr/4.9.2/avr5\libgcc.a(_negsi2.o)
 .text.libgcc.builtins
                0x00000000        0x0 c:/program files (x86)/atmel/studio/7.0/toolchain/avr8/avr8-gnu-toolchain/bin/../lib/gcc/avr/4.9.2/avr5\libgcc.a(_negsi2.o)
 .text.libgcc.fmul
                0x00000000        0x0 c:/program files (x86)/atmel/studio/7.0/toolchain/avr8/avr8-gnu-toolchain/bin/../lib/gcc/avr/4.9.2/avr5\libgcc.a(_negsi2.o)
 .text.libgcc.fixed
                0x00000000        0x0 c:/program files (x86)/atmel/studio/7.0/toolchain/avr8/avr8-gnu-toolchain/bin/../lib/gcc/avr/4.9.2/avr5\libgcc.a(_negsi2.o)
 .text          0x00000000        0x0 c:/program files (x86)/atmel/studio/7.0/toolchain/avr8/avr8-gnu-toolchain/bin/../lib/gcc/avr/4.9.2/avr5\libgcc.a(_exit.o)
 .data          0x00000000        0x0 c:/program files (x86)/atmel/studio/7.0/toolchain/avr8/avr8-gnu-toolchain/bin/../lib/gcc/avr/4.9.2/avr5\libgcc.a(_exit.o)
 .bss           0x00000000        0x0 c:/program files (x86)/atmel/studio/7.0/toolchain/avr8/avr8-gnu-toolchain/bin/../lib/gcc/avr/4.9.2/avr5\libgcc.a(_exit.o)
 .text.libgcc.mul
                0x00000000        0x0 c:/program files (x86)/atmel/studio/7.0/toolchain/avr8/avr8-gnu-toolchain/bin/../lib/gcc/avr/4.9.2/avr5\libgcc.a(_exit.o)
 .text.libgcc.div
                0x00000000        0x0 c:/program files (x86)/atmel/studio/7.0/toolchain/avr8/avr8-gnu-toolchain/bin/../lib/gcc/avr/4.9.2/avr5\libgcc.a(_exit.o)
 .text.libgcc   0x00000000        0x0 c:/program files (x86)/atmel/studio/7.0/toolchain/avr8/avr8-gnu-toolchain/bin/../lib/gcc/avr/4.9.2/avr5\libgcc.a(_exit.o)
 .text.libgcc.prologue
                0x00000000        0x0 c:/program files (x86)/atmel/studio/7.0/toolchain/avr8/avr8-gnu-toolchain/bin/../lib/gcc/avr/4.9.2/avr5\libgcc.a(_exit.o)
 .text.libgcc.builtins
                0x00000000        0x0 c:/program files (x86)/atmel/studio/7.0/toolchain/avr8/avr8-gnu-toolchain/bin/../lib/gcc/avr/4.9.2/avr5\libgcc.a(_exit.o)
 .text.libgcc.fmul
                0x00000000        0x0 c:/program files (x86)/atmel/studio/7.0/toolchain/avr8/avr8-gnu-toolchain/bin/../lib/gcc/avr/4.9.2/avr5\libgcc.a(_exit.o)
 .text.libgcc.fixed
                0x00000000        0x0 c:/program files (x86)/atmel/studio/7.0/toolchain/avr8/avr8-gnu-toolchain/bin/../lib/gcc/avr/4.9.2/avr5\libgcc.a(_exit.o)
 .text          0x00000000        0x0 c:/program files (x86)/atmel/studio/7.0/toolchain/avr8/avr8-gnu-toolchain/bin/../lib/gcc/avr/4.9.2/avr5\libgcc.a(_tablejump2.o)
 .data          0x00000000        0x0 c:/program files (x86)/atmel/studio/7.0/toolchain/avr8/avr8-gnu-toolchain/bin/../lib/gcc/avr/4.9.2/avr5\libgcc.a(_tablejump2.o)
 .bss           0x00000000        0x0 c:/program files (x86)/atmel/studio/7.0/toolchain/avr8/avr8-gnu-toolchain/bin/../lib/gcc/avr/4.9.2/avr5\libgcc.a(_tablejump2.o)
 .text.libgcc.mul
                0x00000000        0x0 c:/program files (x86)/atmel/studio/7.0/toolchain/avr8/avr8-gnu-toolchain/bin/../lib/gcc/avr/4.9.2/avr5\libgcc.a(_tablejump2.o)
 .text.libgcc.div
                0x00000000        0x0 c:/program files (x86)/atmel/studio/7.0/toolchain/avr8/avr8-gnu-toolchain/bin/../lib/gcc/avr/4.9.2/avr5\libgcc.a(_tablejump2.o)
 .text.libgcc.prologue
                0x00000000        0x0 c:/program files (x86)/atmel/studio/7.0/toolchain/avr8/avr8-gnu-toolchain/bin/../lib/gcc/avr/4.9.2/avr5\libgcc.a(_tablejump2.o)
 .text.libgcc.builtins
                0x00000000        0x0 c:/program files (x86)/atmel/studio/7.0/toolchain/avr8/avr8-gnu-toolchain/bin/../lib/gcc/avr/4.9.2/avr5\libgcc.a(_tablejump2.o)
 .text.libgcc.fmul
                0x00000000        0x0 c:/program files (x86)/atmel/studio/7.0/toolchain/avr8/avr8-gnu-toolchain/bin/../lib/gcc/avr/4.9.2/avr5\libgcc.a(_tablejump2.o)
 .text.libgcc.fixed
                0x00000000        0x0 c:/program files (x86)/atmel/studio/7.0/toolchain/avr8/avr8-gnu-toolchain/bin/../lib/gcc/avr/4.9.2/avr5\libgcc.a(_tablejump2.o)
 .text          0x00000000        0x0 c:/program files (x86)/atmel/studio/7.0/toolchain/avr8/avr8-gnu-toolchain/bin/../lib/gcc/avr/4.9.2/avr5\libgcc.a(_clear_bss.o)
 .data          0x00000000        0x0 c:/program files (x86)/atmel/studio/7.0/toolchain/avr8/avr8-gnu-toolchain/bin/../lib/gcc/avr/4.9.2/avr5\libgcc.a(_clear_bss.o)
 .bss           0x00000000        0x0 c:/program files (x86)/atmel/studio/7.0/toolchain/avr8/avr8-gnu-toolchain/bin/../lib/gcc/avr/4.9.2/avr5\libgcc.a(_clear_bss.o)
 .text.libgcc.mul
                0x00000000        0x0 c:/program files (x86)/atmel/studio/7.0/toolchain/avr8/avr8-gnu-toolchain/bin/../lib/gcc/avr/4.9.2/avr5\libgcc.a(_clear_bss.o)
 .text.libgcc.div
                0x00000000        0x0 c:/program files (x86)/atmel/studio/7.0/toolchain/avr8/avr8-gnu-toolchain/bin/../lib/gcc/avr/4.9.2/avr5\libgcc.a(_clear_bss.o)
 .text.libgcc   0x00000000        0x0 c:/program files (x86)/atmel/studio/7.0/toolchain/avr8/avr8-gnu-toolchain/bin/../lib/gcc/avr/4.9.2/avr5\libgcc.a(_clear_bss.o)
 .text.libgcc.prologue
                0x00000000        0x0 c:/program files (x86)/atmel/studio/7.0/toolchain/avr8/avr8-gnu-toolchain/bin/../lib/gcc/avr/4.9.2/avr5\libgcc.a(_clear_bss.o)
 .text.libgcc.builtins
                0x00000000        0x0 c:/program files (x86)/atmel/studio/7.0/toolchain/avr8/avr8-gnu-toolchain/bin/../lib/gcc/avr/4.9.2/avr5\libgcc.a(_clear_bss.o)
 .text.libgcc.fmul
                0x00000000        0x0 c:/program files (x86)/atmel/studio/7.0/toolchain/avr8/avr8-gnu-toolchain/bin/../lib/gcc/avr/4.9.2/avr5\libgcc.a(_clear_bss.o)
 .text.libgcc.fixed
                0x00000000        0x0 c:/program files (x86)/atmel/studio/7.0/toolchain/avr8/avr8-gnu-toolchain/bin/../lib/gcc/avr/4.9.2/avr5\libgcc.a(_clear_bss.o)
 .text          0x00000000        0x0 c:/program files (x86)/atmel/studio/7.0/toolchain/avr8/avr8-gnu-toolchain/bin/../lib/gcc/avr/4.9.2/avr5\libgcc.a(_muluhisi3.o)
 .data          0x00000000        0x0 c:/program files (x86)/atmel/studio/7.0/toolchain/avr8/avr8-gnu-toolchain/bin/../lib/gcc/avr/4.9.2/avr5\libgcc.a(_muluhisi3.o)
 .bss           0x00000000        0x0 c:/program files (x86)/atmel/studio/7.0/toolchain/avr8/avr8-gnu-toolchain/bin/../lib/gcc/avr/4.9.2/avr5\libgcc.a(_muluhisi3.o)
 .text.libgcc.mul
                0x00000000       0x16 c:/program files (x86)/atmel/studio/7.0/toolchain/avr8/avr8-gnu-toolchain/bin/../lib/gcc/avr/4.9.2/avr5\libgcc.a(_muluhisi3.o)
 .text.libgcc.div
                0x00000000        0x0 c:/program files (x86)/atmel/studio/7.0/toolchain/avr8/avr8-gnu-toolchain/bin/../lib/gcc/avr/4.9.2/avr5\libgcc.a(_muluhisi3.o)
 .text.libgcc   0x00000000        0x0 c:/program files (x86)/atmel/studio/7.0/toolchain/avr8/avr8-gnu-toolchain/bin/../lib/gcc/avr/4.9.2/avr5\libgcc.a(_muluhisi3.o)
 .text.libgcc.prologue
                0x00000000        0x0 c:/program files (x86)/atmel/studio/7.0/toolchain/avr8/avr8-gnu-toolchain/bin/../lib/gcc/avr/4.9.2/avr5\libgcc.a(_muluhisi3.o)
 .text.libgcc.builtins
                0x00000000        0x0 c:/program files (x86)/atmel/studio/7.0/toolchain/avr8/avr8-gnu-toolchain/bin/../lib/gcc/avr/4.9.2/avr5\libgcc.a(_muluhisi3.o)
 .text.libgcc.fmul
                0x00000000        0x0 c:/program files (x86)/atmel/studio/7.0/toolchain/avr8/avr8-gnu-toolchain/bin/../lib/gcc/avr/4.9.2/avr5\libgcc.a(_muluhisi3.o)
 .text.libgcc.fixed
                0x00000000        0x0 c:/program files (x86)/atmel/studio/7.0/toolchain/avr8/avr8-gnu-toolchain/bin/../lib/gcc/avr/4.9.2/avr5\libgcc.a(_muluhisi3.o)
 .text          0x00000000        0x0 c:/program files (x86)/atmel/studio/7.0/toolchain/avr8/avr8-gnu-toolchain/bin/../lib/gcc/avr/4.9.2/avr5\libgcc.a(_umulhisi3.o)
 .data          0x00000000        0x0 c:/program files (x86)/atmel/studio/7.0/toolchain/avr8/avr8-gnu-toolchain/bin/../lib/gcc/avr/4.9.2/avr5\libgcc.a(_umulhisi3.o)
 .bss           0x00000000        0x0 c:/program files (x86)/atmel/studio/7.0/toolchain/avr8/avr8-gnu-toolchain/bin/../lib/gcc/avr/4.9.2/avr5\libgcc.a(_umulhisi3.o)
 .text.libgcc.mul
                0x00000000       0x1e c:/program files (x86)/atmel/studio/7.0/toolchain/avr8/avr8-gnu-toolchain/bin/../lib/gcc/avr/4.9.2/avr5\libgcc.a(_umulhisi3.o)
 .text.libgcc.div
                0x00000000        0x0 c:/program files (x86)/atmel/studio/7.0/toolchain/avr8/avr8-gnu-toolchain/bin/../lib/gcc/avr/4.9.2/avr5\libgcc.a(_umulhisi3.o)
 .text.libgcc   0x00000000        0x0 c:/program files (x86)/atmel/studio/7.0/toolchain/avr8/avr8-gnu-toolchain/bin/../lib/gcc/avr/4.9.2/avr5\libgcc.a(_umulhisi3.o)
 .text.libgcc.prologue
                0x00000000        0x0 c:/program files (x86)/atmel/studio/7.0/toolchain/avr8/avr8-gnu-toolchain/bin/../lib/gcc/avr/4.9.2/avr5\libgcc.a(_umulhisi3.o)
 .text.libgcc.builtins
                0x00000000        0x0 c:/program files (x86)/atmel/studio/7.0/toolchain/avr8/avr8-gnu-toolchain/bin/../lib/gcc/avr/4.9.2/avr5\libgcc.a(_umulhisi3.o)
 .text.libgcc.fmul
                0x00000000        0x0 c:/program files (x86)/atmel/studio/7.0/toolchain/avr8/avr8-gnu-toolchain/bin/../lib/gcc/avr/4.9.2/avr5\libgcc.a(_umulhisi3.o)
 .text.libgcc.fixed
                0x00000000        0x0 c:/program files (x86)/atmel/studio/7.0/toolchain/avr8/avr8-gnu-toolchain/bin/../lib/gcc/avr/4.9.2/avr5\libgcc.a(_umulhisi3.o)

Memory Configuration

Name             Origin             Length             Attributes
text             0x00000000         0x00020000         xr
data             0x00800060         0x0000ffa0         rw !x
eeprom           0x00810000         0x00010000         rw !x
fuse             0x00820000         0x00000400         rw !x
lock             0x00830000         0x00000400         rw !x
signature        0x00840000         0x00000400         rw !x
user_signatures  0x00850000         0x00000400         rw !x
*default*        0x00000000         0xffffffff

Linker script and memory map

LOAD C:/Program Files (x86)/Atmel/Studio/7.0/Packs/atmel/ATmega_DFP/1.0.90/gcc/dev/atmega16/avr5/crtatmega16.o
LOAD common_avr-liberty-master_src/buffer.o
LOAD common_avr-liberty-master_src/rprintf.o
LOAD common_avr-liberty-master_src/timer.o
LOAD common_avr-liberty-master_src/uart.o
LOAD LMMB_main/appl.o
LOAD LMMB_main/button_dep.o
LOAD LMMB_main/led.o
LOAD LMMB_main/main.o
LOAD LMMB_main/measure.o
LOAD LMMB_main/ssd.o
LOAD LM_ADC/adc.o
LOAD LM_button/button.o
START GROUP
LOAD c:/program files (x86)/atmel/studio/7.0/toolchain/avr8/avr8-gnu-toolchain/bin/../lib/gcc/avr/4.9.2/../../../../avr/lib/avr5\libm.a
END GROUP
START GROUP
LOAD c:/program files (x86)/atmel/studio/7.0/toolchain/avr8/avr8-gnu-toolchain/bin/../lib/gcc/avr/4.9.2/avr5\libgcc.a
LOAD c:/program files (x86)/atmel/studio/7.0/toolchain/avr8/avr8-gnu-toolchain/bin/../lib/gcc/avr/4.9.2/../../../../avr/lib/avr5\libm.a
LOAD c:/program files (x86)/atmel/studio/7.0/toolchain/avr8/avr8-gnu-toolchain/bin/../lib/gcc/avr/4.9.2/../../../../avr/lib/avr5\libc.a
LOAD C:/Program Files (x86)/Atmel/Studio/7.0/Packs/atmel/ATmega_DFP/1.0.90/gcc/dev/atmega16/avr5\libatmega16.a
END GROUP

.hash
 *(.hash)

.dynsym
 *(.dynsym)

.dynstr
 *(.dynstr)

.gnu.version
 *(.gnu.version)

.gnu.version_d
 *(.gnu.version_d)

.gnu.version_r
 *(.gnu.version_r)

.rel.init
 *(.rel.init)

.rela.init
 *(.rela.init)

.rel.text
 *(.rel.text)
 *(.rel.text.*)
 *(.rel.gnu.linkonce.t*)

.rela.text
 *(.rela.text)
 *(.rela.text.*)
 *(.rela.gnu.linkonce.t*)

.rel.fini
 *(.rel.fini)

.rela.fini
 *(.rela.fini)

.rel.rodata
 *(.rel.rodata)
 *(.rel.rodata.*)
 *(.rel.gnu.linkonce.r*)

.rela.rodata
 *(.rela.rodata)
 *(.rela.rodata.*)
 *(.rela.gnu.linkonce.r*)

.rel.data
 *(.rel.data)
 *(.rel.data.*)
 *(.rel.gnu.linkonce.d*)

.rela.data
 *(.rela.data)
 *(.rela.data.*)
 *(.rela.gnu.linkonce.d*)

.rel.ctors
 *(.rel.ctors)

.rela.ctors
 *(.rela.ctors)

.rel.dtors
 *(.rel.dtors)

.rela.dtors
 *(.rela.dtors)

.rel.got
 *(.rel.got)

.rela.got
 *(.rela.got)

.rel.bss
 *(.rel.bss)

.rela.bss
 *(.rela.bss)

.rel.plt
 *(.rel.plt)

.rela.plt
 *(.rela.plt)

.text           0x00000000     0x1212
 *(.vectors)
 .vectors       0x00000000       0x54 C:/Program Files (x86)/Atmel/Studio/7.0/Packs/atmel/ATmega_DFP/1.0.90/gcc/dev/atmega16/avr5/crtatmega16.o
                0x00000000                __vector_default
                0x00000000                __vectors
 *(.vectors)
 *(.progmem.gcc*)
 .progmem.gcc_sw_table.AppDisplay
                0x00000054       0x10 LMMB_main/appl.o
                0x00000064                . = ALIGN (0x2)
                0x00000064                __trampolines_start = .
 *(.trampolines)
 .trampolines   0x00000064        0x0 linker stubs
 *(.trampolines*)
                0x00000064                __trampolines_end = .
 *(.progmem*)
 .progmem.data.HexChars
                0x00000064       0x11 common_avr-liberty-master_src/rprintf.o
 .progmem.data.__c.2099
                0x00000075        0x8 LMMB_main/appl.o
 .progmem.data.__c.2095
                0x0000007d        0x9 LMMB_main/appl.o
 .progmem.data.__c.2082
                0x00000086       0x12 LMMB_main/appl.o
 .progmem.data.__c.1857
                0x00000098        0x5 LMMB_main/measure.o
 .progmem.data.__c.1855
                0x0000009d        0x6 LMMB_main/measure.o
 .progmem.data.ssdCharTble
                0x000000a3       0x13 LMMB_main/ssd.o
                0x000000b6                . = ALIGN (0x2)
 *(.jumptables)
 *(.jumptables*)
 *(.lowtext)
 *(.lowtext*)
                0x000000b6                __ctors_start = .
 *(.ctors)
                0x000000b6                __ctors_end = .
                0x000000b6                __dtors_start = .
 *(.dtors)
                0x000000b6                __dtors_end = .
 SORT(*)(.ctors)
 SORT(*)(.dtors)
 *(.init0)
 .init0         0x000000b6        0x0 C:/Program Files (x86)/Atmel/Studio/7.0/Packs/atmel/ATmega_DFP/1.0.90/gcc/dev/atmega16/avr5/crtatmega16.o
                0x000000b6                __init
 *(.init0)
 *(.init1)
 *(.init1)
 *(.init2)
 .init2         0x000000b6        0xc C:/Program Files (x86)/Atmel/Studio/7.0/Packs/atmel/ATmega_DFP/1.0.90/gcc/dev/atmega16/avr5/crtatmega16.o
 *(.init2)
 *(.init3)
 *(.init3)
 *(.init4)
 .init4         0x000000c2       0x10 c:/program files (x86)/atmel/studio/7.0/toolchain/avr8/avr8-gnu-toolchain/bin/../lib/gcc/avr/4.9.2/avr5\libgcc.a(_clear_bss.o)
                0x000000c2                __do_clear_bss
 *(.init4)
 *(.init5)
 *(.init5)
 *(.init6)
 *(.init6)
 *(.init7)
 *(.init7)
 *(.init8)
 *(.init8)
 *(.init9)
 .init9         0x000000d2        0x8 C:/Program Files (x86)/Atmel/Studio/7.0/Packs/atmel/ATmega_DFP/1.0.90/gcc/dev/atmega16/avr5/crtatmega16.o
 *(.init9)
 *(.text)
 .text          0x000000da        0x4 C:/Program Files (x86)/Atmel/Studio/7.0/Packs/atmel/ATmega_DFP/1.0.90/gcc/dev/atmega16/avr5/crtatmega16.o
                0x000000da                __vector_1
                0x000000da                __vector_12
                0x000000da                __bad_interrupt
                0x000000da                __vector_17
                0x000000da                __vector_2
                0x000000da                __vector_15
                0x000000da                __vector_14
                0x000000da                __vector_10
                0x000000da                __vector_16
                0x000000da                __vector_18
                0x000000da                __vector_20
                0x000000de                . = ALIGN (0x2)
 *(.text.*)
 .text.bufferInit
                0x000000de       0x1a common_avr-liberty-master_src/buffer.o
                0x000000de                bufferInit
 .text.bufferGetFromFront
                0x000000f8       0x48 common_avr-liberty-master_src/buffer.o
                0x000000f8                bufferGetFromFront
 .text.bufferAddToEnd
                0x00000140       0x42 common_avr-liberty-master_src/buffer.o
                0x00000140                bufferAddToEnd
 .text.bufferIsNotFull
                0x00000182       0x16 common_avr-liberty-master_src/buffer.o
                0x00000182                bufferIsNotFull
 .text.rprintfInit
                0x00000198        0xa common_avr-liberty-master_src/rprintf.o
                0x00000198                rprintfInit
 .text.rprintfChar
                0x000001a2       0x22 common_avr-liberty-master_src/rprintf.o
                0x000001a2                rprintfChar
 .text.rprintfu04
                0x000001c4       0x10 common_avr-liberty-master_src/rprintf.o
                0x000001c4                rprintfu04
 .text.rprintf1RamRom
                0x000001d4      0x140 common_avr-liberty-master_src/rprintf.o
                0x000001d4                rprintf1RamRom
 .text.timer0SetPrescaler
                0x00000314        0xa common_avr-liberty-master_src/timer.o
                0x00000314                timer0SetPrescaler
 .text.timer0Init
                0x0000031e       0x26 common_avr-liberty-master_src/timer.o
                0x0000031e                timer0Init
 .text.timer1SetPrescaler
                0x00000344        0xa common_avr-liberty-master_src/timer.o
                0x00000344                timer1SetPrescaler
 .text.timer1Init
                0x0000034e       0x12 common_avr-liberty-master_src/timer.o
                0x0000034e                timer1Init
 .text.timer2SetPrescaler
                0x00000360        0xa common_avr-liberty-master_src/timer.o
                0x00000360                timer2SetPrescaler
 .text.timer2Init
                0x0000036a       0x26 common_avr-liberty-master_src/timer.o
                0x0000036a                timer2Init
 .text.timerAttach
                0x00000390       0x16 common_avr-liberty-master_src/timer.o
                0x00000390                timerAttach
 .text.timerDetach
                0x000003a6       0x16 common_avr-liberty-master_src/timer.o
                0x000003a6                timerDetach
 .text.timerInit
                0x000003bc       0x22 common_avr-liberty-master_src/timer.o
                0x000003bc                timerInit
 .text.timer1PWMInit
                0x000003de       0x30 common_avr-liberty-master_src/timer.o
                0x000003de                timer1PWMInit
 .text.timer1PWMAOn
                0x0000040e        0xe common_avr-liberty-master_src/timer.o
                0x0000040e                timer1PWMAOn
 .text.timer1PWMBOn
                0x0000041c        0xe common_avr-liberty-master_src/timer.o
                0x0000041c                timer1PWMBOn
 .text.timer1PWMASet
                0x0000042a        0x6 common_avr-liberty-master_src/timer.o
                0x0000042a                timer1PWMASet
 .text.timer1PWMBSet
                0x00000430        0x6 common_avr-liberty-master_src/timer.o
                0x00000430                timer1PWMBSet
 .text.__vector_9
                0x00000436       0xa6 common_avr-liberty-master_src/timer.o
                0x00000436                __vector_9
 .text.__vector_8
                0x000004dc       0x5a common_avr-liberty-master_src/timer.o
                0x000004dc                __vector_8
 .text.__vector_4
                0x00000536       0x80 common_avr-liberty-master_src/timer.o
                0x00000536                __vector_4
 .text.__vector_19
                0x000005b6       0x5a common_avr-liberty-master_src/timer.o
                0x000005b6                __vector_19
 .text.__vector_6
                0x00000610       0x5a common_avr-liberty-master_src/timer.o
                0x00000610                __vector_6
 .text.__vector_7
                0x0000066a       0x5a common_avr-liberty-master_src/timer.o
                0x0000066a                __vector_7
 .text.__vector_5
                0x000006c4       0x5a common_avr-liberty-master_src/timer.o
                0x000006c4                __vector_5
 .text.__vector_3
                0x0000071e       0x5a common_avr-liberty-master_src/timer.o
                0x0000071e                __vector_3
 .text.uartInitBuffers
                0x00000778       0x20 common_avr-liberty-master_src/uart.o
                0x00000778                uartInitBuffers
 .text.uartInit
                0x00000798       0x2c common_avr-liberty-master_src/uart.o
                0x00000798                uartInit
 .text.uartSetBaudRate
                0x000007c4       0x48 common_avr-liberty-master_src/uart.o
                0x000007c4                uartSetBaudRate
 .text.uartSendByte
                0x0000080c       0x10 common_avr-liberty-master_src/uart.o
                0x0000080c                uartSendByte
 .text.__vector_13
                0x0000081c       0x6e common_avr-liberty-master_src/uart.o
                0x0000081c                __vector_13
 .text.__vector_11
                0x0000088a       0x7e common_avr-liberty-master_src/uart.o
                0x0000088a                __vector_11
 .text.AppOutputCompare0
                0x00000908       0x12 LMMB_main/appl.o
 .text.AppDisplay
                0x0000091a       0x74 LMMB_main/appl.o
 .text.McuInit  0x0000098e       0x32 LMMB_main/appl.o
                0x0000098e                McuInit
 .text.ApplInit
                0x000009c0       0x4a LMMB_main/appl.o
                0x000009c0                ApplInit
 .text.AppCycleUpdate
                0x00000a0a      0x2a6 LMMB_main/appl.o
                0x00000a0a                AppCycleUpdate
 .text.AppWaitZeroCrossing
                0x00000cb0       0x14 LMMB_main/appl.o
                0x00000cb0                AppWaitZeroCrossing
 .text.ButtonInitEx
                0x00000cc4        0x8 LMMB_main/button_dep.o
                0x00000cc4                ButtonInitEx
 .text.ButtonGetIO_StateEx
                0x00000ccc        0x8 LMMB_main/button_dep.o
                0x00000ccc                ButtonGetIO_StateEx
 .text.ButtonJMP1ReleasedEvent
                0x00000cd4        0x8 LMMB_main/button_dep.o
                0x00000cd4                ButtonJMP1ReleasedEvent
 .text.ButtonJMP1HeldEvent
                0x00000cdc        0x8 LMMB_main/button_dep.o
                0x00000cdc                ButtonJMP1HeldEvent
 .text.ButtonJMP2ReleasedEvent
                0x00000ce4        0xa LMMB_main/button_dep.o
                0x00000ce4                ButtonJMP2ReleasedEvent
 .text.ButtonJMP2HeldEvent
                0x00000cee        0xa LMMB_main/button_dep.o
                0x00000cee                ButtonJMP2HeldEvent
 .text.LEDInit  0x00000cf8       0x36 LMMB_main/led.o
                0x00000cf8                LEDInit
 .text.LEDCycleUpdate
                0x00000d2e       0x7a LMMB_main/led.o
                0x00000d2e                LEDCycleUpdate
 .text.startup.main
                0x00000da8       0x22 LMMB_main/main.o
                0x00000da8                main
 .text.MeasureOutputCompare2
                0x00000dca       0x30 LMMB_main/measure.o
 .text.MeasureInit
                0x00000dfa       0x30 LMMB_main/measure.o
                0x00000dfa                MeasureInit
 .text.MeasureCycleUpdate
                0x00000e2a       0x98 LMMB_main/measure.o
                0x00000e2a                MeasureCycleUpdate
 .text.MeasureGetResult
                0x00000ec2        0x8 LMMB_main/measure.o
                0x00000ec2                MeasureGetResult
 .text.SSDCycleUpdate
                0x00000eca       0x8e LMMB_main/ssd.o
                0x00000eca                SSDCycleUpdate
 .text.SSDDisplayDec
                0x00000f58       0xc8 LMMB_main/ssd.o
                0x00000f58                SSDDisplayDec
 .text.SSDDisplayHex
                0x00001020       0x78 LMMB_main/ssd.o
                0x00001020                SSDDisplayHex
 .text.SSDInit  0x00001098       0x1e LMMB_main/ssd.o
                0x00001098                SSDInit
 .text.ADCInit  0x000010b6        0xa LM_ADC/adc.o
                0x000010b6                ADCInit
 .text.ReadADC10Bit
                0x000010c0       0x20 LM_ADC/adc.o
                0x000010c0                ReadADC10Bit
 .text.ReadADC8Bit
                0x000010e0        0xe LM_ADC/adc.o
                0x000010e0                ReadADC8Bit
 .text.ButtonInit
                0x000010ee        0x4 LM_button/button.o
                0x000010ee                ButtonInit
 .text.ButtonCycleUpdate
                0x000010f2       0x8e LM_button/button.o
                0x000010f2                ButtonCycleUpdate
 .text.ButtonGetHoldTime
                0x00001180        0xa LM_button/button.o
                0x00001180                ButtonGetHoldTime
 .text.ButtonGetReleased
                0x0000118a        0x6 LM_button/button.o
                0x0000118a                ButtonGetReleased
 .text.ButtonGetHeld
                0x00001190        0x6 LM_button/button.o
                0x00001190                ButtonGetHeld
 .text.libgcc.div
                0x00001196       0x28 c:/program files (x86)/atmel/studio/7.0/toolchain/avr8/avr8-gnu-toolchain/bin/../lib/gcc/avr/4.9.2/avr5\libgcc.a(_udivmodhi4.o)
                0x00001196                __udivmodhi4
 .text.libgcc.div
                0x000011be       0x44 c:/program files (x86)/atmel/studio/7.0/toolchain/avr8/avr8-gnu-toolchain/bin/../lib/gcc/avr/4.9.2/avr5\libgcc.a(_udivmodsi4.o)
                0x000011be                __udivmodsi4
 .text.libgcc   0x00001202        0xc c:/program files (x86)/atmel/studio/7.0/toolchain/avr8/avr8-gnu-toolchain/bin/../lib/gcc/avr/4.9.2/avr5\libgcc.a(_tablejump2.o)
                0x00001202                __tablejump2__
                0x0000120e                . = ALIGN (0x2)
 *(.fini9)
 .fini9         0x0000120e        0x0 c:/program files (x86)/atmel/studio/7.0/toolchain/avr8/avr8-gnu-toolchain/bin/../lib/gcc/avr/4.9.2/avr5\libgcc.a(_exit.o)
                0x0000120e                _exit
                0x0000120e                exit
 *(.fini9)
 *(.fini8)
 *(.fini8)
 *(.fini7)
 *(.fini7)
 *(.fini6)
 *(.fini6)
 *(.fini5)
 *(.fini5)
 *(.fini4)
 *(.fini4)
 *(.fini3)
 *(.fini3)
 *(.fini2)
 *(.fini2)
 *(.fini1)
 *(.fini1)
 *(.fini0)
 .fini0         0x0000120e        0x4 c:/program files (x86)/atmel/studio/7.0/toolchain/avr8/avr8-gnu-toolchain/bin/../lib/gcc/avr/4.9.2/avr5\libgcc.a(_exit.o)
 *(.fini0)
                0x00001212                _etext = .

.data           0x00800060        0x0 load address 0x00001212
                0x00800060                PROVIDE (__data_start, .)
 *(.data)
 *(.data*)
 *(.rodata)
 *(.rodata*)
 *(.gnu.linkonce.d*)
                0x00800060                . = ALIGN (0x2)
                0x00800060                _edata = .
                0x00800060                PROVIDE (__data_end, .)

.bss            0x00800060      0x206
                0x00800060                PROVIDE (__bss_start, .)
 *(.bss)
 *(.bss*)
 .bss.rputchar  0x00800060        0x2 common_avr-liberty-master_src/rprintf.o
 .bss.TimerIntFunc
                0x00800062       0x10 common_avr-liberty-master_src/timer.o
 .bss.UartRxFunc
                0x00800072        0x2 common_avr-liberty-master_src/uart.o
 .bss.uartTxData
                0x00800074       0x40 common_avr-liberty-master_src/uart.o
 .bss.uartRxData
                0x008000b4       0x40 common_avr-liberty-master_src/uart.o
 .bss.cnt.2091  0x008000f4        0x2 LMMB_main/appl.o
 .bss.Adc0DataArray
                0x008000f6       0xff LMMB_main/measure.o
 *(COMMON)
 COMMON         0x008001f5        0xc common_avr-liberty-master_src/timer.o
                0x008001f5                Timer0Reg0
                0x008001f9                TimerPauseReg
                0x008001fd                Timer2Reg0
 COMMON         0x00800201       0x14 common_avr-liberty-master_src/uart.o
                0x00800201                uartReadyTx
                0x00800202                uartRxBuffer
                0x0080020a                uartBufferedTx
                0x0080020b                uartTxBuffer
                0x00800213                uartRxOverflow
 COMMON         0x00800215       0x2d LMMB_main/appl.o
                0x00800215                appl
                0x0080022d                greeting
                0x00800241                testChar
 COMMON         0x00800242        0x4 LMMB_main/led.o
                0x00800242                LEDs
 COMMON         0x00800246       0x12 LMMB_main/measure.o
                0x00800246                mData
                0x00800250                Adc0Buffer
 COMMON         0x00800258        0x6 LMMB_main/ssd.o
                0x00800258                SSD
 COMMON         0x0080025e        0x8 LM_button/button.o
                0x0080025e                button
                0x00800266                PROVIDE (__bss_end, .)
                0x00001212                __data_load_start = LOADADDR (.data)
                0x00001212                __data_load_end = (__data_load_start + SIZEOF (.data))

.noinit         0x00800266        0x0
                0x00800266                PROVIDE (__noinit_start, .)
 *(.noinit*)
                0x00800266                PROVIDE (__noinit_end, .)
                0x00800266                _end = .
                0x00800266                PROVIDE (__heap_start, .)

.eeprom         0x00810000        0x0
 *(.eeprom*)
                0x00810000                __eeprom_end = .

.fuse
 *(.fuse)
 *(.lfuse)
 *(.hfuse)
 *(.efuse)

.lock
 *(.lock*)

.signature
 *(.signature*)

.user_signatures
 *(.user_signatures*)

.stab
 *(.stab)

.stabstr
 *(.stabstr)

.stab.excl
 *(.stab.excl)

.stab.exclstr
 *(.stab.exclstr)

.stab.index
 *(.stab.index)

.stab.indexstr
 *(.stab.indexstr)

.comment        0x00000000       0x30
 *(.comment)
 .comment       0x00000000       0x30 common_avr-liberty-master_src/buffer.o
                                 0x31 (size before relaxing)
 .comment       0x00000030       0x31 common_avr-liberty-master_src/rprintf.o
 .comment       0x00000030       0x31 common_avr-liberty-master_src/timer.o
 .comment       0x00000030       0x31 common_avr-liberty-master_src/uart.o
 .comment       0x00000030       0x31 LMMB_main/appl.o
 .comment       0x00000030       0x31 LMMB_main/button_dep.o
 .comment       0x00000030       0x31 LMMB_main/led.o
 .comment       0x00000030       0x31 LMMB_main/main.o
 .comment       0x00000030       0x31 LMMB_main/measure.o
 .comment       0x00000030       0x31 LMMB_main/ssd.o
 .comment       0x00000030       0x31 LM_ADC/adc.o
 .comment       0x00000030       0x31 LM_button/button.o

.note.gnu.avr.deviceinfo
                0x00000000       0x3c
 .note.gnu.avr.deviceinfo
                0x00000000       0x3c C:/Program Files (x86)/Atmel/Studio/7.0/Packs/atmel/ATmega_DFP/1.0.90/gcc/dev/atmega16/avr5/crtatmega16.o

.note.gnu.build-id
 *(.note.gnu.build-id)

.debug
 *(.debug)

.line
 *(.line)

.debug_srcinfo
 *(.debug_srcinfo)

.debug_sfnames
 *(.debug_sfnames)

.debug_aranges  0x00000000      0x4b8
 *(.debug_aranges)
 .debug_aranges
                0x00000000       0x50 common_avr-liberty-master_src/buffer.o
 .debug_aranges
                0x00000050       0x78 common_avr-liberty-master_src/rprintf.o
 .debug_aranges
                0x000000c8      0x130 common_avr-liberty-master_src/timer.o
 .debug_aranges
                0x000001f8       0x90 common_avr-liberty-master_src/uart.o
 .debug_aranges
                0x00000288       0x58 LMMB_main/appl.o
 .debug_aranges
                0x000002e0       0x48 LMMB_main/button_dep.o
 .debug_aranges
                0x00000328       0x88 LMMB_main/led.o
 .debug_aranges
                0x000003b0       0x20 LMMB_main/main.o
 .debug_aranges
                0x000003d0       0x38 LMMB_main/measure.o
 .debug_aranges
                0x00000408       0x38 LMMB_main/ssd.o
 .debug_aranges
                0x00000440       0x30 LM_ADC/adc.o
 .debug_aranges
                0x00000470       0x48 LM_button/button.o

.debug_pubnames
 *(.debug_pubnames)

.debug_info     0x00000000     0x37b5
 *(.debug_info .gnu.linkonce.wi.*)
 .debug_info    0x00000000      0x2ed common_avr-liberty-master_src/buffer.o
 .debug_info    0x000002ed      0x624 common_avr-liberty-master_src/rprintf.o
 .debug_info    0x00000911      0x728 common_avr-liberty-master_src/timer.o
 .debug_info    0x00001039      0x5a7 common_avr-liberty-master_src/uart.o
 .debug_info    0x000015e0      0x98e LMMB_main/appl.o
 .debug_info    0x00001f6e      0x22b LMMB_main/button_dep.o
 .debug_info    0x00002199      0x497 LMMB_main/led.o
 .debug_info    0x00002630      0x135 LMMB_main/main.o
 .debug_info    0x00002765      0x596 LMMB_main/measure.o
 .debug_info    0x00002cfb      0x707 LMMB_main/ssd.o
 .debug_info    0x00003402      0x125 LM_ADC/adc.o
 .debug_info    0x00003527      0x28e LM_button/button.o

.debug_abbrev   0x00000000     0x1453
 *(.debug_abbrev)
 .debug_abbrev  0x00000000       0xea common_avr-liberty-master_src/buffer.o
 .debug_abbrev  0x000000ea      0x1dd common_avr-liberty-master_src/rprintf.o
 .debug_abbrev  0x000002c7      0x238 common_avr-liberty-master_src/timer.o
 .debug_abbrev  0x000004ff      0x2c2 common_avr-liberty-master_src/uart.o
 .debug_abbrev  0x000007c1      0x2c1 LMMB_main/appl.o
 .debug_abbrev  0x00000a82      0x111 LMMB_main/button_dep.o
 .debug_abbrev  0x00000b93      0x1c8 LMMB_main/led.o
 .debug_abbrev  0x00000d5b       0x64 LMMB_main/main.o
 .debug_abbrev  0x00000dbf      0x21c LMMB_main/measure.o
 .debug_abbrev  0x00000fdb      0x24a LMMB_main/ssd.o
 .debug_abbrev  0x00001225       0xcb LM_ADC/adc.o
 .debug_abbrev  0x000012f0      0x163 LM_button/button.o

.debug_line     0x00000000     0x13fe
 *(.debug_line .debug_line.* .debug_line_end)
 .debug_line    0x00000000      0x153 common_avr-liberty-master_src/buffer.o
 .debug_line    0x00000153      0x28a common_avr-liberty-master_src/rprintf.o
 .debug_line    0x000003dd      0x36b common_avr-liberty-master_src/timer.o
 .debug_line    0x00000748      0x1ef common_avr-liberty-master_src/uart.o
 .debug_line    0x00000937      0x271 LMMB_main/appl.o
 .debug_line    0x00000ba8      0x12b LMMB_main/button_dep.o
 .debug_line    0x00000cd3      0x1d0 LMMB_main/led.o
 .debug_line    0x00000ea3       0xa7 LMMB_main/main.o
 .debug_line    0x00000f4a      0x175 LMMB_main/measure.o
 .debug_line    0x000010bf      0x131 LMMB_main/ssd.o
 .debug_line    0x000011f0       0xd0 LM_ADC/adc.o
 .debug_line    0x000012c0      0x13e LM_button/button.o

.debug_frame    0x00000000      0xcf0
 *(.debug_frame)
 .debug_frame   0x00000000       0x84 common_avr-liberty-master_src/buffer.o
 .debug_frame   0x00000084      0x1e8 common_avr-liberty-master_src/rprintf.o
 .debug_frame   0x0000026c      0x4b4 common_avr-liberty-master_src/timer.o
 .debug_frame   0x00000720      0x1bc common_avr-liberty-master_src/uart.o
 .debug_frame   0x000008dc       0xd8 LMMB_main/appl.o
 .debug_frame   0x000009b4       0x74 LMMB_main/button_dep.o
 .debug_frame   0x00000a28       0xf4 LMMB_main/led.o
 .debug_frame   0x00000b1c       0x24 LMMB_main/main.o
 .debug_frame   0x00000b40       0x84 LMMB_main/measure.o
 .debug_frame   0x00000bc4       0x74 LMMB_main/ssd.o
 .debug_frame   0x00000c38       0x44 LM_ADC/adc.o
 .debug_frame   0x00000c7c       0x74 LM_button/button.o

.debug_str      0x00000000     0x1241
 *(.debug_str)
 .debug_str     0x00000000      0x227 common_avr-liberty-master_src/buffer.o
                                0x273 (size before relaxing)
 .debug_str     0x00000227      0x17e common_avr-liberty-master_src/rprintf.o
                                0x308 (size before relaxing)
 .debug_str     0x000003a5      0x307 common_avr-liberty-master_src/timer.o
                                0x49c (size before relaxing)
 .debug_str     0x000006ac      0x1b1 common_avr-liberty-master_src/uart.o
                                0x396 (size before relaxing)
 .debug_str     0x0000085d      0x4b0 LMMB_main/appl.o
                                0x713 (size before relaxing)
 .debug_str     0x00000d0d       0xfd LMMB_main/button_dep.o
                                0x2d5 (size before relaxing)
 .debug_str     0x00000e0a      0x16c LMMB_main/led.o
                                0x2f9 (size before relaxing)
 .debug_str     0x00000f76       0x4d LMMB_main/main.o
                                0x202 (size before relaxing)
 .debug_str     0x00000fc3       0xdf LMMB_main/measure.o
                                0x33f (size before relaxing)
 .debug_str     0x000010a2      0x11d LMMB_main/ssd.o
                                0x365 (size before relaxing)
 .debug_str     0x000011bf       0x37 LM_ADC/adc.o
                                0x1aa (size before relaxing)
 .debug_str     0x000011f6       0x4b LM_button/button.o
                                0x2ee (size before relaxing)

.debug_loc      0x00000000     0x23b0
 *(.debug_loc)
 .debug_loc     0x00000000      0x200 common_avr-liberty-master_src/buffer.o
 .debug_loc     0x00000200      0xb32 common_avr-liberty-master_src/rprintf.o
 .debug_loc     0x00000d32      0x8cf common_avr-liberty-master_src/timer.o
 .debug_loc     0x00001601      0x343 common_avr-liberty-master_src/uart.o
 .debug_loc     0x00001944      0x252 LMMB_main/appl.o
 .debug_loc     0x00001b96       0x32 LMMB_main/button_dep.o
 .debug_loc     0x00001bc8      0x100 LMMB_main/led.o
 .debug_loc     0x00001cc8      0x1b1 LMMB_main/measure.o
 .debug_loc     0x00001e79      0x469 LMMB_main/ssd.o
 .debug_loc     0x000022e2       0x5a LM_ADC/adc.o
 .debug_loc     0x0000233c       0x74 LM_button/button.o

.debug_macinfo
 *(.debug_macinfo)

.debug_weaknames
 *(.debug_weaknames)

.debug_funcnames
 *(.debug_funcnames)

.debug_typenames
 *(.debug_typenames)

.debug_varnames
 *(.debug_varnames)

.debug_pubtypes
 *(.debug_pubtypes)

.debug_ranges   0x00000000      0x3f8
 *(.debug_ranges)
 .debug_ranges  0x00000000       0x40 common_avr-liberty-master_src/buffer.o
 .debug_ranges  0x00000040       0x68 common_avr-liberty-master_src/rprintf.o
 .debug_ranges  0x000000a8      0x120 common_avr-liberty-master_src/timer.o
 .debug_ranges  0x000001c8       0x80 common_avr-liberty-master_src/uart.o
 .debug_ranges  0x00000248       0x48 LMMB_main/appl.o
 .debug_ranges  0x00000290       0x38 LMMB_main/button_dep.o
 .debug_ranges  0x000002c8       0x78 LMMB_main/led.o
 .debug_ranges  0x00000340       0x10 LMMB_main/main.o
 .debug_ranges  0x00000350       0x28 LMMB_main/measure.o
 .debug_ranges  0x00000378       0x28 LMMB_main/ssd.o
 .debug_ranges  0x000003a0       0x20 LM_ADC/adc.o
 .debug_ranges  0x000003c0       0x38 LM_button/button.o

.debug_macro
 *(.debug_macro)
OUTPUT(LevelMeterMainboard.elf elf32-avr)
LOAD linker stubs
