Archive member included to satisfy reference by file (symbol)

c:/program files (x86)/atmel/studio/7.0/toolchain/avr8/avr8-gnu-toolchain/bin/../lib/gcc/avr/4.9.2/avr5\libgcc.a(_mulsi3.o)
                              common_avr-liberty-master_src/timer.o (__mulsi3)
c:/program files (x86)/atmel/studio/7.0/toolchain/avr8/avr8-gnu-toolchain/bin/../lib/gcc/avr/4.9.2/avr5\libgcc.a(_udivmodhi4.o)
                              common_avr-liberty-master_src/buffer.o (__udivmodhi4)
c:/program files (x86)/atmel/studio/7.0/toolchain/avr8/avr8-gnu-toolchain/bin/../lib/gcc/avr/4.9.2/avr5\libgcc.a(_udivmodsi4.o)
                              common_avr-liberty-master_src/rprintf.o (__udivmodsi4)
c:/program files (x86)/atmel/studio/7.0/toolchain/avr8/avr8-gnu-toolchain/bin/../lib/gcc/avr/4.9.2/avr5\libgcc.a(_divmodsi4.o)
                              common_avr-liberty-master_src/timer.o (__divmodsi4)
c:/program files (x86)/atmel/studio/7.0/toolchain/avr8/avr8-gnu-toolchain/bin/../lib/gcc/avr/4.9.2/avr5\libgcc.a(_negsi2.o)
                              c:/program files (x86)/atmel/studio/7.0/toolchain/avr8/avr8-gnu-toolchain/bin/../lib/gcc/avr/4.9.2/avr5\libgcc.a(_divmodsi4.o) (__negsi2)
c:/program files (x86)/atmel/studio/7.0/toolchain/avr8/avr8-gnu-toolchain/bin/../lib/gcc/avr/4.9.2/avr5\libgcc.a(_exit.o)
                              C:/Program Files (x86)/Atmel/Studio/7.0/Packs/atmel/ATmega_DFP/1.0.90/gcc/dev/atmega16/avr5/crtatmega16.o (exit)
c:/program files (x86)/atmel/studio/7.0/toolchain/avr8/avr8-gnu-toolchain/bin/../lib/gcc/avr/4.9.2/avr5\libgcc.a(_tablejump2.o)
                              LMMB_main/appl.o (__tablejump2__)
c:/program files (x86)/atmel/studio/7.0/toolchain/avr8/avr8-gnu-toolchain/bin/../lib/gcc/avr/4.9.2/avr5\libgcc.a(_clear_bss.o)
                              common_avr-liberty-master_src/rprintf.o (__do_clear_bss)
c:/program files (x86)/atmel/studio/7.0/toolchain/avr8/avr8-gnu-toolchain/bin/../lib/gcc/avr/4.9.2/avr5\libgcc.a(_muluhisi3.o)
                              c:/program files (x86)/atmel/studio/7.0/toolchain/avr8/avr8-gnu-toolchain/bin/../lib/gcc/avr/4.9.2/avr5\libgcc.a(_mulsi3.o) (__muluhisi3)
c:/program files (x86)/atmel/studio/7.0/toolchain/avr8/avr8-gnu-toolchain/bin/../lib/gcc/avr/4.9.2/avr5\libgcc.a(_umulhisi3.o)
                              c:/program files (x86)/atmel/studio/7.0/toolchain/avr8/avr8-gnu-toolchain/bin/../lib/gcc/avr/4.9.2/avr5\libgcc.a(_muluhisi3.o) (__umulhisi3)

Allocating common symbols
Common symbol       size              file

uartReadyTx         0x1               common_avr-liberty-master_src/uart.o
appl                0x1e              LMMB_main/appl.o
greeting            0x14              LMMB_main/appl.o
mData               0x10              LMMB_main/measure.o
Timer0Reg0          0x4               common_avr-liberty-master_src/timer.o
uartRxBuffer        0x8               common_avr-liberty-master_src/uart.o
TimerPauseReg       0x4               common_avr-liberty-master_src/timer.o
button              0x8               LM_button/button.o
Timer2Reg0          0x4               common_avr-liberty-master_src/timer.o
LEDs                0x4               LMMB_main/led.o
uartBufferedTx      0x1               common_avr-liberty-master_src/uart.o
Adc1Buffer          0x8               LMMB_main/measure.o
Adc0Buffer          0x8               LMMB_main/measure.o
testChar            0x1               LMMB_main/appl.o
Adc0MaxBuffer       0x8               LMMB_main/measure.o
uartTxBuffer        0x8               common_avr-liberty-master_src/uart.o
uartRxOverflow      0x2               common_avr-liberty-master_src/uart.o
SSD                 0x6               LMMB_main/ssd.o
value               0x2               LMMB_main/measure.o

Discarded input sections

 .data          0x00000000        0x0 C:/Program Files (x86)/Atmel/Studio/7.0/Packs/atmel/ATmega_DFP/1.0.90/gcc/dev/atmega16/avr5/crtatmega16.o
 .bss           0x00000000        0x0 C:/Program Files (x86)/Atmel/Studio/7.0/Packs/atmel/ATmega_DFP/1.0.90/gcc/dev/atmega16/avr5/crtatmega16.o
 .text          0x00000000        0x0 common_avr-liberty-master_src/buffer.o
 .data          0x00000000        0x0 common_avr-liberty-master_src/buffer.o
 .bss           0x00000000        0x0 common_avr-liberty-master_src/buffer.o
 .text.bufferDumpFromFront
                0x00000000       0x40 common_avr-liberty-master_src/buffer.o
 .text.bufferGetAtIndex
                0x00000000       0x26 common_avr-liberty-master_src/buffer.o
 .text.bufferFlush
                0x00000000        0xe common_avr-liberty-master_src/buffer.o
 .text          0x00000000        0x0 common_avr-liberty-master_src/rprintf.o
 .data          0x00000000        0x0 common_avr-liberty-master_src/rprintf.o
 .bss           0x00000000        0x0 common_avr-liberty-master_src/rprintf.o
 .text.rprintfStr
                0x00000000       0x1c common_avr-liberty-master_src/rprintf.o
 .text.rprintfStrLen
                0x00000000       0x5c common_avr-liberty-master_src/rprintf.o
 .text.rprintfProgStr
                0x00000000       0x22 common_avr-liberty-master_src/rprintf.o
 .text.rprintfCRLF
                0x00000000        0x6 common_avr-liberty-master_src/rprintf.o
 .text.rprintfu08
                0x00000000       0x14 common_avr-liberty-master_src/rprintf.o
 .text.rprintfu16
                0x00000000       0x12 common_avr-liberty-master_src/rprintf.o
 .text.rprintfu32
                0x00000000       0x20 common_avr-liberty-master_src/rprintf.o
 .text.rprintfNum
                0x00000000      0x140 common_avr-liberty-master_src/rprintf.o
 .text          0x00000000        0x0 common_avr-liberty-master_src/timer.o
 .data          0x00000000        0x0 common_avr-liberty-master_src/timer.o
 .bss           0x00000000        0x0 common_avr-liberty-master_src/timer.o
 .text.delay_us
                0x00000000        0x2 common_avr-liberty-master_src/timer.o
 .text.timer0GetPrescaler
                0x00000000       0x14 common_avr-liberty-master_src/timer.o
 .text.timer1GetPrescaler
                0x00000000       0x14 common_avr-liberty-master_src/timer.o
 .text.timer2GetPrescaler
                0x00000000       0x14 common_avr-liberty-master_src/timer.o
 .text.timerPause
                0x00000000       0xf6 common_avr-liberty-master_src/timer.o
 .text.timer0ClearOverflowCount
                0x00000000       0x12 common_avr-liberty-master_src/timer.o
 .text.timer0GetOverflowCount
                0x00000000       0x12 common_avr-liberty-master_src/timer.o
 .text.timer2ClearOverflowCount
                0x00000000       0x12 common_avr-liberty-master_src/timer.o
 .text.timer2GetOverflowCount
                0x00000000       0x12 common_avr-liberty-master_src/timer.o
 .text.timer1PWMInitICR
                0x00000000       0x28 common_avr-liberty-master_src/timer.o
 .text.timer1PWMAOff
                0x00000000        0xe common_avr-liberty-master_src/timer.o
 .text.timer1PWMBOff
                0x00000000        0xe common_avr-liberty-master_src/timer.o
 .text.timer1PWMOff
                0x00000000       0x14 common_avr-liberty-master_src/timer.o
 .progmem.data.TimerRTCPrescaleFactor
                0x00000000       0x10 common_avr-liberty-master_src/timer.o
 .progmem.data.TimerPrescaleFactor
                0x00000000        0xc common_avr-liberty-master_src/timer.o
 .text          0x00000000        0x0 common_avr-liberty-master_src/uart.o
 .data          0x00000000        0x0 common_avr-liberty-master_src/uart.o
 .bss           0x00000000        0x0 common_avr-liberty-master_src/uart.o
 .text.uartSetRxHandler
                0x00000000        0xa common_avr-liberty-master_src/uart.o
 .text.uartGetRxBuffer
                0x00000000        0x6 common_avr-liberty-master_src/uart.o
 .text.uartGetTxBuffer
                0x00000000        0x6 common_avr-liberty-master_src/uart.o
 .text.uartReceiveByte
                0x00000000       0x34 common_avr-liberty-master_src/uart.o
 .text.uartGetByte
                0x00000000       0x28 common_avr-liberty-master_src/uart.o
 .text.uartFlushReceiveBuffer
                0x00000000        0xa common_avr-liberty-master_src/uart.o
 .text.uartReceiveBufferIsEmpty
                0x00000000       0x14 common_avr-liberty-master_src/uart.o
 .text.uartAddToTxBuffer
                0x00000000        0xa common_avr-liberty-master_src/uart.o
 .text.uartSendTxBuffer
                0x00000000       0x12 common_avr-liberty-master_src/uart.o
 .text          0x00000000        0x0 LMMB_main/appl.o
 .data          0x00000000        0x0 LMMB_main/appl.o
 .bss           0x00000000        0x0 LMMB_main/appl.o
 .text          0x00000000        0x0 LMMB_main/button_dep.o
 .data          0x00000000        0x0 LMMB_main/button_dep.o
 .bss           0x00000000        0x0 LMMB_main/button_dep.o
 .text          0x00000000        0x0 LMMB_main/led.o
 .data          0x00000000        0x0 LMMB_main/led.o
 .bss           0x00000000        0x0 LMMB_main/led.o
 .text.LEDFlag1Set
                0x00000000       0x10 LMMB_main/led.o
 .text.LEDFlag1On
                0x00000000        0xc LMMB_main/led.o
 .text.LEDFlag1Flash1Hz
                0x00000000        0xe LMMB_main/led.o
 .text.LEDFlag1Flash2Hz
                0x00000000        0xe LMMB_main/led.o
 .text.LEDFlag1Flash3Hz
                0x00000000        0xe LMMB_main/led.o
 .text.LEDFlag1Off
                0x00000000        0xe LMMB_main/led.o
 .text.LEDFlag2Set
                0x00000000       0x10 LMMB_main/led.o
 .text.LEDFlag2On
                0x00000000        0xc LMMB_main/led.o
 .text.LEDFlag2Flash1Hz
                0x00000000        0xe LMMB_main/led.o
 .text.LEDFlag2Flash2Hz
                0x00000000        0xe LMMB_main/led.o
 .text.LEDFlag2Flash3Hz
                0x00000000        0xe LMMB_main/led.o
 .text.LEDFlag2Off
                0x00000000        0xe LMMB_main/led.o
 .text          0x00000000        0x0 LMMB_main/main.o
 .data          0x00000000        0x0 LMMB_main/main.o
 .bss           0x00000000        0x0 LMMB_main/main.o
 .text          0x00000000        0x0 LMMB_main/measure.o
 .data          0x00000000        0x0 LMMB_main/measure.o
 .bss           0x00000000        0x0 LMMB_main/measure.o
 .text.MeasureGetResult1
                0x00000000        0xa LMMB_main/measure.o
 .text          0x00000000        0x0 LMMB_main/ssd.o
 .data          0x00000000        0x0 LMMB_main/ssd.o
 .bss           0x00000000        0x0 LMMB_main/ssd.o
 .text          0x00000000        0x0 LM_ADC/adc.o
 .data          0x00000000        0x0 LM_ADC/adc.o
 .bss           0x00000000        0x0 LM_ADC/adc.o
 .text.ReadADC8Bit
                0x00000000        0xe LM_ADC/adc.o
 .text          0x00000000        0x0 LM_button/button.o
 .data          0x00000000        0x0 LM_button/button.o
 .bss           0x00000000        0x0 LM_button/button.o
 .text.ButtonGetTwiceTap
                0x00000000        0x6 LM_button/button.o
 .text          0x00000000        0x0 LM_common/buffer_ex.o
 .data          0x00000000        0x0 LM_common/buffer_ex.o
 .bss           0x00000000        0x0 LM_common/buffer_ex.o
 .text.bufferGetFromFrontEx
                0x00000000       0x56 LM_common/buffer_ex.o
 .text.bufferDumpFromFrontEx
                0x00000000       0x40 LM_common/buffer_ex.o
 .text.bufferGetAtIndexEx
                0x00000000       0x34 LM_common/buffer_ex.o
 .text          0x00000000        0x0 c:/program files (x86)/atmel/studio/7.0/toolchain/avr8/avr8-gnu-toolchain/bin/../lib/gcc/avr/4.9.2/avr5\libgcc.a(_mulsi3.o)
 .data          0x00000000        0x0 c:/program files (x86)/atmel/studio/7.0/toolchain/avr8/avr8-gnu-toolchain/bin/../lib/gcc/avr/4.9.2/avr5\libgcc.a(_mulsi3.o)
 .bss           0x00000000        0x0 c:/program files (x86)/atmel/studio/7.0/toolchain/avr8/avr8-gnu-toolchain/bin/../lib/gcc/avr/4.9.2/avr5\libgcc.a(_mulsi3.o)
 .text.libgcc.mul
                0x00000000       0x20 c:/program files (x86)/atmel/studio/7.0/toolchain/avr8/avr8-gnu-toolchain/bin/../lib/gcc/avr/4.9.2/avr5\libgcc.a(_mulsi3.o)
 .text.libgcc.div
                0x00000000        0x0 c:/program files (x86)/atmel/studio/7.0/toolchain/avr8/avr8-gnu-toolchain/bin/../lib/gcc/avr/4.9.2/avr5\libgcc.a(_mulsi3.o)
 .text.libgcc   0x00000000        0x0 c:/program files (x86)/atmel/studio/7.0/toolchain/avr8/avr8-gnu-toolchain/bin/../lib/gcc/avr/4.9.2/avr5\libgcc.a(_mulsi3.o)
 .text.libgcc.prologue
                0x00000000        0x0 c:/program files (x86)/atmel/studio/7.0/toolchain/avr8/avr8-gnu-toolchain/bin/../lib/gcc/avr/4.9.2/avr5\libgcc.a(_mulsi3.o)
 .text.libgcc.builtins
                0x00000000        0x0 c:/program files (x86)/atmel/studio/7.0/toolchain/avr8/avr8-gnu-toolchain/bin/../lib/gcc/avr/4.9.2/avr5\libgcc.a(_mulsi3.o)
 .text.libgcc.fmul
                0x00000000        0x0 c:/program files (x86)/atmel/studio/7.0/toolchain/avr8/avr8-gnu-toolchain/bin/../lib/gcc/avr/4.9.2/avr5\libgcc.a(_mulsi3.o)
 .text.libgcc.fixed
                0x00000000        0x0 c:/program files (x86)/atmel/studio/7.0/toolchain/avr8/avr8-gnu-toolchain/bin/../lib/gcc/avr/4.9.2/avr5\libgcc.a(_mulsi3.o)
 .text          0x00000000        0x0 c:/program files (x86)/atmel/studio/7.0/toolchain/avr8/avr8-gnu-toolchain/bin/../lib/gcc/avr/4.9.2/avr5\libgcc.a(_udivmodhi4.o)
 .data          0x00000000        0x0 c:/program files (x86)/atmel/studio/7.0/toolchain/avr8/avr8-gnu-toolchain/bin/../lib/gcc/avr/4.9.2/avr5\libgcc.a(_udivmodhi4.o)
 .bss           0x00000000        0x0 c:/program files (x86)/atmel/studio/7.0/toolchain/avr8/avr8-gnu-toolchain/bin/../lib/gcc/avr/4.9.2/avr5\libgcc.a(_udivmodhi4.o)
 .text.libgcc.mul
                0x00000000        0x0 c:/program files (x86)/atmel/studio/7.0/toolchain/avr8/avr8-gnu-toolchain/bin/../lib/gcc/avr/4.9.2/avr5\libgcc.a(_udivmodhi4.o)
 .text.libgcc   0x00000000        0x0 c:/program files (x86)/atmel/studio/7.0/toolchain/avr8/avr8-gnu-toolchain/bin/../lib/gcc/avr/4.9.2/avr5\libgcc.a(_udivmodhi4.o)
 .text.libgcc.prologue
                0x00000000        0x0 c:/program files (x86)/atmel/studio/7.0/toolchain/avr8/avr8-gnu-toolchain/bin/../lib/gcc/avr/4.9.2/avr5\libgcc.a(_udivmodhi4.o)
 .text.libgcc.builtins
                0x00000000        0x0 c:/program files (x86)/atmel/studio/7.0/toolchain/avr8/avr8-gnu-toolchain/bin/../lib/gcc/avr/4.9.2/avr5\libgcc.a(_udivmodhi4.o)
 .text.libgcc.fmul
                0x00000000        0x0 c:/program files (x86)/atmel/studio/7.0/toolchain/avr8/avr8-gnu-toolchain/bin/../lib/gcc/avr/4.9.2/avr5\libgcc.a(_udivmodhi4.o)
 .text.libgcc.fixed
                0x00000000        0x0 c:/program files (x86)/atmel/studio/7.0/toolchain/avr8/avr8-gnu-toolchain/bin/../lib/gcc/avr/4.9.2/avr5\libgcc.a(_udivmodhi4.o)
 .text          0x00000000        0x0 c:/program files (x86)/atmel/studio/7.0/toolchain/avr8/avr8-gnu-toolchain/bin/../lib/gcc/avr/4.9.2/avr5\libgcc.a(_udivmodsi4.o)
 .data          0x00000000        0x0 c:/program files (x86)/atmel/studio/7.0/toolchain/avr8/avr8-gnu-toolchain/bin/../lib/gcc/avr/4.9.2/avr5\libgcc.a(_udivmodsi4.o)
 .bss           0x00000000        0x0 c:/program files (x86)/atmel/studio/7.0/toolchain/avr8/avr8-gnu-toolchain/bin/../lib/gcc/avr/4.9.2/avr5\libgcc.a(_udivmodsi4.o)
 .text.libgcc.mul
                0x00000000        0x0 c:/program files (x86)/atmel/studio/7.0/toolchain/avr8/avr8-gnu-toolchain/bin/../lib/gcc/avr/4.9.2/avr5\libgcc.a(_udivmodsi4.o)
 .text.libgcc   0x00000000        0x0 c:/program files (x86)/atmel/studio/7.0/toolchain/avr8/avr8-gnu-toolchain/bin/../lib/gcc/avr/4.9.2/avr5\libgcc.a(_udivmodsi4.o)
 .text.libgcc.prologue
                0x00000000        0x0 c:/program files (x86)/atmel/studio/7.0/toolchain/avr8/avr8-gnu-toolchain/bin/../lib/gcc/avr/4.9.2/avr5\libgcc.a(_udivmodsi4.o)
 .text.libgcc.builtins
                0x00000000        0x0 c:/program files (x86)/atmel/studio/7.0/toolchain/avr8/avr8-gnu-toolchain/bin/../lib/gcc/avr/4.9.2/avr5\libgcc.a(_udivmodsi4.o)
 .text.libgcc.fmul
                0x00000000        0x0 c:/program files (x86)/atmel/studio/7.0/toolchain/avr8/avr8-gnu-toolchain/bin/../lib/gcc/avr/4.9.2/avr5\libgcc.a(_udivmodsi4.o)
 .text.libgcc.fixed
                0x00000000        0x0 c:/program files (x86)/atmel/studio/7.0/toolchain/avr8/avr8-gnu-toolchain/bin/../lib/gcc/avr/4.9.2/avr5\libgcc.a(_udivmodsi4.o)
 .text          0x00000000        0x0 c:/program files (x86)/atmel/studio/7.0/toolchain/avr8/avr8-gnu-toolchain/bin/../lib/gcc/avr/4.9.2/avr5\libgcc.a(_divmodsi4.o)
 .data          0x00000000        0x0 c:/program files (x86)/atmel/studio/7.0/toolchain/avr8/avr8-gnu-toolchain/bin/../lib/gcc/avr/4.9.2/avr5\libgcc.a(_divmodsi4.o)
 .bss           0x00000000        0x0 c:/program files (x86)/atmel/studio/7.0/toolchain/avr8/avr8-gnu-toolchain/bin/../lib/gcc/avr/4.9.2/avr5\libgcc.a(_divmodsi4.o)
 .text.libgcc.mul
                0x00000000        0x0 c:/program files (x86)/atmel/studio/7.0/toolchain/avr8/avr8-gnu-toolchain/bin/../lib/gcc/avr/4.9.2/avr5\libgcc.a(_divmodsi4.o)
 .text.libgcc.div
                0x00000000       0x2e c:/program files (x86)/atmel/studio/7.0/toolchain/avr8/avr8-gnu-toolchain/bin/../lib/gcc/avr/4.9.2/avr5\libgcc.a(_divmodsi4.o)
 .text.libgcc   0x00000000        0x0 c:/program files (x86)/atmel/studio/7.0/toolchain/avr8/avr8-gnu-toolchain/bin/../lib/gcc/avr/4.9.2/avr5\libgcc.a(_divmodsi4.o)
 .text.libgcc.prologue
                0x00000000        0x0 c:/program files (x86)/atmel/studio/7.0/toolchain/avr8/avr8-gnu-toolchain/bin/../lib/gcc/avr/4.9.2/avr5\libgcc.a(_divmodsi4.o)
 .text.libgcc.builtins
                0x00000000        0x0 c:/program files (x86)/atmel/studio/7.0/toolchain/avr8/avr8-gnu-toolchain/bin/../lib/gcc/avr/4.9.2/avr5\libgcc.a(_divmodsi4.o)
 .text.libgcc.fmul
                0x00000000        0x0 c:/program files (x86)/atmel/studio/7.0/toolchain/avr8/avr8-gnu-toolchain/bin/../lib/gcc/avr/4.9.2/avr5\libgcc.a(_divmodsi4.o)
 .text.libgcc.fixed
                0x00000000        0x0 c:/program files (x86)/atmel/studio/7.0/toolchain/avr8/avr8-gnu-toolchain/bin/../lib/gcc/avr/4.9.2/avr5\libgcc.a(_divmodsi4.o)
 .text          0x00000000        0x0 c:/program files (x86)/atmel/studio/7.0/toolchain/avr8/avr8-gnu-toolchain/bin/../lib/gcc/avr/4.9.2/avr5\libgcc.a(_negsi2.o)
 .data          0x00000000        0x0 c:/program files (x86)/atmel/studio/7.0/toolchain/avr8/avr8-gnu-toolchain/bin/../lib/gcc/avr/4.9.2/avr5\libgcc.a(_negsi2.o)
 .bss           0x00000000        0x0 c:/program files (x86)/atmel/studio/7.0/toolchain/avr8/avr8-gnu-toolchain/bin/../lib/gcc/avr/4.9.2/avr5\libgcc.a(_negsi2.o)
 .text.libgcc.mul
                0x00000000        0x0 c:/program files (x86)/atmel/studio/7.0/toolchain/avr8/avr8-gnu-toolchain/bin/../lib/gcc/avr/4.9.2/avr5\libgcc.a(_negsi2.o)
 .text.libgcc.div
                0x00000000       0x10 c:/program files (x86)/atmel/studio/7.0/toolchain/avr8/avr8-gnu-toolchain/bin/../lib/gcc/avr/4.9.2/avr5\libgcc.a(_negsi2.o)
 .text.libgcc   0x00000000        0x0 c:/program files (x86)/atmel/studio/7.0/toolchain/avr8/avr8-gnu-toolchain/bin/../lib/gcc/avr/4.9.2/avr5\libgcc.a(_negsi2.o)
 .text.libgcc.prologue
                0x00000000        0x0 c:/program files (x86)/atmel/studio/7.0/toolchain/avr8/avr8-gnu-toolchain/bin/../lib/gcc/avr/4.9.2/avr5\libgcc.a(_negsi2.o)
 .text.libgcc.builtins
                0x00000000        0x0 c:/program files (x86)/atmel/studio/7.0/toolchain/avr8/avr8-gnu-toolchain/bin/../lib/gcc/avr/4.9.2/avr5\libgcc.a(_negsi2.o)
 .text.libgcc.fmul
                0x00000000        0x0 c:/program files (x86)/atmel/studio/7.0/toolchain/avr8/avr8-gnu-toolchain/bin/../lib/gcc/avr/4.9.2/avr5\libgcc.a(_negsi2.o)
 .text.libgcc.fixed
                0x00000000        0x0 c:/program files (x86)/atmel/studio/7.0/toolchain/avr8/avr8-gnu-toolchain/bin/../lib/gcc/avr/4.9.2/avr5\libgcc.a(_negsi2.o)
 .text          0x00000000        0x0 c:/program files (x86)/atmel/studio/7.0/toolchain/avr8/avr8-gnu-toolchain/bin/../lib/gcc/avr/4.9.2/avr5\libgcc.a(_exit.o)
 .data          0x00000000        0x0 c:/program files (x86)/atmel/studio/7.0/toolchain/avr8/avr8-gnu-toolchain/bin/../lib/gcc/avr/4.9.2/avr5\libgcc.a(_exit.o)
 .bss           0x00000000        0x0 c:/program files (x86)/atmel/studio/7.0/toolchain/avr8/avr8-gnu-toolchain/bin/../lib/gcc/avr/4.9.2/avr5\libgcc.a(_exit.o)
 .text.libgcc.mul
                0x00000000        0x0 c:/program files (x86)/atmel/studio/7.0/toolchain/avr8/avr8-gnu-toolchain/bin/../lib/gcc/avr/4.9.2/avr5\libgcc.a(_exit.o)
 .text.libgcc.div
                0x00000000        0x0 c:/program files (x86)/atmel/studio/7.0/toolchain/avr8/avr8-gnu-toolchain/bin/../lib/gcc/avr/4.9.2/avr5\libgcc.a(_exit.o)
 .text.libgcc   0x00000000        0x0 c:/program files (x86)/atmel/studio/7.0/toolchain/avr8/avr8-gnu-toolchain/bin/../lib/gcc/avr/4.9.2/avr5\libgcc.a(_exit.o)
 .text.libgcc.prologue
                0x00000000        0x0 c:/program files (x86)/atmel/studio/7.0/toolchain/avr8/avr8-gnu-toolchain/bin/../lib/gcc/avr/4.9.2/avr5\libgcc.a(_exit.o)
 .text.libgcc.builtins
                0x00000000        0x0 c:/program files (x86)/atmel/studio/7.0/toolchain/avr8/avr8-gnu-toolchain/bin/../lib/gcc/avr/4.9.2/avr5\libgcc.a(_exit.o)
 .text.libgcc.fmul
                0x00000000        0x0 c:/program files (x86)/atmel/studio/7.0/toolchain/avr8/avr8-gnu-toolchain/bin/../lib/gcc/avr/4.9.2/avr5\libgcc.a(_exit.o)
 .text.libgcc.fixed
                0x00000000        0x0 c:/program files (x86)/atmel/studio/7.0/toolchain/avr8/avr8-gnu-toolchain/bin/../lib/gcc/avr/4.9.2/avr5\libgcc.a(_exit.o)
 .text          0x00000000        0x0 c:/program files (x86)/atmel/studio/7.0/toolchain/avr8/avr8-gnu-toolchain/bin/../lib/gcc/avr/4.9.2/avr5\libgcc.a(_tablejump2.o)
 .data          0x00000000        0x0 c:/program files (x86)/atmel/studio/7.0/toolchain/avr8/avr8-gnu-toolchain/bin/../lib/gcc/avr/4.9.2/avr5\libgcc.a(_tablejump2.o)
 .bss           0x00000000        0x0 c:/program files (x86)/atmel/studio/7.0/toolchain/avr8/avr8-gnu-toolchain/bin/../lib/gcc/avr/4.9.2/avr5\libgcc.a(_tablejump2.o)
 .text.libgcc.mul
                0x00000000        0x0 c:/program files (x86)/atmel/studio/7.0/toolchain/avr8/avr8-gnu-toolchain/bin/../lib/gcc/avr/4.9.2/avr5\libgcc.a(_tablejump2.o)
 .text.libgcc.div
                0x00000000        0x0 c:/program files (x86)/atmel/studio/7.0/toolchain/avr8/avr8-gnu-toolchain/bin/../lib/gcc/avr/4.9.2/avr5\libgcc.a(_tablejump2.o)
 .text.libgcc.prologue
                0x00000000        0x0 c:/program files (x86)/atmel/studio/7.0/toolchain/avr8/avr8-gnu-toolchain/bin/../lib/gcc/avr/4.9.2/avr5\libgcc.a(_tablejump2.o)
 .text.libgcc.builtins
                0x00000000        0x0 c:/program files (x86)/atmel/studio/7.0/toolchain/avr8/avr8-gnu-toolchain/bin/../lib/gcc/avr/4.9.2/avr5\libgcc.a(_tablejump2.o)
 .text.libgcc.fmul
                0x00000000        0x0 c:/program files (x86)/atmel/studio/7.0/toolchain/avr8/avr8-gnu-toolchain/bin/../lib/gcc/avr/4.9.2/avr5\libgcc.a(_tablejump2.o)
 .text.libgcc.fixed
                0x00000000        0x0 c:/program files (x86)/atmel/studio/7.0/toolchain/avr8/avr8-gnu-toolchain/bin/../lib/gcc/avr/4.9.2/avr5\libgcc.a(_tablejump2.o)
 .text          0x00000000        0x0 c:/program files (x86)/atmel/studio/7.0/toolchain/avr8/avr8-gnu-toolchain/bin/../lib/gcc/avr/4.9.2/avr5\libgcc.a(_clear_bss.o)
 .data          0x00000000        0x0 c:/program files (x86)/atmel/studio/7.0/toolchain/avr8/avr8-gnu-toolchain/bin/../lib/gcc/avr/4.9.2/avr5\libgcc.a(_clear_bss.o)
 .bss           0x00000000        0x0 c:/program files (x86)/atmel/studio/7.0/toolchain/avr8/avr8-gnu-toolchain/bin/../lib/gcc/avr/4.9.2/avr5\libgcc.a(_clear_bss.o)
 .text.libgcc.mul
                0x00000000        0x0 c:/program files (x86)/atmel/studio/7.0/toolchain/avr8/avr8-gnu-toolchain/bin/../lib/gcc/avr/4.9.2/avr5\libgcc.a(_clear_bss.o)
 .text.libgcc.div
                0x00000000        0x0 c:/program files (x86)/atmel/studio/7.0/toolchain/avr8/avr8-gnu-toolchain/bin/../lib/gcc/avr/4.9.2/avr5\libgcc.a(_clear_bss.o)
 .text.libgcc   0x00000000        0x0 c:/program files (x86)/atmel/studio/7.0/toolchain/avr8/avr8-gnu-toolchain/bin/../lib/gcc/avr/4.9.2/avr5\libgcc.a(_clear_bss.o)
 .text.libgcc.prologue
                0x00000000        0x0 c:/program files (x86)/atmel/studio/7.0/toolchain/avr8/avr8-gnu-toolchain/bin/../lib/gcc/avr/4.9.2/avr5\libgcc.a(_clear_bss.o)
 .text.libgcc.builtins
                0x00000000        0x0 c:/program files (x86)/atmel/studio/7.0/toolchain/avr8/avr8-gnu-toolchain/bin/../lib/gcc/avr/4.9.2/avr5\libgcc.a(_clear_bss.o)
 .text.libgcc.fmul
                0x00000000        0x0 c:/program files (x86)/atmel/studio/7.0/toolchain/avr8/avr8-gnu-toolchain/bin/../lib/gcc/avr/4.9.2/avr5\libgcc.a(_clear_bss.o)
 .text.libgcc.fixed
                0x00000000        0x0 c:/program files (x86)/atmel/studio/7.0/toolchain/avr8/avr8-gnu-toolchain/bin/../lib/gcc/avr/4.9.2/avr5\libgcc.a(_clear_bss.o)
 .text          0x00000000        0x0 c:/program files (x86)/atmel/studio/7.0/toolchain/avr8/avr8-gnu-toolchain/bin/../lib/gcc/avr/4.9.2/avr5\libgcc.a(_muluhisi3.o)
 .data          0x00000000        0x0 c:/program files (x86)/atmel/studio/7.0/toolchain/avr8/avr8-gnu-toolchain/bin/../lib/gcc/avr/4.9.2/avr5\libgcc.a(_muluhisi3.o)
 .bss           0x00000000        0x0 c:/program files (x86)/atmel/studio/7.0/toolchain/avr8/avr8-gnu-toolchain/bin/../lib/gcc/avr/4.9.2/avr5\libgcc.a(_muluhisi3.o)
 .text.libgcc.mul
                0x00000000       0x16 c:/program files (x86)/atmel/studio/7.0/toolchain/avr8/avr8-gnu-toolchain/bin/../lib/gcc/avr/4.9.2/avr5\libgcc.a(_muluhisi3.o)
 .text.libgcc.div
                0x00000000        0x0 c:/program files (x86)/atmel/studio/7.0/toolchain/avr8/avr8-gnu-toolchain/bin/../lib/gcc/avr/4.9.2/avr5\libgcc.a(_muluhisi3.o)
 .text.libgcc   0x00000000        0x0 c:/program files (x86)/atmel/studio/7.0/toolchain/avr8/avr8-gnu-toolchain/bin/../lib/gcc/avr/4.9.2/avr5\libgcc.a(_muluhisi3.o)
 .text.libgcc.prologue
                0x00000000        0x0 c:/program files (x86)/atmel/studio/7.0/toolchain/avr8/avr8-gnu-toolchain/bin/../lib/gcc/avr/4.9.2/avr5\libgcc.a(_muluhisi3.o)
 .text.libgcc.builtins
                0x00000000        0x0 c:/program files (x86)/atmel/studio/7.0/toolchain/avr8/avr8-gnu-toolchain/bin/../lib/gcc/avr/4.9.2/avr5\libgcc.a(_muluhisi3.o)
 .text.libgcc.fmul
                0x00000000        0x0 c:/program files (x86)/atmel/studio/7.0/toolchain/avr8/avr8-gnu-toolchain/bin/../lib/gcc/avr/4.9.2/avr5\libgcc.a(_muluhisi3.o)
 .text.libgcc.fixed
                0x00000000        0x0 c:/program files (x86)/atmel/studio/7.0/toolchain/avr8/avr8-gnu-toolchain/bin/../lib/gcc/avr/4.9.2/avr5\libgcc.a(_muluhisi3.o)
 .text          0x00000000        0x0 c:/program files (x86)/atmel/studio/7.0/toolchain/avr8/avr8-gnu-toolchain/bin/../lib/gcc/avr/4.9.2/avr5\libgcc.a(_umulhisi3.o)
 .data          0x00000000        0x0 c:/program files (x86)/atmel/studio/7.0/toolchain/avr8/avr8-gnu-toolchain/bin/../lib/gcc/avr/4.9.2/avr5\libgcc.a(_umulhisi3.o)
 .bss           0x00000000        0x0 c:/program files (x86)/atmel/studio/7.0/toolchain/avr8/avr8-gnu-toolchain/bin/../lib/gcc/avr/4.9.2/avr5\libgcc.a(_umulhisi3.o)
 .text.libgcc.mul
                0x00000000       0x1e c:/program files (x86)/atmel/studio/7.0/toolchain/avr8/avr8-gnu-toolchain/bin/../lib/gcc/avr/4.9.2/avr5\libgcc.a(_umulhisi3.o)
 .text.libgcc.div
                0x00000000        0x0 c:/program files (x86)/atmel/studio/7.0/toolchain/avr8/avr8-gnu-toolchain/bin/../lib/gcc/avr/4.9.2/avr5\libgcc.a(_umulhisi3.o)
 .text.libgcc   0x00000000        0x0 c:/program files (x86)/atmel/studio/7.0/toolchain/avr8/avr8-gnu-toolchain/bin/../lib/gcc/avr/4.9.2/avr5\libgcc.a(_umulhisi3.o)
 .text.libgcc.prologue
                0x00000000        0x0 c:/program files (x86)/atmel/studio/7.0/toolchain/avr8/avr8-gnu-toolchain/bin/../lib/gcc/avr/4.9.2/avr5\libgcc.a(_umulhisi3.o)
 .text.libgcc.builtins
                0x00000000        0x0 c:/program files (x86)/atmel/studio/7.0/toolchain/avr8/avr8-gnu-toolchain/bin/../lib/gcc/avr/4.9.2/avr5\libgcc.a(_umulhisi3.o)
 .text.libgcc.fmul
                0x00000000        0x0 c:/program files (x86)/atmel/studio/7.0/toolchain/avr8/avr8-gnu-toolchain/bin/../lib/gcc/avr/4.9.2/avr5\libgcc.a(_umulhisi3.o)
 .text.libgcc.fixed
                0x00000000        0x0 c:/program files (x86)/atmel/studio/7.0/toolchain/avr8/avr8-gnu-toolchain/bin/../lib/gcc/avr/4.9.2/avr5\libgcc.a(_umulhisi3.o)

Memory Configuration

Name             Origin             Length             Attributes
text             0x00000000         0x00020000         xr
data             0x00800060         0x0000ffa0         rw !x
eeprom           0x00810000         0x00010000         rw !x
fuse             0x00820000         0x00000400         rw !x
lock             0x00830000         0x00000400         rw !x
signature        0x00840000         0x00000400         rw !x
user_signatures  0x00850000         0x00000400         rw !x
*default*        0x00000000         0xffffffff

Linker script and memory map

LOAD C:/Program Files (x86)/Atmel/Studio/7.0/Packs/atmel/ATmega_DFP/1.0.90/gcc/dev/atmega16/avr5/crtatmega16.o
LOAD common_avr-liberty-master_src/buffer.o
LOAD common_avr-liberty-master_src/rprintf.o
LOAD common_avr-liberty-master_src/timer.o
LOAD common_avr-liberty-master_src/uart.o
LOAD LMMB_main/appl.o
LOAD LMMB_main/button_dep.o
LOAD LMMB_main/led.o
LOAD LMMB_main/main.o
LOAD LMMB_main/measure.o
LOAD LMMB_main/ssd.o
LOAD LM_ADC/adc.o
LOAD LM_button/button.o
LOAD LM_common/buffer_ex.o
START GROUP
LOAD c:/program files (x86)/atmel/studio/7.0/toolchain/avr8/avr8-gnu-toolchain/bin/../lib/gcc/avr/4.9.2/../../../../avr/lib/avr5\libm.a
END GROUP
START GROUP
LOAD c:/program files (x86)/atmel/studio/7.0/toolchain/avr8/avr8-gnu-toolchain/bin/../lib/gcc/avr/4.9.2/avr5\libgcc.a
LOAD c:/program files (x86)/atmel/studio/7.0/toolchain/avr8/avr8-gnu-toolchain/bin/../lib/gcc/avr/4.9.2/../../../../avr/lib/avr5\libm.a
LOAD c:/program files (x86)/atmel/studio/7.0/toolchain/avr8/avr8-gnu-toolchain/bin/../lib/gcc/avr/4.9.2/../../../../avr/lib/avr5\libc.a
LOAD C:/Program Files (x86)/Atmel/Studio/7.0/Packs/atmel/ATmega_DFP/1.0.90/gcc/dev/atmega16/avr5\libatmega16.a
END GROUP

.hash
 *(.hash)

.dynsym
 *(.dynsym)

.dynstr
 *(.dynstr)

.gnu.version
 *(.gnu.version)

.gnu.version_d
 *(.gnu.version_d)

.gnu.version_r
 *(.gnu.version_r)

.rel.init
 *(.rel.init)

.rela.init
 *(.rela.init)

.rel.text
 *(.rel.text)
 *(.rel.text.*)
 *(.rel.gnu.linkonce.t*)

.rela.text
 *(.rela.text)
 *(.rela.text.*)
 *(.rela.gnu.linkonce.t*)

.rel.fini
 *(.rel.fini)

.rela.fini
 *(.rela.fini)

.rel.rodata
 *(.rel.rodata)
 *(.rel.rodata.*)
 *(.rel.gnu.linkonce.r*)

.rela.rodata
 *(.rela.rodata)
 *(.rela.rodata.*)
 *(.rela.gnu.linkonce.r*)

.rel.data
 *(.rel.data)
 *(.rel.data.*)
 *(.rel.gnu.linkonce.d*)

.rela.data
 *(.rela.data)
 *(.rela.data.*)
 *(.rela.gnu.linkonce.d*)

.rel.ctors
 *(.rel.ctors)

.rela.ctors
 *(.rela.ctors)

.rel.dtors
 *(.rel.dtors)

.rela.dtors
 *(.rela.dtors)

.rel.got
 *(.rel.got)

.rela.got
 *(.rela.got)

.rel.bss
 *(.rel.bss)

.rela.bss
 *(.rela.bss)

.rel.plt
 *(.rel.plt)

.rela.plt
 *(.rela.plt)

.text           0x00000000     0x1304
 *(.vectors)
 .vectors       0x00000000       0x54 C:/Program Files (x86)/Atmel/Studio/7.0/Packs/atmel/ATmega_DFP/1.0.90/gcc/dev/atmega16/avr5/crtatmega16.o
                0x00000000                __vector_default
                0x00000000                __vectors
 *(.vectors)
 *(.progmem.gcc*)
 .progmem.gcc_sw_table.AppDisplay
                0x00000054       0x10 LMMB_main/appl.o
                0x00000064                . = ALIGN (0x2)
                0x00000064                __trampolines_start = .
 *(.trampolines)
 .trampolines   0x00000064        0x0 linker stubs
 *(.trampolines*)
                0x00000064                __trampolines_end = .
 *(.progmem*)
 .progmem.data.HexChars
                0x00000064       0x11 common_avr-liberty-master_src/rprintf.o
 .progmem.data.__c.2060
                0x00000075       0x12 LMMB_main/appl.o
 .progmem.data.__c.1900
                0x00000087        0x5 LMMB_main/measure.o
 .progmem.data.__c.1898
                0x0000008c        0x5 LMMB_main/measure.o
 .progmem.data.ssdCharTble
                0x00000091       0x13 LMMB_main/ssd.o
                0x000000a4                . = ALIGN (0x2)
 *(.jumptables)
 *(.jumptables*)
 *(.lowtext)
 *(.lowtext*)
                0x000000a4                __ctors_start = .
 *(.ctors)
                0x000000a4                __ctors_end = .
                0x000000a4                __dtors_start = .
 *(.dtors)
                0x000000a4                __dtors_end = .
 SORT(*)(.ctors)
 SORT(*)(.dtors)
 *(.init0)
 .init0         0x000000a4        0x0 C:/Program Files (x86)/Atmel/Studio/7.0/Packs/atmel/ATmega_DFP/1.0.90/gcc/dev/atmega16/avr5/crtatmega16.o
                0x000000a4                __init
 *(.init0)
 *(.init1)
 *(.init1)
 *(.init2)
 .init2         0x000000a4        0xc C:/Program Files (x86)/Atmel/Studio/7.0/Packs/atmel/ATmega_DFP/1.0.90/gcc/dev/atmega16/avr5/crtatmega16.o
 *(.init2)
 *(.init3)
 *(.init3)
 *(.init4)
 .init4         0x000000b0       0x10 c:/program files (x86)/atmel/studio/7.0/toolchain/avr8/avr8-gnu-toolchain/bin/../lib/gcc/avr/4.9.2/avr5\libgcc.a(_clear_bss.o)
                0x000000b0                __do_clear_bss
 *(.init4)
 *(.init5)
 *(.init5)
 *(.init6)
 *(.init6)
 *(.init7)
 *(.init7)
 *(.init8)
 *(.init8)
 *(.init9)
 .init9         0x000000c0        0x8 C:/Program Files (x86)/Atmel/Studio/7.0/Packs/atmel/ATmega_DFP/1.0.90/gcc/dev/atmega16/avr5/crtatmega16.o
 *(.init9)
 *(.text)
 .text          0x000000c8        0x4 C:/Program Files (x86)/Atmel/Studio/7.0/Packs/atmel/ATmega_DFP/1.0.90/gcc/dev/atmega16/avr5/crtatmega16.o
                0x000000c8                __vector_12
                0x000000c8                __bad_interrupt
                0x000000c8                __vector_17
                0x000000c8                __vector_15
                0x000000c8                __vector_14
                0x000000c8                __vector_10
                0x000000c8                __vector_16
                0x000000c8                __vector_18
                0x000000c8                __vector_20
                0x000000cc                . = ALIGN (0x2)
 *(.text.*)
 .text.bufferInit
                0x000000cc       0x1a common_avr-liberty-master_src/buffer.o
                0x000000cc                bufferInit
 .text.bufferGetFromFront
                0x000000e6       0x48 common_avr-liberty-master_src/buffer.o
                0x000000e6                bufferGetFromFront
 .text.bufferAddToEnd
                0x0000012e       0x42 common_avr-liberty-master_src/buffer.o
                0x0000012e                bufferAddToEnd
 .text.bufferIsNotFull
                0x00000170       0x16 common_avr-liberty-master_src/buffer.o
                0x00000170                bufferIsNotFull
 .text.rprintfInit
                0x00000186        0xa common_avr-liberty-master_src/rprintf.o
                0x00000186                rprintfInit
 .text.rprintfChar
                0x00000190       0x22 common_avr-liberty-master_src/rprintf.o
                0x00000190                rprintfChar
 .text.rprintfu04
                0x000001b2       0x10 common_avr-liberty-master_src/rprintf.o
                0x000001b2                rprintfu04
 .text.rprintf1RamRom
                0x000001c2      0x140 common_avr-liberty-master_src/rprintf.o
                0x000001c2                rprintf1RamRom
 .text.timer0SetPrescaler
                0x00000302        0xa common_avr-liberty-master_src/timer.o
                0x00000302                timer0SetPrescaler
 .text.timer0Init
                0x0000030c       0x26 common_avr-liberty-master_src/timer.o
                0x0000030c                timer0Init
 .text.timer1SetPrescaler
                0x00000332        0xa common_avr-liberty-master_src/timer.o
                0x00000332                timer1SetPrescaler
 .text.timer1Init
                0x0000033c       0x12 common_avr-liberty-master_src/timer.o
                0x0000033c                timer1Init
 .text.timer2SetPrescaler
                0x0000034e        0xa common_avr-liberty-master_src/timer.o
                0x0000034e                timer2SetPrescaler
 .text.timer2Init
                0x00000358       0x26 common_avr-liberty-master_src/timer.o
                0x00000358                timer2Init
 .text.timerAttach
                0x0000037e       0x16 common_avr-liberty-master_src/timer.o
                0x0000037e                timerAttach
 .text.timerDetach
                0x00000394       0x16 common_avr-liberty-master_src/timer.o
                0x00000394                timerDetach
 .text.timerInit
                0x000003aa       0x22 common_avr-liberty-master_src/timer.o
                0x000003aa                timerInit
 .text.timer1PWMInit
                0x000003cc       0x30 common_avr-liberty-master_src/timer.o
                0x000003cc                timer1PWMInit
 .text.timer1PWMAOn
                0x000003fc        0xe common_avr-liberty-master_src/timer.o
                0x000003fc                timer1PWMAOn
 .text.timer1PWMBOn
                0x0000040a        0xe common_avr-liberty-master_src/timer.o
                0x0000040a                timer1PWMBOn
 .text.timer1PWMASet
                0x00000418        0x6 common_avr-liberty-master_src/timer.o
                0x00000418                timer1PWMASet
 .text.timer1PWMBSet
                0x0000041e        0x6 common_avr-liberty-master_src/timer.o
                0x0000041e                timer1PWMBSet
 .text.__vector_9
                0x00000424       0xa6 common_avr-liberty-master_src/timer.o
                0x00000424                __vector_9
 .text.__vector_8
                0x000004ca       0x5a common_avr-liberty-master_src/timer.o
                0x000004ca                __vector_8
 .text.__vector_4
                0x00000524       0x80 common_avr-liberty-master_src/timer.o
                0x00000524                __vector_4
 .text.__vector_19
                0x000005a4       0x5a common_avr-liberty-master_src/timer.o
                0x000005a4                __vector_19
 .text.__vector_6
                0x000005fe       0x5a common_avr-liberty-master_src/timer.o
                0x000005fe                __vector_6
 .text.__vector_7
                0x00000658       0x5a common_avr-liberty-master_src/timer.o
                0x00000658                __vector_7
 .text.__vector_5
                0x000006b2       0x5a common_avr-liberty-master_src/timer.o
                0x000006b2                __vector_5
 .text.__vector_3
                0x0000070c       0x5a common_avr-liberty-master_src/timer.o
                0x0000070c                __vector_3
 .text.uartInitBuffers
                0x00000766       0x20 common_avr-liberty-master_src/uart.o
                0x00000766                uartInitBuffers
 .text.uartInit
                0x00000786       0x2c common_avr-liberty-master_src/uart.o
                0x00000786                uartInit
 .text.uartSetBaudRate
                0x000007b2       0x48 common_avr-liberty-master_src/uart.o
                0x000007b2                uartSetBaudRate
 .text.uartSendByte
                0x000007fa       0x10 common_avr-liberty-master_src/uart.o
                0x000007fa                uartSendByte
 .text.__vector_13
                0x0000080a       0x6e common_avr-liberty-master_src/uart.o
                0x0000080a                __vector_13
 .text.__vector_11
                0x00000878       0x7e common_avr-liberty-master_src/uart.o
                0x00000878                __vector_11
 .text.AppOutputCompare0
                0x000008f6       0x12 LMMB_main/appl.o
 .text.AppDisplay
                0x00000908       0x74 LMMB_main/appl.o
 .text.McuInit  0x0000097c       0x32 LMMB_main/appl.o
                0x0000097c                McuInit
 .text.ApplInit
                0x000009ae       0x48 LMMB_main/appl.o
                0x000009ae                ApplInit
 .text.AppCycleUpdate
                0x000009f6      0x26a LMMB_main/appl.o
                0x000009f6                AppCycleUpdate
 .text.AppWaitZeroCrossing
                0x00000c60       0x14 LMMB_main/appl.o
                0x00000c60                AppWaitZeroCrossing
 .text.ButtonInitEx
                0x00000c74        0x8 LMMB_main/button_dep.o
                0x00000c74                ButtonInitEx
 .text.ButtonGetIO_StateEx
                0x00000c7c        0x8 LMMB_main/button_dep.o
                0x00000c7c                ButtonGetIO_StateEx
 .text.ButtonJMP1ReleasedEvent
                0x00000c84        0x8 LMMB_main/button_dep.o
                0x00000c84                ButtonJMP1ReleasedEvent
 .text.ButtonJMP1HeldEvent
                0x00000c8c        0x8 LMMB_main/button_dep.o
                0x00000c8c                ButtonJMP1HeldEvent
 .text.ButtonJMP2ReleasedEvent
                0x00000c94        0xa LMMB_main/button_dep.o
                0x00000c94                ButtonJMP2ReleasedEvent
 .text.ButtonJMP2HeldEvent
                0x00000c9e        0xa LMMB_main/button_dep.o
                0x00000c9e                ButtonJMP2HeldEvent
 .text.LEDInit  0x00000ca8       0x36 LMMB_main/led.o
                0x00000ca8                LEDInit
 .text.LEDCycleUpdate
                0x00000cde       0x7a LMMB_main/led.o
                0x00000cde                LEDCycleUpdate
 .text.startup.main
                0x00000d58       0x22 LMMB_main/main.o
                0x00000d58                main
 .text.arraySorting
                0x00000d7a       0x3c LMMB_main/measure.o
 .text.MeasureOutputCompare2
                0x00000db6       0x62 LMMB_main/measure.o
 .text.MeasureInit
                0x00000e18       0x50 LMMB_main/measure.o
                0x00000e18                MeasureInit
 .text.MeasureCycleUpdate
                0x00000e68       0x96 LMMB_main/measure.o
                0x00000e68                MeasureCycleUpdate
 .text.MeasureGetResult0
                0x00000efe        0xa LMMB_main/measure.o
                0x00000efe                MeasureGetResult0
 .text.__vector_1
                0x00000f08       0x1a LMMB_main/measure.o
                0x00000f08                __vector_1
 .text.__vector_2
                0x00000f22       0x1a LMMB_main/measure.o
                0x00000f22                __vector_2
 .text.SSDCycleUpdate
                0x00000f3c       0x8e LMMB_main/ssd.o
                0x00000f3c                SSDCycleUpdate
 .text.SSDDisplayDec
                0x00000fca       0xc8 LMMB_main/ssd.o
                0x00000fca                SSDDisplayDec
 .text.SSDDisplayHex
                0x00001092       0x78 LMMB_main/ssd.o
                0x00001092                SSDDisplayHex
 .text.SSDInit  0x0000110a       0x1e LMMB_main/ssd.o
                0x0000110a                SSDInit
 .text.ADCInit  0x00001128        0xa LM_ADC/adc.o
                0x00001128                ADCInit
 .text.ReadADC10Bit
                0x00001132       0x20 LM_ADC/adc.o
                0x00001132                ReadADC10Bit
 .text.ButtonInit
                0x00001152        0x4 LM_button/button.o
                0x00001152                ButtonInit
 .text.ButtonCycleUpdate
                0x00001156       0x8e LM_button/button.o
                0x00001156                ButtonCycleUpdate
 .text.ButtonGetHoldTime
                0x000011e4        0xa LM_button/button.o
                0x000011e4                ButtonGetHoldTime
 .text.ButtonGetReleased
                0x000011ee        0x6 LM_button/button.o
                0x000011ee                ButtonGetReleased
 .text.ButtonGetHeld
                0x000011f4        0x6 LM_button/button.o
                0x000011f4                ButtonGetHeld
 .text.bufferInitEx
                0x000011fa       0x1a LM_common/buffer_ex.o
                0x000011fa                bufferInitEx
 .text.bufferAddToEndEx
                0x00001214       0x50 LM_common/buffer_ex.o
                0x00001214                bufferAddToEndEx
 .text.bufferIsNotFullEx
                0x00001264       0x16 LM_common/buffer_ex.o
                0x00001264                bufferIsNotFullEx
 .text.bufferFlushEx
                0x0000127a        0xe LM_common/buffer_ex.o
                0x0000127a                bufferFlushEx
 .text.libgcc.div
                0x00001288       0x28 c:/program files (x86)/atmel/studio/7.0/toolchain/avr8/avr8-gnu-toolchain/bin/../lib/gcc/avr/4.9.2/avr5\libgcc.a(_udivmodhi4.o)
                0x00001288                __udivmodhi4
 .text.libgcc.div
                0x000012b0       0x44 c:/program files (x86)/atmel/studio/7.0/toolchain/avr8/avr8-gnu-toolchain/bin/../lib/gcc/avr/4.9.2/avr5\libgcc.a(_udivmodsi4.o)
                0x000012b0                __udivmodsi4
 .text.libgcc   0x000012f4        0xc c:/program files (x86)/atmel/studio/7.0/toolchain/avr8/avr8-gnu-toolchain/bin/../lib/gcc/avr/4.9.2/avr5\libgcc.a(_tablejump2.o)
                0x000012f4                __tablejump2__
                0x00001300                . = ALIGN (0x2)
 *(.fini9)
 .fini9         0x00001300        0x0 c:/program files (x86)/atmel/studio/7.0/toolchain/avr8/avr8-gnu-toolchain/bin/../lib/gcc/avr/4.9.2/avr5\libgcc.a(_exit.o)
                0x00001300                _exit
                0x00001300                exit
 *(.fini9)
 *(.fini8)
 *(.fini8)
 *(.fini7)
 *(.fini7)
 *(.fini6)
 *(.fini6)
 *(.fini5)
 *(.fini5)
 *(.fini4)
 *(.fini4)
 *(.fini3)
 *(.fini3)
 *(.fini2)
 *(.fini2)
 *(.fini1)
 *(.fini1)
 *(.fini0)
 .fini0         0x00001300        0x4 c:/program files (x86)/atmel/studio/7.0/toolchain/avr8/avr8-gnu-toolchain/bin/../lib/gcc/avr/4.9.2/avr5\libgcc.a(_exit.o)
 *(.fini0)
                0x00001304                _etext = .

.data           0x00800060        0x0 load address 0x00001304
                0x00800060                PROVIDE (__data_start, .)
 *(.data)
 *(.data*)
 *(.rodata)
 *(.rodata*)
 *(.gnu.linkonce.d*)
                0x00800060                . = ALIGN (0x2)
                0x00800060                _edata = .
                0x00800060                PROVIDE (__data_end, .)

.bss            0x00800060      0x275
                0x00800060                PROVIDE (__bss_start, .)
 *(.bss)
 *(.bss*)
 .bss.rputchar  0x00800060        0x2 common_avr-liberty-master_src/rprintf.o
 .bss.TimerIntFunc
                0x00800062       0x10 common_avr-liberty-master_src/timer.o
 .bss.UartRxFunc
                0x00800072        0x2 common_avr-liberty-master_src/uart.o
 .bss.uartTxData
                0x00800074       0x40 common_avr-liberty-master_src/uart.o
 .bss.uartRxData
                0x008000b4       0x40 common_avr-liberty-master_src/uart.o
 .bss.cnt.2069  0x008000f4        0x2 LMMB_main/appl.o
 .bss.Adc0MaxArray
                0x008000f6      0x100 LMMB_main/measure.o
 .bss.Adc1DataArray
                0x008001f6       0x28 LMMB_main/measure.o
 .bss.Adc0DataArray
                0x0080021e       0x28 LMMB_main/measure.o
 *(COMMON)
 COMMON         0x00800246        0xc common_avr-liberty-master_src/timer.o
                0x00800246                Timer0Reg0
                0x0080024a                TimerPauseReg
                0x0080024e                Timer2Reg0
 COMMON         0x00800252       0x14 common_avr-liberty-master_src/uart.o
                0x00800252                uartReadyTx
                0x00800253                uartRxBuffer
                0x0080025b                uartBufferedTx
                0x0080025c                uartTxBuffer
                0x00800264                uartRxOverflow
 COMMON         0x00800266       0x33 LMMB_main/appl.o
                0x00800266                appl
                0x00800284                greeting
                0x00800298                testChar
 COMMON         0x00800299        0x4 LMMB_main/led.o
                0x00800299                LEDs
 COMMON         0x0080029d       0x2a LMMB_main/measure.o
                0x0080029d                mData
                0x008002ad                Adc1Buffer
                0x008002b5                Adc0Buffer
                0x008002bd                Adc0MaxBuffer
                0x008002c5                value
 COMMON         0x008002c7        0x6 LMMB_main/ssd.o
                0x008002c7                SSD
 COMMON         0x008002cd        0x8 LM_button/button.o
                0x008002cd                button
                0x008002d5                PROVIDE (__bss_end, .)
                0x00001304                __data_load_start = LOADADDR (.data)
                0x00001304                __data_load_end = (__data_load_start + SIZEOF (.data))

.noinit         0x008002d5        0x0
                0x008002d5                PROVIDE (__noinit_start, .)
 *(.noinit*)
                0x008002d5                PROVIDE (__noinit_end, .)
                0x008002d5                _end = .
                0x008002d5                PROVIDE (__heap_start, .)

.eeprom         0x00810000        0x0
 *(.eeprom*)
                0x00810000                __eeprom_end = .

.fuse
 *(.fuse)
 *(.lfuse)
 *(.hfuse)
 *(.efuse)

.lock
 *(.lock*)

.signature
 *(.signature*)

.user_signatures
 *(.user_signatures*)

.stab
 *(.stab)

.stabstr
 *(.stabstr)

.stab.excl
 *(.stab.excl)

.stab.exclstr
 *(.stab.exclstr)

.stab.index
 *(.stab.index)

.stab.indexstr
 *(.stab.indexstr)

.comment        0x00000000       0x30
 *(.comment)
 .comment       0x00000000       0x30 common_avr-liberty-master_src/buffer.o
                                 0x31 (size before relaxing)
 .comment       0x00000030       0x31 common_avr-liberty-master_src/rprintf.o
 .comment       0x00000030       0x31 common_avr-liberty-master_src/timer.o
 .comment       0x00000030       0x31 common_avr-liberty-master_src/uart.o
 .comment       0x00000030       0x31 LMMB_main/appl.o
 .comment       0x00000030       0x31 LMMB_main/button_dep.o
 .comment       0x00000030       0x31 LMMB_main/led.o
 .comment       0x00000030       0x31 LMMB_main/main.o
 .comment       0x00000030       0x31 LMMB_main/measure.o
 .comment       0x00000030       0x31 LMMB_main/ssd.o
 .comment       0x00000030       0x31 LM_ADC/adc.o
 .comment       0x00000030       0x31 LM_button/button.o
 .comment       0x00000030       0x31 LM_common/buffer_ex.o

.note.gnu.avr.deviceinfo
                0x00000000       0x3c
 .note.gnu.avr.deviceinfo
                0x00000000       0x3c C:/Program Files (x86)/Atmel/Studio/7.0/Packs/atmel/ATmega_DFP/1.0.90/gcc/dev/atmega16/avr5/crtatmega16.o

.note.gnu.build-id
 *(.note.gnu.build-id)

.debug
 *(.debug)

.line
 *(.line)

.debug_srcinfo
 *(.debug_srcinfo)

.debug_sfnames
 *(.debug_sfnames)

.debug_aranges  0x00000000      0x518
 *(.debug_aranges)
 .debug_aranges
                0x00000000       0x50 common_avr-liberty-master_src/buffer.o
 .debug_aranges
                0x00000050       0x78 common_avr-liberty-master_src/rprintf.o
 .debug_aranges
                0x000000c8      0x130 common_avr-liberty-master_src/timer.o
 .debug_aranges
                0x000001f8       0x90 common_avr-liberty-master_src/uart.o
 .debug_aranges
                0x00000288       0x48 LMMB_main/appl.o
 .debug_aranges
                0x000002d0       0x48 LMMB_main/button_dep.o
 .debug_aranges
                0x00000318       0x88 LMMB_main/led.o
 .debug_aranges
                0x000003a0       0x20 LMMB_main/main.o
 .debug_aranges
                0x000003c0       0x58 LMMB_main/measure.o
 .debug_aranges
                0x00000418       0x38 LMMB_main/ssd.o
 .debug_aranges
                0x00000450       0x30 LM_ADC/adc.o
 .debug_aranges
                0x00000480       0x48 LM_button/button.o
 .debug_aranges
                0x000004c8       0x50 LM_common/buffer_ex.o

.debug_pubnames
 *(.debug_pubnames)

.debug_info     0x00000000     0x3c1d
 *(.debug_info .gnu.linkonce.wi.*)
 .debug_info    0x00000000      0x2ed common_avr-liberty-master_src/buffer.o
 .debug_info    0x000002ed      0x624 common_avr-liberty-master_src/rprintf.o
 .debug_info    0x00000911      0x728 common_avr-liberty-master_src/timer.o
 .debug_info    0x00001039      0x5a7 common_avr-liberty-master_src/uart.o
 .debug_info    0x000015e0      0x8b9 LMMB_main/appl.o
 .debug_info    0x00001e99      0x22b LMMB_main/button_dep.o
 .debug_info    0x000020c4      0x497 LMMB_main/led.o
 .debug_info    0x0000255b      0x135 LMMB_main/main.o
 .debug_info    0x00002690      0x7d4 LMMB_main/measure.o
 .debug_info    0x00002e64      0x707 LMMB_main/ssd.o
 .debug_info    0x0000356b      0x125 LM_ADC/adc.o
 .debug_info    0x00003690      0x28e LM_button/button.o
 .debug_info    0x0000391e      0x2ff LM_common/buffer_ex.o

.debug_abbrev   0x00000000     0x1627
 *(.debug_abbrev)
 .debug_abbrev  0x00000000       0xea common_avr-liberty-master_src/buffer.o
 .debug_abbrev  0x000000ea      0x1dd common_avr-liberty-master_src/rprintf.o
 .debug_abbrev  0x000002c7      0x238 common_avr-liberty-master_src/timer.o
 .debug_abbrev  0x000004ff      0x2c2 common_avr-liberty-master_src/uart.o
 .debug_abbrev  0x000007c1      0x2b9 LMMB_main/appl.o
 .debug_abbrev  0x00000a7a      0x111 LMMB_main/button_dep.o
 .debug_abbrev  0x00000b8b      0x1c8 LMMB_main/led.o
 .debug_abbrev  0x00000d53       0x64 LMMB_main/main.o
 .debug_abbrev  0x00000db7      0x2f2 LMMB_main/measure.o
 .debug_abbrev  0x000010a9      0x24a LMMB_main/ssd.o
 .debug_abbrev  0x000012f3       0xcb LM_ADC/adc.o
 .debug_abbrev  0x000013be      0x163 LM_button/button.o
 .debug_abbrev  0x00001521      0x106 LM_common/buffer_ex.o

.debug_line     0x00000000     0x15c0
 *(.debug_line .debug_line.* .debug_line_end)
 .debug_line    0x00000000      0x153 common_avr-liberty-master_src/buffer.o
 .debug_line    0x00000153      0x28a common_avr-liberty-master_src/rprintf.o
 .debug_line    0x000003dd      0x36b common_avr-liberty-master_src/timer.o
 .debug_line    0x00000748      0x1ef common_avr-liberty-master_src/uart.o
 .debug_line    0x00000937      0x27a LMMB_main/appl.o
 .debug_line    0x00000bb1      0x12b LMMB_main/button_dep.o
 .debug_line    0x00000cdc      0x1d0 LMMB_main/led.o
 .debug_line    0x00000eac       0xa7 LMMB_main/main.o
 .debug_line    0x00000f53      0x1e9 LMMB_main/measure.o
 .debug_line    0x0000113c      0x131 LMMB_main/ssd.o
 .debug_line    0x0000126d       0xd0 LM_ADC/adc.o
 .debug_line    0x0000133d      0x13e LM_button/button.o
 .debug_line    0x0000147b      0x145 LM_common/buffer_ex.o

.debug_frame    0x00000000      0xdb8
 *(.debug_frame)
 .debug_frame   0x00000000       0x84 common_avr-liberty-master_src/buffer.o
 .debug_frame   0x00000084      0x1e8 common_avr-liberty-master_src/rprintf.o
 .debug_frame   0x0000026c      0x4b4 common_avr-liberty-master_src/timer.o
 .debug_frame   0x00000720      0x1bc common_avr-liberty-master_src/uart.o
 .debug_frame   0x000008dc       0x8c LMMB_main/appl.o
 .debug_frame   0x00000968       0x74 LMMB_main/button_dep.o
 .debug_frame   0x000009dc       0xf4 LMMB_main/led.o
 .debug_frame   0x00000ad0       0x24 LMMB_main/main.o
 .debug_frame   0x00000af4       0xf4 LMMB_main/measure.o
 .debug_frame   0x00000be8       0x74 LMMB_main/ssd.o
 .debug_frame   0x00000c5c       0x44 LM_ADC/adc.o
 .debug_frame   0x00000ca0       0x74 LM_button/button.o
 .debug_frame   0x00000d14       0xa4 LM_common/buffer_ex.o

.debug_str      0x00000000     0x12c0
 *(.debug_str)
 .debug_str     0x00000000      0x227 common_avr-liberty-master_src/buffer.o
                                0x273 (size before relaxing)
 .debug_str     0x00000227      0x17e common_avr-liberty-master_src/rprintf.o
                                0x308 (size before relaxing)
 .debug_str     0x000003a5      0x307 common_avr-liberty-master_src/timer.o
                                0x49c (size before relaxing)
 .debug_str     0x000006ac      0x1b1 common_avr-liberty-master_src/uart.o
                                0x396 (size before relaxing)
 .debug_str     0x0000085d      0x3e4 LMMB_main/appl.o
                                0x64e (size before relaxing)
 .debug_str     0x00000c41       0xfd LMMB_main/button_dep.o
                                0x2d5 (size before relaxing)
 .debug_str     0x00000d3e      0x16c LMMB_main/led.o
                                0x2f9 (size before relaxing)
 .debug_str     0x00000eaa       0x4d LMMB_main/main.o
                                0x202 (size before relaxing)
 .debug_str     0x00000ef7      0x1d4 LMMB_main/measure.o
                                0x3de (size before relaxing)
 .debug_str     0x000010cb      0x11d LMMB_main/ssd.o
                                0x365 (size before relaxing)
 .debug_str     0x000011e8       0x36 LM_ADC/adc.o
                                0x1aa (size before relaxing)
 .debug_str     0x0000121e       0x4b LM_button/button.o
                                0x2ee (size before relaxing)
 .debug_str     0x00001269       0x57 LM_common/buffer_ex.o
                                0x27e (size before relaxing)

.debug_loc      0x00000000     0x2629
 *(.debug_loc)
 .debug_loc     0x00000000      0x200 common_avr-liberty-master_src/buffer.o
 .debug_loc     0x00000200      0xb32 common_avr-liberty-master_src/rprintf.o
 .debug_loc     0x00000d32      0x8cf common_avr-liberty-master_src/timer.o
 .debug_loc     0x00001601      0x343 common_avr-liberty-master_src/uart.o
 .debug_loc     0x00001944      0x18a LMMB_main/appl.o
 .debug_loc     0x00001ace       0x32 LMMB_main/button_dep.o
 .debug_loc     0x00001b00      0x100 LMMB_main/led.o
 .debug_loc     0x00001c00      0x231 LMMB_main/measure.o
 .debug_loc     0x00001e31      0x469 LMMB_main/ssd.o
 .debug_loc     0x0000229a       0x5a LM_ADC/adc.o
 .debug_loc     0x000022f4       0x74 LM_button/button.o
 .debug_loc     0x00002368      0x2c1 LM_common/buffer_ex.o

.debug_macinfo
 *(.debug_macinfo)

.debug_weaknames
 *(.debug_weaknames)

.debug_funcnames
 *(.debug_funcnames)

.debug_typenames
 *(.debug_typenames)

.debug_varnames
 *(.debug_varnames)

.debug_pubtypes
 *(.debug_pubtypes)

.debug_ranges   0x00000000      0x448
 *(.debug_ranges)
 .debug_ranges  0x00000000       0x40 common_avr-liberty-master_src/buffer.o
 .debug_ranges  0x00000040       0x68 common_avr-liberty-master_src/rprintf.o
 .debug_ranges  0x000000a8      0x120 common_avr-liberty-master_src/timer.o
 .debug_ranges  0x000001c8       0x80 common_avr-liberty-master_src/uart.o
 .debug_ranges  0x00000248       0x38 LMMB_main/appl.o
 .debug_ranges  0x00000280       0x38 LMMB_main/button_dep.o
 .debug_ranges  0x000002b8       0x78 LMMB_main/led.o
 .debug_ranges  0x00000330       0x10 LMMB_main/main.o
 .debug_ranges  0x00000340       0x48 LMMB_main/measure.o
 .debug_ranges  0x00000388       0x28 LMMB_main/ssd.o
 .debug_ranges  0x000003b0       0x20 LM_ADC/adc.o
 .debug_ranges  0x000003d0       0x38 LM_button/button.o
 .debug_ranges  0x00000408       0x40 LM_common/buffer_ex.o

.debug_macro
 *(.debug_macro)
OUTPUT(LevelMeterMainboard.elf elf32-avr)
LOAD linker stubs
