Archive member included to satisfy reference by file (symbol)

c:/program files (x86)/atmel/studio/7.0/toolchain/avr8/avr8-gnu-toolchain/bin/../lib/gcc/avr/4.9.2/avr5\libgcc.a(_udivmodhi4.o)
                              common_avr-liberty-master_src/buffer.o (__udivmodhi4)
c:/program files (x86)/atmel/studio/7.0/toolchain/avr8/avr8-gnu-toolchain/bin/../lib/gcc/avr/4.9.2/avr5\libgcc.a(_udivmodsi4.o)
                              common_avr-liberty-master_src/rprintf.o (__udivmodsi4)
c:/program files (x86)/atmel/studio/7.0/toolchain/avr8/avr8-gnu-toolchain/bin/../lib/gcc/avr/4.9.2/avr5\libgcc.a(_exit.o)
                              C:/Program Files (x86)/Atmel/Studio/7.0/Packs/atmel/ATmega_DFP/1.0.90/gcc/dev/atmega16/avr5/crtatmega16.o (exit)
c:/program files (x86)/atmel/studio/7.0/toolchain/avr8/avr8-gnu-toolchain/bin/../lib/gcc/avr/4.9.2/avr5\libgcc.a(_tablejump2.o)
                              LMMB_main/appl.o (__tablejump2__)
c:/program files (x86)/atmel/studio/7.0/toolchain/avr8/avr8-gnu-toolchain/bin/../lib/gcc/avr/4.9.2/avr5\libgcc.a(_clear_bss.o)
                              common_avr-liberty-master_src/rprintf.o (__do_clear_bss)

Allocating common symbols
Common symbol       size              file

uartReadyTx         0x1               common_avr-liberty-master_src/uart.o
appl                0x16              LMMB_main/appl.o
greeting            0x14              LMMB_main/appl.o
uartRxBuffer        0x8               common_avr-liberty-master_src/uart.o
button              0x8               LM_button/button.o
LEDs                0x4               LMMB_main/led.o
uartBufferedTx      0x1               common_avr-liberty-master_src/uart.o
testChar            0x1               LMMB_main/appl.o
uartTxBuffer        0x8               common_avr-liberty-master_src/uart.o
uartRxOverflow      0x2               common_avr-liberty-master_src/uart.o
SSD                 0x6               LMMB_main/ssd.o

Discarded input sections

 .data          0x00000000        0x0 C:/Program Files (x86)/Atmel/Studio/7.0/Packs/atmel/ATmega_DFP/1.0.90/gcc/dev/atmega16/avr5/crtatmega16.o
 .bss           0x00000000        0x0 C:/Program Files (x86)/Atmel/Studio/7.0/Packs/atmel/ATmega_DFP/1.0.90/gcc/dev/atmega16/avr5/crtatmega16.o
 .text          0x00000000        0x0 common_avr-liberty-master_src/buffer.o
 .data          0x00000000        0x0 common_avr-liberty-master_src/buffer.o
 .bss           0x00000000        0x0 common_avr-liberty-master_src/buffer.o
 .text.bufferDumpFromFront
                0x00000000       0x40 common_avr-liberty-master_src/buffer.o
 .text.bufferGetAtIndex
                0x00000000       0x26 common_avr-liberty-master_src/buffer.o
 .text.bufferIsNotFull
                0x00000000       0x16 common_avr-liberty-master_src/buffer.o
 .text.bufferFlush
                0x00000000        0xe common_avr-liberty-master_src/buffer.o
 .text          0x00000000        0x0 common_avr-liberty-master_src/rprintf.o
 .data          0x00000000        0x0 common_avr-liberty-master_src/rprintf.o
 .bss           0x00000000        0x0 common_avr-liberty-master_src/rprintf.o
 .text.rprintfStr
                0x00000000       0x1c common_avr-liberty-master_src/rprintf.o
 .text.rprintfStrLen
                0x00000000       0x5c common_avr-liberty-master_src/rprintf.o
 .text.rprintfProgStr
                0x00000000       0x22 common_avr-liberty-master_src/rprintf.o
 .text.rprintfCRLF
                0x00000000        0x6 common_avr-liberty-master_src/rprintf.o
 .text.rprintfu08
                0x00000000       0x14 common_avr-liberty-master_src/rprintf.o
 .text.rprintfu16
                0x00000000       0x12 common_avr-liberty-master_src/rprintf.o
 .text.rprintfu32
                0x00000000       0x20 common_avr-liberty-master_src/rprintf.o
 .text.rprintfNum
                0x00000000      0x140 common_avr-liberty-master_src/rprintf.o
 .text          0x00000000        0x0 common_avr-liberty-master_src/uart.o
 .data          0x00000000        0x0 common_avr-liberty-master_src/uart.o
 .bss           0x00000000        0x0 common_avr-liberty-master_src/uart.o
 .text.uartSetRxHandler
                0x00000000        0xa common_avr-liberty-master_src/uart.o
 .text.uartGetRxBuffer
                0x00000000        0x6 common_avr-liberty-master_src/uart.o
 .text.uartGetTxBuffer
                0x00000000        0x6 common_avr-liberty-master_src/uart.o
 .text.uartReceiveByte
                0x00000000       0x34 common_avr-liberty-master_src/uart.o
 .text.uartGetByte
                0x00000000       0x28 common_avr-liberty-master_src/uart.o
 .text.uartFlushReceiveBuffer
                0x00000000        0xa common_avr-liberty-master_src/uart.o
 .text.uartReceiveBufferIsEmpty
                0x00000000       0x14 common_avr-liberty-master_src/uart.o
 .text.uartAddToTxBuffer
                0x00000000        0xa common_avr-liberty-master_src/uart.o
 .text.uartSendTxBuffer
                0x00000000       0x12 common_avr-liberty-master_src/uart.o
 .text          0x00000000        0x0 LMMB_main/appl.o
 .data          0x00000000        0x0 LMMB_main/appl.o
 .bss           0x00000000        0x0 LMMB_main/appl.o
 .text.AppSelfDetGetState
                0x00000000        0x8 LMMB_main/appl.o
 .text.AppSelfDetGetResult
                0x00000000        0xa LMMB_main/appl.o
 .text          0x00000000        0x0 LMMB_main/button_dep.o
 .data          0x00000000        0x0 LMMB_main/button_dep.o
 .bss           0x00000000        0x0 LMMB_main/button_dep.o
 .text          0x00000000        0x0 LMMB_main/led.o
 .data          0x00000000        0x0 LMMB_main/led.o
 .bss           0x00000000        0x0 LMMB_main/led.o
 .text.LEDFlag1Set
                0x00000000       0x10 LMMB_main/led.o
 .text.LEDFlag1On
                0x00000000        0xc LMMB_main/led.o
 .text.LEDFlag1Flash1Hz
                0x00000000        0xe LMMB_main/led.o
 .text.LEDFlag1Flash2Hz
                0x00000000        0xe LMMB_main/led.o
 .text.LEDFlag1Flash3Hz
                0x00000000        0xe LMMB_main/led.o
 .text.LEDFlag1Off
                0x00000000        0xe LMMB_main/led.o
 .text.LEDFlag2Set
                0x00000000       0x10 LMMB_main/led.o
 .text.LEDFlag2On
                0x00000000        0xc LMMB_main/led.o
 .text.LEDFlag2Flash1Hz
                0x00000000        0xe LMMB_main/led.o
 .text.LEDFlag2Flash2Hz
                0x00000000        0xe LMMB_main/led.o
 .text.LEDFlag2Flash3Hz
                0x00000000        0xe LMMB_main/led.o
 .text.LEDFlag2Off
                0x00000000        0xe LMMB_main/led.o
 .text          0x00000000        0x0 LMMB_main/main.o
 .data          0x00000000        0x0 LMMB_main/main.o
 .bss           0x00000000        0x0 LMMB_main/main.o
 .text          0x00000000        0x0 LMMB_main/measure.o
 .data          0x00000000        0x0 LMMB_main/measure.o
 .bss           0x00000000        0x0 LMMB_main/measure.o
 .debug_line    0x00000000        0x0 LMMB_main/measure.o
 .debug_str     0x00000000       0xf7 LMMB_main/measure.o
 .comment       0x00000000       0x31 LMMB_main/measure.o
 .text          0x00000000        0x0 LMMB_main/ssd.o
 .data          0x00000000        0x0 LMMB_main/ssd.o
 .bss           0x00000000        0x0 LMMB_main/ssd.o
 .text          0x00000000        0x0 LM_button/button.o
 .data          0x00000000        0x0 LM_button/button.o
 .bss           0x00000000        0x0 LM_button/button.o
 .text.ButtonGetTwiceTap
                0x00000000        0x6 LM_button/button.o
 .text          0x00000000        0x0 c:/program files (x86)/atmel/studio/7.0/toolchain/avr8/avr8-gnu-toolchain/bin/../lib/gcc/avr/4.9.2/avr5\libgcc.a(_udivmodhi4.o)
 .data          0x00000000        0x0 c:/program files (x86)/atmel/studio/7.0/toolchain/avr8/avr8-gnu-toolchain/bin/../lib/gcc/avr/4.9.2/avr5\libgcc.a(_udivmodhi4.o)
 .bss           0x00000000        0x0 c:/program files (x86)/atmel/studio/7.0/toolchain/avr8/avr8-gnu-toolchain/bin/../lib/gcc/avr/4.9.2/avr5\libgcc.a(_udivmodhi4.o)
 .text.libgcc.mul
                0x00000000        0x0 c:/program files (x86)/atmel/studio/7.0/toolchain/avr8/avr8-gnu-toolchain/bin/../lib/gcc/avr/4.9.2/avr5\libgcc.a(_udivmodhi4.o)
 .text.libgcc   0x00000000        0x0 c:/program files (x86)/atmel/studio/7.0/toolchain/avr8/avr8-gnu-toolchain/bin/../lib/gcc/avr/4.9.2/avr5\libgcc.a(_udivmodhi4.o)
 .text.libgcc.prologue
                0x00000000        0x0 c:/program files (x86)/atmel/studio/7.0/toolchain/avr8/avr8-gnu-toolchain/bin/../lib/gcc/avr/4.9.2/avr5\libgcc.a(_udivmodhi4.o)
 .text.libgcc.builtins
                0x00000000        0x0 c:/program files (x86)/atmel/studio/7.0/toolchain/avr8/avr8-gnu-toolchain/bin/../lib/gcc/avr/4.9.2/avr5\libgcc.a(_udivmodhi4.o)
 .text.libgcc.fmul
                0x00000000        0x0 c:/program files (x86)/atmel/studio/7.0/toolchain/avr8/avr8-gnu-toolchain/bin/../lib/gcc/avr/4.9.2/avr5\libgcc.a(_udivmodhi4.o)
 .text.libgcc.fixed
                0x00000000        0x0 c:/program files (x86)/atmel/studio/7.0/toolchain/avr8/avr8-gnu-toolchain/bin/../lib/gcc/avr/4.9.2/avr5\libgcc.a(_udivmodhi4.o)
 .text          0x00000000        0x0 c:/program files (x86)/atmel/studio/7.0/toolchain/avr8/avr8-gnu-toolchain/bin/../lib/gcc/avr/4.9.2/avr5\libgcc.a(_udivmodsi4.o)
 .data          0x00000000        0x0 c:/program files (x86)/atmel/studio/7.0/toolchain/avr8/avr8-gnu-toolchain/bin/../lib/gcc/avr/4.9.2/avr5\libgcc.a(_udivmodsi4.o)
 .bss           0x00000000        0x0 c:/program files (x86)/atmel/studio/7.0/toolchain/avr8/avr8-gnu-toolchain/bin/../lib/gcc/avr/4.9.2/avr5\libgcc.a(_udivmodsi4.o)
 .text.libgcc.mul
                0x00000000        0x0 c:/program files (x86)/atmel/studio/7.0/toolchain/avr8/avr8-gnu-toolchain/bin/../lib/gcc/avr/4.9.2/avr5\libgcc.a(_udivmodsi4.o)
 .text.libgcc   0x00000000        0x0 c:/program files (x86)/atmel/studio/7.0/toolchain/avr8/avr8-gnu-toolchain/bin/../lib/gcc/avr/4.9.2/avr5\libgcc.a(_udivmodsi4.o)
 .text.libgcc.prologue
                0x00000000        0x0 c:/program files (x86)/atmel/studio/7.0/toolchain/avr8/avr8-gnu-toolchain/bin/../lib/gcc/avr/4.9.2/avr5\libgcc.a(_udivmodsi4.o)
 .text.libgcc.builtins
                0x00000000        0x0 c:/program files (x86)/atmel/studio/7.0/toolchain/avr8/avr8-gnu-toolchain/bin/../lib/gcc/avr/4.9.2/avr5\libgcc.a(_udivmodsi4.o)
 .text.libgcc.fmul
                0x00000000        0x0 c:/program files (x86)/atmel/studio/7.0/toolchain/avr8/avr8-gnu-toolchain/bin/../lib/gcc/avr/4.9.2/avr5\libgcc.a(_udivmodsi4.o)
 .text.libgcc.fixed
                0x00000000        0x0 c:/program files (x86)/atmel/studio/7.0/toolchain/avr8/avr8-gnu-toolchain/bin/../lib/gcc/avr/4.9.2/avr5\libgcc.a(_udivmodsi4.o)
 .text          0x00000000        0x0 c:/program files (x86)/atmel/studio/7.0/toolchain/avr8/avr8-gnu-toolchain/bin/../lib/gcc/avr/4.9.2/avr5\libgcc.a(_exit.o)
 .data          0x00000000        0x0 c:/program files (x86)/atmel/studio/7.0/toolchain/avr8/avr8-gnu-toolchain/bin/../lib/gcc/avr/4.9.2/avr5\libgcc.a(_exit.o)
 .bss           0x00000000        0x0 c:/program files (x86)/atmel/studio/7.0/toolchain/avr8/avr8-gnu-toolchain/bin/../lib/gcc/avr/4.9.2/avr5\libgcc.a(_exit.o)
 .text.libgcc.mul
                0x00000000        0x0 c:/program files (x86)/atmel/studio/7.0/toolchain/avr8/avr8-gnu-toolchain/bin/../lib/gcc/avr/4.9.2/avr5\libgcc.a(_exit.o)
 .text.libgcc.div
                0x00000000        0x0 c:/program files (x86)/atmel/studio/7.0/toolchain/avr8/avr8-gnu-toolchain/bin/../lib/gcc/avr/4.9.2/avr5\libgcc.a(_exit.o)
 .text.libgcc   0x00000000        0x0 c:/program files (x86)/atmel/studio/7.0/toolchain/avr8/avr8-gnu-toolchain/bin/../lib/gcc/avr/4.9.2/avr5\libgcc.a(_exit.o)
 .text.libgcc.prologue
                0x00000000        0x0 c:/program files (x86)/atmel/studio/7.0/toolchain/avr8/avr8-gnu-toolchain/bin/../lib/gcc/avr/4.9.2/avr5\libgcc.a(_exit.o)
 .text.libgcc.builtins
                0x00000000        0x0 c:/program files (x86)/atmel/studio/7.0/toolchain/avr8/avr8-gnu-toolchain/bin/../lib/gcc/avr/4.9.2/avr5\libgcc.a(_exit.o)
 .text.libgcc.fmul
                0x00000000        0x0 c:/program files (x86)/atmel/studio/7.0/toolchain/avr8/avr8-gnu-toolchain/bin/../lib/gcc/avr/4.9.2/avr5\libgcc.a(_exit.o)
 .text.libgcc.fixed
                0x00000000        0x0 c:/program files (x86)/atmel/studio/7.0/toolchain/avr8/avr8-gnu-toolchain/bin/../lib/gcc/avr/4.9.2/avr5\libgcc.a(_exit.o)
 .text          0x00000000        0x0 c:/program files (x86)/atmel/studio/7.0/toolchain/avr8/avr8-gnu-toolchain/bin/../lib/gcc/avr/4.9.2/avr5\libgcc.a(_tablejump2.o)
 .data          0x00000000        0x0 c:/program files (x86)/atmel/studio/7.0/toolchain/avr8/avr8-gnu-toolchain/bin/../lib/gcc/avr/4.9.2/avr5\libgcc.a(_tablejump2.o)
 .bss           0x00000000        0x0 c:/program files (x86)/atmel/studio/7.0/toolchain/avr8/avr8-gnu-toolchain/bin/../lib/gcc/avr/4.9.2/avr5\libgcc.a(_tablejump2.o)
 .text.libgcc.mul
                0x00000000        0x0 c:/program files (x86)/atmel/studio/7.0/toolchain/avr8/avr8-gnu-toolchain/bin/../lib/gcc/avr/4.9.2/avr5\libgcc.a(_tablejump2.o)
 .text.libgcc.div
                0x00000000        0x0 c:/program files (x86)/atmel/studio/7.0/toolchain/avr8/avr8-gnu-toolchain/bin/../lib/gcc/avr/4.9.2/avr5\libgcc.a(_tablejump2.o)
 .text.libgcc.prologue
                0x00000000        0x0 c:/program files (x86)/atmel/studio/7.0/toolchain/avr8/avr8-gnu-toolchain/bin/../lib/gcc/avr/4.9.2/avr5\libgcc.a(_tablejump2.o)
 .text.libgcc.builtins
                0x00000000        0x0 c:/program files (x86)/atmel/studio/7.0/toolchain/avr8/avr8-gnu-toolchain/bin/../lib/gcc/avr/4.9.2/avr5\libgcc.a(_tablejump2.o)
 .text.libgcc.fmul
                0x00000000        0x0 c:/program files (x86)/atmel/studio/7.0/toolchain/avr8/avr8-gnu-toolchain/bin/../lib/gcc/avr/4.9.2/avr5\libgcc.a(_tablejump2.o)
 .text.libgcc.fixed
                0x00000000        0x0 c:/program files (x86)/atmel/studio/7.0/toolchain/avr8/avr8-gnu-toolchain/bin/../lib/gcc/avr/4.9.2/avr5\libgcc.a(_tablejump2.o)
 .text          0x00000000        0x0 c:/program files (x86)/atmel/studio/7.0/toolchain/avr8/avr8-gnu-toolchain/bin/../lib/gcc/avr/4.9.2/avr5\libgcc.a(_clear_bss.o)
 .data          0x00000000        0x0 c:/program files (x86)/atmel/studio/7.0/toolchain/avr8/avr8-gnu-toolchain/bin/../lib/gcc/avr/4.9.2/avr5\libgcc.a(_clear_bss.o)
 .bss           0x00000000        0x0 c:/program files (x86)/atmel/studio/7.0/toolchain/avr8/avr8-gnu-toolchain/bin/../lib/gcc/avr/4.9.2/avr5\libgcc.a(_clear_bss.o)
 .text.libgcc.mul
                0x00000000        0x0 c:/program files (x86)/atmel/studio/7.0/toolchain/avr8/avr8-gnu-toolchain/bin/../lib/gcc/avr/4.9.2/avr5\libgcc.a(_clear_bss.o)
 .text.libgcc.div
                0x00000000        0x0 c:/program files (x86)/atmel/studio/7.0/toolchain/avr8/avr8-gnu-toolchain/bin/../lib/gcc/avr/4.9.2/avr5\libgcc.a(_clear_bss.o)
 .text.libgcc   0x00000000        0x0 c:/program files (x86)/atmel/studio/7.0/toolchain/avr8/avr8-gnu-toolchain/bin/../lib/gcc/avr/4.9.2/avr5\libgcc.a(_clear_bss.o)
 .text.libgcc.prologue
                0x00000000        0x0 c:/program files (x86)/atmel/studio/7.0/toolchain/avr8/avr8-gnu-toolchain/bin/../lib/gcc/avr/4.9.2/avr5\libgcc.a(_clear_bss.o)
 .text.libgcc.builtins
                0x00000000        0x0 c:/program files (x86)/atmel/studio/7.0/toolchain/avr8/avr8-gnu-toolchain/bin/../lib/gcc/avr/4.9.2/avr5\libgcc.a(_clear_bss.o)
 .text.libgcc.fmul
                0x00000000        0x0 c:/program files (x86)/atmel/studio/7.0/toolchain/avr8/avr8-gnu-toolchain/bin/../lib/gcc/avr/4.9.2/avr5\libgcc.a(_clear_bss.o)
 .text.libgcc.fixed
                0x00000000        0x0 c:/program files (x86)/atmel/studio/7.0/toolchain/avr8/avr8-gnu-toolchain/bin/../lib/gcc/avr/4.9.2/avr5\libgcc.a(_clear_bss.o)

Memory Configuration

Name             Origin             Length             Attributes
text             0x00000000         0x00020000         xr
data             0x00800060         0x0000ffa0         rw !x
eeprom           0x00810000         0x00010000         rw !x
fuse             0x00820000         0x00000400         rw !x
lock             0x00830000         0x00000400         rw !x
signature        0x00840000         0x00000400         rw !x
user_signatures  0x00850000         0x00000400         rw !x
*default*        0x00000000         0xffffffff

Linker script and memory map

LOAD C:/Program Files (x86)/Atmel/Studio/7.0/Packs/atmel/ATmega_DFP/1.0.90/gcc/dev/atmega16/avr5/crtatmega16.o
LOAD common_avr-liberty-master_src/buffer.o
LOAD common_avr-liberty-master_src/rprintf.o
LOAD common_avr-liberty-master_src/uart.o
LOAD LMMB_main/appl.o
LOAD LMMB_main/button_dep.o
LOAD LMMB_main/led.o
LOAD LMMB_main/main.o
LOAD LMMB_main/measure.o
LOAD LMMB_main/ssd.o
LOAD LM_button/button.o
START GROUP
LOAD c:/program files (x86)/atmel/studio/7.0/toolchain/avr8/avr8-gnu-toolchain/bin/../lib/gcc/avr/4.9.2/../../../../avr/lib/avr5\libm.a
END GROUP
START GROUP
LOAD c:/program files (x86)/atmel/studio/7.0/toolchain/avr8/avr8-gnu-toolchain/bin/../lib/gcc/avr/4.9.2/avr5\libgcc.a
LOAD c:/program files (x86)/atmel/studio/7.0/toolchain/avr8/avr8-gnu-toolchain/bin/../lib/gcc/avr/4.9.2/../../../../avr/lib/avr5\libm.a
LOAD c:/program files (x86)/atmel/studio/7.0/toolchain/avr8/avr8-gnu-toolchain/bin/../lib/gcc/avr/4.9.2/../../../../avr/lib/avr5\libc.a
LOAD C:/Program Files (x86)/Atmel/Studio/7.0/Packs/atmel/ATmega_DFP/1.0.90/gcc/dev/atmega16/avr5\libatmega16.a
END GROUP

.hash
 *(.hash)

.dynsym
 *(.dynsym)

.dynstr
 *(.dynstr)

.gnu.version
 *(.gnu.version)

.gnu.version_d
 *(.gnu.version_d)

.gnu.version_r
 *(.gnu.version_r)

.rel.init
 *(.rel.init)

.rela.init
 *(.rela.init)

.rel.text
 *(.rel.text)
 *(.rel.text.*)
 *(.rel.gnu.linkonce.t*)

.rela.text
 *(.rela.text)
 *(.rela.text.*)
 *(.rela.gnu.linkonce.t*)

.rel.fini
 *(.rel.fini)

.rela.fini
 *(.rela.fini)

.rel.rodata
 *(.rel.rodata)
 *(.rel.rodata.*)
 *(.rel.gnu.linkonce.r*)

.rela.rodata
 *(.rela.rodata)
 *(.rela.rodata.*)
 *(.rela.gnu.linkonce.r*)

.rel.data
 *(.rel.data)
 *(.rel.data.*)
 *(.rel.gnu.linkonce.d*)

.rela.data
 *(.rela.data)
 *(.rela.data.*)
 *(.rela.gnu.linkonce.d*)

.rel.ctors
 *(.rel.ctors)

.rela.ctors
 *(.rela.ctors)

.rel.dtors
 *(.rel.dtors)

.rela.dtors
 *(.rela.dtors)

.rel.got
 *(.rel.got)

.rela.got
 *(.rela.got)

.rel.bss
 *(.rel.bss)

.rela.bss
 *(.rela.bss)

.rel.plt
 *(.rel.plt)

.rela.plt
 *(.rela.plt)

.text           0x00000000      0xb34
 *(.vectors)
 .vectors       0x00000000       0x54 C:/Program Files (x86)/Atmel/Studio/7.0/Packs/atmel/ATmega_DFP/1.0.90/gcc/dev/atmega16/avr5/crtatmega16.o
                0x00000000                __vector_default
                0x00000000                __vectors
 *(.vectors)
 *(.progmem.gcc*)
 .progmem.gcc_sw_table.AppCycleUpdate
                0x00000054       0x10 LMMB_main/appl.o
                0x00000064                . = ALIGN (0x2)
                0x00000064                __trampolines_start = .
 *(.trampolines)
 .trampolines   0x00000064        0x0 linker stubs
 *(.trampolines*)
                0x00000064                __trampolines_end = .
 *(.progmem*)
 .progmem.data.HexChars
                0x00000064       0x11 common_avr-liberty-master_src/rprintf.o
 .progmem.data.__c.2185
                0x00000075        0x7 LMMB_main/appl.o
 .progmem.data.__c.2183
                0x0000007c        0x7 LMMB_main/appl.o
 .progmem.data.__c.2179
                0x00000083        0x7 LMMB_main/appl.o
 .progmem.data.__c.2177
                0x0000008a        0x8 LMMB_main/appl.o
 .progmem.data.__c.2175
                0x00000092        0xc LMMB_main/appl.o
 .progmem.data.__c.2173
                0x0000009e        0x7 LMMB_main/appl.o
 .progmem.data.__c.2162
                0x000000a5       0x12 LMMB_main/appl.o
 .progmem.data.ssdCharTble
                0x000000b7       0x13 LMMB_main/ssd.o
                0x000000ca                . = ALIGN (0x2)
 *(.jumptables)
 *(.jumptables*)
 *(.lowtext)
 *(.lowtext*)
                0x000000ca                __ctors_start = .
 *(.ctors)
                0x000000ca                __ctors_end = .
                0x000000ca                __dtors_start = .
 *(.dtors)
                0x000000ca                __dtors_end = .
 SORT(*)(.ctors)
 SORT(*)(.dtors)
 *(.init0)
 .init0         0x000000ca        0x0 C:/Program Files (x86)/Atmel/Studio/7.0/Packs/atmel/ATmega_DFP/1.0.90/gcc/dev/atmega16/avr5/crtatmega16.o
                0x000000ca                __init
 *(.init0)
 *(.init1)
 *(.init1)
 *(.init2)
 .init2         0x000000ca        0xc C:/Program Files (x86)/Atmel/Studio/7.0/Packs/atmel/ATmega_DFP/1.0.90/gcc/dev/atmega16/avr5/crtatmega16.o
 *(.init2)
 *(.init3)
 *(.init3)
 *(.init4)
 .init4         0x000000d6       0x10 c:/program files (x86)/atmel/studio/7.0/toolchain/avr8/avr8-gnu-toolchain/bin/../lib/gcc/avr/4.9.2/avr5\libgcc.a(_clear_bss.o)
                0x000000d6                __do_clear_bss
 *(.init4)
 *(.init5)
 *(.init5)
 *(.init6)
 *(.init6)
 *(.init7)
 *(.init7)
 *(.init8)
 *(.init8)
 *(.init9)
 .init9         0x000000e6        0x8 C:/Program Files (x86)/Atmel/Studio/7.0/Packs/atmel/ATmega_DFP/1.0.90/gcc/dev/atmega16/avr5/crtatmega16.o
 *(.init9)
 *(.text)
 .text          0x000000ee        0x4 C:/Program Files (x86)/Atmel/Studio/7.0/Packs/atmel/ATmega_DFP/1.0.90/gcc/dev/atmega16/avr5/crtatmega16.o
                0x000000ee                __vector_1
                0x000000ee                __vector_12
                0x000000ee                __bad_interrupt
                0x000000ee                __vector_6
                0x000000ee                __vector_3
                0x000000ee                __vector_17
                0x000000ee                __vector_19
                0x000000ee                __vector_7
                0x000000ee                __vector_5
                0x000000ee                __vector_4
                0x000000ee                __vector_9
                0x000000ee                __vector_2
                0x000000ee                __vector_15
                0x000000ee                __vector_8
                0x000000ee                __vector_14
                0x000000ee                __vector_10
                0x000000ee                __vector_16
                0x000000ee                __vector_18
                0x000000ee                __vector_20
                0x000000f2                . = ALIGN (0x2)
 *(.text.*)
 .text.bufferInit
                0x000000f2       0x1a common_avr-liberty-master_src/buffer.o
                0x000000f2                bufferInit
 .text.bufferGetFromFront
                0x0000010c       0x48 common_avr-liberty-master_src/buffer.o
                0x0000010c                bufferGetFromFront
 .text.bufferAddToEnd
                0x00000154       0x42 common_avr-liberty-master_src/buffer.o
                0x00000154                bufferAddToEnd
 .text.rprintfInit
                0x00000196        0xa common_avr-liberty-master_src/rprintf.o
                0x00000196                rprintfInit
 .text.rprintfChar
                0x000001a0       0x22 common_avr-liberty-master_src/rprintf.o
                0x000001a0                rprintfChar
 .text.rprintfu04
                0x000001c2       0x10 common_avr-liberty-master_src/rprintf.o
                0x000001c2                rprintfu04
 .text.rprintf1RamRom
                0x000001d2      0x140 common_avr-liberty-master_src/rprintf.o
                0x000001d2                rprintf1RamRom
 .text.uartInitBuffers
                0x00000312       0x20 common_avr-liberty-master_src/uart.o
                0x00000312                uartInitBuffers
 .text.uartInit
                0x00000332       0x2c common_avr-liberty-master_src/uart.o
                0x00000332                uartInit
 .text.uartSetBaudRate
                0x0000035e       0x48 common_avr-liberty-master_src/uart.o
                0x0000035e                uartSetBaudRate
 .text.uartSendByte
                0x000003a6       0x10 common_avr-liberty-master_src/uart.o
                0x000003a6                uartSendByte
 .text.__vector_13
                0x000003b6       0x6e common_avr-liberty-master_src/uart.o
                0x000003b6                __vector_13
 .text.__vector_11
                0x00000424       0x7e common_avr-liberty-master_src/uart.o
                0x00000424                __vector_11
 .text.McuInit  0x000004a2       0x18 LMMB_main/appl.o
                0x000004a2                McuInit
 .text.ApplInit
                0x000004ba       0x3c LMMB_main/appl.o
                0x000004ba                ApplInit
 .text.AppCycleUpdate
                0x000004f6      0x228 LMMB_main/appl.o
                0x000004f6                AppCycleUpdate
 .text.ButtonInitEx
                0x0000071e        0x8 LMMB_main/button_dep.o
                0x0000071e                ButtonInitEx
 .text.ButtonGetIO_StateEx
                0x00000726        0x8 LMMB_main/button_dep.o
                0x00000726                ButtonGetIO_StateEx
 .text.ButtonJMP1ReleasedEvent
                0x0000072e        0x8 LMMB_main/button_dep.o
                0x0000072e                ButtonJMP1ReleasedEvent
 .text.ButtonJMP1HeldEvent
                0x00000736        0x8 LMMB_main/button_dep.o
                0x00000736                ButtonJMP1HeldEvent
 .text.ButtonJMP2ReleasedEvent
                0x0000073e        0xa LMMB_main/button_dep.o
                0x0000073e                ButtonJMP2ReleasedEvent
 .text.ButtonJMP2HeldEvent
                0x00000748        0xa LMMB_main/button_dep.o
                0x00000748                ButtonJMP2HeldEvent
 .text.LEDInit  0x00000752       0x36 LMMB_main/led.o
                0x00000752                LEDInit
 .text.LEDCycleUpdate
                0x00000788       0x7a LMMB_main/led.o
                0x00000788                LEDCycleUpdate
 .text.startup.main
                0x00000802       0x22 LMMB_main/main.o
                0x00000802                main
 .text.SSDCycleUpdate
                0x00000824       0x8e LMMB_main/ssd.o
                0x00000824                SSDCycleUpdate
 .text.SSDDisplayDec
                0x000008b2       0xc8 LMMB_main/ssd.o
                0x000008b2                SSDDisplayDec
 .text.SSDDisplayHex
                0x0000097a       0x78 LMMB_main/ssd.o
                0x0000097a                SSDDisplayHex
 .text.SSDInit  0x000009f2       0x1e LMMB_main/ssd.o
                0x000009f2                SSDInit
 .text.ButtonInit
                0x00000a10        0x4 LM_button/button.o
                0x00000a10                ButtonInit
 .text.ButtonCycleUpdate
                0x00000a14       0x8e LM_button/button.o
                0x00000a14                ButtonCycleUpdate
 .text.ButtonGetHoldTime
                0x00000aa2        0xa LM_button/button.o
                0x00000aa2                ButtonGetHoldTime
 .text.ButtonGetReleased
                0x00000aac        0x6 LM_button/button.o
                0x00000aac                ButtonGetReleased
 .text.ButtonGetHeld
                0x00000ab2        0x6 LM_button/button.o
                0x00000ab2                ButtonGetHeld
 .text.libgcc.div
                0x00000ab8       0x28 c:/program files (x86)/atmel/studio/7.0/toolchain/avr8/avr8-gnu-toolchain/bin/../lib/gcc/avr/4.9.2/avr5\libgcc.a(_udivmodhi4.o)
                0x00000ab8                __udivmodhi4
 .text.libgcc.div
                0x00000ae0       0x44 c:/program files (x86)/atmel/studio/7.0/toolchain/avr8/avr8-gnu-toolchain/bin/../lib/gcc/avr/4.9.2/avr5\libgcc.a(_udivmodsi4.o)
                0x00000ae0                __udivmodsi4
 .text.libgcc   0x00000b24        0xc c:/program files (x86)/atmel/studio/7.0/toolchain/avr8/avr8-gnu-toolchain/bin/../lib/gcc/avr/4.9.2/avr5\libgcc.a(_tablejump2.o)
                0x00000b24                __tablejump2__
                0x00000b30                . = ALIGN (0x2)
 *(.fini9)
 .fini9         0x00000b30        0x0 c:/program files (x86)/atmel/studio/7.0/toolchain/avr8/avr8-gnu-toolchain/bin/../lib/gcc/avr/4.9.2/avr5\libgcc.a(_exit.o)
                0x00000b30                _exit
                0x00000b30                exit
 *(.fini9)
 *(.fini8)
 *(.fini8)
 *(.fini7)
 *(.fini7)
 *(.fini6)
 *(.fini6)
 *(.fini5)
 *(.fini5)
 *(.fini4)
 *(.fini4)
 *(.fini3)
 *(.fini3)
 *(.fini2)
 *(.fini2)
 *(.fini1)
 *(.fini1)
 *(.fini0)
 .fini0         0x00000b30        0x4 c:/program files (x86)/atmel/studio/7.0/toolchain/avr8/avr8-gnu-toolchain/bin/../lib/gcc/avr/4.9.2/avr5\libgcc.a(_exit.o)
 *(.fini0)
                0x00000b34                _etext = .

.data           0x00800060        0x0 load address 0x00000b34
                0x00800060                PROVIDE (__data_start, .)
 *(.data)
 *(.data*)
 *(.rodata)
 *(.rodata*)
 *(.gnu.linkonce.d*)
                0x00800060                . = ALIGN (0x2)
                0x00800060                _edata = .
                0x00800060                PROVIDE (__data_end, .)

.bss            0x00800060       0xd7
                0x00800060                PROVIDE (__bss_start, .)
 *(.bss)
 *(.bss*)
 .bss.rputchar  0x00800060        0x2 common_avr-liberty-master_src/rprintf.o
 .bss.UartRxFunc
                0x00800062        0x2 common_avr-liberty-master_src/uart.o
 .bss.uartTxData
                0x00800064       0x40 common_avr-liberty-master_src/uart.o
 .bss.uartRxData
                0x008000a4       0x40 common_avr-liberty-master_src/uart.o
 .bss.cnt.2171  0x008000e4        0x2 LMMB_main/appl.o
 *(COMMON)
 COMMON         0x008000e6       0x14 common_avr-liberty-master_src/uart.o
                0x008000e6                uartReadyTx
                0x008000e7                uartRxBuffer
                0x008000ef                uartBufferedTx
                0x008000f0                uartTxBuffer
                0x008000f8                uartRxOverflow
 COMMON         0x008000fa       0x2b LMMB_main/appl.o
                0x008000fa                appl
                0x00800110                greeting
                0x00800124                testChar
 COMMON         0x00800125        0x4 LMMB_main/led.o
                0x00800125                LEDs
 COMMON         0x00800129        0x6 LMMB_main/ssd.o
                0x00800129                SSD
 COMMON         0x0080012f        0x8 LM_button/button.o
                0x0080012f                button
                0x00800137                PROVIDE (__bss_end, .)
                0x00000b34                __data_load_start = LOADADDR (.data)
                0x00000b34                __data_load_end = (__data_load_start + SIZEOF (.data))

.noinit         0x00800137        0x0
                0x00800137                PROVIDE (__noinit_start, .)
 *(.noinit*)
                0x00800137                PROVIDE (__noinit_end, .)
                0x00800137                _end = .
                0x00800137                PROVIDE (__heap_start, .)

.eeprom         0x00810000        0x0
 *(.eeprom*)
                0x00810000                __eeprom_end = .

.fuse
 *(.fuse)
 *(.lfuse)
 *(.hfuse)
 *(.efuse)

.lock
 *(.lock*)

.signature
 *(.signature*)

.user_signatures
 *(.user_signatures*)

.stab
 *(.stab)

.stabstr
 *(.stabstr)

.stab.excl
 *(.stab.excl)

.stab.exclstr
 *(.stab.exclstr)

.stab.index
 *(.stab.index)

.stab.indexstr
 *(.stab.indexstr)

.comment        0x00000000       0x30
 *(.comment)
 .comment       0x00000000       0x30 common_avr-liberty-master_src/buffer.o
                                 0x31 (size before relaxing)
 .comment       0x00000030       0x31 common_avr-liberty-master_src/rprintf.o
 .comment       0x00000030       0x31 common_avr-liberty-master_src/uart.o
 .comment       0x00000030       0x31 LMMB_main/appl.o
 .comment       0x00000030       0x31 LMMB_main/button_dep.o
 .comment       0x00000030       0x31 LMMB_main/led.o
 .comment       0x00000030       0x31 LMMB_main/main.o
 .comment       0x00000030       0x31 LMMB_main/ssd.o
 .comment       0x00000030       0x31 LM_button/button.o

.note.gnu.avr.deviceinfo
                0x00000000       0x3c
 .note.gnu.avr.deviceinfo
                0x00000000       0x3c C:/Program Files (x86)/Atmel/Studio/7.0/Packs/atmel/ATmega_DFP/1.0.90/gcc/dev/atmega16/avr5/crtatmega16.o

.note.gnu.build-id
 *(.note.gnu.build-id)

.debug
 *(.debug)

.line
 *(.line)

.debug_srcinfo
 *(.debug_srcinfo)

.debug_sfnames
 *(.debug_sfnames)

.debug_aranges  0x00000000      0x308
 *(.debug_aranges)
 .debug_aranges
                0x00000000       0x50 common_avr-liberty-master_src/buffer.o
 .debug_aranges
                0x00000050       0x78 common_avr-liberty-master_src/rprintf.o
 .debug_aranges
                0x000000c8       0x90 common_avr-liberty-master_src/uart.o
 .debug_aranges
                0x00000158       0x40 LMMB_main/appl.o
 .debug_aranges
                0x00000198       0x48 LMMB_main/button_dep.o
 .debug_aranges
                0x000001e0       0x88 LMMB_main/led.o
 .debug_aranges
                0x00000268       0x20 LMMB_main/main.o
 .debug_aranges
                0x00000288       0x38 LMMB_main/ssd.o
 .debug_aranges
                0x000002c0       0x48 LM_button/button.o

.debug_pubnames
 *(.debug_pubnames)

.debug_info     0x00000000     0x26ac
 *(.debug_info .gnu.linkonce.wi.*)
 .debug_info    0x00000000      0x2ed common_avr-liberty-master_src/buffer.o
 .debug_info    0x000002ed      0x624 common_avr-liberty-master_src/rprintf.o
 .debug_info    0x00000911      0x5a7 common_avr-liberty-master_src/uart.o
 .debug_info    0x00000eb8      0x608 LMMB_main/appl.o
 .debug_info    0x000014c0      0x22b LMMB_main/button_dep.o
 .debug_info    0x000016eb      0x497 LMMB_main/led.o
 .debug_info    0x00001b82      0x195 LMMB_main/main.o
 .debug_info    0x00001d17      0x707 LMMB_main/ssd.o
 .debug_info    0x0000241e      0x28e LM_button/button.o

.debug_abbrev   0x00000000      0xf4e
 *(.debug_abbrev)
 .debug_abbrev  0x00000000       0xea common_avr-liberty-master_src/buffer.o
 .debug_abbrev  0x000000ea      0x1dd common_avr-liberty-master_src/rprintf.o
 .debug_abbrev  0x000002c7      0x2c2 common_avr-liberty-master_src/uart.o
 .debug_abbrev  0x00000589      0x25d LMMB_main/appl.o
 .debug_abbrev  0x000007e6      0x111 LMMB_main/button_dep.o
 .debug_abbrev  0x000008f7      0x1c8 LMMB_main/led.o
 .debug_abbrev  0x00000abf       0xe2 LMMB_main/main.o
 .debug_abbrev  0x00000ba1      0x24a LMMB_main/ssd.o
 .debug_abbrev  0x00000deb      0x163 LM_button/button.o

.debug_line     0x00000000      0xe92
 *(.debug_line .debug_line.* .debug_line_end)
 .debug_line    0x00000000      0x153 common_avr-liberty-master_src/buffer.o
 .debug_line    0x00000153      0x28a common_avr-liberty-master_src/rprintf.o
 .debug_line    0x000003dd      0x1ef common_avr-liberty-master_src/uart.o
 .debug_line    0x000005cc      0x1f5 LMMB_main/appl.o
 .debug_line    0x000007c1      0x12b LMMB_main/button_dep.o
 .debug_line    0x000008ec      0x1d0 LMMB_main/led.o
 .debug_line    0x00000abc      0x167 LMMB_main/main.o
 .debug_line    0x00000c23      0x131 LMMB_main/ssd.o
 .debug_line    0x00000d54      0x13e LM_button/button.o

.debug_frame    0x00000000      0x760
 *(.debug_frame)
 .debug_frame   0x00000000       0x84 common_avr-liberty-master_src/buffer.o
 .debug_frame   0x00000084      0x1e8 common_avr-liberty-master_src/rprintf.o
 .debug_frame   0x0000026c      0x1bc common_avr-liberty-master_src/uart.o
 .debug_frame   0x00000428       0xc4 LMMB_main/appl.o
 .debug_frame   0x000004ec       0x74 LMMB_main/button_dep.o
 .debug_frame   0x00000560       0xf4 LMMB_main/led.o
 .debug_frame   0x00000654       0x24 LMMB_main/main.o
 .debug_frame   0x00000678       0x74 LMMB_main/ssd.o
 .debug_frame   0x000006ec       0x74 LM_button/button.o

.debug_str      0x00000000      0xdf1
 *(.debug_str)
 .debug_str     0x00000000      0x227 common_avr-liberty-master_src/buffer.o
                                0x273 (size before relaxing)
 .debug_str     0x00000227      0x184 common_avr-liberty-master_src/rprintf.o
                                0x308 (size before relaxing)
 .debug_str     0x000003ab      0x1b1 common_avr-liberty-master_src/uart.o
                                0x396 (size before relaxing)
 .debug_str     0x0000055c      0x39d LMMB_main/appl.o
                                0x59f (size before relaxing)
 .debug_str     0x000008f9      0x155 LMMB_main/button_dep.o
                                0x2d5 (size before relaxing)
 .debug_str     0x00000a4e      0x16c LMMB_main/led.o
                                0x2f9 (size before relaxing)
 .debug_str     0x00000bba       0x85 LMMB_main/main.o
                                0x226 (size before relaxing)
 .debug_str     0x00000c3f      0x135 LMMB_main/ssd.o
                                0x365 (size before relaxing)
 .debug_str     0x00000d74       0x7d LM_button/button.o
                                0x2ee (size before relaxing)

.debug_loc      0x00000000     0x1834
 *(.debug_loc)
 .debug_loc     0x00000000      0x200 common_avr-liberty-master_src/buffer.o
 .debug_loc     0x00000200      0xb32 common_avr-liberty-master_src/rprintf.o
 .debug_loc     0x00000d32      0x343 common_avr-liberty-master_src/uart.o
 .debug_loc     0x00001075      0x1b0 LMMB_main/appl.o
 .debug_loc     0x00001225       0x32 LMMB_main/button_dep.o
 .debug_loc     0x00001257      0x100 LMMB_main/led.o
 .debug_loc     0x00001357      0x469 LMMB_main/ssd.o
 .debug_loc     0x000017c0       0x74 LM_button/button.o

.debug_macinfo
 *(.debug_macinfo)

.debug_weaknames
 *(.debug_weaknames)

.debug_funcnames
 *(.debug_funcnames)

.debug_typenames
 *(.debug_typenames)

.debug_varnames
 *(.debug_varnames)

.debug_pubtypes
 *(.debug_pubtypes)

.debug_ranges   0x00000000      0x278
 *(.debug_ranges)
 .debug_ranges  0x00000000       0x40 common_avr-liberty-master_src/buffer.o
 .debug_ranges  0x00000040       0x68 common_avr-liberty-master_src/rprintf.o
 .debug_ranges  0x000000a8       0x80 common_avr-liberty-master_src/uart.o
 .debug_ranges  0x00000128       0x30 LMMB_main/appl.o
 .debug_ranges  0x00000158       0x38 LMMB_main/button_dep.o
 .debug_ranges  0x00000190       0x78 LMMB_main/led.o
 .debug_ranges  0x00000208       0x10 LMMB_main/main.o
 .debug_ranges  0x00000218       0x28 LMMB_main/ssd.o
 .debug_ranges  0x00000240       0x38 LM_button/button.o

.debug_macro
 *(.debug_macro)
OUTPUT(LevelMeterMainboard.elf elf32-avr)
LOAD linker stubs
