Archive member included to satisfy reference by file (symbol)

c:/program files (x86)/atmel/studio/7.0/toolchain/avr8/avr8-gnu-toolchain/bin/../lib/gcc/avr/4.9.2/avr5\libgcc.a(_udivmodhi4.o)
                              common_avr-liberty-master_src/buffer.o (__udivmodhi4)
c:/program files (x86)/atmel/studio/7.0/toolchain/avr8/avr8-gnu-toolchain/bin/../lib/gcc/avr/4.9.2/avr5\libgcc.a(_udivmodsi4.o)
                              common_avr-liberty-master_src/rprintf.o (__udivmodsi4)
c:/program files (x86)/atmel/studio/7.0/toolchain/avr8/avr8-gnu-toolchain/bin/../lib/gcc/avr/4.9.2/avr5\libgcc.a(_exit.o)
                              C:/Program Files (x86)/Atmel/Studio/7.0/Packs/atmel/ATmega_DFP/1.0.90/gcc/dev/atmega644p/avr5/crtatmega644p.o (exit)
c:/program files (x86)/atmel/studio/7.0/toolchain/avr8/avr8-gnu-toolchain/bin/../lib/gcc/avr/4.9.2/avr5\libgcc.a(_copy_data.o)
                              LMRfR_main/appl.o (__do_copy_data)
c:/program files (x86)/atmel/studio/7.0/toolchain/avr8/avr8-gnu-toolchain/bin/../lib/gcc/avr/4.9.2/avr5\libgcc.a(_clear_bss.o)
                              common_avr-liberty-master_src/ks0108.o (__do_clear_bss)

Allocating common symbols
Common symbol       size              file

uartReadyTx         0x1               common_avr-liberty-master_src/uart.o
uartRxBuffer        0x8               common_avr-liberty-master_src/uart.o
button              0x1a              LM_button/button.o
uartBufferedTx      0x1               common_avr-liberty-master_src/uart.o
testChar            0x1               LMRfR_main/appl.o
uartTxBuffer        0x8               common_avr-liberty-master_src/uart.o
uartRxOverflow      0x2               common_avr-liberty-master_src/uart.o
GrLcdState          0x6               common_avr-liberty-master_src/ks0108.o

Discarded input sections

 .data          0x00000000        0x0 C:/Program Files (x86)/Atmel/Studio/7.0/Packs/atmel/ATmega_DFP/1.0.90/gcc/dev/atmega644p/avr5/crtatmega644p.o
 .bss           0x00000000        0x0 C:/Program Files (x86)/Atmel/Studio/7.0/Packs/atmel/ATmega_DFP/1.0.90/gcc/dev/atmega644p/avr5/crtatmega644p.o
 .text          0x00000000        0x0 common_avr-liberty-master_src/buffer.o
 .data          0x00000000        0x0 common_avr-liberty-master_src/buffer.o
 .bss           0x00000000        0x0 common_avr-liberty-master_src/buffer.o
 .text.bufferDumpFromFront
                0x00000000       0x40 common_avr-liberty-master_src/buffer.o
 .text.bufferGetAtIndex
                0x00000000       0x26 common_avr-liberty-master_src/buffer.o
 .text.bufferFlush
                0x00000000        0xe common_avr-liberty-master_src/buffer.o
 .text          0x00000000        0x0 common_avr-liberty-master_src/glcd.o
 .data          0x00000000        0x0 common_avr-liberty-master_src/glcd.o
 .bss           0x00000000        0x0 common_avr-liberty-master_src/glcd.o
 .text.glcdSetDot
                0x00000000       0x50 common_avr-liberty-master_src/glcd.o
 .text.glcdClearDot
                0x00000000       0x52 common_avr-liberty-master_src/glcd.o
 .text.glcdLine
                0x00000000        0x2 common_avr-liberty-master_src/glcd.o
 .text.glcdRectangle
                0x00000000       0x7e common_avr-liberty-master_src/glcd.o
 .text.glcdCircle
                0x00000000       0xf6 common_avr-liberty-master_src/glcd.o
 .text.glcdWriteCharGr
                0x00000000       0x54 common_avr-liberty-master_src/glcd.o
 .progmem.data.FontGr
                0x00000000       0x13 common_avr-liberty-master_src/glcd.o
 .text          0x00000000        0x0 common_avr-liberty-master_src/ks0108.o
 .data          0x00000000        0x0 common_avr-liberty-master_src/ks0108.o
 .bss           0x00000000        0x0 common_avr-liberty-master_src/ks0108.o
 .text.glcdReset
                0x00000000        0xc common_avr-liberty-master_src/ks0108.o
 .text.glcdDelay
                0x00000000        0x2 common_avr-liberty-master_src/ks0108.o
 .text.glcdGotoChar
                0x00000000       0x10 common_avr-liberty-master_src/ks0108.o
 .text.glcdControlRead
                0x00000000       0x48 common_avr-liberty-master_src/ks0108.o
 .text.glcdDataRead
                0x00000000       0x8a common_avr-liberty-master_src/ks0108.o
 .text          0x00000000        0x0 common_avr-liberty-master_src/rprintf.o
 .data          0x00000000        0x0 common_avr-liberty-master_src/rprintf.o
 .bss           0x00000000        0x0 common_avr-liberty-master_src/rprintf.o
 .text.rprintfStr
                0x00000000       0x1c common_avr-liberty-master_src/rprintf.o
 .text.rprintfStrLen
                0x00000000       0x5c common_avr-liberty-master_src/rprintf.o
 .text.rprintfProgStr
                0x00000000       0x22 common_avr-liberty-master_src/rprintf.o
 .text.rprintfCRLF
                0x00000000        0x6 common_avr-liberty-master_src/rprintf.o
 .text.rprintfu08
                0x00000000       0x14 common_avr-liberty-master_src/rprintf.o
 .text.rprintfu16
                0x00000000       0x12 common_avr-liberty-master_src/rprintf.o
 .text.rprintfu32
                0x00000000       0x20 common_avr-liberty-master_src/rprintf.o
 .text.rprintfNum
                0x00000000      0x140 common_avr-liberty-master_src/rprintf.o
 .text          0x00000000        0x0 common_avr-liberty-master_src/uart.o
 .data          0x00000000        0x0 common_avr-liberty-master_src/uart.o
 .bss           0x00000000        0x0 common_avr-liberty-master_src/uart.o
 .text.uartSetRxHandler
                0x00000000        0xa common_avr-liberty-master_src/uart.o
 .text.uartGetRxBuffer
                0x00000000        0x6 common_avr-liberty-master_src/uart.o
 .text.uartGetTxBuffer
                0x00000000        0x6 common_avr-liberty-master_src/uart.o
 .text.uartReceiveByte
                0x00000000       0x34 common_avr-liberty-master_src/uart.o
 .text.uartGetByte
                0x00000000       0x28 common_avr-liberty-master_src/uart.o
 .text.uartFlushReceiveBuffer
                0x00000000        0xa common_avr-liberty-master_src/uart.o
 .text.uartReceiveBufferIsEmpty
                0x00000000       0x14 common_avr-liberty-master_src/uart.o
 .text.uartAddToTxBuffer
                0x00000000        0xa common_avr-liberty-master_src/uart.o
 .text.uartSendTxBuffer
                0x00000000       0x12 common_avr-liberty-master_src/uart.o
 .text          0x00000000        0x0 LMRfR_main/appl.o
 .data          0x00000000        0x0 LMRfR_main/appl.o
 .bss           0x00000000        0x0 LMRfR_main/appl.o
 COMMON         0x00000000        0x1 LMRfR_main/appl.o
 .text          0x00000000        0x0 LMRfR_main/button_dep.o
 .data          0x00000000        0x0 LMRfR_main/button_dep.o
 .bss           0x00000000        0x0 LMRfR_main/button_dep.o
 .text          0x00000000        0x0 LMRfR_main/main.o
 .data          0x00000000        0x0 LMRfR_main/main.o
 .bss           0x00000000        0x0 LMRfR_main/main.o
 .text          0x00000000        0x0 LM_button/button.o
 .data          0x00000000        0x0 LM_button/button.o
 .bss           0x00000000        0x0 LM_button/button.o
 .text.ButtonGetHoldTime
                0x00000000        0xa LM_button/button.o
 .text.ButtonGetReleased
                0x00000000       0x12 LM_button/button.o
 .text.ButtonGetHeld
                0x00000000       0x12 LM_button/button.o
 .text.ButtonGetTwiceTap
                0x00000000       0x12 LM_button/button.o
 .text          0x00000000        0x0 c:/program files (x86)/atmel/studio/7.0/toolchain/avr8/avr8-gnu-toolchain/bin/../lib/gcc/avr/4.9.2/avr5\libgcc.a(_udivmodhi4.o)
 .data          0x00000000        0x0 c:/program files (x86)/atmel/studio/7.0/toolchain/avr8/avr8-gnu-toolchain/bin/../lib/gcc/avr/4.9.2/avr5\libgcc.a(_udivmodhi4.o)
 .bss           0x00000000        0x0 c:/program files (x86)/atmel/studio/7.0/toolchain/avr8/avr8-gnu-toolchain/bin/../lib/gcc/avr/4.9.2/avr5\libgcc.a(_udivmodhi4.o)
 .text.libgcc.mul
                0x00000000        0x0 c:/program files (x86)/atmel/studio/7.0/toolchain/avr8/avr8-gnu-toolchain/bin/../lib/gcc/avr/4.9.2/avr5\libgcc.a(_udivmodhi4.o)
 .text.libgcc   0x00000000        0x0 c:/program files (x86)/atmel/studio/7.0/toolchain/avr8/avr8-gnu-toolchain/bin/../lib/gcc/avr/4.9.2/avr5\libgcc.a(_udivmodhi4.o)
 .text.libgcc.prologue
                0x00000000        0x0 c:/program files (x86)/atmel/studio/7.0/toolchain/avr8/avr8-gnu-toolchain/bin/../lib/gcc/avr/4.9.2/avr5\libgcc.a(_udivmodhi4.o)
 .text.libgcc.builtins
                0x00000000        0x0 c:/program files (x86)/atmel/studio/7.0/toolchain/avr8/avr8-gnu-toolchain/bin/../lib/gcc/avr/4.9.2/avr5\libgcc.a(_udivmodhi4.o)
 .text.libgcc.fmul
                0x00000000        0x0 c:/program files (x86)/atmel/studio/7.0/toolchain/avr8/avr8-gnu-toolchain/bin/../lib/gcc/avr/4.9.2/avr5\libgcc.a(_udivmodhi4.o)
 .text.libgcc.fixed
                0x00000000        0x0 c:/program files (x86)/atmel/studio/7.0/toolchain/avr8/avr8-gnu-toolchain/bin/../lib/gcc/avr/4.9.2/avr5\libgcc.a(_udivmodhi4.o)
 .text          0x00000000        0x0 c:/program files (x86)/atmel/studio/7.0/toolchain/avr8/avr8-gnu-toolchain/bin/../lib/gcc/avr/4.9.2/avr5\libgcc.a(_udivmodsi4.o)
 .data          0x00000000        0x0 c:/program files (x86)/atmel/studio/7.0/toolchain/avr8/avr8-gnu-toolchain/bin/../lib/gcc/avr/4.9.2/avr5\libgcc.a(_udivmodsi4.o)
 .bss           0x00000000        0x0 c:/program files (x86)/atmel/studio/7.0/toolchain/avr8/avr8-gnu-toolchain/bin/../lib/gcc/avr/4.9.2/avr5\libgcc.a(_udivmodsi4.o)
 .text.libgcc.mul
                0x00000000        0x0 c:/program files (x86)/atmel/studio/7.0/toolchain/avr8/avr8-gnu-toolchain/bin/../lib/gcc/avr/4.9.2/avr5\libgcc.a(_udivmodsi4.o)
 .text.libgcc   0x00000000        0x0 c:/program files (x86)/atmel/studio/7.0/toolchain/avr8/avr8-gnu-toolchain/bin/../lib/gcc/avr/4.9.2/avr5\libgcc.a(_udivmodsi4.o)
 .text.libgcc.prologue
                0x00000000        0x0 c:/program files (x86)/atmel/studio/7.0/toolchain/avr8/avr8-gnu-toolchain/bin/../lib/gcc/avr/4.9.2/avr5\libgcc.a(_udivmodsi4.o)
 .text.libgcc.builtins
                0x00000000        0x0 c:/program files (x86)/atmel/studio/7.0/toolchain/avr8/avr8-gnu-toolchain/bin/../lib/gcc/avr/4.9.2/avr5\libgcc.a(_udivmodsi4.o)
 .text.libgcc.fmul
                0x00000000        0x0 c:/program files (x86)/atmel/studio/7.0/toolchain/avr8/avr8-gnu-toolchain/bin/../lib/gcc/avr/4.9.2/avr5\libgcc.a(_udivmodsi4.o)
 .text.libgcc.fixed
                0x00000000        0x0 c:/program files (x86)/atmel/studio/7.0/toolchain/avr8/avr8-gnu-toolchain/bin/../lib/gcc/avr/4.9.2/avr5\libgcc.a(_udivmodsi4.o)
 .text          0x00000000        0x0 c:/program files (x86)/atmel/studio/7.0/toolchain/avr8/avr8-gnu-toolchain/bin/../lib/gcc/avr/4.9.2/avr5\libgcc.a(_exit.o)
 .data          0x00000000        0x0 c:/program files (x86)/atmel/studio/7.0/toolchain/avr8/avr8-gnu-toolchain/bin/../lib/gcc/avr/4.9.2/avr5\libgcc.a(_exit.o)
 .bss           0x00000000        0x0 c:/program files (x86)/atmel/studio/7.0/toolchain/avr8/avr8-gnu-toolchain/bin/../lib/gcc/avr/4.9.2/avr5\libgcc.a(_exit.o)
 .text.libgcc.mul
                0x00000000        0x0 c:/program files (x86)/atmel/studio/7.0/toolchain/avr8/avr8-gnu-toolchain/bin/../lib/gcc/avr/4.9.2/avr5\libgcc.a(_exit.o)
 .text.libgcc.div
                0x00000000        0x0 c:/program files (x86)/atmel/studio/7.0/toolchain/avr8/avr8-gnu-toolchain/bin/../lib/gcc/avr/4.9.2/avr5\libgcc.a(_exit.o)
 .text.libgcc   0x00000000        0x0 c:/program files (x86)/atmel/studio/7.0/toolchain/avr8/avr8-gnu-toolchain/bin/../lib/gcc/avr/4.9.2/avr5\libgcc.a(_exit.o)
 .text.libgcc.prologue
                0x00000000        0x0 c:/program files (x86)/atmel/studio/7.0/toolchain/avr8/avr8-gnu-toolchain/bin/../lib/gcc/avr/4.9.2/avr5\libgcc.a(_exit.o)
 .text.libgcc.builtins
                0x00000000        0x0 c:/program files (x86)/atmel/studio/7.0/toolchain/avr8/avr8-gnu-toolchain/bin/../lib/gcc/avr/4.9.2/avr5\libgcc.a(_exit.o)
 .text.libgcc.fmul
                0x00000000        0x0 c:/program files (x86)/atmel/studio/7.0/toolchain/avr8/avr8-gnu-toolchain/bin/../lib/gcc/avr/4.9.2/avr5\libgcc.a(_exit.o)
 .text.libgcc.fixed
                0x00000000        0x0 c:/program files (x86)/atmel/studio/7.0/toolchain/avr8/avr8-gnu-toolchain/bin/../lib/gcc/avr/4.9.2/avr5\libgcc.a(_exit.o)
 .text          0x00000000        0x0 c:/program files (x86)/atmel/studio/7.0/toolchain/avr8/avr8-gnu-toolchain/bin/../lib/gcc/avr/4.9.2/avr5\libgcc.a(_copy_data.o)
 .data          0x00000000        0x0 c:/program files (x86)/atmel/studio/7.0/toolchain/avr8/avr8-gnu-toolchain/bin/../lib/gcc/avr/4.9.2/avr5\libgcc.a(_copy_data.o)
 .bss           0x00000000        0x0 c:/program files (x86)/atmel/studio/7.0/toolchain/avr8/avr8-gnu-toolchain/bin/../lib/gcc/avr/4.9.2/avr5\libgcc.a(_copy_data.o)
 .text.libgcc.mul
                0x00000000        0x0 c:/program files (x86)/atmel/studio/7.0/toolchain/avr8/avr8-gnu-toolchain/bin/../lib/gcc/avr/4.9.2/avr5\libgcc.a(_copy_data.o)
 .text.libgcc.div
                0x00000000        0x0 c:/program files (x86)/atmel/studio/7.0/toolchain/avr8/avr8-gnu-toolchain/bin/../lib/gcc/avr/4.9.2/avr5\libgcc.a(_copy_data.o)
 .text.libgcc   0x00000000        0x0 c:/program files (x86)/atmel/studio/7.0/toolchain/avr8/avr8-gnu-toolchain/bin/../lib/gcc/avr/4.9.2/avr5\libgcc.a(_copy_data.o)
 .text.libgcc.prologue
                0x00000000        0x0 c:/program files (x86)/atmel/studio/7.0/toolchain/avr8/avr8-gnu-toolchain/bin/../lib/gcc/avr/4.9.2/avr5\libgcc.a(_copy_data.o)
 .text.libgcc.builtins
                0x00000000        0x0 c:/program files (x86)/atmel/studio/7.0/toolchain/avr8/avr8-gnu-toolchain/bin/../lib/gcc/avr/4.9.2/avr5\libgcc.a(_copy_data.o)
 .text.libgcc.fmul
                0x00000000        0x0 c:/program files (x86)/atmel/studio/7.0/toolchain/avr8/avr8-gnu-toolchain/bin/../lib/gcc/avr/4.9.2/avr5\libgcc.a(_copy_data.o)
 .text.libgcc.fixed
                0x00000000        0x0 c:/program files (x86)/atmel/studio/7.0/toolchain/avr8/avr8-gnu-toolchain/bin/../lib/gcc/avr/4.9.2/avr5\libgcc.a(_copy_data.o)
 .text          0x00000000        0x0 c:/program files (x86)/atmel/studio/7.0/toolchain/avr8/avr8-gnu-toolchain/bin/../lib/gcc/avr/4.9.2/avr5\libgcc.a(_clear_bss.o)
 .data          0x00000000        0x0 c:/program files (x86)/atmel/studio/7.0/toolchain/avr8/avr8-gnu-toolchain/bin/../lib/gcc/avr/4.9.2/avr5\libgcc.a(_clear_bss.o)
 .bss           0x00000000        0x0 c:/program files (x86)/atmel/studio/7.0/toolchain/avr8/avr8-gnu-toolchain/bin/../lib/gcc/avr/4.9.2/avr5\libgcc.a(_clear_bss.o)
 .text.libgcc.mul
                0x00000000        0x0 c:/program files (x86)/atmel/studio/7.0/toolchain/avr8/avr8-gnu-toolchain/bin/../lib/gcc/avr/4.9.2/avr5\libgcc.a(_clear_bss.o)
 .text.libgcc.div
                0x00000000        0x0 c:/program files (x86)/atmel/studio/7.0/toolchain/avr8/avr8-gnu-toolchain/bin/../lib/gcc/avr/4.9.2/avr5\libgcc.a(_clear_bss.o)
 .text.libgcc   0x00000000        0x0 c:/program files (x86)/atmel/studio/7.0/toolchain/avr8/avr8-gnu-toolchain/bin/../lib/gcc/avr/4.9.2/avr5\libgcc.a(_clear_bss.o)
 .text.libgcc.prologue
                0x00000000        0x0 c:/program files (x86)/atmel/studio/7.0/toolchain/avr8/avr8-gnu-toolchain/bin/../lib/gcc/avr/4.9.2/avr5\libgcc.a(_clear_bss.o)
 .text.libgcc.builtins
                0x00000000        0x0 c:/program files (x86)/atmel/studio/7.0/toolchain/avr8/avr8-gnu-toolchain/bin/../lib/gcc/avr/4.9.2/avr5\libgcc.a(_clear_bss.o)
 .text.libgcc.fmul
                0x00000000        0x0 c:/program files (x86)/atmel/studio/7.0/toolchain/avr8/avr8-gnu-toolchain/bin/../lib/gcc/avr/4.9.2/avr5\libgcc.a(_clear_bss.o)
 .text.libgcc.fixed
                0x00000000        0x0 c:/program files (x86)/atmel/studio/7.0/toolchain/avr8/avr8-gnu-toolchain/bin/../lib/gcc/avr/4.9.2/avr5\libgcc.a(_clear_bss.o)

Memory Configuration

Name             Origin             Length             Attributes
text             0x00000000         0x00020000         xr
data             0x00800060         0x0000ffa0         rw !x
eeprom           0x00810000         0x00010000         rw !x
fuse             0x00820000         0x00000400         rw !x
lock             0x00830000         0x00000400         rw !x
signature        0x00840000         0x00000400         rw !x
user_signatures  0x00850000         0x00000400         rw !x
*default*        0x00000000         0xffffffff

Linker script and memory map

Address of section .data set to 0x800100
LOAD C:/Program Files (x86)/Atmel/Studio/7.0/Packs/atmel/ATmega_DFP/1.0.90/gcc/dev/atmega644p/avr5/crtatmega644p.o
LOAD common_avr-liberty-master_src/buffer.o
LOAD common_avr-liberty-master_src/glcd.o
LOAD common_avr-liberty-master_src/ks0108.o
LOAD common_avr-liberty-master_src/rprintf.o
LOAD common_avr-liberty-master_src/uart.o
LOAD LMRfR_main/appl.o
LOAD LMRfR_main/button_dep.o
LOAD LMRfR_main/main.o
LOAD LM_button/button.o
START GROUP
LOAD c:/program files (x86)/atmel/studio/7.0/toolchain/avr8/avr8-gnu-toolchain/bin/../lib/gcc/avr/4.9.2/../../../../avr/lib/avr5\libm.a
END GROUP
START GROUP
LOAD c:/program files (x86)/atmel/studio/7.0/toolchain/avr8/avr8-gnu-toolchain/bin/../lib/gcc/avr/4.9.2/avr5\libgcc.a
LOAD c:/program files (x86)/atmel/studio/7.0/toolchain/avr8/avr8-gnu-toolchain/bin/../lib/gcc/avr/4.9.2/../../../../avr/lib/avr5\libm.a
LOAD c:/program files (x86)/atmel/studio/7.0/toolchain/avr8/avr8-gnu-toolchain/bin/../lib/gcc/avr/4.9.2/../../../../avr/lib/avr5\libc.a
LOAD C:/Program Files (x86)/Atmel/Studio/7.0/Packs/atmel/ATmega_DFP/1.0.90/gcc/dev/atmega644p/avr5\libatmega644p.a
END GROUP

.hash
 *(.hash)

.dynsym
 *(.dynsym)

.dynstr
 *(.dynstr)

.gnu.version
 *(.gnu.version)

.gnu.version_d
 *(.gnu.version_d)

.gnu.version_r
 *(.gnu.version_r)

.rel.init
 *(.rel.init)

.rela.init
 *(.rela.init)

.rel.text
 *(.rel.text)
 *(.rel.text.*)
 *(.rel.gnu.linkonce.t*)

.rela.text
 *(.rela.text)
 *(.rela.text.*)
 *(.rela.gnu.linkonce.t*)

.rel.fini
 *(.rel.fini)

.rela.fini
 *(.rela.fini)

.rel.rodata
 *(.rel.rodata)
 *(.rel.rodata.*)
 *(.rel.gnu.linkonce.r*)

.rela.rodata
 *(.rela.rodata)
 *(.rela.rodata.*)
 *(.rela.gnu.linkonce.r*)

.rel.data
 *(.rel.data)
 *(.rel.data.*)
 *(.rel.gnu.linkonce.d*)

.rela.data
 *(.rela.data)
 *(.rela.data.*)
 *(.rela.gnu.linkonce.d*)

.rel.ctors
 *(.rel.ctors)

.rela.ctors
 *(.rela.ctors)

.rel.dtors
 *(.rel.dtors)

.rela.dtors
 *(.rela.dtors)

.rel.got
 *(.rel.got)

.rela.got
 *(.rela.got)

.rel.bss
 *(.rel.bss)

.rela.bss
 *(.rela.bss)

.rel.plt
 *(.rel.plt)

.rela.plt
 *(.rela.plt)

.text           0x00000000      0xeac
 *(.vectors)
 .vectors       0x00000000       0x7c C:/Program Files (x86)/Atmel/Studio/7.0/Packs/atmel/ATmega_DFP/1.0.90/gcc/dev/atmega644p/avr5/crtatmega644p.o
                0x00000000                __vector_default
                0x00000000                __vectors
 *(.vectors)
 *(.progmem.gcc*)
                0x0000007c                . = ALIGN (0x2)
                0x0000007c                __trampolines_start = .
 *(.trampolines)
 .trampolines   0x0000007c        0x0 linker stubs
 *(.trampolines*)
                0x0000007c                __trampolines_end = .
 *(.progmem*)
 .progmem.data.Font5x7
                0x0000007c      0x1e0 common_avr-liberty-master_src/glcd.o
 .progmem.data.HexChars
                0x0000025c       0x11 common_avr-liberty-master_src/rprintf.o
 .progmem.data.__c.2075
                0x0000026d        0x3 LMRfR_main/appl.o
 .progmem.data.__c.2073
                0x00000270       0x13 LMRfR_main/appl.o
 .progmem.data.__c.2070
                0x00000283        0x7 LMRfR_main/appl.o
 .progmem.data.__c.2066
                0x0000028a        0x7 LMRfR_main/appl.o
 .progmem.data.__c.2062
                0x00000291        0x7 LMRfR_main/appl.o
 .progmem.data.__c.2058
                0x00000298        0x8 LMRfR_main/appl.o
 .progmem.data.__c.2054
                0x000002a0        0x8 LMRfR_main/appl.o
 .progmem.data.__c.2050
                0x000002a8        0x8 LMRfR_main/appl.o
 .progmem.data.__c.2047
                0x000002b0        0x7 LMRfR_main/appl.o
 .progmem.data.__c.2045
                0x000002b7        0x7 LMRfR_main/appl.o
 .progmem.data.__c.2038
                0x000002be       0x14 LMRfR_main/appl.o
                0x000002d2                . = ALIGN (0x2)
 *(.jumptables)
 *(.jumptables*)
 *(.lowtext)
 *(.lowtext*)
                0x000002d2                __ctors_start = .
 *(.ctors)
                0x000002d2                __ctors_end = .
                0x000002d2                __dtors_start = .
 *(.dtors)
                0x000002d2                __dtors_end = .
 SORT(*)(.ctors)
 SORT(*)(.dtors)
 *(.init0)
 .init0         0x000002d2        0x0 C:/Program Files (x86)/Atmel/Studio/7.0/Packs/atmel/ATmega_DFP/1.0.90/gcc/dev/atmega644p/avr5/crtatmega644p.o
                0x000002d2                __init
 *(.init0)
 *(.init1)
 *(.init1)
 *(.init2)
 .init2         0x000002d2        0xc C:/Program Files (x86)/Atmel/Studio/7.0/Packs/atmel/ATmega_DFP/1.0.90/gcc/dev/atmega644p/avr5/crtatmega644p.o
 *(.init2)
 *(.init3)
 *(.init3)
 *(.init4)
 .init4         0x000002de       0x16 c:/program files (x86)/atmel/studio/7.0/toolchain/avr8/avr8-gnu-toolchain/bin/../lib/gcc/avr/4.9.2/avr5\libgcc.a(_copy_data.o)
                0x000002de                __do_copy_data
 .init4         0x000002f4       0x10 c:/program files (x86)/atmel/studio/7.0/toolchain/avr8/avr8-gnu-toolchain/bin/../lib/gcc/avr/4.9.2/avr5\libgcc.a(_clear_bss.o)
                0x000002f4                __do_clear_bss
 *(.init4)
 *(.init5)
 *(.init5)
 *(.init6)
 *(.init6)
 *(.init7)
 *(.init7)
 *(.init8)
 *(.init8)
 *(.init9)
 .init9         0x00000304        0x4 C:/Program Files (x86)/Atmel/Studio/7.0/Packs/atmel/ATmega_DFP/1.0.90/gcc/dev/atmega644p/avr5/crtatmega644p.o
 *(.init9)
 *(.text)
 .text          0x00000308        0x2 C:/Program Files (x86)/Atmel/Studio/7.0/Packs/atmel/ATmega_DFP/1.0.90/gcc/dev/atmega644p/avr5/crtatmega644p.o
                0x00000308                __vector_28
                0x00000308                __vector_1
                0x00000308                __vector_24
                0x00000308                __vector_12
                0x00000308                __bad_interrupt
                0x00000308                __vector_6
                0x00000308                __vector_3
                0x00000308                __vector_23
                0x00000308                __vector_30
                0x00000308                __vector_25
                0x00000308                __vector_11
                0x00000308                __vector_13
                0x00000308                __vector_17
                0x00000308                __vector_19
                0x00000308                __vector_7
                0x00000308                __vector_27
                0x00000308                __vector_5
                0x00000308                __vector_4
                0x00000308                __vector_9
                0x00000308                __vector_2
                0x00000308                __vector_21
                0x00000308                __vector_15
                0x00000308                __vector_29
                0x00000308                __vector_8
                0x00000308                __vector_26
                0x00000308                __vector_14
                0x00000308                __vector_10
                0x00000308                __vector_16
                0x00000308                __vector_18
                0x0000030a                . = ALIGN (0x2)
 *(.text.*)
 .text.bufferInit
                0x0000030a       0x1a common_avr-liberty-master_src/buffer.o
                0x0000030a                bufferInit
 .text.bufferGetFromFront
                0x00000324       0x48 common_avr-liberty-master_src/buffer.o
                0x00000324                bufferGetFromFront
 .text.bufferAddToEnd
                0x0000036c       0x40 common_avr-liberty-master_src/buffer.o
                0x0000036c                bufferAddToEnd
 .text.bufferIsNotFull
                0x000003ac       0x16 common_avr-liberty-master_src/buffer.o
                0x000003ac                bufferIsNotFull
 .text.glcdWriteChar
                0x000003c2       0x42 common_avr-liberty-master_src/glcd.o
                0x000003c2                glcdWriteChar
 .text.glcdPutStr
                0x00000404       0x16 common_avr-liberty-master_src/glcd.o
                0x00000404                glcdPutStr
 .text.outb_lcd_ddr_port.part.1
                0x0000041a        0xe common_avr-liberty-master_src/ks0108.o
 .text.glcdControllerSelect
                0x00000428       0x20 common_avr-liberty-master_src/ks0108.o
                0x00000428                glcdControllerSelect
 .text.outb_lcd_data_port
                0x00000448       0x34 common_avr-liberty-master_src/ks0108.o
                0x00000448                outb_lcd_data_port
 .text.outb_lcd_ddr_port
                0x0000047c       0x14 common_avr-liberty-master_src/ks0108.o
                0x0000047c                outb_lcd_ddr_port
 .text.glcdInitHW
                0x00000490       0x2c common_avr-liberty-master_src/ks0108.o
                0x00000490                glcdInitHW
 .text.inb_lcd_pin_port
                0x000004bc       0x26 common_avr-liberty-master_src/ks0108.o
                0x000004bc                inb_lcd_pin_port
 .text.glcdBusyWait
                0x000004e2       0x52 common_avr-liberty-master_src/ks0108.o
                0x000004e2                glcdBusyWait
 .text.glcdControlWrite
                0x00000534       0x3a common_avr-liberty-master_src/ks0108.o
                0x00000534                glcdControlWrite
 .text.glcdSetXAddress
                0x0000056e       0x30 common_avr-liberty-master_src/ks0108.o
                0x0000056e                glcdSetXAddress
 .text.glcdSetYAddress
                0x0000059e       0x18 common_avr-liberty-master_src/ks0108.o
                0x0000059e                glcdSetYAddress
 .text.glcdSetAddress
                0x000005b6        0xe common_avr-liberty-master_src/ks0108.o
                0x000005b6                glcdSetAddress
 .text.glcdStartLine
                0x000005c4       0x14 common_avr-liberty-master_src/ks0108.o
                0x000005c4                glcdStartLine
 .text.glcdHome
                0x000005d8       0x18 common_avr-liberty-master_src/ks0108.o
                0x000005d8                glcdHome
 .text.glcdDataWrite
                0x000005f0       0x82 common_avr-liberty-master_src/ks0108.o
                0x000005f0                glcdDataWrite
 .text.glcdClearScreen
                0x00000672       0x24 common_avr-liberty-master_src/ks0108.o
                0x00000672                glcdClearScreen
 .text.glcdInit
                0x00000696       0x12 common_avr-liberty-master_src/ks0108.o
                0x00000696                glcdInit
 .text.rprintfInit
                0x000006a8        0xa common_avr-liberty-master_src/rprintf.o
                0x000006a8                rprintfInit
 .text.rprintfChar
                0x000006b2       0x22 common_avr-liberty-master_src/rprintf.o
                0x000006b2                rprintfChar
 .text.rprintfu04
                0x000006d4        0xe common_avr-liberty-master_src/rprintf.o
                0x000006d4                rprintfu04
 .text.rprintf1RamRom
                0x000006e2      0x132 common_avr-liberty-master_src/rprintf.o
                0x000006e2                rprintf1RamRom
 .text.uartInitBuffers
                0x00000814       0x1c common_avr-liberty-master_src/uart.o
                0x00000814                uartInitBuffers
 .text.uartInit
                0x00000830       0x30 common_avr-liberty-master_src/uart.o
                0x00000830                uartInit
 .text.uartSetBaudRate
                0x00000860       0x4c common_avr-liberty-master_src/uart.o
                0x00000860                uartSetBaudRate
 .text.uartSendByte
                0x000008ac       0x12 common_avr-liberty-master_src/uart.o
                0x000008ac                uartSendByte
 .text.__vector_22
                0x000008be       0x6e common_avr-liberty-master_src/uart.o
                0x000008be                __vector_22
 .text.__vector_20
                0x0000092c       0x7e common_avr-liberty-master_src/uart.o
                0x0000092c                __vector_20
 .text.McuInit  0x000009aa       0x12 LMRfR_main/appl.o
                0x000009aa                McuInit
 .text.ApplInit
                0x000009bc       0x20 LMRfR_main/appl.o
                0x000009bc                ApplInit
 .text.AppCycleUpdate
                0x000009dc      0x1dc LMRfR_main/appl.o
                0x000009dc                AppCycleUpdate
 .text.ButtonInitEx
                0x00000bb8       0x14 LMRfR_main/button_dep.o
                0x00000bb8                ButtonInitEx
 .text.ButtonGetIO_StateEx
                0x00000bcc       0xd2 LMRfR_main/button_dep.o
                0x00000bcc                ButtonGetIO_StateEx
 .text.startup.main
                0x00000c9e       0x16 LMRfR_main/main.o
                0x00000c9e                main
 .text.ButtonInit
                0x00000cb4        0x2 LM_button/button.o
                0x00000cb4                ButtonInit
 .text.ButtonCycleUpdate
                0x00000cb6      0x186 LM_button/button.o
                0x00000cb6                ButtonCycleUpdate
 .text.libgcc.div
                0x00000e3c       0x28 c:/program files (x86)/atmel/studio/7.0/toolchain/avr8/avr8-gnu-toolchain/bin/../lib/gcc/avr/4.9.2/avr5\libgcc.a(_udivmodhi4.o)
                0x00000e3c                __udivmodhi4
 .text.libgcc.div
                0x00000e64       0x44 c:/program files (x86)/atmel/studio/7.0/toolchain/avr8/avr8-gnu-toolchain/bin/../lib/gcc/avr/4.9.2/avr5\libgcc.a(_udivmodsi4.o)
                0x00000e64                __udivmodsi4
                0x00000ea8                . = ALIGN (0x2)
 *(.fini9)
 .fini9         0x00000ea8        0x0 c:/program files (x86)/atmel/studio/7.0/toolchain/avr8/avr8-gnu-toolchain/bin/../lib/gcc/avr/4.9.2/avr5\libgcc.a(_exit.o)
                0x00000ea8                _exit
                0x00000ea8                exit
 *(.fini9)
 *(.fini8)
 *(.fini8)
 *(.fini7)
 *(.fini7)
 *(.fini6)
 *(.fini6)
 *(.fini5)
 *(.fini5)
 *(.fini4)
 *(.fini4)
 *(.fini3)
 *(.fini3)
 *(.fini2)
 *(.fini2)
 *(.fini1)
 *(.fini1)
 *(.fini0)
 .fini0         0x00000ea8        0x4 c:/program files (x86)/atmel/studio/7.0/toolchain/avr8/avr8-gnu-toolchain/bin/../lib/gcc/avr/4.9.2/avr5\libgcc.a(_exit.o)
 *(.fini0)
                0x00000eac                _etext = .

.data           0x00800100       0x8a load address 0x00000eac
                0x00800100                PROVIDE (__data_start, .)
 *(.data)
 *(.data*)
 .data.greeting
                0x00800100       0x14 LMRfR_main/appl.o
                0x00800100                greeting
 *(.rodata)
 *(.rodata*)
 .rodata.str1.1
                0x00800114       0x75 LMRfR_main/appl.o
 *(.gnu.linkonce.d*)
                0x0080018a                . = ALIGN (0x2)
 *fill*         0x00800189        0x1 
                0x0080018a                _edata = .
                0x0080018a                PROVIDE (__data_end, .)

.bss            0x0080018a       0xb8
                0x0080018a                PROVIDE (__bss_start, .)
 *(.bss)
 *(.bss*)
 .bss.rputchar  0x0080018a        0x2 common_avr-liberty-master_src/rprintf.o
 .bss.UartRxFunc
                0x0080018c        0x2 common_avr-liberty-master_src/uart.o
 .bss.uartTxData
                0x0080018e       0x40 common_avr-liberty-master_src/uart.o
 .bss.uartRxData
                0x008001ce       0x40 common_avr-liberty-master_src/uart.o
 *(COMMON)
 COMMON         0x0080020e        0x6 common_avr-liberty-master_src/ks0108.o
                0x0080020e                GrLcdState
 COMMON         0x00800214       0x14 common_avr-liberty-master_src/uart.o
                0x00800214                uartReadyTx
                0x00800215                uartRxBuffer
                0x0080021d                uartBufferedTx
                0x0080021e                uartTxBuffer
                0x00800226                uartRxOverflow
 COMMON         0x00800228       0x1a LM_button/button.o
                0x00800228                button
                0x00800242                PROVIDE (__bss_end, .)
                0x00000eac                __data_load_start = LOADADDR (.data)
                0x00000f36                __data_load_end = (__data_load_start + SIZEOF (.data))

.noinit         0x00800242        0x0
                0x00800242                PROVIDE (__noinit_start, .)
 *(.noinit*)
                0x00800242                PROVIDE (__noinit_end, .)
                0x00800242                _end = .
                0x00800242                PROVIDE (__heap_start, .)

.eeprom         0x00810000        0x0
 *(.eeprom*)
                0x00810000                __eeprom_end = .

.fuse
 *(.fuse)
 *(.lfuse)
 *(.hfuse)
 *(.efuse)

.lock
 *(.lock*)

.signature
 *(.signature*)

.user_signatures
 *(.user_signatures*)

.stab
 *(.stab)

.stabstr
 *(.stabstr)

.stab.excl
 *(.stab.excl)

.stab.exclstr
 *(.stab.exclstr)

.stab.index
 *(.stab.index)

.stab.indexstr
 *(.stab.indexstr)

.comment        0x00000000       0x30
 *(.comment)
 .comment       0x00000000       0x30 common_avr-liberty-master_src/buffer.o
                                 0x31 (size before relaxing)
 .comment       0x00000030       0x31 common_avr-liberty-master_src/glcd.o
 .comment       0x00000030       0x31 common_avr-liberty-master_src/ks0108.o
 .comment       0x00000030       0x31 common_avr-liberty-master_src/rprintf.o
 .comment       0x00000030       0x31 common_avr-liberty-master_src/uart.o
 .comment       0x00000030       0x31 LMRfR_main/appl.o
 .comment       0x00000030       0x31 LMRfR_main/button_dep.o
 .comment       0x00000030       0x31 LMRfR_main/main.o
 .comment       0x00000030       0x31 LM_button/button.o

.note.gnu.avr.deviceinfo
                0x00000000       0x40
 .note.gnu.avr.deviceinfo
                0x00000000       0x40 C:/Program Files (x86)/Atmel/Studio/7.0/Packs/atmel/ATmega_DFP/1.0.90/gcc/dev/atmega644p/avr5/crtatmega644p.o

.note.gnu.build-id
 *(.note.gnu.build-id)

.debug
 *(.debug)

.line
 *(.line)

.debug_srcinfo
 *(.debug_srcinfo)

.debug_sfnames
 *(.debug_sfnames)

.debug_aranges  0x00000000      0x330
 *(.debug_aranges)
 .debug_aranges
                0x00000000       0x50 common_avr-liberty-master_src/buffer.o
 .debug_aranges
                0x00000050       0x58 common_avr-liberty-master_src/glcd.o
 .debug_aranges
                0x000000a8       0xc0 common_avr-liberty-master_src/ks0108.o
 .debug_aranges
                0x00000168       0x78 common_avr-liberty-master_src/rprintf.o
 .debug_aranges
                0x000001e0       0x90 common_avr-liberty-master_src/uart.o
 .debug_aranges
                0x00000270       0x30 LMRfR_main/appl.o
 .debug_aranges
                0x000002a0       0x28 LMRfR_main/button_dep.o
 .debug_aranges
                0x000002c8       0x20 LMRfR_main/main.o
 .debug_aranges
                0x000002e8       0x48 LM_button/button.o

.debug_pubnames
 *(.debug_pubnames)

.debug_info     0x00000000     0x2e50
 *(.debug_info .gnu.linkonce.wi.*)
 .debug_info    0x00000000      0x2ed common_avr-liberty-master_src/buffer.o
 .debug_info    0x000002ed      0x678 common_avr-liberty-master_src/glcd.o
 .debug_info    0x00000965      0xb31 common_avr-liberty-master_src/ks0108.o
 .debug_info    0x00001496      0x624 common_avr-liberty-master_src/rprintf.o
 .debug_info    0x00001aba      0x5a7 common_avr-liberty-master_src/uart.o
 .debug_info    0x00002061      0x7cd LMRfR_main/appl.o
 .debug_info    0x0000282e       0xfa LMRfR_main/button_dep.o
 .debug_info    0x00002928      0x168 LMRfR_main/main.o
 .debug_info    0x00002a90      0x3c0 LM_button/button.o

.debug_abbrev   0x00000000      0xf03
 *(.debug_abbrev)
 .debug_abbrev  0x00000000       0xea common_avr-liberty-master_src/buffer.o
 .debug_abbrev  0x000000ea      0x18e common_avr-liberty-master_src/glcd.o
 .debug_abbrev  0x00000278      0x302 common_avr-liberty-master_src/ks0108.o
 .debug_abbrev  0x0000057a      0x1dd common_avr-liberty-master_src/rprintf.o
 .debug_abbrev  0x00000757      0x2c2 common_avr-liberty-master_src/uart.o
 .debug_abbrev  0x00000a19      0x202 LMRfR_main/appl.o
 .debug_abbrev  0x00000c1b       0x89 LMRfR_main/button_dep.o
 .debug_abbrev  0x00000ca4       0xe2 LMRfR_main/main.o
 .debug_abbrev  0x00000d86      0x17d LM_button/button.o

.debug_line     0x00000000     0x1ada
 *(.debug_line .debug_line.* .debug_line_end)
 .debug_line    0x00000000      0x232 common_avr-liberty-master_src/buffer.o
 .debug_line    0x00000232      0x325 common_avr-liberty-master_src/glcd.o
 .debug_line    0x00000557      0x76f common_avr-liberty-master_src/ks0108.o
 .debug_line    0x00000cc6      0x438 common_avr-liberty-master_src/rprintf.o
 .debug_line    0x000010fe      0x2e6 common_avr-liberty-master_src/uart.o
 .debug_line    0x000013e4      0x269 LMRfR_main/appl.o
 .debug_line    0x0000164d      0x143 LMRfR_main/button_dep.o
 .debug_line    0x00001790      0x165 LMRfR_main/main.o
 .debug_line    0x000018f5      0x1e5 LM_button/button.o

.debug_frame    0x00000000      0x8d8
 *(.debug_frame)
 .debug_frame   0x00000000       0x84 common_avr-liberty-master_src/buffer.o
 .debug_frame   0x00000084      0x174 common_avr-liberty-master_src/glcd.o
 .debug_frame   0x000001f8      0x1bc common_avr-liberty-master_src/ks0108.o
 .debug_frame   0x000003b4      0x1e8 common_avr-liberty-master_src/rprintf.o
 .debug_frame   0x0000059c      0x1bc common_avr-liberty-master_src/uart.o
 .debug_frame   0x00000758       0x6c LMRfR_main/appl.o
 .debug_frame   0x000007c4       0x5c LMRfR_main/button_dep.o
 .debug_frame   0x00000820       0x24 LMRfR_main/main.o
 .debug_frame   0x00000844       0x94 LM_button/button.o

.debug_str      0x00000000      0xb17
 *(.debug_str)
 .debug_str     0x00000000      0x230 common_avr-liberty-master_src/buffer.o
                                0x27c (size before relaxing)
 .debug_str     0x00000230      0x138 common_avr-liberty-master_src/glcd.o
                                0x2b7 (size before relaxing)
 .debug_str     0x00000368      0x1f8 common_avr-liberty-master_src/ks0108.o
                                0x3eb (size before relaxing)
 .debug_str     0x00000560      0x160 common_avr-liberty-master_src/rprintf.o
                                0x311 (size before relaxing)
 .debug_str     0x000006c0      0x1b1 common_avr-liberty-master_src/uart.o
                                0x39f (size before relaxing)
 .debug_str     0x00000871      0x18d LMRfR_main/appl.o
                                0x3ea (size before relaxing)
 .debug_str     0x000009fe       0x61 LMRfR_main/button_dep.o
                                0x1e4 (size before relaxing)
 .debug_str     0x00000a5f       0x3b LMRfR_main/main.o
                                0x209 (size before relaxing)
 .debug_str     0x00000a9a       0x7d LM_button/button.o
                                0x371 (size before relaxing)

.debug_loc      0x00000000     0x237e
 *(.debug_loc)
 .debug_loc     0x00000000      0x200 common_avr-liberty-master_src/buffer.o
 .debug_loc     0x00000200      0x84d common_avr-liberty-master_src/glcd.o
 .debug_loc     0x00000a4d      0x744 common_avr-liberty-master_src/ks0108.o
 .debug_loc     0x00001191      0xb32 common_avr-liberty-master_src/rprintf.o
 .debug_loc     0x00001cc3      0x342 common_avr-liberty-master_src/uart.o
 .debug_loc     0x00002005       0xf1 LMRfR_main/appl.o
 .debug_loc     0x000020f6      0x190 LMRfR_main/button_dep.o
 .debug_loc     0x00002286       0xf8 LM_button/button.o

.debug_macinfo
 *(.debug_macinfo)

.debug_weaknames
 *(.debug_weaknames)

.debug_funcnames
 *(.debug_funcnames)

.debug_typenames
 *(.debug_typenames)

.debug_varnames
 *(.debug_varnames)

.debug_pubtypes
 *(.debug_pubtypes)

.debug_ranges   0x00000000      0x2b8
 *(.debug_ranges)
 .debug_ranges  0x00000000       0x40 common_avr-liberty-master_src/buffer.o
 .debug_ranges  0x00000040       0x60 common_avr-liberty-master_src/glcd.o
 .debug_ranges  0x000000a0       0xb0 common_avr-liberty-master_src/ks0108.o
 .debug_ranges  0x00000150       0x68 common_avr-liberty-master_src/rprintf.o
 .debug_ranges  0x000001b8       0x80 common_avr-liberty-master_src/uart.o
 .debug_ranges  0x00000238       0x20 LMRfR_main/appl.o
 .debug_ranges  0x00000258       0x18 LMRfR_main/button_dep.o
 .debug_ranges  0x00000270       0x10 LMRfR_main/main.o
 .debug_ranges  0x00000280       0x38 LM_button/button.o

.debug_macro
 *(.debug_macro)
OUTPUT(LevelMeterRfRemote.elf elf32-avr)
LOAD linker stubs
