Archive member included to satisfy reference by file (symbol)

c:/program files (x86)/atmel/studio/7.0/toolchain/avr8/avr8-gnu-toolchain/bin/../lib/gcc/avr/4.9.2/avr5\libgcc.a(_mulsi3.o)
                              common_avr-liberty-master_src/timerx8.o (__mulsi3)
c:/program files (x86)/atmel/studio/7.0/toolchain/avr8/avr8-gnu-toolchain/bin/../lib/gcc/avr/4.9.2/avr5\libgcc.a(_udivmodhi4.o)
                              common_avr-liberty-master_src/buffer.o (__udivmodhi4)
c:/program files (x86)/atmel/studio/7.0/toolchain/avr8/avr8-gnu-toolchain/bin/../lib/gcc/avr/4.9.2/avr5\libgcc.a(_udivmodsi4.o)
                              common_avr-liberty-master_src/rprintf.o (__udivmodsi4)
c:/program files (x86)/atmel/studio/7.0/toolchain/avr8/avr8-gnu-toolchain/bin/../lib/gcc/avr/4.9.2/avr5\libgcc.a(_exit.o)
                              C:/Program Files (x86)/Atmel/Studio/7.0/Packs/atmel/ATmega_DFP/1.0.90/gcc/dev/atmega644p/avr5/crtatmega644p.o (exit)
c:/program files (x86)/atmel/studio/7.0/toolchain/avr8/avr8-gnu-toolchain/bin/../lib/gcc/avr/4.9.2/avr5\libgcc.a(_copy_data.o)
                              LMRfR_lcd_ks0108lib/graphic.o (__do_copy_data)
c:/program files (x86)/atmel/studio/7.0/toolchain/avr8/avr8-gnu-toolchain/bin/../lib/gcc/avr/4.9.2/avr5\libgcc.a(_clear_bss.o)
                              common_avr-liberty-master_src/rprintf.o (__do_clear_bss)
c:/program files (x86)/atmel/studio/7.0/toolchain/avr8/avr8-gnu-toolchain/bin/../lib/gcc/avr/4.9.2/avr5\libgcc.a(_muluhisi3.o)
                              c:/program files (x86)/atmel/studio/7.0/toolchain/avr8/avr8-gnu-toolchain/bin/../lib/gcc/avr/4.9.2/avr5\libgcc.a(_mulsi3.o) (__muluhisi3)
c:/program files (x86)/atmel/studio/7.0/toolchain/avr8/avr8-gnu-toolchain/bin/../lib/gcc/avr/4.9.2/avr5\libgcc.a(_umulhisi3.o)
                              c:/program files (x86)/atmel/studio/7.0/toolchain/avr8/avr8-gnu-toolchain/bin/../lib/gcc/avr/4.9.2/avr5\libgcc.a(_muluhisi3.o) (__umulhisi3)

Allocating common symbols
Common symbol       size              file

uartReadyTx         0x1               common_avr-liberty-master_src/uart.o
Timer0Reg0          0x4               common_avr-liberty-master_src/timerx8.o
uartRxBuffer        0x8               common_avr-liberty-master_src/uart.o
TimerPauseReg       0x4               common_avr-liberty-master_src/timerx8.o
button              0x1a              LMRfR_button/button.o
Timer2Reg0          0x4               common_avr-liberty-master_src/timerx8.o
uartBufferedTx      0x1               common_avr-liberty-master_src/uart.o
uartTxBuffer        0x8               common_avr-liberty-master_src/uart.o
uartRxOverflow      0x2               common_avr-liberty-master_src/uart.o

Discarded input sections

 .data          0x00000000        0x0 C:/Program Files (x86)/Atmel/Studio/7.0/Packs/atmel/ATmega_DFP/1.0.90/gcc/dev/atmega644p/avr5/crtatmega644p.o
 .bss           0x00000000        0x0 C:/Program Files (x86)/Atmel/Studio/7.0/Packs/atmel/ATmega_DFP/1.0.90/gcc/dev/atmega644p/avr5/crtatmega644p.o
 .text          0x00000000        0x0 common_avr-liberty-master_src/buffer.o
 .data          0x00000000        0x0 common_avr-liberty-master_src/buffer.o
 .bss           0x00000000        0x0 common_avr-liberty-master_src/buffer.o
 .text.bufferDumpFromFront
                0x00000000       0x40 common_avr-liberty-master_src/buffer.o
 .text.bufferGetAtIndex
                0x00000000       0x26 common_avr-liberty-master_src/buffer.o
 .text.bufferIsNotFull
                0x00000000       0x16 common_avr-liberty-master_src/buffer.o
 .text.bufferFlush
                0x00000000        0xe common_avr-liberty-master_src/buffer.o
 .text          0x00000000        0x0 common_avr-liberty-master_src/rprintf.o
 .data          0x00000000        0x0 common_avr-liberty-master_src/rprintf.o
 .bss           0x00000000        0x0 common_avr-liberty-master_src/rprintf.o
 .text.rprintfStr
                0x00000000       0x1c common_avr-liberty-master_src/rprintf.o
 .text.rprintfStrLen
                0x00000000       0x5c common_avr-liberty-master_src/rprintf.o
 .text.rprintfProgStr
                0x00000000       0x22 common_avr-liberty-master_src/rprintf.o
 .text.rprintfCRLF
                0x00000000        0x6 common_avr-liberty-master_src/rprintf.o
 .text.rprintfu08
                0x00000000       0x14 common_avr-liberty-master_src/rprintf.o
 .text.rprintfu16
                0x00000000       0x12 common_avr-liberty-master_src/rprintf.o
 .text.rprintfu32
                0x00000000       0x20 common_avr-liberty-master_src/rprintf.o
 .text.rprintfNum
                0x00000000      0x140 common_avr-liberty-master_src/rprintf.o
 .text          0x00000000        0x0 common_avr-liberty-master_src/timerx8.o
 .data          0x00000000        0x0 common_avr-liberty-master_src/timerx8.o
 .bss           0x00000000        0x0 common_avr-liberty-master_src/timerx8.o
 .text.delay_us
                0x00000000        0x2 common_avr-liberty-master_src/timerx8.o
 .text.timer0SetPrescaler
                0x00000000        0xa common_avr-liberty-master_src/timerx8.o
 .text.timer0Init
                0x00000000       0x24 common_avr-liberty-master_src/timerx8.o
 .text.timer1SetPrescaler
                0x00000000        0xe common_avr-liberty-master_src/timerx8.o
 .text.timer1Init
                0x00000000       0x1a common_avr-liberty-master_src/timerx8.o
 .text.timer2SetPrescaler
                0x00000000        0xe common_avr-liberty-master_src/timerx8.o
 .text.timer2Init
                0x00000000       0x26 common_avr-liberty-master_src/timerx8.o
 .text.timer0GetPrescaler
                0x00000000       0x14 common_avr-liberty-master_src/timerx8.o
 .text.timer1GetPrescaler
                0x00000000       0x16 common_avr-liberty-master_src/timerx8.o
 .text.timer2GetPrescaler
                0x00000000       0x16 common_avr-liberty-master_src/timerx8.o
 .text.timerAttach
                0x00000000       0x16 common_avr-liberty-master_src/timerx8.o
 .text.timerDetach
                0x00000000       0x16 common_avr-liberty-master_src/timerx8.o
 .text.timerInit
                0x00000000       0x22 common_avr-liberty-master_src/timerx8.o
 .text.timerPause
                0x00000000       0xf6 common_avr-liberty-master_src/timerx8.o
 .text.timer0ClearOverflowCount
                0x00000000       0x12 common_avr-liberty-master_src/timerx8.o
 .text.timer0GetOverflowCount
                0x00000000       0x12 common_avr-liberty-master_src/timerx8.o
 .text.timer2ClearOverflowCount
                0x00000000       0x12 common_avr-liberty-master_src/timerx8.o
 .text.timer2GetOverflowCount
                0x00000000       0x12 common_avr-liberty-master_src/timerx8.o
 .text.timer1PWMInit
                0x00000000       0x48 common_avr-liberty-master_src/timerx8.o
 .text.timer1PWMInitICR
                0x00000000       0x3c common_avr-liberty-master_src/timerx8.o
 .text.timer1PWMAOn
                0x00000000       0x12 common_avr-liberty-master_src/timerx8.o
 .text.timer1PWMBOn
                0x00000000       0x12 common_avr-liberty-master_src/timerx8.o
 .text.timer1PWMAOff
                0x00000000       0x12 common_avr-liberty-master_src/timerx8.o
 .text.timer1PWMBOff
                0x00000000       0x12 common_avr-liberty-master_src/timerx8.o
 .text.timer1PWMOff
                0x00000000       0x18 common_avr-liberty-master_src/timerx8.o
 .text.timer1PWMASet
                0x00000000        0xa common_avr-liberty-master_src/timerx8.o
 .text.timer1PWMBSet
                0x00000000        0xa common_avr-liberty-master_src/timerx8.o
 .progmem.data.TimerRTCPrescaleFactor
                0x00000000       0x10 common_avr-liberty-master_src/timerx8.o
 .progmem.data.TimerPrescaleFactor
                0x00000000        0xc common_avr-liberty-master_src/timerx8.o
 .text          0x00000000        0x0 common_avr-liberty-master_src/uart.o
 .data          0x00000000        0x0 common_avr-liberty-master_src/uart.o
 .bss           0x00000000        0x0 common_avr-liberty-master_src/uart.o
 .text.uartSetRxHandler
                0x00000000        0xa common_avr-liberty-master_src/uart.o
 .text.uartGetRxBuffer
                0x00000000        0x6 common_avr-liberty-master_src/uart.o
 .text.uartGetTxBuffer
                0x00000000        0x6 common_avr-liberty-master_src/uart.o
 .text.uartReceiveByte
                0x00000000       0x34 common_avr-liberty-master_src/uart.o
 .text.uartGetByte
                0x00000000       0x28 common_avr-liberty-master_src/uart.o
 .text.uartFlushReceiveBuffer
                0x00000000        0xa common_avr-liberty-master_src/uart.o
 .text.uartReceiveBufferIsEmpty
                0x00000000       0x14 common_avr-liberty-master_src/uart.o
 .text.uartAddToTxBuffer
                0x00000000        0xa common_avr-liberty-master_src/uart.o
 .text.uartSendTxBuffer
                0x00000000       0x12 common_avr-liberty-master_src/uart.o
 .text          0x00000000        0x0 common_src/fun.o
 .data          0x00000000        0x0 common_src/fun.o
 .bss           0x00000000        0x0 common_src/fun.o
 .text.funx     0x00000000        0x2 common_src/fun.o
 .debug_info    0x00000000       0x40 common_src/fun.o
 .debug_abbrev  0x00000000       0x2e common_src/fun.o
 .debug_aranges
                0x00000000       0x20 common_src/fun.o
 .debug_ranges  0x00000000       0x10 common_src/fun.o
 .debug_line    0x00000000       0x3e common_src/fun.o
 .debug_str     0x00000000       0xfa common_src/fun.o
 .comment       0x00000000       0x31 common_src/fun.o
 .debug_frame   0x00000000       0x24 common_src/fun.o
 .text          0x00000000        0x0 LMRfR_button/button.o
 .data          0x00000000        0x0 LMRfR_button/button.o
 .bss           0x00000000        0x0 LMRfR_button/button.o
 .text.ButtonGetHoldTime
                0x00000000        0xa LMRfR_button/button.o
 .text.ButtonGetReleased
                0x00000000       0x12 LMRfR_button/button.o
 .text.ButtonGetHeld
                0x00000000       0x12 LMRfR_button/button.o
 .text.ButtonGetTwiceTapEvent
                0x00000000       0x12 LMRfR_button/button.o
 .text          0x00000000        0x0 LMRfR_lcd_ks0108lib/graphic.o
 .data          0x00000000        0x0 LMRfR_lcd_ks0108lib/graphic.o
 .bss           0x00000000        0x0 LMRfR_lcd_ks0108lib/graphic.o
 .text.GLCD_Rectangle
                0x00000000       0x74 LMRfR_lcd_ks0108lib/graphic.o
 .text.GLCD_Circle
                0x00000000      0x10c LMRfR_lcd_ks0108lib/graphic.o
 .text.GLCD_Line
                0x00000000      0x14a LMRfR_lcd_ks0108lib/graphic.o
 .rodata.color  0x00000000        0x1 LMRfR_lcd_ks0108lib/graphic.o
 .debug_info    0x00000000      0x400 LMRfR_lcd_ks0108lib/graphic.o
 .debug_abbrev  0x00000000       0xd6 LMRfR_lcd_ks0108lib/graphic.o
 .debug_loc     0x00000000      0x741 LMRfR_lcd_ks0108lib/graphic.o
 .debug_aranges
                0x00000000       0x30 LMRfR_lcd_ks0108lib/graphic.o
 .debug_ranges  0x00000000       0x20 LMRfR_lcd_ks0108lib/graphic.o
 .debug_line    0x00000000       0xda LMRfR_lcd_ks0108lib/graphic.o
 .debug_str     0x00000000      0x1cd LMRfR_lcd_ks0108lib/graphic.o
 .comment       0x00000000       0x31 LMRfR_lcd_ks0108lib/graphic.o
 .debug_frame   0x00000000      0x114 LMRfR_lcd_ks0108lib/graphic.o
 .text          0x00000000        0x0 LMRfR_lcd_ks0108lib/KS0108-AVR.o
 .data          0x00000000        0x0 LMRfR_lcd_ks0108lib/KS0108-AVR.o
 .bss           0x00000000        0x0 LMRfR_lcd_ks0108lib/KS0108-AVR.o
 .text.GLCD_Delay
                0x00000000        0x4 LMRfR_lcd_ks0108lib/KS0108-AVR.o
 .text.GLCD_EnableController
                0x00000000       0x14 LMRfR_lcd_ks0108lib/KS0108-AVR.o
 .text.GLCD_DisableController
                0x00000000       0x14 LMRfR_lcd_ks0108lib/KS0108-AVR.o
 .text.GLCD_ReadStatus
                0x00000000       0x26 LMRfR_lcd_ks0108lib/KS0108-AVR.o
 .text.GLCD_WriteCommand
                0x00000000       0x34 LMRfR_lcd_ks0108lib/KS0108-AVR.o
 .text.GLCD_ReadData
                0x00000000       0x56 LMRfR_lcd_ks0108lib/KS0108-AVR.o
 .text.GLCD_WriteData
                0x00000000       0x56 LMRfR_lcd_ks0108lib/KS0108-AVR.o
 .text.GLCD_InitalizePorts
                0x00000000        0xe LMRfR_lcd_ks0108lib/KS0108-AVR.o
 .text.GLCD_ReadByteFromROMMemory
                0x00000000        0x6 LMRfR_lcd_ks0108lib/KS0108-AVR.o
 .debug_info    0x00000000      0x34c LMRfR_lcd_ks0108lib/KS0108-AVR.o
 .debug_abbrev  0x00000000      0x1b3 LMRfR_lcd_ks0108lib/KS0108-AVR.o
 .debug_loc     0x00000000      0x1f5 LMRfR_lcd_ks0108lib/KS0108-AVR.o
 .debug_aranges
                0x00000000       0x60 LMRfR_lcd_ks0108lib/KS0108-AVR.o
 .debug_ranges  0x00000000       0x50 LMRfR_lcd_ks0108lib/KS0108-AVR.o
 .debug_line    0x00000000      0x186 LMRfR_lcd_ks0108lib/KS0108-AVR.o
 .debug_str     0x00000000      0x275 LMRfR_lcd_ks0108lib/KS0108-AVR.o
 .comment       0x00000000       0x31 LMRfR_lcd_ks0108lib/KS0108-AVR.o
 .debug_frame   0x00000000       0xcc LMRfR_lcd_ks0108lib/KS0108-AVR.o
 .text          0x00000000        0x0 LMRfR_lcd_ks0108lib/KS0108.o
 .data          0x00000000        0x0 LMRfR_lcd_ks0108lib/KS0108.o
 .bss           0x00000000        0x0 LMRfR_lcd_ks0108lib/KS0108.o
 .text.GLCD_Initalize
                0x00000000       0x1c LMRfR_lcd_ks0108lib/KS0108.o
 .text.GLCD_GoTo
                0x00000000       0x68 LMRfR_lcd_ks0108lib/KS0108.o
 .text.GLCD_ClearScreen
                0x00000000       0x28 LMRfR_lcd_ks0108lib/KS0108.o
 .text.GLCD_WriteChar
                0x00000000       0x40 LMRfR_lcd_ks0108lib/KS0108.o
 .text.GLCD_WriteString
                0x00000000       0x18 LMRfR_lcd_ks0108lib/KS0108.o
 .text.GLCD_SetPixel
                0x00000000       0x52 LMRfR_lcd_ks0108lib/KS0108.o
 .text.GLCD_Bitmap
                0x00000000       0x76 LMRfR_lcd_ks0108lib/KS0108.o
 .bss.screen_y  0x00000000        0x1 LMRfR_lcd_ks0108lib/KS0108.o
 .bss.screen_x  0x00000000        0x1 LMRfR_lcd_ks0108lib/KS0108.o
 .progmem.data.font5x8
                0x00000000      0x1e0 LMRfR_lcd_ks0108lib/KS0108.o
 .debug_info    0x00000000      0x533 LMRfR_lcd_ks0108lib/KS0108.o
 .debug_abbrev  0x00000000      0x16d LMRfR_lcd_ks0108lib/KS0108.o
 .debug_loc     0x00000000      0x58c LMRfR_lcd_ks0108lib/KS0108.o
 .debug_aranges
                0x00000000       0x50 LMRfR_lcd_ks0108lib/KS0108.o
 .debug_ranges  0x00000000       0x40 LMRfR_lcd_ks0108lib/KS0108.o
 .debug_line    0x00000000      0x11b LMRfR_lcd_ks0108lib/KS0108.o
 .debug_str     0x00000000      0x272 LMRfR_lcd_ks0108lib/KS0108.o
 .comment       0x00000000       0x31 LMRfR_lcd_ks0108lib/KS0108.o
 .debug_frame   0x00000000      0x10c LMRfR_lcd_ks0108lib/KS0108.o
 .text          0x00000000        0x0 LMRfR_main/main.o
 .data          0x00000000        0x0 LMRfR_main/main.o
 .bss           0x00000000        0x0 LMRfR_main/main.o
 .text.timerTest
                0x00000000       0xea LMRfR_main/main.o
 .progmem.data.__c.2025
                0x00000000       0x20 LMRfR_main/main.o
 .progmem.data.__c.2023
                0x00000000       0x19 LMRfR_main/main.o
 .progmem.data.__c.2021
                0x00000000       0x2b LMRfR_main/main.o
 .progmem.data.__c.2019
                0x00000000       0x1d LMRfR_main/main.o
 .progmem.data.__c.2017
                0x00000000       0x29 LMRfR_main/main.o
 .progmem.data.__c.2015
                0x00000000       0x1e LMRfR_main/main.o
 .progmem.data.__c.2013
                0x00000000       0x1e LMRfR_main/main.o
 .progmem.data.__c.2011
                0x00000000        0x8 LMRfR_main/main.o
 .progmem.data.__c.2009
                0x00000000       0x23 LMRfR_main/main.o
 .progmem.data.__c.2007
                0x00000000       0x22 LMRfR_main/main.o
 .progmem.data.__c.2005
                0x00000000       0x31 LMRfR_main/main.o
 .text          0x00000000        0x0 c:/program files (x86)/atmel/studio/7.0/toolchain/avr8/avr8-gnu-toolchain/bin/../lib/gcc/avr/4.9.2/avr5\libgcc.a(_mulsi3.o)
 .data          0x00000000        0x0 c:/program files (x86)/atmel/studio/7.0/toolchain/avr8/avr8-gnu-toolchain/bin/../lib/gcc/avr/4.9.2/avr5\libgcc.a(_mulsi3.o)
 .bss           0x00000000        0x0 c:/program files (x86)/atmel/studio/7.0/toolchain/avr8/avr8-gnu-toolchain/bin/../lib/gcc/avr/4.9.2/avr5\libgcc.a(_mulsi3.o)
 .text.libgcc.mul
                0x00000000       0x20 c:/program files (x86)/atmel/studio/7.0/toolchain/avr8/avr8-gnu-toolchain/bin/../lib/gcc/avr/4.9.2/avr5\libgcc.a(_mulsi3.o)
 .text.libgcc.div
                0x00000000        0x0 c:/program files (x86)/atmel/studio/7.0/toolchain/avr8/avr8-gnu-toolchain/bin/../lib/gcc/avr/4.9.2/avr5\libgcc.a(_mulsi3.o)
 .text.libgcc   0x00000000        0x0 c:/program files (x86)/atmel/studio/7.0/toolchain/avr8/avr8-gnu-toolchain/bin/../lib/gcc/avr/4.9.2/avr5\libgcc.a(_mulsi3.o)
 .text.libgcc.prologue
                0x00000000        0x0 c:/program files (x86)/atmel/studio/7.0/toolchain/avr8/avr8-gnu-toolchain/bin/../lib/gcc/avr/4.9.2/avr5\libgcc.a(_mulsi3.o)
 .text.libgcc.builtins
                0x00000000        0x0 c:/program files (x86)/atmel/studio/7.0/toolchain/avr8/avr8-gnu-toolchain/bin/../lib/gcc/avr/4.9.2/avr5\libgcc.a(_mulsi3.o)
 .text.libgcc.fmul
                0x00000000        0x0 c:/program files (x86)/atmel/studio/7.0/toolchain/avr8/avr8-gnu-toolchain/bin/../lib/gcc/avr/4.9.2/avr5\libgcc.a(_mulsi3.o)
 .text.libgcc.fixed
                0x00000000        0x0 c:/program files (x86)/atmel/studio/7.0/toolchain/avr8/avr8-gnu-toolchain/bin/../lib/gcc/avr/4.9.2/avr5\libgcc.a(_mulsi3.o)
 .text          0x00000000        0x0 c:/program files (x86)/atmel/studio/7.0/toolchain/avr8/avr8-gnu-toolchain/bin/../lib/gcc/avr/4.9.2/avr5\libgcc.a(_udivmodhi4.o)
 .data          0x00000000        0x0 c:/program files (x86)/atmel/studio/7.0/toolchain/avr8/avr8-gnu-toolchain/bin/../lib/gcc/avr/4.9.2/avr5\libgcc.a(_udivmodhi4.o)
 .bss           0x00000000        0x0 c:/program files (x86)/atmel/studio/7.0/toolchain/avr8/avr8-gnu-toolchain/bin/../lib/gcc/avr/4.9.2/avr5\libgcc.a(_udivmodhi4.o)
 .text.libgcc.mul
                0x00000000        0x0 c:/program files (x86)/atmel/studio/7.0/toolchain/avr8/avr8-gnu-toolchain/bin/../lib/gcc/avr/4.9.2/avr5\libgcc.a(_udivmodhi4.o)
 .text.libgcc   0x00000000        0x0 c:/program files (x86)/atmel/studio/7.0/toolchain/avr8/avr8-gnu-toolchain/bin/../lib/gcc/avr/4.9.2/avr5\libgcc.a(_udivmodhi4.o)
 .text.libgcc.prologue
                0x00000000        0x0 c:/program files (x86)/atmel/studio/7.0/toolchain/avr8/avr8-gnu-toolchain/bin/../lib/gcc/avr/4.9.2/avr5\libgcc.a(_udivmodhi4.o)
 .text.libgcc.builtins
                0x00000000        0x0 c:/program files (x86)/atmel/studio/7.0/toolchain/avr8/avr8-gnu-toolchain/bin/../lib/gcc/avr/4.9.2/avr5\libgcc.a(_udivmodhi4.o)
 .text.libgcc.fmul
                0x00000000        0x0 c:/program files (x86)/atmel/studio/7.0/toolchain/avr8/avr8-gnu-toolchain/bin/../lib/gcc/avr/4.9.2/avr5\libgcc.a(_udivmodhi4.o)
 .text.libgcc.fixed
                0x00000000        0x0 c:/program files (x86)/atmel/studio/7.0/toolchain/avr8/avr8-gnu-toolchain/bin/../lib/gcc/avr/4.9.2/avr5\libgcc.a(_udivmodhi4.o)
 .text          0x00000000        0x0 c:/program files (x86)/atmel/studio/7.0/toolchain/avr8/avr8-gnu-toolchain/bin/../lib/gcc/avr/4.9.2/avr5\libgcc.a(_udivmodsi4.o)
 .data          0x00000000        0x0 c:/program files (x86)/atmel/studio/7.0/toolchain/avr8/avr8-gnu-toolchain/bin/../lib/gcc/avr/4.9.2/avr5\libgcc.a(_udivmodsi4.o)
 .bss           0x00000000        0x0 c:/program files (x86)/atmel/studio/7.0/toolchain/avr8/avr8-gnu-toolchain/bin/../lib/gcc/avr/4.9.2/avr5\libgcc.a(_udivmodsi4.o)
 .text.libgcc.mul
                0x00000000        0x0 c:/program files (x86)/atmel/studio/7.0/toolchain/avr8/avr8-gnu-toolchain/bin/../lib/gcc/avr/4.9.2/avr5\libgcc.a(_udivmodsi4.o)
 .text.libgcc   0x00000000        0x0 c:/program files (x86)/atmel/studio/7.0/toolchain/avr8/avr8-gnu-toolchain/bin/../lib/gcc/avr/4.9.2/avr5\libgcc.a(_udivmodsi4.o)
 .text.libgcc.prologue
                0x00000000        0x0 c:/program files (x86)/atmel/studio/7.0/toolchain/avr8/avr8-gnu-toolchain/bin/../lib/gcc/avr/4.9.2/avr5\libgcc.a(_udivmodsi4.o)
 .text.libgcc.builtins
                0x00000000        0x0 c:/program files (x86)/atmel/studio/7.0/toolchain/avr8/avr8-gnu-toolchain/bin/../lib/gcc/avr/4.9.2/avr5\libgcc.a(_udivmodsi4.o)
 .text.libgcc.fmul
                0x00000000        0x0 c:/program files (x86)/atmel/studio/7.0/toolchain/avr8/avr8-gnu-toolchain/bin/../lib/gcc/avr/4.9.2/avr5\libgcc.a(_udivmodsi4.o)
 .text.libgcc.fixed
                0x00000000        0x0 c:/program files (x86)/atmel/studio/7.0/toolchain/avr8/avr8-gnu-toolchain/bin/../lib/gcc/avr/4.9.2/avr5\libgcc.a(_udivmodsi4.o)
 .text          0x00000000        0x0 c:/program files (x86)/atmel/studio/7.0/toolchain/avr8/avr8-gnu-toolchain/bin/../lib/gcc/avr/4.9.2/avr5\libgcc.a(_exit.o)
 .data          0x00000000        0x0 c:/program files (x86)/atmel/studio/7.0/toolchain/avr8/avr8-gnu-toolchain/bin/../lib/gcc/avr/4.9.2/avr5\libgcc.a(_exit.o)
 .bss           0x00000000        0x0 c:/program files (x86)/atmel/studio/7.0/toolchain/avr8/avr8-gnu-toolchain/bin/../lib/gcc/avr/4.9.2/avr5\libgcc.a(_exit.o)
 .text.libgcc.mul
                0x00000000        0x0 c:/program files (x86)/atmel/studio/7.0/toolchain/avr8/avr8-gnu-toolchain/bin/../lib/gcc/avr/4.9.2/avr5\libgcc.a(_exit.o)
 .text.libgcc.div
                0x00000000        0x0 c:/program files (x86)/atmel/studio/7.0/toolchain/avr8/avr8-gnu-toolchain/bin/../lib/gcc/avr/4.9.2/avr5\libgcc.a(_exit.o)
 .text.libgcc   0x00000000        0x0 c:/program files (x86)/atmel/studio/7.0/toolchain/avr8/avr8-gnu-toolchain/bin/../lib/gcc/avr/4.9.2/avr5\libgcc.a(_exit.o)
 .text.libgcc.prologue
                0x00000000        0x0 c:/program files (x86)/atmel/studio/7.0/toolchain/avr8/avr8-gnu-toolchain/bin/../lib/gcc/avr/4.9.2/avr5\libgcc.a(_exit.o)
 .text.libgcc.builtins
                0x00000000        0x0 c:/program files (x86)/atmel/studio/7.0/toolchain/avr8/avr8-gnu-toolchain/bin/../lib/gcc/avr/4.9.2/avr5\libgcc.a(_exit.o)
 .text.libgcc.fmul
                0x00000000        0x0 c:/program files (x86)/atmel/studio/7.0/toolchain/avr8/avr8-gnu-toolchain/bin/../lib/gcc/avr/4.9.2/avr5\libgcc.a(_exit.o)
 .text.libgcc.fixed
                0x00000000        0x0 c:/program files (x86)/atmel/studio/7.0/toolchain/avr8/avr8-gnu-toolchain/bin/../lib/gcc/avr/4.9.2/avr5\libgcc.a(_exit.o)
 .text          0x00000000        0x0 c:/program files (x86)/atmel/studio/7.0/toolchain/avr8/avr8-gnu-toolchain/bin/../lib/gcc/avr/4.9.2/avr5\libgcc.a(_copy_data.o)
 .data          0x00000000        0x0 c:/program files (x86)/atmel/studio/7.0/toolchain/avr8/avr8-gnu-toolchain/bin/../lib/gcc/avr/4.9.2/avr5\libgcc.a(_copy_data.o)
 .bss           0x00000000        0x0 c:/program files (x86)/atmel/studio/7.0/toolchain/avr8/avr8-gnu-toolchain/bin/../lib/gcc/avr/4.9.2/avr5\libgcc.a(_copy_data.o)
 .text.libgcc.mul
                0x00000000        0x0 c:/program files (x86)/atmel/studio/7.0/toolchain/avr8/avr8-gnu-toolchain/bin/../lib/gcc/avr/4.9.2/avr5\libgcc.a(_copy_data.o)
 .text.libgcc.div
                0x00000000        0x0 c:/program files (x86)/atmel/studio/7.0/toolchain/avr8/avr8-gnu-toolchain/bin/../lib/gcc/avr/4.9.2/avr5\libgcc.a(_copy_data.o)
 .text.libgcc   0x00000000        0x0 c:/program files (x86)/atmel/studio/7.0/toolchain/avr8/avr8-gnu-toolchain/bin/../lib/gcc/avr/4.9.2/avr5\libgcc.a(_copy_data.o)
 .text.libgcc.prologue
                0x00000000        0x0 c:/program files (x86)/atmel/studio/7.0/toolchain/avr8/avr8-gnu-toolchain/bin/../lib/gcc/avr/4.9.2/avr5\libgcc.a(_copy_data.o)
 .text.libgcc.builtins
                0x00000000        0x0 c:/program files (x86)/atmel/studio/7.0/toolchain/avr8/avr8-gnu-toolchain/bin/../lib/gcc/avr/4.9.2/avr5\libgcc.a(_copy_data.o)
 .text.libgcc.fmul
                0x00000000        0x0 c:/program files (x86)/atmel/studio/7.0/toolchain/avr8/avr8-gnu-toolchain/bin/../lib/gcc/avr/4.9.2/avr5\libgcc.a(_copy_data.o)
 .text.libgcc.fixed
                0x00000000        0x0 c:/program files (x86)/atmel/studio/7.0/toolchain/avr8/avr8-gnu-toolchain/bin/../lib/gcc/avr/4.9.2/avr5\libgcc.a(_copy_data.o)
 .text          0x00000000        0x0 c:/program files (x86)/atmel/studio/7.0/toolchain/avr8/avr8-gnu-toolchain/bin/../lib/gcc/avr/4.9.2/avr5\libgcc.a(_clear_bss.o)
 .data          0x00000000        0x0 c:/program files (x86)/atmel/studio/7.0/toolchain/avr8/avr8-gnu-toolchain/bin/../lib/gcc/avr/4.9.2/avr5\libgcc.a(_clear_bss.o)
 .bss           0x00000000        0x0 c:/program files (x86)/atmel/studio/7.0/toolchain/avr8/avr8-gnu-toolchain/bin/../lib/gcc/avr/4.9.2/avr5\libgcc.a(_clear_bss.o)
 .text.libgcc.mul
                0x00000000        0x0 c:/program files (x86)/atmel/studio/7.0/toolchain/avr8/avr8-gnu-toolchain/bin/../lib/gcc/avr/4.9.2/avr5\libgcc.a(_clear_bss.o)
 .text.libgcc.div
                0x00000000        0x0 c:/program files (x86)/atmel/studio/7.0/toolchain/avr8/avr8-gnu-toolchain/bin/../lib/gcc/avr/4.9.2/avr5\libgcc.a(_clear_bss.o)
 .text.libgcc   0x00000000        0x0 c:/program files (x86)/atmel/studio/7.0/toolchain/avr8/avr8-gnu-toolchain/bin/../lib/gcc/avr/4.9.2/avr5\libgcc.a(_clear_bss.o)
 .text.libgcc.prologue
                0x00000000        0x0 c:/program files (x86)/atmel/studio/7.0/toolchain/avr8/avr8-gnu-toolchain/bin/../lib/gcc/avr/4.9.2/avr5\libgcc.a(_clear_bss.o)
 .text.libgcc.builtins
                0x00000000        0x0 c:/program files (x86)/atmel/studio/7.0/toolchain/avr8/avr8-gnu-toolchain/bin/../lib/gcc/avr/4.9.2/avr5\libgcc.a(_clear_bss.o)
 .text.libgcc.fmul
                0x00000000        0x0 c:/program files (x86)/atmel/studio/7.0/toolchain/avr8/avr8-gnu-toolchain/bin/../lib/gcc/avr/4.9.2/avr5\libgcc.a(_clear_bss.o)
 .text.libgcc.fixed
                0x00000000        0x0 c:/program files (x86)/atmel/studio/7.0/toolchain/avr8/avr8-gnu-toolchain/bin/../lib/gcc/avr/4.9.2/avr5\libgcc.a(_clear_bss.o)
 .text          0x00000000        0x0 c:/program files (x86)/atmel/studio/7.0/toolchain/avr8/avr8-gnu-toolchain/bin/../lib/gcc/avr/4.9.2/avr5\libgcc.a(_muluhisi3.o)
 .data          0x00000000        0x0 c:/program files (x86)/atmel/studio/7.0/toolchain/avr8/avr8-gnu-toolchain/bin/../lib/gcc/avr/4.9.2/avr5\libgcc.a(_muluhisi3.o)
 .bss           0x00000000        0x0 c:/program files (x86)/atmel/studio/7.0/toolchain/avr8/avr8-gnu-toolchain/bin/../lib/gcc/avr/4.9.2/avr5\libgcc.a(_muluhisi3.o)
 .text.libgcc.mul
                0x00000000       0x16 c:/program files (x86)/atmel/studio/7.0/toolchain/avr8/avr8-gnu-toolchain/bin/../lib/gcc/avr/4.9.2/avr5\libgcc.a(_muluhisi3.o)
 .text.libgcc.div
                0x00000000        0x0 c:/program files (x86)/atmel/studio/7.0/toolchain/avr8/avr8-gnu-toolchain/bin/../lib/gcc/avr/4.9.2/avr5\libgcc.a(_muluhisi3.o)
 .text.libgcc   0x00000000        0x0 c:/program files (x86)/atmel/studio/7.0/toolchain/avr8/avr8-gnu-toolchain/bin/../lib/gcc/avr/4.9.2/avr5\libgcc.a(_muluhisi3.o)
 .text.libgcc.prologue
                0x00000000        0x0 c:/program files (x86)/atmel/studio/7.0/toolchain/avr8/avr8-gnu-toolchain/bin/../lib/gcc/avr/4.9.2/avr5\libgcc.a(_muluhisi3.o)
 .text.libgcc.builtins
                0x00000000        0x0 c:/program files (x86)/atmel/studio/7.0/toolchain/avr8/avr8-gnu-toolchain/bin/../lib/gcc/avr/4.9.2/avr5\libgcc.a(_muluhisi3.o)
 .text.libgcc.fmul
                0x00000000        0x0 c:/program files (x86)/atmel/studio/7.0/toolchain/avr8/avr8-gnu-toolchain/bin/../lib/gcc/avr/4.9.2/avr5\libgcc.a(_muluhisi3.o)
 .text.libgcc.fixed
                0x00000000        0x0 c:/program files (x86)/atmel/studio/7.0/toolchain/avr8/avr8-gnu-toolchain/bin/../lib/gcc/avr/4.9.2/avr5\libgcc.a(_muluhisi3.o)
 .text          0x00000000        0x0 c:/program files (x86)/atmel/studio/7.0/toolchain/avr8/avr8-gnu-toolchain/bin/../lib/gcc/avr/4.9.2/avr5\libgcc.a(_umulhisi3.o)
 .data          0x00000000        0x0 c:/program files (x86)/atmel/studio/7.0/toolchain/avr8/avr8-gnu-toolchain/bin/../lib/gcc/avr/4.9.2/avr5\libgcc.a(_umulhisi3.o)
 .bss           0x00000000        0x0 c:/program files (x86)/atmel/studio/7.0/toolchain/avr8/avr8-gnu-toolchain/bin/../lib/gcc/avr/4.9.2/avr5\libgcc.a(_umulhisi3.o)
 .text.libgcc.mul
                0x00000000       0x1e c:/program files (x86)/atmel/studio/7.0/toolchain/avr8/avr8-gnu-toolchain/bin/../lib/gcc/avr/4.9.2/avr5\libgcc.a(_umulhisi3.o)
 .text.libgcc.div
                0x00000000        0x0 c:/program files (x86)/atmel/studio/7.0/toolchain/avr8/avr8-gnu-toolchain/bin/../lib/gcc/avr/4.9.2/avr5\libgcc.a(_umulhisi3.o)
 .text.libgcc   0x00000000        0x0 c:/program files (x86)/atmel/studio/7.0/toolchain/avr8/avr8-gnu-toolchain/bin/../lib/gcc/avr/4.9.2/avr5\libgcc.a(_umulhisi3.o)
 .text.libgcc.prologue
                0x00000000        0x0 c:/program files (x86)/atmel/studio/7.0/toolchain/avr8/avr8-gnu-toolchain/bin/../lib/gcc/avr/4.9.2/avr5\libgcc.a(_umulhisi3.o)
 .text.libgcc.builtins
                0x00000000        0x0 c:/program files (x86)/atmel/studio/7.0/toolchain/avr8/avr8-gnu-toolchain/bin/../lib/gcc/avr/4.9.2/avr5\libgcc.a(_umulhisi3.o)
 .text.libgcc.fmul
                0x00000000        0x0 c:/program files (x86)/atmel/studio/7.0/toolchain/avr8/avr8-gnu-toolchain/bin/../lib/gcc/avr/4.9.2/avr5\libgcc.a(_umulhisi3.o)
 .text.libgcc.fixed
                0x00000000        0x0 c:/program files (x86)/atmel/studio/7.0/toolchain/avr8/avr8-gnu-toolchain/bin/../lib/gcc/avr/4.9.2/avr5\libgcc.a(_umulhisi3.o)

Memory Configuration

Name             Origin             Length             Attributes
text             0x00000000         0x00020000         xr
data             0x00800060         0x0000ffa0         rw !x
eeprom           0x00810000         0x00010000         rw !x
fuse             0x00820000         0x00000400         rw !x
lock             0x00830000         0x00000400         rw !x
signature        0x00840000         0x00000400         rw !x
user_signatures  0x00850000         0x00000400         rw !x
*default*        0x00000000         0xffffffff

Linker script and memory map

Address of section .data set to 0x800100
LOAD C:/Program Files (x86)/Atmel/Studio/7.0/Packs/atmel/ATmega_DFP/1.0.90/gcc/dev/atmega644p/avr5/crtatmega644p.o
LOAD common_avr-liberty-master_src/buffer.o
LOAD common_avr-liberty-master_src/rprintf.o
LOAD common_avr-liberty-master_src/timerx8.o
LOAD common_avr-liberty-master_src/uart.o
LOAD common_src/fun.o
LOAD LMRfR_button/button.o
LOAD LMRfR_lcd_ks0108lib/graphic.o
LOAD LMRfR_lcd_ks0108lib/KS0108-AVR.o
LOAD LMRfR_lcd_ks0108lib/KS0108.o
LOAD LMRfR_main/main.o
START GROUP
LOAD c:/program files (x86)/atmel/studio/7.0/toolchain/avr8/avr8-gnu-toolchain/bin/../lib/gcc/avr/4.9.2/../../../../avr/lib/avr5\libm.a
END GROUP
START GROUP
LOAD c:/program files (x86)/atmel/studio/7.0/toolchain/avr8/avr8-gnu-toolchain/bin/../lib/gcc/avr/4.9.2/avr5\libgcc.a
LOAD c:/program files (x86)/atmel/studio/7.0/toolchain/avr8/avr8-gnu-toolchain/bin/../lib/gcc/avr/4.9.2/../../../../avr/lib/avr5\libm.a
LOAD c:/program files (x86)/atmel/studio/7.0/toolchain/avr8/avr8-gnu-toolchain/bin/../lib/gcc/avr/4.9.2/../../../../avr/lib/avr5\libc.a
LOAD C:/Program Files (x86)/Atmel/Studio/7.0/Packs/atmel/ATmega_DFP/1.0.90/gcc/dev/atmega644p/avr5\libatmega644p.a
END GROUP

.hash
 *(.hash)

.dynsym
 *(.dynsym)

.dynstr
 *(.dynstr)

.gnu.version
 *(.gnu.version)

.gnu.version_d
 *(.gnu.version_d)

.gnu.version_r
 *(.gnu.version_r)

.rel.init
 *(.rel.init)

.rela.init
 *(.rela.init)

.rel.text
 *(.rel.text)
 *(.rel.text.*)
 *(.rel.gnu.linkonce.t*)

.rela.text
 *(.rela.text)
 *(.rela.text.*)
 *(.rela.gnu.linkonce.t*)

.rel.fini
 *(.rel.fini)

.rela.fini
 *(.rela.fini)

.rel.rodata
 *(.rel.rodata)
 *(.rel.rodata.*)
 *(.rel.gnu.linkonce.r*)

.rela.rodata
 *(.rela.rodata)
 *(.rela.rodata.*)
 *(.rela.gnu.linkonce.r*)

.rel.data
 *(.rel.data)
 *(.rel.data.*)
 *(.rel.gnu.linkonce.d*)

.rela.data
 *(.rela.data)
 *(.rela.data.*)
 *(.rela.gnu.linkonce.d*)

.rel.ctors
 *(.rel.ctors)

.rela.ctors
 *(.rela.ctors)

.rel.dtors
 *(.rel.dtors)

.rela.dtors
 *(.rela.dtors)

.rel.got
 *(.rel.got)

.rela.got
 *(.rela.got)

.rel.bss
 *(.rel.bss)

.rela.bss
 *(.rela.bss)

.rel.plt
 *(.rel.plt)

.rela.plt
 *(.rela.plt)

.text           0x00000000      0xb48
 *(.vectors)
 .vectors       0x00000000       0x7c C:/Program Files (x86)/Atmel/Studio/7.0/Packs/atmel/ATmega_DFP/1.0.90/gcc/dev/atmega644p/avr5/crtatmega644p.o
                0x00000000                __vector_default
                0x00000000                __vectors
 *(.vectors)
 *(.progmem.gcc*)
                0x0000007c                . = ALIGN (0x2)
                0x0000007c                __trampolines_start = .
 *(.trampolines)
 .trampolines   0x0000007c        0x0 linker stubs
 *(.trampolines*)
                0x0000007c                __trampolines_end = .
 *(.progmem*)
 .progmem.data.HexChars
                0x0000007c       0x11 common_avr-liberty-master_src/rprintf.o
 .progmem.data.__c.1999
                0x0000008d        0x7 LMRfR_main/main.o
 .progmem.data.__c.1997
                0x00000094        0x7 LMRfR_main/main.o
                0x0000009c                . = ALIGN (0x2)
 *fill*         0x0000009b        0x1 
 *(.jumptables)
 *(.jumptables*)
 *(.lowtext)
 *(.lowtext*)
                0x0000009c                __ctors_start = .
 *(.ctors)
                0x0000009c                __ctors_end = .
                0x0000009c                __dtors_start = .
 *(.dtors)
                0x0000009c                __dtors_end = .
 SORT(*)(.ctors)
 SORT(*)(.dtors)
 *(.init0)
 .init0         0x0000009c        0x0 C:/Program Files (x86)/Atmel/Studio/7.0/Packs/atmel/ATmega_DFP/1.0.90/gcc/dev/atmega644p/avr5/crtatmega644p.o
                0x0000009c                __init
 *(.init0)
 *(.init1)
 *(.init1)
 *(.init2)
 .init2         0x0000009c        0xc C:/Program Files (x86)/Atmel/Studio/7.0/Packs/atmel/ATmega_DFP/1.0.90/gcc/dev/atmega644p/avr5/crtatmega644p.o
 *(.init2)
 *(.init3)
 *(.init3)
 *(.init4)
 .init4         0x000000a8       0x16 c:/program files (x86)/atmel/studio/7.0/toolchain/avr8/avr8-gnu-toolchain/bin/../lib/gcc/avr/4.9.2/avr5\libgcc.a(_copy_data.o)
                0x000000a8                __do_copy_data
 .init4         0x000000be       0x10 c:/program files (x86)/atmel/studio/7.0/toolchain/avr8/avr8-gnu-toolchain/bin/../lib/gcc/avr/4.9.2/avr5\libgcc.a(_clear_bss.o)
                0x000000be                __do_clear_bss
 *(.init4)
 *(.init5)
 *(.init5)
 *(.init6)
 *(.init6)
 *(.init7)
 *(.init7)
 *(.init8)
 *(.init8)
 *(.init9)
 .init9         0x000000ce        0x8 C:/Program Files (x86)/Atmel/Studio/7.0/Packs/atmel/ATmega_DFP/1.0.90/gcc/dev/atmega644p/avr5/crtatmega644p.o
 *(.init9)
 *(.text)
 .text          0x000000d6        0x4 C:/Program Files (x86)/Atmel/Studio/7.0/Packs/atmel/ATmega_DFP/1.0.90/gcc/dev/atmega644p/avr5/crtatmega644p.o
                0x000000d6                __vector_28
                0x000000d6                __vector_1
                0x000000d6                __vector_24
                0x000000d6                __bad_interrupt
                0x000000d6                __vector_6
                0x000000d6                __vector_3
                0x000000d6                __vector_23
                0x000000d6                __vector_30
                0x000000d6                __vector_25
                0x000000d6                __vector_17
                0x000000d6                __vector_19
                0x000000d6                __vector_7
                0x000000d6                __vector_27
                0x000000d6                __vector_5
                0x000000d6                __vector_4
                0x000000d6                __vector_2
                0x000000d6                __vector_21
                0x000000d6                __vector_29
                0x000000d6                __vector_8
                0x000000d6                __vector_26
                0x000000d6                __vector_16
                0x000000da                . = ALIGN (0x2)
 *(.text.*)
 .text.bufferInit
                0x000000da       0x1a common_avr-liberty-master_src/buffer.o
                0x000000da                bufferInit
 .text.bufferGetFromFront
                0x000000f4       0x48 common_avr-liberty-master_src/buffer.o
                0x000000f4                bufferGetFromFront
 .text.bufferAddToEnd
                0x0000013c       0x42 common_avr-liberty-master_src/buffer.o
                0x0000013c                bufferAddToEnd
 .text.rprintfInit
                0x0000017e        0xa common_avr-liberty-master_src/rprintf.o
                0x0000017e                rprintfInit
 .text.rprintfChar
                0x00000188       0x22 common_avr-liberty-master_src/rprintf.o
                0x00000188                rprintfChar
 .text.rprintfu04
                0x000001aa       0x10 common_avr-liberty-master_src/rprintf.o
                0x000001aa                rprintfu04
 .text.rprintf1RamRom
                0x000001ba      0x140 common_avr-liberty-master_src/rprintf.o
                0x000001ba                rprintf1RamRom
 .text.__vector_18
                0x000002fa       0xa6 common_avr-liberty-master_src/timerx8.o
                0x000002fa                __vector_18
 .text.__vector_15
                0x000003a0       0x5a common_avr-liberty-master_src/timerx8.o
                0x000003a0                __vector_15
 .text.__vector_11
                0x000003fa       0x80 common_avr-liberty-master_src/timerx8.o
                0x000003fa                __vector_11
 .text.__vector_13
                0x0000047a       0x5a common_avr-liberty-master_src/timerx8.o
                0x0000047a                __vector_13
 .text.__vector_14
                0x000004d4       0x5a common_avr-liberty-master_src/timerx8.o
                0x000004d4                __vector_14
 .text.__vector_12
                0x0000052e       0x5a common_avr-liberty-master_src/timerx8.o
                0x0000052e                __vector_12
 .text.__vector_9
                0x00000588       0x5a common_avr-liberty-master_src/timerx8.o
                0x00000588                __vector_9
 .text.__vector_10
                0x000005e2       0x5a common_avr-liberty-master_src/timerx8.o
                0x000005e2                __vector_10
 .text.uartInitBuffers
                0x0000063c       0x20 common_avr-liberty-master_src/uart.o
                0x0000063c                uartInitBuffers
 .text.uartInit
                0x0000065c       0x32 common_avr-liberty-master_src/uart.o
                0x0000065c                uartInit
 .text.uartSetBaudRate
                0x0000068e       0x4e common_avr-liberty-master_src/uart.o
                0x0000068e                uartSetBaudRate
 .text.uartSendByte
                0x000006dc       0x12 common_avr-liberty-master_src/uart.o
                0x000006dc                uartSendByte
 .text.__vector_22
                0x000006ee       0x70 common_avr-liberty-master_src/uart.o
                0x000006ee                __vector_22
 .text.__vector_20
                0x0000075e       0x80 common_avr-liberty-master_src/uart.o
                0x0000075e                __vector_20
 .text.ButtonInit
                0x000007de       0x14 LMRfR_button/button.o
                0x000007de                ButtonInit
 .text.ButtonCycleUpdate
                0x000007f2      0x232 LMRfR_button/button.o
                0x000007f2                ButtonCycleUpdate
 .text.startup.main
                0x00000a24       0xb4 LMRfR_main/main.o
                0x00000a24                main
 .text.libgcc.div
                0x00000ad8       0x28 c:/program files (x86)/atmel/studio/7.0/toolchain/avr8/avr8-gnu-toolchain/bin/../lib/gcc/avr/4.9.2/avr5\libgcc.a(_udivmodhi4.o)
                0x00000ad8                __udivmodhi4
 .text.libgcc.div
                0x00000b00       0x44 c:/program files (x86)/atmel/studio/7.0/toolchain/avr8/avr8-gnu-toolchain/bin/../lib/gcc/avr/4.9.2/avr5\libgcc.a(_udivmodsi4.o)
                0x00000b00                __udivmodsi4
                0x00000b44                . = ALIGN (0x2)
 *(.fini9)
 .fini9         0x00000b44        0x0 c:/program files (x86)/atmel/studio/7.0/toolchain/avr8/avr8-gnu-toolchain/bin/../lib/gcc/avr/4.9.2/avr5\libgcc.a(_exit.o)
                0x00000b44                _exit
                0x00000b44                exit
 *(.fini9)
 *(.fini8)
 *(.fini8)
 *(.fini7)
 *(.fini7)
 *(.fini6)
 *(.fini6)
 *(.fini5)
 *(.fini5)
 *(.fini4)
 *(.fini4)
 *(.fini3)
 *(.fini3)
 *(.fini2)
 *(.fini2)
 *(.fini1)
 *(.fini1)
 *(.fini0)
 .fini0         0x00000b44        0x4 c:/program files (x86)/atmel/studio/7.0/toolchain/avr8/avr8-gnu-toolchain/bin/../lib/gcc/avr/4.9.2/avr5\libgcc.a(_exit.o)
 *(.fini0)
                0x00000b48                _etext = .

.data           0x00800100        0x0 load address 0x00000b48
                0x00800100                PROVIDE (__data_start, .)
 *(.data)
 *(.data*)
 *(.rodata)
 *(.rodata*)
 *(.gnu.linkonce.d*)
                0x00800100                . = ALIGN (0x2)
                0x00800100                _edata = .
                0x00800100                PROVIDE (__data_end, .)

.bss            0x00800100       0xcc
                0x00800100                PROVIDE (__bss_start, .)
 *(.bss)
 *(.bss*)
 .bss.rputchar  0x00800100        0x2 common_avr-liberty-master_src/rprintf.o
 .bss.TimerIntFunc
                0x00800102        0xe common_avr-liberty-master_src/timerx8.o
 .bss.UartRxFunc
                0x00800110        0x2 common_avr-liberty-master_src/uart.o
 .bss.uartTxData
                0x00800112       0x40 common_avr-liberty-master_src/uart.o
 .bss.uartRxData
                0x00800152       0x40 common_avr-liberty-master_src/uart.o
 *(COMMON)
 COMMON         0x00800192        0xc common_avr-liberty-master_src/timerx8.o
                0x00800192                Timer0Reg0
                0x00800196                TimerPauseReg
                0x0080019a                Timer2Reg0
 COMMON         0x0080019e       0x14 common_avr-liberty-master_src/uart.o
                0x0080019e                uartReadyTx
                0x0080019f                uartRxBuffer
                0x008001a7                uartBufferedTx
                0x008001a8                uartTxBuffer
                0x008001b0                uartRxOverflow
 COMMON         0x008001b2       0x1a LMRfR_button/button.o
                0x008001b2                button
                0x008001cc                PROVIDE (__bss_end, .)
                0x00000b48                __data_load_start = LOADADDR (.data)
                0x00000b48                __data_load_end = (__data_load_start + SIZEOF (.data))

.noinit         0x008001cc        0x0
                0x008001cc                PROVIDE (__noinit_start, .)
 *(.noinit*)
                0x008001cc                PROVIDE (__noinit_end, .)
                0x008001cc                _end = .
                0x008001cc                PROVIDE (__heap_start, .)

.eeprom         0x00810000        0x0
 *(.eeprom*)
                0x00810000                __eeprom_end = .

.fuse
 *(.fuse)
 *(.lfuse)
 *(.hfuse)
 *(.efuse)

.lock
 *(.lock*)

.signature
 *(.signature*)

.user_signatures
 *(.user_signatures*)

.stab
 *(.stab)

.stabstr
 *(.stabstr)

.stab.excl
 *(.stab.excl)

.stab.exclstr
 *(.stab.exclstr)

.stab.index
 *(.stab.index)

.stab.indexstr
 *(.stab.indexstr)

.comment        0x00000000       0x30
 *(.comment)
 .comment       0x00000000       0x30 common_avr-liberty-master_src/buffer.o
                                 0x31 (size before relaxing)
 .comment       0x00000030       0x31 common_avr-liberty-master_src/rprintf.o
 .comment       0x00000030       0x31 common_avr-liberty-master_src/timerx8.o
 .comment       0x00000030       0x31 common_avr-liberty-master_src/uart.o
 .comment       0x00000030       0x31 LMRfR_button/button.o
 .comment       0x00000030       0x31 LMRfR_main/main.o

.note.gnu.avr.deviceinfo
                0x00000000       0x40
 .note.gnu.avr.deviceinfo
                0x00000000       0x40 C:/Program Files (x86)/Atmel/Studio/7.0/Packs/atmel/ATmega_DFP/1.0.90/gcc/dev/atmega644p/avr5/crtatmega644p.o

.note.gnu.build-id
 *(.note.gnu.build-id)

.debug
 *(.debug)

.line
 *(.line)

.debug_srcinfo
 *(.debug_srcinfo)

.debug_sfnames
 *(.debug_sfnames)

.debug_aranges  0x00000000      0x2f8
 *(.debug_aranges)
 .debug_aranges
                0x00000000       0x50 common_avr-liberty-master_src/buffer.o
 .debug_aranges
                0x00000050       0x78 common_avr-liberty-master_src/rprintf.o
 .debug_aranges
                0x000000c8      0x130 common_avr-liberty-master_src/timerx8.o
 .debug_aranges
                0x000001f8       0x90 common_avr-liberty-master_src/uart.o
 .debug_aranges
                0x00000288       0x48 LMRfR_button/button.o
 .debug_aranges
                0x000002d0       0x28 LMRfR_main/main.o

.debug_pubnames
 *(.debug_pubnames)

.debug_info     0x00000000     0x1ef1
 *(.debug_info .gnu.linkonce.wi.*)
 .debug_info    0x00000000      0x2ed common_avr-liberty-master_src/buffer.o
 .debug_info    0x000002ed      0x624 common_avr-liberty-master_src/rprintf.o
 .debug_info    0x00000911      0x727 common_avr-liberty-master_src/timerx8.o
 .debug_info    0x00001038      0x5a7 common_avr-liberty-master_src/uart.o
 .debug_info    0x000015df      0x3fc LMRfR_button/button.o
 .debug_info    0x000019db      0x516 LMRfR_main/main.o

.debug_abbrev   0x00000000      0xb65
 *(.debug_abbrev)
 .debug_abbrev  0x00000000       0xea common_avr-liberty-master_src/buffer.o
 .debug_abbrev  0x000000ea      0x1dd common_avr-liberty-master_src/rprintf.o
 .debug_abbrev  0x000002c7      0x252 common_avr-liberty-master_src/timerx8.o
 .debug_abbrev  0x00000519      0x2c2 common_avr-liberty-master_src/uart.o
 .debug_abbrev  0x000007db      0x186 LMRfR_button/button.o
 .debug_abbrev  0x00000961      0x204 LMRfR_main/main.o

.debug_line     0x00000000      0xc2c
 *(.debug_line .debug_line.* .debug_line_end)
 .debug_line    0x00000000      0x153 common_avr-liberty-master_src/buffer.o
 .debug_line    0x00000153      0x28a common_avr-liberty-master_src/rprintf.o
 .debug_line    0x000003dd      0x368 common_avr-liberty-master_src/timerx8.o
 .debug_line    0x00000745      0x1ef common_avr-liberty-master_src/uart.o
 .debug_line    0x00000934      0x13f LMRfR_button/button.o
 .debug_line    0x00000a73      0x1b9 LMRfR_main/main.o

.debug_frame    0x00000000      0xa48
 *(.debug_frame)
 .debug_frame   0x00000000       0x84 common_avr-liberty-master_src/buffer.o
 .debug_frame   0x00000084      0x1e8 common_avr-liberty-master_src/rprintf.o
 .debug_frame   0x0000026c      0x4b4 common_avr-liberty-master_src/timerx8.o
 .debug_frame   0x00000720      0x1bc common_avr-liberty-master_src/uart.o
 .debug_frame   0x000008dc       0x9c LMRfR_button/button.o
 .debug_frame   0x00000978       0xd0 LMRfR_main/main.o

.debug_str      0x00000000      0xace
 *(.debug_str)
 .debug_str     0x00000000      0x228 common_avr-liberty-master_src/buffer.o
                                0x274 (size before relaxing)
 .debug_str     0x00000228      0x17e common_avr-liberty-master_src/rprintf.o
                                0x309 (size before relaxing)
 .debug_str     0x000003a6      0x30f common_avr-liberty-master_src/timerx8.o
                                0x4a5 (size before relaxing)
 .debug_str     0x000006b5      0x1b1 common_avr-liberty-master_src/uart.o
                                0x397 (size before relaxing)
 .debug_str     0x00000866      0x202 LMRfR_button/button.o
                                0x37d (size before relaxing)
 .debug_str     0x00000a68       0x66 LMRfR_main/main.o
                                0x391 (size before relaxing)

.debug_loc      0x00000000     0x1de7
 *(.debug_loc)
 .debug_loc     0x00000000      0x200 common_avr-liberty-master_src/buffer.o
 .debug_loc     0x00000200      0xb32 common_avr-liberty-master_src/rprintf.o
 .debug_loc     0x00000d32      0x8cf common_avr-liberty-master_src/timerx8.o
 .debug_loc     0x00001601      0x342 common_avr-liberty-master_src/uart.o
 .debug_loc     0x00001943      0x1e3 LMRfR_button/button.o
 .debug_loc     0x00001b26      0x2c1 LMRfR_main/main.o

.debug_macinfo
 *(.debug_macinfo)

.debug_weaknames
 *(.debug_weaknames)

.debug_funcnames
 *(.debug_funcnames)

.debug_typenames
 *(.debug_typenames)

.debug_varnames
 *(.debug_varnames)

.debug_pubtypes
 *(.debug_pubtypes)

.debug_ranges   0x00000000      0x298
 *(.debug_ranges)
 .debug_ranges  0x00000000       0x40 common_avr-liberty-master_src/buffer.o
 .debug_ranges  0x00000040       0x68 common_avr-liberty-master_src/rprintf.o
 .debug_ranges  0x000000a8      0x120 common_avr-liberty-master_src/timerx8.o
 .debug_ranges  0x000001c8       0x80 common_avr-liberty-master_src/uart.o
 .debug_ranges  0x00000248       0x38 LMRfR_button/button.o
 .debug_ranges  0x00000280       0x18 LMRfR_main/main.o

.debug_macro
 *(.debug_macro)
OUTPUT(LevelMeterRfRemote.elf elf32-avr)
LOAD linker stubs
