Archive member included to satisfy reference by file (symbol)

c:/program files (x86)/atmel/studio/7.0/toolchain/avr8/avr8-gnu-toolchain/bin/../lib/gcc/avr/4.9.2/avr5\libgcc.a(_mulsi3.o)
                              common_avr-liberty-master_src/timerx8.o (__mulsi3)
c:/program files (x86)/atmel/studio/7.0/toolchain/avr8/avr8-gnu-toolchain/bin/../lib/gcc/avr/4.9.2/avr5\libgcc.a(_udivmodhi4.o)
                              common_avr-liberty-master_src/buffer.o (__udivmodhi4)
c:/program files (x86)/atmel/studio/7.0/toolchain/avr8/avr8-gnu-toolchain/bin/../lib/gcc/avr/4.9.2/avr5\libgcc.a(_udivmodsi4.o)
                              common_avr-liberty-master_src/rprintf.o (__udivmodsi4)
c:/program files (x86)/atmel/studio/7.0/toolchain/avr8/avr8-gnu-toolchain/bin/../lib/gcc/avr/4.9.2/avr5\libgcc.a(_exit.o)
                              C:/Program Files (x86)/Atmel/Studio/7.0/Packs/atmel/ATmega_DFP/1.0.90/gcc/dev/atmega644p/avr5/crtatmega644p.o (exit)
c:/program files (x86)/atmel/studio/7.0/toolchain/avr8/avr8-gnu-toolchain/bin/../lib/gcc/avr/4.9.2/avr5\libgcc.a(_copy_data.o)
                              LMRfR_main/appl.o (__do_copy_data)
c:/program files (x86)/atmel/studio/7.0/toolchain/avr8/avr8-gnu-toolchain/bin/../lib/gcc/avr/4.9.2/avr5\libgcc.a(_clear_bss.o)
                              common_avr-liberty-master_src/ks0108.o (__do_clear_bss)
c:/program files (x86)/atmel/studio/7.0/toolchain/avr8/avr8-gnu-toolchain/bin/../lib/gcc/avr/4.9.2/avr5\libgcc.a(_muluhisi3.o)
                              c:/program files (x86)/atmel/studio/7.0/toolchain/avr8/avr8-gnu-toolchain/bin/../lib/gcc/avr/4.9.2/avr5\libgcc.a(_mulsi3.o) (__muluhisi3)
c:/program files (x86)/atmel/studio/7.0/toolchain/avr8/avr8-gnu-toolchain/bin/../lib/gcc/avr/4.9.2/avr5\libgcc.a(_umulhisi3.o)
                              c:/program files (x86)/atmel/studio/7.0/toolchain/avr8/avr8-gnu-toolchain/bin/../lib/gcc/avr/4.9.2/avr5\libgcc.a(_muluhisi3.o) (__umulhisi3)

Allocating common symbols
Common symbol       size              file

uartReadyTx         0x1               common_avr-liberty-master_src/uart.o
Timer0Reg0          0x4               common_avr-liberty-master_src/timerx8.o
uartRxBuffer        0x8               common_avr-liberty-master_src/uart.o
TimerPauseReg       0x4               common_avr-liberty-master_src/timerx8.o
button              0x1a              LM_button/button.o
Timer2Reg0          0x4               common_avr-liberty-master_src/timerx8.o
uartBufferedTx      0x1               common_avr-liberty-master_src/uart.o
testChar            0x1               LMRfR_main/appl.o
uartTxBuffer        0x8               common_avr-liberty-master_src/uart.o
uartRxOverflow      0x2               common_avr-liberty-master_src/uart.o
GrLcdState          0x6               common_avr-liberty-master_src/ks0108.o

Discarded input sections

 .data          0x00000000        0x0 C:/Program Files (x86)/Atmel/Studio/7.0/Packs/atmel/ATmega_DFP/1.0.90/gcc/dev/atmega644p/avr5/crtatmega644p.o
 .bss           0x00000000        0x0 C:/Program Files (x86)/Atmel/Studio/7.0/Packs/atmel/ATmega_DFP/1.0.90/gcc/dev/atmega644p/avr5/crtatmega644p.o
 .text          0x00000000        0x0 common_avr-liberty-master_src/buffer.o
 .data          0x00000000        0x0 common_avr-liberty-master_src/buffer.o
 .bss           0x00000000        0x0 common_avr-liberty-master_src/buffer.o
 .text.bufferDumpFromFront
                0x00000000       0x40 common_avr-liberty-master_src/buffer.o
 .text.bufferGetAtIndex
                0x00000000       0x26 common_avr-liberty-master_src/buffer.o
 .text.bufferFlush
                0x00000000        0xe common_avr-liberty-master_src/buffer.o
 .text          0x00000000        0x0 common_avr-liberty-master_src/glcd.o
 .data          0x00000000        0x0 common_avr-liberty-master_src/glcd.o
 .bss           0x00000000        0x0 common_avr-liberty-master_src/glcd.o
 .text.glcdSetDot
                0x00000000       0x50 common_avr-liberty-master_src/glcd.o
 .text.glcdClearDot
                0x00000000       0x52 common_avr-liberty-master_src/glcd.o
 .text.glcdLine
                0x00000000        0x2 common_avr-liberty-master_src/glcd.o
 .text.glcdRectangle
                0x00000000       0x7e common_avr-liberty-master_src/glcd.o
 .text.glcdCircle
                0x00000000       0xf6 common_avr-liberty-master_src/glcd.o
 .text.glcdWriteCharGr
                0x00000000       0x54 common_avr-liberty-master_src/glcd.o
 .progmem.data.FontGr
                0x00000000       0x13 common_avr-liberty-master_src/glcd.o
 .text          0x00000000        0x0 common_avr-liberty-master_src/ks0108.o
 .data          0x00000000        0x0 common_avr-liberty-master_src/ks0108.o
 .bss           0x00000000        0x0 common_avr-liberty-master_src/ks0108.o
 .text.glcdReset
                0x00000000        0xc common_avr-liberty-master_src/ks0108.o
 .text.glcdDelay
                0x00000000        0x2 common_avr-liberty-master_src/ks0108.o
 .text.glcdGotoChar
                0x00000000       0x10 common_avr-liberty-master_src/ks0108.o
 .text.glcdControlRead
                0x00000000       0x48 common_avr-liberty-master_src/ks0108.o
 .text.glcdDataRead
                0x00000000       0x8a common_avr-liberty-master_src/ks0108.o
 .text          0x00000000        0x0 common_avr-liberty-master_src/rprintf.o
 .data          0x00000000        0x0 common_avr-liberty-master_src/rprintf.o
 .bss           0x00000000        0x0 common_avr-liberty-master_src/rprintf.o
 .text.rprintfStr
                0x00000000       0x1c common_avr-liberty-master_src/rprintf.o
 .text.rprintfStrLen
                0x00000000       0x5c common_avr-liberty-master_src/rprintf.o
 .text.rprintfProgStr
                0x00000000       0x22 common_avr-liberty-master_src/rprintf.o
 .text.rprintfCRLF
                0x00000000        0x6 common_avr-liberty-master_src/rprintf.o
 .text.rprintfu08
                0x00000000       0x14 common_avr-liberty-master_src/rprintf.o
 .text.rprintfu16
                0x00000000       0x12 common_avr-liberty-master_src/rprintf.o
 .text.rprintfu32
                0x00000000       0x20 common_avr-liberty-master_src/rprintf.o
 .text.rprintfNum
                0x00000000      0x140 common_avr-liberty-master_src/rprintf.o
 .text          0x00000000        0x0 common_avr-liberty-master_src/timerx8.o
 .data          0x00000000        0x0 common_avr-liberty-master_src/timerx8.o
 .bss           0x00000000        0x0 common_avr-liberty-master_src/timerx8.o
 .text.delay_us
                0x00000000        0x2 common_avr-liberty-master_src/timerx8.o
 .text.timer0SetPrescaler
                0x00000000        0xa common_avr-liberty-master_src/timerx8.o
 .text.timer0Init
                0x00000000       0x24 common_avr-liberty-master_src/timerx8.o
 .text.timer1SetPrescaler
                0x00000000        0xe common_avr-liberty-master_src/timerx8.o
 .text.timer1Init
                0x00000000       0x1a common_avr-liberty-master_src/timerx8.o
 .text.timer2SetPrescaler
                0x00000000        0xe common_avr-liberty-master_src/timerx8.o
 .text.timer2Init
                0x00000000       0x26 common_avr-liberty-master_src/timerx8.o
 .text.timer0GetPrescaler
                0x00000000       0x14 common_avr-liberty-master_src/timerx8.o
 .text.timer1GetPrescaler
                0x00000000       0x16 common_avr-liberty-master_src/timerx8.o
 .text.timer2GetPrescaler
                0x00000000       0x16 common_avr-liberty-master_src/timerx8.o
 .text.timerAttach
                0x00000000       0x16 common_avr-liberty-master_src/timerx8.o
 .text.timerDetach
                0x00000000       0x16 common_avr-liberty-master_src/timerx8.o
 .text.timerInit
                0x00000000       0x22 common_avr-liberty-master_src/timerx8.o
 .text.timerPause
                0x00000000       0xf6 common_avr-liberty-master_src/timerx8.o
 .text.timer0ClearOverflowCount
                0x00000000       0x12 common_avr-liberty-master_src/timerx8.o
 .text.timer0GetOverflowCount
                0x00000000       0x12 common_avr-liberty-master_src/timerx8.o
 .text.timer2ClearOverflowCount
                0x00000000       0x12 common_avr-liberty-master_src/timerx8.o
 .text.timer2GetOverflowCount
                0x00000000       0x12 common_avr-liberty-master_src/timerx8.o
 .text.timer1PWMInit
                0x00000000       0x48 common_avr-liberty-master_src/timerx8.o
 .text.timer1PWMInitICR
                0x00000000       0x3c common_avr-liberty-master_src/timerx8.o
 .text.timer1PWMAOn
                0x00000000       0x12 common_avr-liberty-master_src/timerx8.o
 .text.timer1PWMBOn
                0x00000000       0x12 common_avr-liberty-master_src/timerx8.o
 .text.timer1PWMAOff
                0x00000000       0x12 common_avr-liberty-master_src/timerx8.o
 .text.timer1PWMBOff
                0x00000000       0x12 common_avr-liberty-master_src/timerx8.o
 .text.timer1PWMOff
                0x00000000       0x18 common_avr-liberty-master_src/timerx8.o
 .text.timer1PWMASet
                0x00000000        0xa common_avr-liberty-master_src/timerx8.o
 .text.timer1PWMBSet
                0x00000000        0xa common_avr-liberty-master_src/timerx8.o
 .progmem.data.TimerRTCPrescaleFactor
                0x00000000       0x10 common_avr-liberty-master_src/timerx8.o
 .progmem.data.TimerPrescaleFactor
                0x00000000        0xc common_avr-liberty-master_src/timerx8.o
 .text          0x00000000        0x0 common_avr-liberty-master_src/uart.o
 .data          0x00000000        0x0 common_avr-liberty-master_src/uart.o
 .bss           0x00000000        0x0 common_avr-liberty-master_src/uart.o
 .text.uartSetRxHandler
                0x00000000        0xa common_avr-liberty-master_src/uart.o
 .text.uartGetRxBuffer
                0x00000000        0x6 common_avr-liberty-master_src/uart.o
 .text.uartGetTxBuffer
                0x00000000        0x6 common_avr-liberty-master_src/uart.o
 .text.uartReceiveByte
                0x00000000       0x34 common_avr-liberty-master_src/uart.o
 .text.uartGetByte
                0x00000000       0x28 common_avr-liberty-master_src/uart.o
 .text.uartFlushReceiveBuffer
                0x00000000        0xa common_avr-liberty-master_src/uart.o
 .text.uartReceiveBufferIsEmpty
                0x00000000       0x14 common_avr-liberty-master_src/uart.o
 .text.uartAddToTxBuffer
                0x00000000        0xa common_avr-liberty-master_src/uart.o
 .text.uartSendTxBuffer
                0x00000000       0x12 common_avr-liberty-master_src/uart.o
 .text          0x00000000        0x0 LMRfR_main/appl.o
 .data          0x00000000        0x0 LMRfR_main/appl.o
 .bss           0x00000000        0x0 LMRfR_main/appl.o
 COMMON         0x00000000        0x1 LMRfR_main/appl.o
 .text          0x00000000        0x0 LMRfR_main/button_dep.o
 .data          0x00000000        0x0 LMRfR_main/button_dep.o
 .bss           0x00000000        0x0 LMRfR_main/button_dep.o
 .text          0x00000000        0x0 LMRfR_main/main.o
 .data          0x00000000        0x0 LMRfR_main/main.o
 .bss           0x00000000        0x0 LMRfR_main/main.o
 .text          0x00000000        0x0 LM_button/button.o
 .data          0x00000000        0x0 LM_button/button.o
 .bss           0x00000000        0x0 LM_button/button.o
 .text.ButtonGetHoldTime
                0x00000000        0xa LM_button/button.o
 .text.ButtonGetReleased
                0x00000000       0x12 LM_button/button.o
 .text.ButtonGetHeld
                0x00000000       0x12 LM_button/button.o
 .text.ButtonGetTwiceTap
                0x00000000       0x12 LM_button/button.o
 .text          0x00000000        0x0 c:/program files (x86)/atmel/studio/7.0/toolchain/avr8/avr8-gnu-toolchain/bin/../lib/gcc/avr/4.9.2/avr5\libgcc.a(_mulsi3.o)
 .data          0x00000000        0x0 c:/program files (x86)/atmel/studio/7.0/toolchain/avr8/avr8-gnu-toolchain/bin/../lib/gcc/avr/4.9.2/avr5\libgcc.a(_mulsi3.o)
 .bss           0x00000000        0x0 c:/program files (x86)/atmel/studio/7.0/toolchain/avr8/avr8-gnu-toolchain/bin/../lib/gcc/avr/4.9.2/avr5\libgcc.a(_mulsi3.o)
 .text.libgcc.mul
                0x00000000       0x20 c:/program files (x86)/atmel/studio/7.0/toolchain/avr8/avr8-gnu-toolchain/bin/../lib/gcc/avr/4.9.2/avr5\libgcc.a(_mulsi3.o)
 .text.libgcc.div
                0x00000000        0x0 c:/program files (x86)/atmel/studio/7.0/toolchain/avr8/avr8-gnu-toolchain/bin/../lib/gcc/avr/4.9.2/avr5\libgcc.a(_mulsi3.o)
 .text.libgcc   0x00000000        0x0 c:/program files (x86)/atmel/studio/7.0/toolchain/avr8/avr8-gnu-toolchain/bin/../lib/gcc/avr/4.9.2/avr5\libgcc.a(_mulsi3.o)
 .text.libgcc.prologue
                0x00000000        0x0 c:/program files (x86)/atmel/studio/7.0/toolchain/avr8/avr8-gnu-toolchain/bin/../lib/gcc/avr/4.9.2/avr5\libgcc.a(_mulsi3.o)
 .text.libgcc.builtins
                0x00000000        0x0 c:/program files (x86)/atmel/studio/7.0/toolchain/avr8/avr8-gnu-toolchain/bin/../lib/gcc/avr/4.9.2/avr5\libgcc.a(_mulsi3.o)
 .text.libgcc.fmul
                0x00000000        0x0 c:/program files (x86)/atmel/studio/7.0/toolchain/avr8/avr8-gnu-toolchain/bin/../lib/gcc/avr/4.9.2/avr5\libgcc.a(_mulsi3.o)
 .text.libgcc.fixed
                0x00000000        0x0 c:/program files (x86)/atmel/studio/7.0/toolchain/avr8/avr8-gnu-toolchain/bin/../lib/gcc/avr/4.9.2/avr5\libgcc.a(_mulsi3.o)
 .text          0x00000000        0x0 c:/program files (x86)/atmel/studio/7.0/toolchain/avr8/avr8-gnu-toolchain/bin/../lib/gcc/avr/4.9.2/avr5\libgcc.a(_udivmodhi4.o)
 .data          0x00000000        0x0 c:/program files (x86)/atmel/studio/7.0/toolchain/avr8/avr8-gnu-toolchain/bin/../lib/gcc/avr/4.9.2/avr5\libgcc.a(_udivmodhi4.o)
 .bss           0x00000000        0x0 c:/program files (x86)/atmel/studio/7.0/toolchain/avr8/avr8-gnu-toolchain/bin/../lib/gcc/avr/4.9.2/avr5\libgcc.a(_udivmodhi4.o)
 .text.libgcc.mul
                0x00000000        0x0 c:/program files (x86)/atmel/studio/7.0/toolchain/avr8/avr8-gnu-toolchain/bin/../lib/gcc/avr/4.9.2/avr5\libgcc.a(_udivmodhi4.o)
 .text.libgcc   0x00000000        0x0 c:/program files (x86)/atmel/studio/7.0/toolchain/avr8/avr8-gnu-toolchain/bin/../lib/gcc/avr/4.9.2/avr5\libgcc.a(_udivmodhi4.o)
 .text.libgcc.prologue
                0x00000000        0x0 c:/program files (x86)/atmel/studio/7.0/toolchain/avr8/avr8-gnu-toolchain/bin/../lib/gcc/avr/4.9.2/avr5\libgcc.a(_udivmodhi4.o)
 .text.libgcc.builtins
                0x00000000        0x0 c:/program files (x86)/atmel/studio/7.0/toolchain/avr8/avr8-gnu-toolchain/bin/../lib/gcc/avr/4.9.2/avr5\libgcc.a(_udivmodhi4.o)
 .text.libgcc.fmul
                0x00000000        0x0 c:/program files (x86)/atmel/studio/7.0/toolchain/avr8/avr8-gnu-toolchain/bin/../lib/gcc/avr/4.9.2/avr5\libgcc.a(_udivmodhi4.o)
 .text.libgcc.fixed
                0x00000000        0x0 c:/program files (x86)/atmel/studio/7.0/toolchain/avr8/avr8-gnu-toolchain/bin/../lib/gcc/avr/4.9.2/avr5\libgcc.a(_udivmodhi4.o)
 .text          0x00000000        0x0 c:/program files (x86)/atmel/studio/7.0/toolchain/avr8/avr8-gnu-toolchain/bin/../lib/gcc/avr/4.9.2/avr5\libgcc.a(_udivmodsi4.o)
 .data          0x00000000        0x0 c:/program files (x86)/atmel/studio/7.0/toolchain/avr8/avr8-gnu-toolchain/bin/../lib/gcc/avr/4.9.2/avr5\libgcc.a(_udivmodsi4.o)
 .bss           0x00000000        0x0 c:/program files (x86)/atmel/studio/7.0/toolchain/avr8/avr8-gnu-toolchain/bin/../lib/gcc/avr/4.9.2/avr5\libgcc.a(_udivmodsi4.o)
 .text.libgcc.mul
                0x00000000        0x0 c:/program files (x86)/atmel/studio/7.0/toolchain/avr8/avr8-gnu-toolchain/bin/../lib/gcc/avr/4.9.2/avr5\libgcc.a(_udivmodsi4.o)
 .text.libgcc   0x00000000        0x0 c:/program files (x86)/atmel/studio/7.0/toolchain/avr8/avr8-gnu-toolchain/bin/../lib/gcc/avr/4.9.2/avr5\libgcc.a(_udivmodsi4.o)
 .text.libgcc.prologue
                0x00000000        0x0 c:/program files (x86)/atmel/studio/7.0/toolchain/avr8/avr8-gnu-toolchain/bin/../lib/gcc/avr/4.9.2/avr5\libgcc.a(_udivmodsi4.o)
 .text.libgcc.builtins
                0x00000000        0x0 c:/program files (x86)/atmel/studio/7.0/toolchain/avr8/avr8-gnu-toolchain/bin/../lib/gcc/avr/4.9.2/avr5\libgcc.a(_udivmodsi4.o)
 .text.libgcc.fmul
                0x00000000        0x0 c:/program files (x86)/atmel/studio/7.0/toolchain/avr8/avr8-gnu-toolchain/bin/../lib/gcc/avr/4.9.2/avr5\libgcc.a(_udivmodsi4.o)
 .text.libgcc.fixed
                0x00000000        0x0 c:/program files (x86)/atmel/studio/7.0/toolchain/avr8/avr8-gnu-toolchain/bin/../lib/gcc/avr/4.9.2/avr5\libgcc.a(_udivmodsi4.o)
 .text          0x00000000        0x0 c:/program files (x86)/atmel/studio/7.0/toolchain/avr8/avr8-gnu-toolchain/bin/../lib/gcc/avr/4.9.2/avr5\libgcc.a(_exit.o)
 .data          0x00000000        0x0 c:/program files (x86)/atmel/studio/7.0/toolchain/avr8/avr8-gnu-toolchain/bin/../lib/gcc/avr/4.9.2/avr5\libgcc.a(_exit.o)
 .bss           0x00000000        0x0 c:/program files (x86)/atmel/studio/7.0/toolchain/avr8/avr8-gnu-toolchain/bin/../lib/gcc/avr/4.9.2/avr5\libgcc.a(_exit.o)
 .text.libgcc.mul
                0x00000000        0x0 c:/program files (x86)/atmel/studio/7.0/toolchain/avr8/avr8-gnu-toolchain/bin/../lib/gcc/avr/4.9.2/avr5\libgcc.a(_exit.o)
 .text.libgcc.div
                0x00000000        0x0 c:/program files (x86)/atmel/studio/7.0/toolchain/avr8/avr8-gnu-toolchain/bin/../lib/gcc/avr/4.9.2/avr5\libgcc.a(_exit.o)
 .text.libgcc   0x00000000        0x0 c:/program files (x86)/atmel/studio/7.0/toolchain/avr8/avr8-gnu-toolchain/bin/../lib/gcc/avr/4.9.2/avr5\libgcc.a(_exit.o)
 .text.libgcc.prologue
                0x00000000        0x0 c:/program files (x86)/atmel/studio/7.0/toolchain/avr8/avr8-gnu-toolchain/bin/../lib/gcc/avr/4.9.2/avr5\libgcc.a(_exit.o)
 .text.libgcc.builtins
                0x00000000        0x0 c:/program files (x86)/atmel/studio/7.0/toolchain/avr8/avr8-gnu-toolchain/bin/../lib/gcc/avr/4.9.2/avr5\libgcc.a(_exit.o)
 .text.libgcc.fmul
                0x00000000        0x0 c:/program files (x86)/atmel/studio/7.0/toolchain/avr8/avr8-gnu-toolchain/bin/../lib/gcc/avr/4.9.2/avr5\libgcc.a(_exit.o)
 .text.libgcc.fixed
                0x00000000        0x0 c:/program files (x86)/atmel/studio/7.0/toolchain/avr8/avr8-gnu-toolchain/bin/../lib/gcc/avr/4.9.2/avr5\libgcc.a(_exit.o)
 .text          0x00000000        0x0 c:/program files (x86)/atmel/studio/7.0/toolchain/avr8/avr8-gnu-toolchain/bin/../lib/gcc/avr/4.9.2/avr5\libgcc.a(_copy_data.o)
 .data          0x00000000        0x0 c:/program files (x86)/atmel/studio/7.0/toolchain/avr8/avr8-gnu-toolchain/bin/../lib/gcc/avr/4.9.2/avr5\libgcc.a(_copy_data.o)
 .bss           0x00000000        0x0 c:/program files (x86)/atmel/studio/7.0/toolchain/avr8/avr8-gnu-toolchain/bin/../lib/gcc/avr/4.9.2/avr5\libgcc.a(_copy_data.o)
 .text.libgcc.mul
                0x00000000        0x0 c:/program files (x86)/atmel/studio/7.0/toolchain/avr8/avr8-gnu-toolchain/bin/../lib/gcc/avr/4.9.2/avr5\libgcc.a(_copy_data.o)
 .text.libgcc.div
                0x00000000        0x0 c:/program files (x86)/atmel/studio/7.0/toolchain/avr8/avr8-gnu-toolchain/bin/../lib/gcc/avr/4.9.2/avr5\libgcc.a(_copy_data.o)
 .text.libgcc   0x00000000        0x0 c:/program files (x86)/atmel/studio/7.0/toolchain/avr8/avr8-gnu-toolchain/bin/../lib/gcc/avr/4.9.2/avr5\libgcc.a(_copy_data.o)
 .text.libgcc.prologue
                0x00000000        0x0 c:/program files (x86)/atmel/studio/7.0/toolchain/avr8/avr8-gnu-toolchain/bin/../lib/gcc/avr/4.9.2/avr5\libgcc.a(_copy_data.o)
 .text.libgcc.builtins
                0x00000000        0x0 c:/program files (x86)/atmel/studio/7.0/toolchain/avr8/avr8-gnu-toolchain/bin/../lib/gcc/avr/4.9.2/avr5\libgcc.a(_copy_data.o)
 .text.libgcc.fmul
                0x00000000        0x0 c:/program files (x86)/atmel/studio/7.0/toolchain/avr8/avr8-gnu-toolchain/bin/../lib/gcc/avr/4.9.2/avr5\libgcc.a(_copy_data.o)
 .text.libgcc.fixed
                0x00000000        0x0 c:/program files (x86)/atmel/studio/7.0/toolchain/avr8/avr8-gnu-toolchain/bin/../lib/gcc/avr/4.9.2/avr5\libgcc.a(_copy_data.o)
 .text          0x00000000        0x0 c:/program files (x86)/atmel/studio/7.0/toolchain/avr8/avr8-gnu-toolchain/bin/../lib/gcc/avr/4.9.2/avr5\libgcc.a(_clear_bss.o)
 .data          0x00000000        0x0 c:/program files (x86)/atmel/studio/7.0/toolchain/avr8/avr8-gnu-toolchain/bin/../lib/gcc/avr/4.9.2/avr5\libgcc.a(_clear_bss.o)
 .bss           0x00000000        0x0 c:/program files (x86)/atmel/studio/7.0/toolchain/avr8/avr8-gnu-toolchain/bin/../lib/gcc/avr/4.9.2/avr5\libgcc.a(_clear_bss.o)
 .text.libgcc.mul
                0x00000000        0x0 c:/program files (x86)/atmel/studio/7.0/toolchain/avr8/avr8-gnu-toolchain/bin/../lib/gcc/avr/4.9.2/avr5\libgcc.a(_clear_bss.o)
 .text.libgcc.div
                0x00000000        0x0 c:/program files (x86)/atmel/studio/7.0/toolchain/avr8/avr8-gnu-toolchain/bin/../lib/gcc/avr/4.9.2/avr5\libgcc.a(_clear_bss.o)
 .text.libgcc   0x00000000        0x0 c:/program files (x86)/atmel/studio/7.0/toolchain/avr8/avr8-gnu-toolchain/bin/../lib/gcc/avr/4.9.2/avr5\libgcc.a(_clear_bss.o)
 .text.libgcc.prologue
                0x00000000        0x0 c:/program files (x86)/atmel/studio/7.0/toolchain/avr8/avr8-gnu-toolchain/bin/../lib/gcc/avr/4.9.2/avr5\libgcc.a(_clear_bss.o)
 .text.libgcc.builtins
                0x00000000        0x0 c:/program files (x86)/atmel/studio/7.0/toolchain/avr8/avr8-gnu-toolchain/bin/../lib/gcc/avr/4.9.2/avr5\libgcc.a(_clear_bss.o)
 .text.libgcc.fmul
                0x00000000        0x0 c:/program files (x86)/atmel/studio/7.0/toolchain/avr8/avr8-gnu-toolchain/bin/../lib/gcc/avr/4.9.2/avr5\libgcc.a(_clear_bss.o)
 .text.libgcc.fixed
                0x00000000        0x0 c:/program files (x86)/atmel/studio/7.0/toolchain/avr8/avr8-gnu-toolchain/bin/../lib/gcc/avr/4.9.2/avr5\libgcc.a(_clear_bss.o)
 .text          0x00000000        0x0 c:/program files (x86)/atmel/studio/7.0/toolchain/avr8/avr8-gnu-toolchain/bin/../lib/gcc/avr/4.9.2/avr5\libgcc.a(_muluhisi3.o)
 .data          0x00000000        0x0 c:/program files (x86)/atmel/studio/7.0/toolchain/avr8/avr8-gnu-toolchain/bin/../lib/gcc/avr/4.9.2/avr5\libgcc.a(_muluhisi3.o)
 .bss           0x00000000        0x0 c:/program files (x86)/atmel/studio/7.0/toolchain/avr8/avr8-gnu-toolchain/bin/../lib/gcc/avr/4.9.2/avr5\libgcc.a(_muluhisi3.o)
 .text.libgcc.mul
                0x00000000       0x16 c:/program files (x86)/atmel/studio/7.0/toolchain/avr8/avr8-gnu-toolchain/bin/../lib/gcc/avr/4.9.2/avr5\libgcc.a(_muluhisi3.o)
 .text.libgcc.div
                0x00000000        0x0 c:/program files (x86)/atmel/studio/7.0/toolchain/avr8/avr8-gnu-toolchain/bin/../lib/gcc/avr/4.9.2/avr5\libgcc.a(_muluhisi3.o)
 .text.libgcc   0x00000000        0x0 c:/program files (x86)/atmel/studio/7.0/toolchain/avr8/avr8-gnu-toolchain/bin/../lib/gcc/avr/4.9.2/avr5\libgcc.a(_muluhisi3.o)
 .text.libgcc.prologue
                0x00000000        0x0 c:/program files (x86)/atmel/studio/7.0/toolchain/avr8/avr8-gnu-toolchain/bin/../lib/gcc/avr/4.9.2/avr5\libgcc.a(_muluhisi3.o)
 .text.libgcc.builtins
                0x00000000        0x0 c:/program files (x86)/atmel/studio/7.0/toolchain/avr8/avr8-gnu-toolchain/bin/../lib/gcc/avr/4.9.2/avr5\libgcc.a(_muluhisi3.o)
 .text.libgcc.fmul
                0x00000000        0x0 c:/program files (x86)/atmel/studio/7.0/toolchain/avr8/avr8-gnu-toolchain/bin/../lib/gcc/avr/4.9.2/avr5\libgcc.a(_muluhisi3.o)
 .text.libgcc.fixed
                0x00000000        0x0 c:/program files (x86)/atmel/studio/7.0/toolchain/avr8/avr8-gnu-toolchain/bin/../lib/gcc/avr/4.9.2/avr5\libgcc.a(_muluhisi3.o)
 .text          0x00000000        0x0 c:/program files (x86)/atmel/studio/7.0/toolchain/avr8/avr8-gnu-toolchain/bin/../lib/gcc/avr/4.9.2/avr5\libgcc.a(_umulhisi3.o)
 .data          0x00000000        0x0 c:/program files (x86)/atmel/studio/7.0/toolchain/avr8/avr8-gnu-toolchain/bin/../lib/gcc/avr/4.9.2/avr5\libgcc.a(_umulhisi3.o)
 .bss           0x00000000        0x0 c:/program files (x86)/atmel/studio/7.0/toolchain/avr8/avr8-gnu-toolchain/bin/../lib/gcc/avr/4.9.2/avr5\libgcc.a(_umulhisi3.o)
 .text.libgcc.mul
                0x00000000       0x1e c:/program files (x86)/atmel/studio/7.0/toolchain/avr8/avr8-gnu-toolchain/bin/../lib/gcc/avr/4.9.2/avr5\libgcc.a(_umulhisi3.o)
 .text.libgcc.div
                0x00000000        0x0 c:/program files (x86)/atmel/studio/7.0/toolchain/avr8/avr8-gnu-toolchain/bin/../lib/gcc/avr/4.9.2/avr5\libgcc.a(_umulhisi3.o)
 .text.libgcc   0x00000000        0x0 c:/program files (x86)/atmel/studio/7.0/toolchain/avr8/avr8-gnu-toolchain/bin/../lib/gcc/avr/4.9.2/avr5\libgcc.a(_umulhisi3.o)
 .text.libgcc.prologue
                0x00000000        0x0 c:/program files (x86)/atmel/studio/7.0/toolchain/avr8/avr8-gnu-toolchain/bin/../lib/gcc/avr/4.9.2/avr5\libgcc.a(_umulhisi3.o)
 .text.libgcc.builtins
                0x00000000        0x0 c:/program files (x86)/atmel/studio/7.0/toolchain/avr8/avr8-gnu-toolchain/bin/../lib/gcc/avr/4.9.2/avr5\libgcc.a(_umulhisi3.o)
 .text.libgcc.fmul
                0x00000000        0x0 c:/program files (x86)/atmel/studio/7.0/toolchain/avr8/avr8-gnu-toolchain/bin/../lib/gcc/avr/4.9.2/avr5\libgcc.a(_umulhisi3.o)
 .text.libgcc.fixed
                0x00000000        0x0 c:/program files (x86)/atmel/studio/7.0/toolchain/avr8/avr8-gnu-toolchain/bin/../lib/gcc/avr/4.9.2/avr5\libgcc.a(_umulhisi3.o)

Memory Configuration

Name             Origin             Length             Attributes
text             0x00000000         0x00020000         xr
data             0x00800060         0x0000ffa0         rw !x
eeprom           0x00810000         0x00010000         rw !x
fuse             0x00820000         0x00000400         rw !x
lock             0x00830000         0x00000400         rw !x
signature        0x00840000         0x00000400         rw !x
user_signatures  0x00850000         0x00000400         rw !x
*default*        0x00000000         0xffffffff

Linker script and memory map

Address of section .data set to 0x800100
LOAD C:/Program Files (x86)/Atmel/Studio/7.0/Packs/atmel/ATmega_DFP/1.0.90/gcc/dev/atmega644p/avr5/crtatmega644p.o
LOAD common_avr-liberty-master_src/buffer.o
LOAD common_avr-liberty-master_src/glcd.o
LOAD common_avr-liberty-master_src/ks0108.o
LOAD common_avr-liberty-master_src/rprintf.o
LOAD common_avr-liberty-master_src/timerx8.o
LOAD common_avr-liberty-master_src/uart.o
LOAD LMRfR_main/appl.o
LOAD LMRfR_main/button_dep.o
LOAD LMRfR_main/main.o
LOAD LM_button/button.o
START GROUP
LOAD c:/program files (x86)/atmel/studio/7.0/toolchain/avr8/avr8-gnu-toolchain/bin/../lib/gcc/avr/4.9.2/../../../../avr/lib/avr5\libm.a
END GROUP
START GROUP
LOAD c:/program files (x86)/atmel/studio/7.0/toolchain/avr8/avr8-gnu-toolchain/bin/../lib/gcc/avr/4.9.2/avr5\libgcc.a
LOAD c:/program files (x86)/atmel/studio/7.0/toolchain/avr8/avr8-gnu-toolchain/bin/../lib/gcc/avr/4.9.2/../../../../avr/lib/avr5\libm.a
LOAD c:/program files (x86)/atmel/studio/7.0/toolchain/avr8/avr8-gnu-toolchain/bin/../lib/gcc/avr/4.9.2/../../../../avr/lib/avr5\libc.a
LOAD C:/Program Files (x86)/Atmel/Studio/7.0/Packs/atmel/ATmega_DFP/1.0.90/gcc/dev/atmega644p/avr5\libatmega644p.a
END GROUP

.hash
 *(.hash)

.dynsym
 *(.dynsym)

.dynstr
 *(.dynstr)

.gnu.version
 *(.gnu.version)

.gnu.version_d
 *(.gnu.version_d)

.gnu.version_r
 *(.gnu.version_r)

.rel.init
 *(.rel.init)

.rela.init
 *(.rela.init)

.rel.text
 *(.rel.text)
 *(.rel.text.*)
 *(.rel.gnu.linkonce.t*)

.rela.text
 *(.rela.text)
 *(.rela.text.*)
 *(.rela.gnu.linkonce.t*)

.rel.fini
 *(.rel.fini)

.rela.fini
 *(.rela.fini)

.rel.rodata
 *(.rel.rodata)
 *(.rel.rodata.*)
 *(.rel.gnu.linkonce.r*)

.rela.rodata
 *(.rela.rodata)
 *(.rela.rodata.*)
 *(.rela.gnu.linkonce.r*)

.rel.data
 *(.rel.data)
 *(.rel.data.*)
 *(.rel.gnu.linkonce.d*)

.rela.data
 *(.rela.data)
 *(.rela.data.*)
 *(.rela.gnu.linkonce.d*)

.rel.ctors
 *(.rel.ctors)

.rela.ctors
 *(.rela.ctors)

.rel.dtors
 *(.rel.dtors)

.rela.dtors
 *(.rela.dtors)

.rel.got
 *(.rel.got)

.rela.got
 *(.rela.got)

.rel.bss
 *(.rel.bss)

.rela.bss
 *(.rela.bss)

.rel.plt
 *(.rel.plt)

.rela.plt
 *(.rela.plt)

.text           0x00000000     0x11ee
 *(.vectors)
 .vectors       0x00000000       0x7c C:/Program Files (x86)/Atmel/Studio/7.0/Packs/atmel/ATmega_DFP/1.0.90/gcc/dev/atmega644p/avr5/crtatmega644p.o
                0x00000000                __vector_default
                0x00000000                __vectors
 *(.vectors)
 *(.progmem.gcc*)
                0x0000007c                . = ALIGN (0x2)
                0x0000007c                __trampolines_start = .
 *(.trampolines)
 .trampolines   0x0000007c        0x0 linker stubs
 *(.trampolines*)
                0x0000007c                __trampolines_end = .
 *(.progmem*)
 .progmem.data.Font5x7
                0x0000007c      0x1e0 common_avr-liberty-master_src/glcd.o
 .progmem.data.HexChars
                0x0000025c       0x11 common_avr-liberty-master_src/rprintf.o
 .progmem.data.__c.2075
                0x0000026d        0x3 LMRfR_main/appl.o
 .progmem.data.__c.2073
                0x00000270       0x13 LMRfR_main/appl.o
 .progmem.data.__c.2070
                0x00000283        0x7 LMRfR_main/appl.o
 .progmem.data.__c.2066
                0x0000028a        0x7 LMRfR_main/appl.o
 .progmem.data.__c.2062
                0x00000291        0x7 LMRfR_main/appl.o
 .progmem.data.__c.2058
                0x00000298        0x8 LMRfR_main/appl.o
 .progmem.data.__c.2054
                0x000002a0        0x8 LMRfR_main/appl.o
 .progmem.data.__c.2050
                0x000002a8        0x8 LMRfR_main/appl.o
 .progmem.data.__c.2047
                0x000002b0        0x7 LMRfR_main/appl.o
 .progmem.data.__c.2045
                0x000002b7        0x7 LMRfR_main/appl.o
 .progmem.data.__c.2038
                0x000002be       0x14 LMRfR_main/appl.o
                0x000002d2                . = ALIGN (0x2)
 *(.jumptables)
 *(.jumptables*)
 *(.lowtext)
 *(.lowtext*)
                0x000002d2                __ctors_start = .
 *(.ctors)
                0x000002d2                __ctors_end = .
                0x000002d2                __dtors_start = .
 *(.dtors)
                0x000002d2                __dtors_end = .
 SORT(*)(.ctors)
 SORT(*)(.dtors)
 *(.init0)
 .init0         0x000002d2        0x0 C:/Program Files (x86)/Atmel/Studio/7.0/Packs/atmel/ATmega_DFP/1.0.90/gcc/dev/atmega644p/avr5/crtatmega644p.o
                0x000002d2                __init
 *(.init0)
 *(.init1)
 *(.init1)
 *(.init2)
 .init2         0x000002d2        0xc C:/Program Files (x86)/Atmel/Studio/7.0/Packs/atmel/ATmega_DFP/1.0.90/gcc/dev/atmega644p/avr5/crtatmega644p.o
 *(.init2)
 *(.init3)
 *(.init3)
 *(.init4)
 .init4         0x000002de       0x16 c:/program files (x86)/atmel/studio/7.0/toolchain/avr8/avr8-gnu-toolchain/bin/../lib/gcc/avr/4.9.2/avr5\libgcc.a(_copy_data.o)
                0x000002de                __do_copy_data
 .init4         0x000002f4       0x10 c:/program files (x86)/atmel/studio/7.0/toolchain/avr8/avr8-gnu-toolchain/bin/../lib/gcc/avr/4.9.2/avr5\libgcc.a(_clear_bss.o)
                0x000002f4                __do_clear_bss
 *(.init4)
 *(.init5)
 *(.init5)
 *(.init6)
 *(.init6)
 *(.init7)
 *(.init7)
 *(.init8)
 *(.init8)
 *(.init9)
 .init9         0x00000304        0x4 C:/Program Files (x86)/Atmel/Studio/7.0/Packs/atmel/ATmega_DFP/1.0.90/gcc/dev/atmega644p/avr5/crtatmega644p.o
 *(.init9)
 *(.text)
 .text          0x00000308        0x2 C:/Program Files (x86)/Atmel/Studio/7.0/Packs/atmel/ATmega_DFP/1.0.90/gcc/dev/atmega644p/avr5/crtatmega644p.o
                0x00000308                __vector_28
                0x00000308                __vector_1
                0x00000308                __vector_24
                0x00000308                __bad_interrupt
                0x00000308                __vector_6
                0x00000308                __vector_3
                0x00000308                __vector_23
                0x00000308                __vector_30
                0x00000308                __vector_25
                0x00000308                __vector_17
                0x00000308                __vector_19
                0x00000308                __vector_7
                0x00000308                __vector_27
                0x00000308                __vector_5
                0x00000308                __vector_4
                0x00000308                __vector_2
                0x00000308                __vector_21
                0x00000308                __vector_29
                0x00000308                __vector_8
                0x00000308                __vector_26
                0x00000308                __vector_16
                0x0000030a                . = ALIGN (0x2)
 *(.text.*)
 .text.bufferInit
                0x0000030a       0x1a common_avr-liberty-master_src/buffer.o
                0x0000030a                bufferInit
 .text.bufferGetFromFront
                0x00000324       0x48 common_avr-liberty-master_src/buffer.o
                0x00000324                bufferGetFromFront
 .text.bufferAddToEnd
                0x0000036c       0x40 common_avr-liberty-master_src/buffer.o
                0x0000036c                bufferAddToEnd
 .text.bufferIsNotFull
                0x000003ac       0x16 common_avr-liberty-master_src/buffer.o
                0x000003ac                bufferIsNotFull
 .text.glcdWriteChar
                0x000003c2       0x42 common_avr-liberty-master_src/glcd.o
                0x000003c2                glcdWriteChar
 .text.glcdPutStr
                0x00000404       0x16 common_avr-liberty-master_src/glcd.o
                0x00000404                glcdPutStr
 .text.outb_lcd_ddr_port.part.1
                0x0000041a        0xe common_avr-liberty-master_src/ks0108.o
 .text.glcdControllerSelect
                0x00000428       0x20 common_avr-liberty-master_src/ks0108.o
                0x00000428                glcdControllerSelect
 .text.outb_lcd_data_port
                0x00000448       0x34 common_avr-liberty-master_src/ks0108.o
                0x00000448                outb_lcd_data_port
 .text.outb_lcd_ddr_port
                0x0000047c       0x14 common_avr-liberty-master_src/ks0108.o
                0x0000047c                outb_lcd_ddr_port
 .text.glcdInitHW
                0x00000490       0x2c common_avr-liberty-master_src/ks0108.o
                0x00000490                glcdInitHW
 .text.inb_lcd_pin_port
                0x000004bc       0x26 common_avr-liberty-master_src/ks0108.o
                0x000004bc                inb_lcd_pin_port
 .text.glcdBusyWait
                0x000004e2       0x52 common_avr-liberty-master_src/ks0108.o
                0x000004e2                glcdBusyWait
 .text.glcdControlWrite
                0x00000534       0x3a common_avr-liberty-master_src/ks0108.o
                0x00000534                glcdControlWrite
 .text.glcdSetXAddress
                0x0000056e       0x30 common_avr-liberty-master_src/ks0108.o
                0x0000056e                glcdSetXAddress
 .text.glcdSetYAddress
                0x0000059e       0x18 common_avr-liberty-master_src/ks0108.o
                0x0000059e                glcdSetYAddress
 .text.glcdSetAddress
                0x000005b6        0xe common_avr-liberty-master_src/ks0108.o
                0x000005b6                glcdSetAddress
 .text.glcdStartLine
                0x000005c4       0x14 common_avr-liberty-master_src/ks0108.o
                0x000005c4                glcdStartLine
 .text.glcdHome
                0x000005d8       0x18 common_avr-liberty-master_src/ks0108.o
                0x000005d8                glcdHome
 .text.glcdDataWrite
                0x000005f0       0x82 common_avr-liberty-master_src/ks0108.o
                0x000005f0                glcdDataWrite
 .text.glcdClearScreen
                0x00000672       0x24 common_avr-liberty-master_src/ks0108.o
                0x00000672                glcdClearScreen
 .text.glcdInit
                0x00000696       0x12 common_avr-liberty-master_src/ks0108.o
                0x00000696                glcdInit
 .text.rprintfInit
                0x000006a8        0xa common_avr-liberty-master_src/rprintf.o
                0x000006a8                rprintfInit
 .text.rprintfChar
                0x000006b2       0x22 common_avr-liberty-master_src/rprintf.o
                0x000006b2                rprintfChar
 .text.rprintfu04
                0x000006d4        0xe common_avr-liberty-master_src/rprintf.o
                0x000006d4                rprintfu04
 .text.rprintf1RamRom
                0x000006e2      0x132 common_avr-liberty-master_src/rprintf.o
                0x000006e2                rprintf1RamRom
 .text.__vector_18
                0x00000814       0xa6 common_avr-liberty-master_src/timerx8.o
                0x00000814                __vector_18
 .text.__vector_15
                0x000008ba       0x5a common_avr-liberty-master_src/timerx8.o
                0x000008ba                __vector_15
 .text.__vector_11
                0x00000914       0x80 common_avr-liberty-master_src/timerx8.o
                0x00000914                __vector_11
 .text.__vector_13
                0x00000994       0x5a common_avr-liberty-master_src/timerx8.o
                0x00000994                __vector_13
 .text.__vector_14
                0x000009ee       0x5a common_avr-liberty-master_src/timerx8.o
                0x000009ee                __vector_14
 .text.__vector_12
                0x00000a48       0x5a common_avr-liberty-master_src/timerx8.o
                0x00000a48                __vector_12
 .text.__vector_9
                0x00000aa2       0x5a common_avr-liberty-master_src/timerx8.o
                0x00000aa2                __vector_9
 .text.__vector_10
                0x00000afc       0x5a common_avr-liberty-master_src/timerx8.o
                0x00000afc                __vector_10
 .text.uartInitBuffers
                0x00000b56       0x1c common_avr-liberty-master_src/uart.o
                0x00000b56                uartInitBuffers
 .text.uartInit
                0x00000b72       0x30 common_avr-liberty-master_src/uart.o
                0x00000b72                uartInit
 .text.uartSetBaudRate
                0x00000ba2       0x4c common_avr-liberty-master_src/uart.o
                0x00000ba2                uartSetBaudRate
 .text.uartSendByte
                0x00000bee       0x12 common_avr-liberty-master_src/uart.o
                0x00000bee                uartSendByte
 .text.__vector_22
                0x00000c00       0x6e common_avr-liberty-master_src/uart.o
                0x00000c00                __vector_22
 .text.__vector_20
                0x00000c6e       0x7e common_avr-liberty-master_src/uart.o
                0x00000c6e                __vector_20
 .text.McuInit  0x00000cec       0x12 LMRfR_main/appl.o
                0x00000cec                McuInit
 .text.ApplInit
                0x00000cfe       0x20 LMRfR_main/appl.o
                0x00000cfe                ApplInit
 .text.AppCycleUpdate
                0x00000d1e      0x1dc LMRfR_main/appl.o
                0x00000d1e                AppCycleUpdate
 .text.ButtonInitEx
                0x00000efa       0x14 LMRfR_main/button_dep.o
                0x00000efa                ButtonInitEx
 .text.ButtonGetIO_StateEx
                0x00000f0e       0xd2 LMRfR_main/button_dep.o
                0x00000f0e                ButtonGetIO_StateEx
 .text.startup.main
                0x00000fe0       0x16 LMRfR_main/main.o
                0x00000fe0                main
 .text.ButtonInit
                0x00000ff6        0x2 LM_button/button.o
                0x00000ff6                ButtonInit
 .text.ButtonCycleUpdate
                0x00000ff8      0x186 LM_button/button.o
                0x00000ff8                ButtonCycleUpdate
 .text.libgcc.div
                0x0000117e       0x28 c:/program files (x86)/atmel/studio/7.0/toolchain/avr8/avr8-gnu-toolchain/bin/../lib/gcc/avr/4.9.2/avr5\libgcc.a(_udivmodhi4.o)
                0x0000117e                __udivmodhi4
 .text.libgcc.div
                0x000011a6       0x44 c:/program files (x86)/atmel/studio/7.0/toolchain/avr8/avr8-gnu-toolchain/bin/../lib/gcc/avr/4.9.2/avr5\libgcc.a(_udivmodsi4.o)
                0x000011a6                __udivmodsi4
                0x000011ea                . = ALIGN (0x2)
 *(.fini9)
 .fini9         0x000011ea        0x0 c:/program files (x86)/atmel/studio/7.0/toolchain/avr8/avr8-gnu-toolchain/bin/../lib/gcc/avr/4.9.2/avr5\libgcc.a(_exit.o)
                0x000011ea                _exit
                0x000011ea                exit
 *(.fini9)
 *(.fini8)
 *(.fini8)
 *(.fini7)
 *(.fini7)
 *(.fini6)
 *(.fini6)
 *(.fini5)
 *(.fini5)
 *(.fini4)
 *(.fini4)
 *(.fini3)
 *(.fini3)
 *(.fini2)
 *(.fini2)
 *(.fini1)
 *(.fini1)
 *(.fini0)
 .fini0         0x000011ea        0x4 c:/program files (x86)/atmel/studio/7.0/toolchain/avr8/avr8-gnu-toolchain/bin/../lib/gcc/avr/4.9.2/avr5\libgcc.a(_exit.o)
 *(.fini0)
                0x000011ee                _etext = .

.data           0x00800100       0x8a load address 0x000011ee
                0x00800100                PROVIDE (__data_start, .)
 *(.data)
 *(.data*)
 .data.greeting
                0x00800100       0x14 LMRfR_main/appl.o
                0x00800100                greeting
 *(.rodata)
 *(.rodata*)
 .rodata.str1.1
                0x00800114       0x75 LMRfR_main/appl.o
 *(.gnu.linkonce.d*)
                0x0080018a                . = ALIGN (0x2)
 *fill*         0x00800189        0x1 
                0x0080018a                _edata = .
                0x0080018a                PROVIDE (__data_end, .)

.bss            0x0080018a       0xd2
                0x0080018a                PROVIDE (__bss_start, .)
 *(.bss)
 *(.bss*)
 .bss.rputchar  0x0080018a        0x2 common_avr-liberty-master_src/rprintf.o
 .bss.TimerIntFunc
                0x0080018c        0xe common_avr-liberty-master_src/timerx8.o
 .bss.UartRxFunc
                0x0080019a        0x2 common_avr-liberty-master_src/uart.o
 .bss.uartTxData
                0x0080019c       0x40 common_avr-liberty-master_src/uart.o
 .bss.uartRxData
                0x008001dc       0x40 common_avr-liberty-master_src/uart.o
 *(COMMON)
 COMMON         0x0080021c        0x6 common_avr-liberty-master_src/ks0108.o
                0x0080021c                GrLcdState
 COMMON         0x00800222        0xc common_avr-liberty-master_src/timerx8.o
                0x00800222                Timer0Reg0
                0x00800226                TimerPauseReg
                0x0080022a                Timer2Reg0
 COMMON         0x0080022e       0x14 common_avr-liberty-master_src/uart.o
                0x0080022e                uartReadyTx
                0x0080022f                uartRxBuffer
                0x00800237                uartBufferedTx
                0x00800238                uartTxBuffer
                0x00800240                uartRxOverflow
 COMMON         0x00800242       0x1a LM_button/button.o
                0x00800242                button
                0x0080025c                PROVIDE (__bss_end, .)
                0x000011ee                __data_load_start = LOADADDR (.data)
                0x00001278                __data_load_end = (__data_load_start + SIZEOF (.data))

.noinit         0x0080025c        0x0
                0x0080025c                PROVIDE (__noinit_start, .)
 *(.noinit*)
                0x0080025c                PROVIDE (__noinit_end, .)
                0x0080025c                _end = .
                0x0080025c                PROVIDE (__heap_start, .)

.eeprom         0x00810000        0x0
 *(.eeprom*)
                0x00810000                __eeprom_end = .

.fuse
 *(.fuse)
 *(.lfuse)
 *(.hfuse)
 *(.efuse)

.lock
 *(.lock*)

.signature
 *(.signature*)

.user_signatures
 *(.user_signatures*)

.stab
 *(.stab)

.stabstr
 *(.stabstr)

.stab.excl
 *(.stab.excl)

.stab.exclstr
 *(.stab.exclstr)

.stab.index
 *(.stab.index)

.stab.indexstr
 *(.stab.indexstr)

.comment        0x00000000       0x30
 *(.comment)
 .comment       0x00000000       0x30 common_avr-liberty-master_src/buffer.o
                                 0x31 (size before relaxing)
 .comment       0x00000030       0x31 common_avr-liberty-master_src/glcd.o
 .comment       0x00000030       0x31 common_avr-liberty-master_src/ks0108.o
 .comment       0x00000030       0x31 common_avr-liberty-master_src/rprintf.o
 .comment       0x00000030       0x31 common_avr-liberty-master_src/timerx8.o
 .comment       0x00000030       0x31 common_avr-liberty-master_src/uart.o
 .comment       0x00000030       0x31 LMRfR_main/appl.o
 .comment       0x00000030       0x31 LMRfR_main/button_dep.o
 .comment       0x00000030       0x31 LMRfR_main/main.o
 .comment       0x00000030       0x31 LM_button/button.o

.note.gnu.avr.deviceinfo
                0x00000000       0x40
 .note.gnu.avr.deviceinfo
                0x00000000       0x40 C:/Program Files (x86)/Atmel/Studio/7.0/Packs/atmel/ATmega_DFP/1.0.90/gcc/dev/atmega644p/avr5/crtatmega644p.o

.note.gnu.build-id
 *(.note.gnu.build-id)

.debug
 *(.debug)

.line
 *(.line)

.debug_srcinfo
 *(.debug_srcinfo)

.debug_sfnames
 *(.debug_sfnames)

.debug_aranges  0x00000000      0x460
 *(.debug_aranges)
 .debug_aranges
                0x00000000       0x50 common_avr-liberty-master_src/buffer.o
 .debug_aranges
                0x00000050       0x58 common_avr-liberty-master_src/glcd.o
 .debug_aranges
                0x000000a8       0xc0 common_avr-liberty-master_src/ks0108.o
 .debug_aranges
                0x00000168       0x78 common_avr-liberty-master_src/rprintf.o
 .debug_aranges
                0x000001e0      0x130 common_avr-liberty-master_src/timerx8.o
 .debug_aranges
                0x00000310       0x90 common_avr-liberty-master_src/uart.o
 .debug_aranges
                0x000003a0       0x30 LMRfR_main/appl.o
 .debug_aranges
                0x000003d0       0x28 LMRfR_main/button_dep.o
 .debug_aranges
                0x000003f8       0x20 LMRfR_main/main.o
 .debug_aranges
                0x00000418       0x48 LM_button/button.o

.debug_pubnames
 *(.debug_pubnames)

.debug_info     0x00000000     0x3575
 *(.debug_info .gnu.linkonce.wi.*)
 .debug_info    0x00000000      0x2ed common_avr-liberty-master_src/buffer.o
 .debug_info    0x000002ed      0x678 common_avr-liberty-master_src/glcd.o
 .debug_info    0x00000965      0xb31 common_avr-liberty-master_src/ks0108.o
 .debug_info    0x00001496      0x624 common_avr-liberty-master_src/rprintf.o
 .debug_info    0x00001aba      0x725 common_avr-liberty-master_src/timerx8.o
 .debug_info    0x000021df      0x5a7 common_avr-liberty-master_src/uart.o
 .debug_info    0x00002786      0x7cd LMRfR_main/appl.o
 .debug_info    0x00002f53       0xfa LMRfR_main/button_dep.o
 .debug_info    0x0000304d      0x168 LMRfR_main/main.o
 .debug_info    0x000031b5      0x3c0 LM_button/button.o

.debug_abbrev   0x00000000     0x1155
 *(.debug_abbrev)
 .debug_abbrev  0x00000000       0xea common_avr-liberty-master_src/buffer.o
 .debug_abbrev  0x000000ea      0x18e common_avr-liberty-master_src/glcd.o
 .debug_abbrev  0x00000278      0x302 common_avr-liberty-master_src/ks0108.o
 .debug_abbrev  0x0000057a      0x1dd common_avr-liberty-master_src/rprintf.o
 .debug_abbrev  0x00000757      0x252 common_avr-liberty-master_src/timerx8.o
 .debug_abbrev  0x000009a9      0x2c2 common_avr-liberty-master_src/uart.o
 .debug_abbrev  0x00000c6b      0x202 LMRfR_main/appl.o
 .debug_abbrev  0x00000e6d       0x89 LMRfR_main/button_dep.o
 .debug_abbrev  0x00000ef6       0xe2 LMRfR_main/main.o
 .debug_abbrev  0x00000fd8      0x17d LM_button/button.o

.debug_line     0x00000000     0x207f
 *(.debug_line .debug_line.* .debug_line_end)
 .debug_line    0x00000000      0x232 common_avr-liberty-master_src/buffer.o
 .debug_line    0x00000232      0x325 common_avr-liberty-master_src/glcd.o
 .debug_line    0x00000557      0x76f common_avr-liberty-master_src/ks0108.o
 .debug_line    0x00000cc6      0x438 common_avr-liberty-master_src/rprintf.o
 .debug_line    0x000010fe      0x5a5 common_avr-liberty-master_src/timerx8.o
 .debug_line    0x000016a3      0x2e6 common_avr-liberty-master_src/uart.o
 .debug_line    0x00001989      0x269 LMRfR_main/appl.o
 .debug_line    0x00001bf2      0x143 LMRfR_main/button_dep.o
 .debug_line    0x00001d35      0x165 LMRfR_main/main.o
 .debug_line    0x00001e9a      0x1e5 LM_button/button.o

.debug_frame    0x00000000      0xd8c
 *(.debug_frame)
 .debug_frame   0x00000000       0x84 common_avr-liberty-master_src/buffer.o
 .debug_frame   0x00000084      0x174 common_avr-liberty-master_src/glcd.o
 .debug_frame   0x000001f8      0x1bc common_avr-liberty-master_src/ks0108.o
 .debug_frame   0x000003b4      0x1e8 common_avr-liberty-master_src/rprintf.o
 .debug_frame   0x0000059c      0x4b4 common_avr-liberty-master_src/timerx8.o
 .debug_frame   0x00000a50      0x1bc common_avr-liberty-master_src/uart.o
 .debug_frame   0x00000c0c       0x6c LMRfR_main/appl.o
 .debug_frame   0x00000c78       0x5c LMRfR_main/button_dep.o
 .debug_frame   0x00000cd4       0x24 LMRfR_main/main.o
 .debug_frame   0x00000cf8       0x94 LM_button/button.o

.debug_str      0x00000000      0xe17
 *(.debug_str)
 .debug_str     0x00000000      0x230 common_avr-liberty-master_src/buffer.o
                                0x27c (size before relaxing)
 .debug_str     0x00000230      0x138 common_avr-liberty-master_src/glcd.o
                                0x2b7 (size before relaxing)
 .debug_str     0x00000368      0x1f8 common_avr-liberty-master_src/ks0108.o
                                0x3eb (size before relaxing)
 .debug_str     0x00000560      0x15a common_avr-liberty-master_src/rprintf.o
                                0x311 (size before relaxing)
 .debug_str     0x000006ba      0x306 common_avr-liberty-master_src/timerx8.o
                                0x4ad (size before relaxing)
 .debug_str     0x000009c0      0x1b1 common_avr-liberty-master_src/uart.o
                                0x39f (size before relaxing)
 .debug_str     0x00000b71      0x18d LMRfR_main/appl.o
                                0x3ea (size before relaxing)
 .debug_str     0x00000cfe       0x61 LMRfR_main/button_dep.o
                                0x1e4 (size before relaxing)
 .debug_str     0x00000d5f       0x3b LMRfR_main/main.o
                                0x209 (size before relaxing)
 .debug_str     0x00000d9a       0x7d LM_button/button.o
                                0x371 (size before relaxing)

.debug_loc      0x00000000     0x2c4d
 *(.debug_loc)
 .debug_loc     0x00000000      0x200 common_avr-liberty-master_src/buffer.o
 .debug_loc     0x00000200      0x84d common_avr-liberty-master_src/glcd.o
 .debug_loc     0x00000a4d      0x744 common_avr-liberty-master_src/ks0108.o
 .debug_loc     0x00001191      0xb32 common_avr-liberty-master_src/rprintf.o
 .debug_loc     0x00001cc3      0x8cf common_avr-liberty-master_src/timerx8.o
 .debug_loc     0x00002592      0x342 common_avr-liberty-master_src/uart.o
 .debug_loc     0x000028d4       0xf1 LMRfR_main/appl.o
 .debug_loc     0x000029c5      0x190 LMRfR_main/button_dep.o
 .debug_loc     0x00002b55       0xf8 LM_button/button.o

.debug_macinfo
 *(.debug_macinfo)

.debug_weaknames
 *(.debug_weaknames)

.debug_funcnames
 *(.debug_funcnames)

.debug_typenames
 *(.debug_typenames)

.debug_varnames
 *(.debug_varnames)

.debug_pubtypes
 *(.debug_pubtypes)

.debug_ranges   0x00000000      0x3d8
 *(.debug_ranges)
 .debug_ranges  0x00000000       0x40 common_avr-liberty-master_src/buffer.o
 .debug_ranges  0x00000040       0x60 common_avr-liberty-master_src/glcd.o
 .debug_ranges  0x000000a0       0xb0 common_avr-liberty-master_src/ks0108.o
 .debug_ranges  0x00000150       0x68 common_avr-liberty-master_src/rprintf.o
 .debug_ranges  0x000001b8      0x120 common_avr-liberty-master_src/timerx8.o
 .debug_ranges  0x000002d8       0x80 common_avr-liberty-master_src/uart.o
 .debug_ranges  0x00000358       0x20 LMRfR_main/appl.o
 .debug_ranges  0x00000378       0x18 LMRfR_main/button_dep.o
 .debug_ranges  0x00000390       0x10 LMRfR_main/main.o
 .debug_ranges  0x000003a0       0x38 LM_button/button.o

.debug_macro
 *(.debug_macro)
OUTPUT(LevelMeterRfRemote.elf elf32-avr)
LOAD linker stubs
