Archive member included to satisfy reference by file (symbol)

c:/program files (x86)/atmel/studio/7.0/toolchain/avr8/avr8-gnu-toolchain/bin/../lib/gcc/avr/4.9.2/../../../../avr/lib/avr5\libm.a(cmpsf2.o)
                              LMRfR_main/main.o (__ltsf2)
c:/program files (x86)/atmel/studio/7.0/toolchain/avr8/avr8-gnu-toolchain/bin/../lib/gcc/avr/4.9.2/../../../../avr/lib/avr5\libm.a(fixunssfsi.o)
                              LMRfR_main/main.o (__fixunssfsi)
c:/program files (x86)/atmel/studio/7.0/toolchain/avr8/avr8-gnu-toolchain/bin/../lib/gcc/avr/4.9.2/../../../../avr/lib/avr5\libm.a(fp_cmp.o)
                              c:/program files (x86)/atmel/studio/7.0/toolchain/avr8/avr8-gnu-toolchain/bin/../lib/gcc/avr/4.9.2/../../../../avr/lib/avr5\libm.a(cmpsf2.o) (__fp_cmp)
c:/program files (x86)/atmel/studio/7.0/toolchain/avr8/avr8-gnu-toolchain/bin/../lib/gcc/avr/4.9.2/../../../../avr/lib/avr5\libm.a(fp_split3.o)
                              c:/program files (x86)/atmel/studio/7.0/toolchain/avr8/avr8-gnu-toolchain/bin/../lib/gcc/avr/4.9.2/../../../../avr/lib/avr5\libm.a(fixunssfsi.o) (__fp_splitA)
c:/program files (x86)/atmel/studio/7.0/toolchain/avr8/avr8-gnu-toolchain/bin/../lib/gcc/avr/4.9.2/../../../../avr/lib/avr5\libm.a(fp_zero.o)
                              c:/program files (x86)/atmel/studio/7.0/toolchain/avr8/avr8-gnu-toolchain/bin/../lib/gcc/avr/4.9.2/../../../../avr/lib/avr5\libm.a(fixunssfsi.o) (__fp_zero)
c:/program files (x86)/atmel/studio/7.0/toolchain/avr8/avr8-gnu-toolchain/bin/../lib/gcc/avr/4.9.2/../../../../avr/lib/avr5\libm.a(gesf2.o)
                              LMRfR_main/main.o (__gtsf2)
c:/program files (x86)/atmel/studio/7.0/toolchain/avr8/avr8-gnu-toolchain/bin/../lib/gcc/avr/4.9.2/../../../../avr/lib/avr5\libm.a(mulsf3.o)
                              LMRfR_main/main.o (__mulsf3)
c:/program files (x86)/atmel/studio/7.0/toolchain/avr8/avr8-gnu-toolchain/bin/../lib/gcc/avr/4.9.2/../../../../avr/lib/avr5\libm.a(mulsf3x.o)
                              c:/program files (x86)/atmel/studio/7.0/toolchain/avr8/avr8-gnu-toolchain/bin/../lib/gcc/avr/4.9.2/../../../../avr/lib/avr5\libm.a(mulsf3.o) (__mulsf3x)
c:/program files (x86)/atmel/studio/7.0/toolchain/avr8/avr8-gnu-toolchain/bin/../lib/gcc/avr/4.9.2/../../../../avr/lib/avr5\libm.a(fp_inf.o)
                              c:/program files (x86)/atmel/studio/7.0/toolchain/avr8/avr8-gnu-toolchain/bin/../lib/gcc/avr/4.9.2/../../../../avr/lib/avr5\libm.a(mulsf3x.o) (__fp_inf)
c:/program files (x86)/atmel/studio/7.0/toolchain/avr8/avr8-gnu-toolchain/bin/../lib/gcc/avr/4.9.2/../../../../avr/lib/avr5\libm.a(fp_nan.o)
                              c:/program files (x86)/atmel/studio/7.0/toolchain/avr8/avr8-gnu-toolchain/bin/../lib/gcc/avr/4.9.2/../../../../avr/lib/avr5\libm.a(mulsf3x.o) (__fp_nan)
c:/program files (x86)/atmel/studio/7.0/toolchain/avr8/avr8-gnu-toolchain/bin/../lib/gcc/avr/4.9.2/../../../../avr/lib/avr5\libm.a(fp_pscA.o)
                              c:/program files (x86)/atmel/studio/7.0/toolchain/avr8/avr8-gnu-toolchain/bin/../lib/gcc/avr/4.9.2/../../../../avr/lib/avr5\libm.a(mulsf3x.o) (__fp_pscA)
c:/program files (x86)/atmel/studio/7.0/toolchain/avr8/avr8-gnu-toolchain/bin/../lib/gcc/avr/4.9.2/../../../../avr/lib/avr5\libm.a(fp_pscB.o)
                              c:/program files (x86)/atmel/studio/7.0/toolchain/avr8/avr8-gnu-toolchain/bin/../lib/gcc/avr/4.9.2/../../../../avr/lib/avr5\libm.a(mulsf3x.o) (__fp_pscB)
c:/program files (x86)/atmel/studio/7.0/toolchain/avr8/avr8-gnu-toolchain/bin/../lib/gcc/avr/4.9.2/../../../../avr/lib/avr5\libm.a(fp_round.o)
                              c:/program files (x86)/atmel/studio/7.0/toolchain/avr8/avr8-gnu-toolchain/bin/../lib/gcc/avr/4.9.2/../../../../avr/lib/avr5\libm.a(mulsf3.o) (__fp_round)
c:/program files (x86)/atmel/studio/7.0/toolchain/avr8/avr8-gnu-toolchain/bin/../lib/gcc/avr/4.9.2/avr5\libgcc.a(_mulsi3.o)
                              common_avr-liberty-master_src/timerx8.o (__mulsi3)
c:/program files (x86)/atmel/studio/7.0/toolchain/avr8/avr8-gnu-toolchain/bin/../lib/gcc/avr/4.9.2/avr5\libgcc.a(_udivmodhi4.o)
                              common_avr-liberty-master_src/buffer.o (__udivmodhi4)
c:/program files (x86)/atmel/studio/7.0/toolchain/avr8/avr8-gnu-toolchain/bin/../lib/gcc/avr/4.9.2/avr5\libgcc.a(_udivmodsi4.o)
                              common_avr-liberty-master_src/rprintf.o (__udivmodsi4)
c:/program files (x86)/atmel/studio/7.0/toolchain/avr8/avr8-gnu-toolchain/bin/../lib/gcc/avr/4.9.2/avr5\libgcc.a(_exit.o)
                              C:/Program Files (x86)/Atmel/Studio/7.0/Packs/atmel/ATmega_DFP/1.0.90/gcc/dev/atmega644p/avr5/crtatmega644p.o (exit)
c:/program files (x86)/atmel/studio/7.0/toolchain/avr8/avr8-gnu-toolchain/bin/../lib/gcc/avr/4.9.2/avr5\libgcc.a(_copy_data.o)
                              LMRfR_lcd_ks0108lib/graphic.o (__do_copy_data)
c:/program files (x86)/atmel/studio/7.0/toolchain/avr8/avr8-gnu-toolchain/bin/../lib/gcc/avr/4.9.2/avr5\libgcc.a(_clear_bss.o)
                              common_avr-liberty-master_src/ks0108.o (__do_clear_bss)
c:/program files (x86)/atmel/studio/7.0/toolchain/avr8/avr8-gnu-toolchain/bin/../lib/gcc/avr/4.9.2/avr5\libgcc.a(_umulhisi3.o)
                              common_avr-liberty-master_src/rprintf.o (__umulhisi3)
c:/program files (x86)/atmel/studio/7.0/toolchain/avr8/avr8-gnu-toolchain/bin/../lib/gcc/avr/4.9.2/avr5\libgcc.a(_muluhisi3.o)
                              c:/program files (x86)/atmel/studio/7.0/toolchain/avr8/avr8-gnu-toolchain/bin/../lib/gcc/avr/4.9.2/avr5\libgcc.a(_mulsi3.o) (__muluhisi3)

Allocating common symbols
Common symbol       size              file

uartReadyTx         0x1               common_avr-liberty-master_src/uart.o
Timer0Reg0          0x4               common_avr-liberty-master_src/timerx8.o
uartRxBuffer        0x8               common_avr-liberty-master_src/uart.o
TimerPauseReg       0x4               common_avr-liberty-master_src/timerx8.o
button              0x1a              LMRfR_button/button.o
Timer2Reg0          0x4               common_avr-liberty-master_src/timerx8.o
uartBufferedTx      0x1               common_avr-liberty-master_src/uart.o
uartTxBuffer        0x8               common_avr-liberty-master_src/uart.o
uartRxOverflow      0x2               common_avr-liberty-master_src/uart.o
GrLcdState          0x6               common_avr-liberty-master_src/ks0108.o

Discarded input sections

 .data          0x00000000        0x0 C:/Program Files (x86)/Atmel/Studio/7.0/Packs/atmel/ATmega_DFP/1.0.90/gcc/dev/atmega644p/avr5/crtatmega644p.o
 .bss           0x00000000        0x0 C:/Program Files (x86)/Atmel/Studio/7.0/Packs/atmel/ATmega_DFP/1.0.90/gcc/dev/atmega644p/avr5/crtatmega644p.o
 .text          0x00000000        0x0 common_avr-liberty-master_src/buffer.o
 .data          0x00000000        0x0 common_avr-liberty-master_src/buffer.o
 .bss           0x00000000        0x0 common_avr-liberty-master_src/buffer.o
 .text.bufferDumpFromFront
                0x00000000       0xd0 common_avr-liberty-master_src/buffer.o
 .text.bufferGetAtIndex
                0x00000000       0x80 common_avr-liberty-master_src/buffer.o
 .text.bufferIsNotFull
                0x00000000       0x5c common_avr-liberty-master_src/buffer.o
 .text.bufferFlush
                0x00000000       0x3c common_avr-liberty-master_src/buffer.o
 .text          0x00000000        0x0 common_avr-liberty-master_src/glcd.o
 .data          0x00000000        0x0 common_avr-liberty-master_src/glcd.o
 .bss           0x00000000        0x0 common_avr-liberty-master_src/glcd.o
 .progmem.data.Font5x7
                0x00000000      0x1e0 common_avr-liberty-master_src/glcd.o
 .progmem.data.FontGr
                0x00000000       0x13 common_avr-liberty-master_src/glcd.o
 .text.glcdSetDot
                0x00000000       0x72 common_avr-liberty-master_src/glcd.o
 .text.glcdClearDot
                0x00000000       0x74 common_avr-liberty-master_src/glcd.o
 .text.glcdLine
                0x00000000       0x22 common_avr-liberty-master_src/glcd.o
 .text.glcdRectangle
                0x00000000       0x90 common_avr-liberty-master_src/glcd.o
 .text.glcdCircle
                0x00000000      0x196 common_avr-liberty-master_src/glcd.o
 .text.glcdWriteChar
                0x00000000       0x7a common_avr-liberty-master_src/glcd.o
 .text.glcdWriteCharGr
                0x00000000       0xb4 common_avr-liberty-master_src/glcd.o
 .text.glcdPutStr
                0x00000000       0x3c common_avr-liberty-master_src/glcd.o
 .debug_info    0x00000000      0x3e0 common_avr-liberty-master_src/glcd.o
 .debug_abbrev  0x00000000       0xf5 common_avr-liberty-master_src/glcd.o
 .debug_loc     0x00000000      0x23e common_avr-liberty-master_src/glcd.o
 .debug_aranges
                0x00000000       0x58 common_avr-liberty-master_src/glcd.o
 .debug_ranges  0x00000000       0x48 common_avr-liberty-master_src/glcd.o
 .debug_line    0x00000000      0x1f4 common_avr-liberty-master_src/glcd.o
 .debug_str     0x00000000      0x277 common_avr-liberty-master_src/glcd.o
 .comment       0x00000000       0x31 common_avr-liberty-master_src/glcd.o
 .debug_frame   0x00000000      0x114 common_avr-liberty-master_src/glcd.o
 .text          0x00000000        0x0 common_avr-liberty-master_src/ks0108.o
 .data          0x00000000        0x0 common_avr-liberty-master_src/ks0108.o
 .bss           0x00000000        0x0 common_avr-liberty-master_src/ks0108.o
 .text.glcdControllerSelect
                0x00000000       0xd0 common_avr-liberty-master_src/ks0108.o
 .text.glcdBusyWait
                0x00000000       0xda common_avr-liberty-master_src/ks0108.o
 .text.glcdControlWrite
                0x00000000       0x8e common_avr-liberty-master_src/ks0108.o
 .text.glcdControlRead
                0x00000000       0xa8 common_avr-liberty-master_src/ks0108.o
 .text.glcdDataWrite
                0x00000000       0xec common_avr-liberty-master_src/ks0108.o
 .text.glcdDataRead
                0x00000000       0xfa common_avr-liberty-master_src/ks0108.o
 .text.glcdReset
                0x00000000       0x40 common_avr-liberty-master_src/ks0108.o
 .text.glcdSetXAddress
                0x00000000       0x64 common_avr-liberty-master_src/ks0108.o
 .text.glcdSetYAddress
                0x00000000       0x38 common_avr-liberty-master_src/ks0108.o
 .text.glcdInit
                0x00000000       0x3c common_avr-liberty-master_src/ks0108.o
 .text.glcdHome
                0x00000000       0x56 common_avr-liberty-master_src/ks0108.o
 .text.glcdClearScreen
                0x00000000       0x42 common_avr-liberty-master_src/ks0108.o
 .text.glcdStartLine
                0x00000000       0x2c common_avr-liberty-master_src/ks0108.o
 .text.glcdSetAddress
                0x00000000       0x24 common_avr-liberty-master_src/ks0108.o
 .text.glcdGotoChar
                0x00000000       0x28 common_avr-liberty-master_src/ks0108.o
 .text.glcdDelay
                0x00000000       0x50 common_avr-liberty-master_src/ks0108.o
 COMMON         0x00000000        0x6 common_avr-liberty-master_src/ks0108.o
 .text          0x00000000        0x0 common_avr-liberty-master_src/rprintf.o
 .data          0x00000000        0x0 common_avr-liberty-master_src/rprintf.o
 .bss           0x00000000        0x0 common_avr-liberty-master_src/rprintf.o
 .progmem.data.HexChars
                0x00000000       0x11 common_avr-liberty-master_src/rprintf.o
 .text.rprintfChar
                0x00000000       0x36 common_avr-liberty-master_src/rprintf.o
 .text.rprintfStr
                0x00000000       0x46 common_avr-liberty-master_src/rprintf.o
 .text.rprintfStrLen
                0x00000000       0xae common_avr-liberty-master_src/rprintf.o
 .text.rprintfProgStr
                0x00000000       0x5c common_avr-liberty-master_src/rprintf.o
 .text.rprintfCRLF
                0x00000000       0x14 common_avr-liberty-master_src/rprintf.o
 .text.rprintfu04
                0x00000000       0x3e common_avr-liberty-master_src/rprintf.o
 .text.rprintfu08
                0x00000000       0x24 common_avr-liberty-master_src/rprintf.o
 .text.rprintfu16
                0x00000000       0x2a common_avr-liberty-master_src/rprintf.o
 .text.rprintfu32
                0x00000000       0x3c common_avr-liberty-master_src/rprintf.o
 .text.rprintfNum
                0x00000000      0x25a common_avr-liberty-master_src/rprintf.o
 .text.rprintf1RamRom
                0x00000000      0x1c8 common_avr-liberty-master_src/rprintf.o
 .text          0x00000000        0x0 common_avr-liberty-master_src/timerx8.o
 .data          0x00000000        0x0 common_avr-liberty-master_src/timerx8.o
 .bss           0x00000000        0x0 common_avr-liberty-master_src/timerx8.o
 .progmem.data.TimerPrescaleFactor
                0x00000000        0xc common_avr-liberty-master_src/timerx8.o
 .progmem.data.TimerRTCPrescaleFactor
                0x00000000       0x10 common_avr-liberty-master_src/timerx8.o
 .text.delay_us
                0x00000000       0x66 common_avr-liberty-master_src/timerx8.o
 .text.timerInit
                0x00000000       0x36 common_avr-liberty-master_src/timerx8.o
 .text.timer0Init
                0x00000000       0x32 common_avr-liberty-master_src/timerx8.o
 .text.timer1Init
                0x00000000       0x30 common_avr-liberty-master_src/timerx8.o
 .text.timer2Init
                0x00000000       0x32 common_avr-liberty-master_src/timerx8.o
 .text.timer0SetPrescaler
                0x00000000       0x2c common_avr-liberty-master_src/timerx8.o
 .text.timer1SetPrescaler
                0x00000000       0x2c common_avr-liberty-master_src/timerx8.o
 .text.timer2SetPrescaler
                0x00000000       0x2c common_avr-liberty-master_src/timerx8.o
 .text.timer0GetPrescaler
                0x00000000       0x4e common_avr-liberty-master_src/timerx8.o
 .text.timer1GetPrescaler
                0x00000000       0x4e common_avr-liberty-master_src/timerx8.o
 .text.timer2GetPrescaler
                0x00000000       0x4e common_avr-liberty-master_src/timerx8.o
 .text.timerAttach
                0x00000000       0x3c common_avr-liberty-master_src/timerx8.o
 .text.timerDetach
                0x00000000       0x2e common_avr-liberty-master_src/timerx8.o
 .text.timerPause
                0x00000000      0x1b0 common_avr-liberty-master_src/timerx8.o
 .text.timer0ClearOverflowCount
                0x00000000       0x1e common_avr-liberty-master_src/timerx8.o
 .text.timer0GetOverflowCount
                0x00000000       0x22 common_avr-liberty-master_src/timerx8.o
 .text.timer2ClearOverflowCount
                0x00000000       0x1e common_avr-liberty-master_src/timerx8.o
 .text.timer2GetOverflowCount
                0x00000000       0x22 common_avr-liberty-master_src/timerx8.o
 .text.timer1PWMInit
                0x00000000       0xa4 common_avr-liberty-master_src/timerx8.o
 .text.timer1PWMInitICR
                0x00000000       0x82 common_avr-liberty-master_src/timerx8.o
 .text.timer1PWMOff
                0x00000000       0x3a common_avr-liberty-master_src/timerx8.o
 .text.timer1PWMAOn
                0x00000000       0x32 common_avr-liberty-master_src/timerx8.o
 .text.timer1PWMBOn
                0x00000000       0x32 common_avr-liberty-master_src/timerx8.o
 .text.timer1PWMAOff
                0x00000000       0x32 common_avr-liberty-master_src/timerx8.o
 .text.timer1PWMBOff
                0x00000000       0x32 common_avr-liberty-master_src/timerx8.o
 .text.timer1PWMASet
                0x00000000       0x26 common_avr-liberty-master_src/timerx8.o
 .text.timer1PWMBSet
                0x00000000       0x26 common_avr-liberty-master_src/timerx8.o
 .text          0x00000000        0x0 common_avr-liberty-master_src/uart.o
 .data          0x00000000        0x0 common_avr-liberty-master_src/uart.o
 .bss           0x00000000        0x0 common_avr-liberty-master_src/uart.o
 .text.uartSetRxHandler
                0x00000000       0x24 common_avr-liberty-master_src/uart.o
 .text.uartGetRxBuffer
                0x00000000       0x12 common_avr-liberty-master_src/uart.o
 .text.uartGetTxBuffer
                0x00000000       0x12 common_avr-liberty-master_src/uart.o
 .text.uartGetByte
                0x00000000       0x2a common_avr-liberty-master_src/uart.o
 .text.uartReceiveByte
                0x00000000       0x4c common_avr-liberty-master_src/uart.o
 .text.uartFlushReceiveBuffer
                0x00000000       0x16 common_avr-liberty-master_src/uart.o
 .text.uartReceiveBufferIsEmpty
                0x00000000       0x20 common_avr-liberty-master_src/uart.o
 .text.uartAddToTxBuffer
                0x00000000       0x1e common_avr-liberty-master_src/uart.o
 .text.uartSendTxBuffer
                0x00000000       0x20 common_avr-liberty-master_src/uart.o
 .text          0x00000000        0x0 common_src/fun.o
 .data          0x00000000        0x0 common_src/fun.o
 .bss           0x00000000        0x0 common_src/fun.o
 .text.funx     0x00000000        0xe common_src/fun.o
 .debug_info    0x00000000       0x40 common_src/fun.o
 .debug_abbrev  0x00000000       0x2e common_src/fun.o
 .debug_loc     0x00000000       0x3b common_src/fun.o
 .debug_aranges
                0x00000000       0x20 common_src/fun.o
 .debug_ranges  0x00000000       0x10 common_src/fun.o
 .debug_line    0x00000000       0x3f common_src/fun.o
 .debug_str     0x00000000       0xfa common_src/fun.o
 .comment       0x00000000       0x31 common_src/fun.o
 .debug_frame   0x00000000       0x34 common_src/fun.o
 .text          0x00000000        0x0 LMRfR_button/button.o
 .data          0x00000000        0x0 LMRfR_button/button.o
 .bss           0x00000000        0x0 LMRfR_button/button.o
 .text.ButtonGetHoldTime
                0x00000000       0x16 LMRfR_button/button.o
 .text.ButtonGetReleased
                0x00000000       0x22 LMRfR_button/button.o
 .text.ButtonGetHeld
                0x00000000       0x22 LMRfR_button/button.o
 .text.ButtonGetTwiceTapEvent
                0x00000000       0x22 LMRfR_button/button.o
 .text          0x00000000        0x0 LMRfR_lcd_ks0108lib/graphic.o
 .data          0x00000000        0x0 LMRfR_lcd_ks0108lib/graphic.o
 .bss           0x00000000        0x0 LMRfR_lcd_ks0108lib/graphic.o
 .rodata.color  0x00000000        0x1 LMRfR_lcd_ks0108lib/graphic.o
 .text.GLCD_Rectangle
                0x00000000       0xa0 LMRfR_lcd_ks0108lib/graphic.o
 .text.GLCD_Circle
                0x00000000      0x1a0 LMRfR_lcd_ks0108lib/graphic.o
 .text.GLCD_Line
                0x00000000      0x20a LMRfR_lcd_ks0108lib/graphic.o
 .debug_info    0x00000000      0x20b LMRfR_lcd_ks0108lib/graphic.o
 .debug_abbrev  0x00000000       0x9a LMRfR_lcd_ks0108lib/graphic.o
 .debug_loc     0x00000000       0xd6 LMRfR_lcd_ks0108lib/graphic.o
 .debug_aranges
                0x00000000       0x30 LMRfR_lcd_ks0108lib/graphic.o
 .debug_ranges  0x00000000       0x20 LMRfR_lcd_ks0108lib/graphic.o
 .debug_line    0x00000000       0xdf LMRfR_lcd_ks0108lib/graphic.o
 .debug_str     0x00000000      0x1bf LMRfR_lcd_ks0108lib/graphic.o
 .comment       0x00000000       0x31 LMRfR_lcd_ks0108lib/graphic.o
 .debug_frame   0x00000000       0x74 LMRfR_lcd_ks0108lib/graphic.o
 .text          0x00000000        0x0 LMRfR_lcd_ks0108lib/KS0108-AVR.o
 .data          0x00000000        0x0 LMRfR_lcd_ks0108lib/KS0108-AVR.o
 .bss           0x00000000        0x0 LMRfR_lcd_ks0108lib/KS0108-AVR.o
 .text.GLCD_Delay
                0x00000000       0x10 LMRfR_lcd_ks0108lib/KS0108-AVR.o
 .text.GLCD_EnableController
                0x00000000       0x66 LMRfR_lcd_ks0108lib/KS0108-AVR.o
 .text.GLCD_DisableController
                0x00000000       0x66 LMRfR_lcd_ks0108lib/KS0108-AVR.o
 .text.GLCD_ReadStatus
                0x00000000       0x82 LMRfR_lcd_ks0108lib/KS0108-AVR.o
 .text.GLCD_WriteCommand
                0x00000000       0x7e LMRfR_lcd_ks0108lib/KS0108-AVR.o
 .text.GLCD_ReadData
                0x00000000       0xa0 LMRfR_lcd_ks0108lib/KS0108-AVR.o
 .text.GLCD_WriteData
                0x00000000       0xb4 LMRfR_lcd_ks0108lib/KS0108-AVR.o
 .text.GLCD_InitalizePorts
                0x00000000       0x32 LMRfR_lcd_ks0108lib/KS0108-AVR.o
 .text.GLCD_ReadByteFromROMMemory
                0x00000000       0x36 LMRfR_lcd_ks0108lib/KS0108-AVR.o
 .debug_info    0x00000000      0x22b LMRfR_lcd_ks0108lib/KS0108-AVR.o
 .debug_abbrev  0x00000000      0x10d LMRfR_lcd_ks0108lib/KS0108-AVR.o
 .debug_loc     0x00000000      0x26e LMRfR_lcd_ks0108lib/KS0108-AVR.o
 .debug_aranges
                0x00000000       0x60 LMRfR_lcd_ks0108lib/KS0108-AVR.o
 .debug_ranges  0x00000000       0x50 LMRfR_lcd_ks0108lib/KS0108-AVR.o
 .debug_line    0x00000000      0x182 LMRfR_lcd_ks0108lib/KS0108-AVR.o
 .debug_str     0x00000000      0x275 LMRfR_lcd_ks0108lib/KS0108-AVR.o
 .comment       0x00000000       0x31 LMRfR_lcd_ks0108lib/KS0108-AVR.o
 .debug_frame   0x00000000      0x134 LMRfR_lcd_ks0108lib/KS0108-AVR.o
 .text          0x00000000        0x0 LMRfR_lcd_ks0108lib/KS0108.o
 .data          0x00000000        0x0 LMRfR_lcd_ks0108lib/KS0108.o
 .bss           0x00000000        0x0 LMRfR_lcd_ks0108lib/KS0108.o
 .progmem.data.font5x8
                0x00000000      0x1e0 LMRfR_lcd_ks0108lib/KS0108.o
 .bss.screen_x  0x00000000        0x1 LMRfR_lcd_ks0108lib/KS0108.o
 .bss.screen_y  0x00000000        0x1 LMRfR_lcd_ks0108lib/KS0108.o
 .text.GLCD_Initalize
                0x00000000       0x2e LMRfR_lcd_ks0108lib/KS0108.o
 .text.GLCD_GoTo
                0x00000000       0x80 LMRfR_lcd_ks0108lib/KS0108.o
 .text.GLCD_ClearScreen
                0x00000000       0x42 LMRfR_lcd_ks0108lib/KS0108.o
 .text.GLCD_WriteChar
                0x00000000       0x6a LMRfR_lcd_ks0108lib/KS0108.o
 .text.GLCD_WriteString
                0x00000000       0x3c LMRfR_lcd_ks0108lib/KS0108.o
 .text.GLCD_SetPixel
                0x00000000       0x84 LMRfR_lcd_ks0108lib/KS0108.o
 .text.GLCD_Bitmap
                0x00000000       0x86 LMRfR_lcd_ks0108lib/KS0108.o
 .debug_info    0x00000000      0x27a LMRfR_lcd_ks0108lib/KS0108.o
 .debug_abbrev  0x00000000       0xb5 LMRfR_lcd_ks0108lib/KS0108.o
 .debug_loc     0x00000000      0x204 LMRfR_lcd_ks0108lib/KS0108.o
 .debug_aranges
                0x00000000       0x50 LMRfR_lcd_ks0108lib/KS0108.o
 .debug_ranges  0x00000000       0x40 LMRfR_lcd_ks0108lib/KS0108.o
 .debug_line    0x00000000      0x14f LMRfR_lcd_ks0108lib/KS0108.o
 .debug_str     0x00000000      0x214 LMRfR_lcd_ks0108lib/KS0108.o
 .comment       0x00000000       0x31 LMRfR_lcd_ks0108lib/KS0108.o
 .debug_frame   0x00000000       0xfc LMRfR_lcd_ks0108lib/KS0108.o
 .text          0x00000000        0x0 LMRfR_main/main.o
 .data          0x00000000        0x0 LMRfR_main/main.o
 .bss           0x00000000        0x0 LMRfR_main/main.o
 .text.timerTest
                0x00000000      0x170 LMRfR_main/main.o
 .progmem.data.__c.2042
                0x00000000       0x31 LMRfR_main/main.o
 .progmem.data.__c.2044
                0x00000000       0x22 LMRfR_main/main.o
 .progmem.data.__c.2046
                0x00000000       0x23 LMRfR_main/main.o
 .progmem.data.__c.2048
                0x00000000        0x8 LMRfR_main/main.o
 .progmem.data.__c.2050
                0x00000000       0x1e LMRfR_main/main.o
 .progmem.data.__c.2052
                0x00000000       0x1e LMRfR_main/main.o
 .progmem.data.__c.2054
                0x00000000       0x29 LMRfR_main/main.o
 .progmem.data.__c.2056
                0x00000000       0x1d LMRfR_main/main.o
 .progmem.data.__c.2058
                0x00000000       0x2b LMRfR_main/main.o
 .progmem.data.__c.2060
                0x00000000       0x19 LMRfR_main/main.o
 .progmem.data.__c.2062
                0x00000000       0x20 LMRfR_main/main.o
 .text          0x00000000        0x0 c:/program files (x86)/atmel/studio/7.0/toolchain/avr8/avr8-gnu-toolchain/bin/../lib/gcc/avr/4.9.2/../../../../avr/lib/avr5\libm.a(cmpsf2.o)
 .data          0x00000000        0x0 c:/program files (x86)/atmel/studio/7.0/toolchain/avr8/avr8-gnu-toolchain/bin/../lib/gcc/avr/4.9.2/../../../../avr/lib/avr5\libm.a(cmpsf2.o)
 .bss           0x00000000        0x0 c:/program files (x86)/atmel/studio/7.0/toolchain/avr8/avr8-gnu-toolchain/bin/../lib/gcc/avr/4.9.2/../../../../avr/lib/avr5\libm.a(cmpsf2.o)
 .text          0x00000000        0x0 c:/program files (x86)/atmel/studio/7.0/toolchain/avr8/avr8-gnu-toolchain/bin/../lib/gcc/avr/4.9.2/../../../../avr/lib/avr5\libm.a(fixunssfsi.o)
 .data          0x00000000        0x0 c:/program files (x86)/atmel/studio/7.0/toolchain/avr8/avr8-gnu-toolchain/bin/../lib/gcc/avr/4.9.2/../../../../avr/lib/avr5\libm.a(fixunssfsi.o)
 .bss           0x00000000        0x0 c:/program files (x86)/atmel/studio/7.0/toolchain/avr8/avr8-gnu-toolchain/bin/../lib/gcc/avr/4.9.2/../../../../avr/lib/avr5\libm.a(fixunssfsi.o)
 .text          0x00000000        0x0 c:/program files (x86)/atmel/studio/7.0/toolchain/avr8/avr8-gnu-toolchain/bin/../lib/gcc/avr/4.9.2/../../../../avr/lib/avr5\libm.a(fp_cmp.o)
 .data          0x00000000        0x0 c:/program files (x86)/atmel/studio/7.0/toolchain/avr8/avr8-gnu-toolchain/bin/../lib/gcc/avr/4.9.2/../../../../avr/lib/avr5\libm.a(fp_cmp.o)
 .bss           0x00000000        0x0 c:/program files (x86)/atmel/studio/7.0/toolchain/avr8/avr8-gnu-toolchain/bin/../lib/gcc/avr/4.9.2/../../../../avr/lib/avr5\libm.a(fp_cmp.o)
 .text          0x00000000        0x0 c:/program files (x86)/atmel/studio/7.0/toolchain/avr8/avr8-gnu-toolchain/bin/../lib/gcc/avr/4.9.2/../../../../avr/lib/avr5\libm.a(fp_split3.o)
 .data          0x00000000        0x0 c:/program files (x86)/atmel/studio/7.0/toolchain/avr8/avr8-gnu-toolchain/bin/../lib/gcc/avr/4.9.2/../../../../avr/lib/avr5\libm.a(fp_split3.o)
 .bss           0x00000000        0x0 c:/program files (x86)/atmel/studio/7.0/toolchain/avr8/avr8-gnu-toolchain/bin/../lib/gcc/avr/4.9.2/../../../../avr/lib/avr5\libm.a(fp_split3.o)
 .text          0x00000000        0x0 c:/program files (x86)/atmel/studio/7.0/toolchain/avr8/avr8-gnu-toolchain/bin/../lib/gcc/avr/4.9.2/../../../../avr/lib/avr5\libm.a(fp_zero.o)
 .data          0x00000000        0x0 c:/program files (x86)/atmel/studio/7.0/toolchain/avr8/avr8-gnu-toolchain/bin/../lib/gcc/avr/4.9.2/../../../../avr/lib/avr5\libm.a(fp_zero.o)
 .bss           0x00000000        0x0 c:/program files (x86)/atmel/studio/7.0/toolchain/avr8/avr8-gnu-toolchain/bin/../lib/gcc/avr/4.9.2/../../../../avr/lib/avr5\libm.a(fp_zero.o)
 .text          0x00000000        0x0 c:/program files (x86)/atmel/studio/7.0/toolchain/avr8/avr8-gnu-toolchain/bin/../lib/gcc/avr/4.9.2/../../../../avr/lib/avr5\libm.a(gesf2.o)
 .data          0x00000000        0x0 c:/program files (x86)/atmel/studio/7.0/toolchain/avr8/avr8-gnu-toolchain/bin/../lib/gcc/avr/4.9.2/../../../../avr/lib/avr5\libm.a(gesf2.o)
 .bss           0x00000000        0x0 c:/program files (x86)/atmel/studio/7.0/toolchain/avr8/avr8-gnu-toolchain/bin/../lib/gcc/avr/4.9.2/../../../../avr/lib/avr5\libm.a(gesf2.o)
 .text          0x00000000        0x0 c:/program files (x86)/atmel/studio/7.0/toolchain/avr8/avr8-gnu-toolchain/bin/../lib/gcc/avr/4.9.2/../../../../avr/lib/avr5\libm.a(mulsf3.o)
 .data          0x00000000        0x0 c:/program files (x86)/atmel/studio/7.0/toolchain/avr8/avr8-gnu-toolchain/bin/../lib/gcc/avr/4.9.2/../../../../avr/lib/avr5\libm.a(mulsf3.o)
 .bss           0x00000000        0x0 c:/program files (x86)/atmel/studio/7.0/toolchain/avr8/avr8-gnu-toolchain/bin/../lib/gcc/avr/4.9.2/../../../../avr/lib/avr5\libm.a(mulsf3.o)
 .text          0x00000000        0x0 c:/program files (x86)/atmel/studio/7.0/toolchain/avr8/avr8-gnu-toolchain/bin/../lib/gcc/avr/4.9.2/../../../../avr/lib/avr5\libm.a(mulsf3x.o)
 .data          0x00000000        0x0 c:/program files (x86)/atmel/studio/7.0/toolchain/avr8/avr8-gnu-toolchain/bin/../lib/gcc/avr/4.9.2/../../../../avr/lib/avr5\libm.a(mulsf3x.o)
 .bss           0x00000000        0x0 c:/program files (x86)/atmel/studio/7.0/toolchain/avr8/avr8-gnu-toolchain/bin/../lib/gcc/avr/4.9.2/../../../../avr/lib/avr5\libm.a(mulsf3x.o)
 .text          0x00000000        0x0 c:/program files (x86)/atmel/studio/7.0/toolchain/avr8/avr8-gnu-toolchain/bin/../lib/gcc/avr/4.9.2/../../../../avr/lib/avr5\libm.a(fp_inf.o)
 .data          0x00000000        0x0 c:/program files (x86)/atmel/studio/7.0/toolchain/avr8/avr8-gnu-toolchain/bin/../lib/gcc/avr/4.9.2/../../../../avr/lib/avr5\libm.a(fp_inf.o)
 .bss           0x00000000        0x0 c:/program files (x86)/atmel/studio/7.0/toolchain/avr8/avr8-gnu-toolchain/bin/../lib/gcc/avr/4.9.2/../../../../avr/lib/avr5\libm.a(fp_inf.o)
 .text          0x00000000        0x0 c:/program files (x86)/atmel/studio/7.0/toolchain/avr8/avr8-gnu-toolchain/bin/../lib/gcc/avr/4.9.2/../../../../avr/lib/avr5\libm.a(fp_nan.o)
 .data          0x00000000        0x0 c:/program files (x86)/atmel/studio/7.0/toolchain/avr8/avr8-gnu-toolchain/bin/../lib/gcc/avr/4.9.2/../../../../avr/lib/avr5\libm.a(fp_nan.o)
 .bss           0x00000000        0x0 c:/program files (x86)/atmel/studio/7.0/toolchain/avr8/avr8-gnu-toolchain/bin/../lib/gcc/avr/4.9.2/../../../../avr/lib/avr5\libm.a(fp_nan.o)
 .text          0x00000000        0x0 c:/program files (x86)/atmel/studio/7.0/toolchain/avr8/avr8-gnu-toolchain/bin/../lib/gcc/avr/4.9.2/../../../../avr/lib/avr5\libm.a(fp_pscA.o)
 .data          0x00000000        0x0 c:/program files (x86)/atmel/studio/7.0/toolchain/avr8/avr8-gnu-toolchain/bin/../lib/gcc/avr/4.9.2/../../../../avr/lib/avr5\libm.a(fp_pscA.o)
 .bss           0x00000000        0x0 c:/program files (x86)/atmel/studio/7.0/toolchain/avr8/avr8-gnu-toolchain/bin/../lib/gcc/avr/4.9.2/../../../../avr/lib/avr5\libm.a(fp_pscA.o)
 .text          0x00000000        0x0 c:/program files (x86)/atmel/studio/7.0/toolchain/avr8/avr8-gnu-toolchain/bin/../lib/gcc/avr/4.9.2/../../../../avr/lib/avr5\libm.a(fp_pscB.o)
 .data          0x00000000        0x0 c:/program files (x86)/atmel/studio/7.0/toolchain/avr8/avr8-gnu-toolchain/bin/../lib/gcc/avr/4.9.2/../../../../avr/lib/avr5\libm.a(fp_pscB.o)
 .bss           0x00000000        0x0 c:/program files (x86)/atmel/studio/7.0/toolchain/avr8/avr8-gnu-toolchain/bin/../lib/gcc/avr/4.9.2/../../../../avr/lib/avr5\libm.a(fp_pscB.o)
 .text          0x00000000        0x0 c:/program files (x86)/atmel/studio/7.0/toolchain/avr8/avr8-gnu-toolchain/bin/../lib/gcc/avr/4.9.2/../../../../avr/lib/avr5\libm.a(fp_round.o)
 .data          0x00000000        0x0 c:/program files (x86)/atmel/studio/7.0/toolchain/avr8/avr8-gnu-toolchain/bin/../lib/gcc/avr/4.9.2/../../../../avr/lib/avr5\libm.a(fp_round.o)
 .bss           0x00000000        0x0 c:/program files (x86)/atmel/studio/7.0/toolchain/avr8/avr8-gnu-toolchain/bin/../lib/gcc/avr/4.9.2/../../../../avr/lib/avr5\libm.a(fp_round.o)
 .text          0x00000000        0x0 c:/program files (x86)/atmel/studio/7.0/toolchain/avr8/avr8-gnu-toolchain/bin/../lib/gcc/avr/4.9.2/avr5\libgcc.a(_mulsi3.o)
 .data          0x00000000        0x0 c:/program files (x86)/atmel/studio/7.0/toolchain/avr8/avr8-gnu-toolchain/bin/../lib/gcc/avr/4.9.2/avr5\libgcc.a(_mulsi3.o)
 .bss           0x00000000        0x0 c:/program files (x86)/atmel/studio/7.0/toolchain/avr8/avr8-gnu-toolchain/bin/../lib/gcc/avr/4.9.2/avr5\libgcc.a(_mulsi3.o)
 .text.libgcc.mul
                0x00000000       0x20 c:/program files (x86)/atmel/studio/7.0/toolchain/avr8/avr8-gnu-toolchain/bin/../lib/gcc/avr/4.9.2/avr5\libgcc.a(_mulsi3.o)
 .text.libgcc.div
                0x00000000        0x0 c:/program files (x86)/atmel/studio/7.0/toolchain/avr8/avr8-gnu-toolchain/bin/../lib/gcc/avr/4.9.2/avr5\libgcc.a(_mulsi3.o)
 .text.libgcc   0x00000000        0x0 c:/program files (x86)/atmel/studio/7.0/toolchain/avr8/avr8-gnu-toolchain/bin/../lib/gcc/avr/4.9.2/avr5\libgcc.a(_mulsi3.o)
 .text.libgcc.prologue
                0x00000000        0x0 c:/program files (x86)/atmel/studio/7.0/toolchain/avr8/avr8-gnu-toolchain/bin/../lib/gcc/avr/4.9.2/avr5\libgcc.a(_mulsi3.o)
 .text.libgcc.builtins
                0x00000000        0x0 c:/program files (x86)/atmel/studio/7.0/toolchain/avr8/avr8-gnu-toolchain/bin/../lib/gcc/avr/4.9.2/avr5\libgcc.a(_mulsi3.o)
 .text.libgcc.fmul
                0x00000000        0x0 c:/program files (x86)/atmel/studio/7.0/toolchain/avr8/avr8-gnu-toolchain/bin/../lib/gcc/avr/4.9.2/avr5\libgcc.a(_mulsi3.o)
 .text.libgcc.fixed
                0x00000000        0x0 c:/program files (x86)/atmel/studio/7.0/toolchain/avr8/avr8-gnu-toolchain/bin/../lib/gcc/avr/4.9.2/avr5\libgcc.a(_mulsi3.o)
 .text          0x00000000        0x0 c:/program files (x86)/atmel/studio/7.0/toolchain/avr8/avr8-gnu-toolchain/bin/../lib/gcc/avr/4.9.2/avr5\libgcc.a(_udivmodhi4.o)
 .data          0x00000000        0x0 c:/program files (x86)/atmel/studio/7.0/toolchain/avr8/avr8-gnu-toolchain/bin/../lib/gcc/avr/4.9.2/avr5\libgcc.a(_udivmodhi4.o)
 .bss           0x00000000        0x0 c:/program files (x86)/atmel/studio/7.0/toolchain/avr8/avr8-gnu-toolchain/bin/../lib/gcc/avr/4.9.2/avr5\libgcc.a(_udivmodhi4.o)
 .text.libgcc.mul
                0x00000000        0x0 c:/program files (x86)/atmel/studio/7.0/toolchain/avr8/avr8-gnu-toolchain/bin/../lib/gcc/avr/4.9.2/avr5\libgcc.a(_udivmodhi4.o)
 .text.libgcc   0x00000000        0x0 c:/program files (x86)/atmel/studio/7.0/toolchain/avr8/avr8-gnu-toolchain/bin/../lib/gcc/avr/4.9.2/avr5\libgcc.a(_udivmodhi4.o)
 .text.libgcc.prologue
                0x00000000        0x0 c:/program files (x86)/atmel/studio/7.0/toolchain/avr8/avr8-gnu-toolchain/bin/../lib/gcc/avr/4.9.2/avr5\libgcc.a(_udivmodhi4.o)
 .text.libgcc.builtins
                0x00000000        0x0 c:/program files (x86)/atmel/studio/7.0/toolchain/avr8/avr8-gnu-toolchain/bin/../lib/gcc/avr/4.9.2/avr5\libgcc.a(_udivmodhi4.o)
 .text.libgcc.fmul
                0x00000000        0x0 c:/program files (x86)/atmel/studio/7.0/toolchain/avr8/avr8-gnu-toolchain/bin/../lib/gcc/avr/4.9.2/avr5\libgcc.a(_udivmodhi4.o)
 .text.libgcc.fixed
                0x00000000        0x0 c:/program files (x86)/atmel/studio/7.0/toolchain/avr8/avr8-gnu-toolchain/bin/../lib/gcc/avr/4.9.2/avr5\libgcc.a(_udivmodhi4.o)
 .text          0x00000000        0x0 c:/program files (x86)/atmel/studio/7.0/toolchain/avr8/avr8-gnu-toolchain/bin/../lib/gcc/avr/4.9.2/avr5\libgcc.a(_udivmodsi4.o)
 .data          0x00000000        0x0 c:/program files (x86)/atmel/studio/7.0/toolchain/avr8/avr8-gnu-toolchain/bin/../lib/gcc/avr/4.9.2/avr5\libgcc.a(_udivmodsi4.o)
 .bss           0x00000000        0x0 c:/program files (x86)/atmel/studio/7.0/toolchain/avr8/avr8-gnu-toolchain/bin/../lib/gcc/avr/4.9.2/avr5\libgcc.a(_udivmodsi4.o)
 .text.libgcc.mul
                0x00000000        0x0 c:/program files (x86)/atmel/studio/7.0/toolchain/avr8/avr8-gnu-toolchain/bin/../lib/gcc/avr/4.9.2/avr5\libgcc.a(_udivmodsi4.o)
 .text.libgcc   0x00000000        0x0 c:/program files (x86)/atmel/studio/7.0/toolchain/avr8/avr8-gnu-toolchain/bin/../lib/gcc/avr/4.9.2/avr5\libgcc.a(_udivmodsi4.o)
 .text.libgcc.prologue
                0x00000000        0x0 c:/program files (x86)/atmel/studio/7.0/toolchain/avr8/avr8-gnu-toolchain/bin/../lib/gcc/avr/4.9.2/avr5\libgcc.a(_udivmodsi4.o)
 .text.libgcc.builtins
                0x00000000        0x0 c:/program files (x86)/atmel/studio/7.0/toolchain/avr8/avr8-gnu-toolchain/bin/../lib/gcc/avr/4.9.2/avr5\libgcc.a(_udivmodsi4.o)
 .text.libgcc.fmul
                0x00000000        0x0 c:/program files (x86)/atmel/studio/7.0/toolchain/avr8/avr8-gnu-toolchain/bin/../lib/gcc/avr/4.9.2/avr5\libgcc.a(_udivmodsi4.o)
 .text.libgcc.fixed
                0x00000000        0x0 c:/program files (x86)/atmel/studio/7.0/toolchain/avr8/avr8-gnu-toolchain/bin/../lib/gcc/avr/4.9.2/avr5\libgcc.a(_udivmodsi4.o)
 .text          0x00000000        0x0 c:/program files (x86)/atmel/studio/7.0/toolchain/avr8/avr8-gnu-toolchain/bin/../lib/gcc/avr/4.9.2/avr5\libgcc.a(_exit.o)
 .data          0x00000000        0x0 c:/program files (x86)/atmel/studio/7.0/toolchain/avr8/avr8-gnu-toolchain/bin/../lib/gcc/avr/4.9.2/avr5\libgcc.a(_exit.o)
 .bss           0x00000000        0x0 c:/program files (x86)/atmel/studio/7.0/toolchain/avr8/avr8-gnu-toolchain/bin/../lib/gcc/avr/4.9.2/avr5\libgcc.a(_exit.o)
 .text.libgcc.mul
                0x00000000        0x0 c:/program files (x86)/atmel/studio/7.0/toolchain/avr8/avr8-gnu-toolchain/bin/../lib/gcc/avr/4.9.2/avr5\libgcc.a(_exit.o)
 .text.libgcc.div
                0x00000000        0x0 c:/program files (x86)/atmel/studio/7.0/toolchain/avr8/avr8-gnu-toolchain/bin/../lib/gcc/avr/4.9.2/avr5\libgcc.a(_exit.o)
 .text.libgcc   0x00000000        0x0 c:/program files (x86)/atmel/studio/7.0/toolchain/avr8/avr8-gnu-toolchain/bin/../lib/gcc/avr/4.9.2/avr5\libgcc.a(_exit.o)
 .text.libgcc.prologue
                0x00000000        0x0 c:/program files (x86)/atmel/studio/7.0/toolchain/avr8/avr8-gnu-toolchain/bin/../lib/gcc/avr/4.9.2/avr5\libgcc.a(_exit.o)
 .text.libgcc.builtins
                0x00000000        0x0 c:/program files (x86)/atmel/studio/7.0/toolchain/avr8/avr8-gnu-toolchain/bin/../lib/gcc/avr/4.9.2/avr5\libgcc.a(_exit.o)
 .text.libgcc.fmul
                0x00000000        0x0 c:/program files (x86)/atmel/studio/7.0/toolchain/avr8/avr8-gnu-toolchain/bin/../lib/gcc/avr/4.9.2/avr5\libgcc.a(_exit.o)
 .text.libgcc.fixed
                0x00000000        0x0 c:/program files (x86)/atmel/studio/7.0/toolchain/avr8/avr8-gnu-toolchain/bin/../lib/gcc/avr/4.9.2/avr5\libgcc.a(_exit.o)
 .text          0x00000000        0x0 c:/program files (x86)/atmel/studio/7.0/toolchain/avr8/avr8-gnu-toolchain/bin/../lib/gcc/avr/4.9.2/avr5\libgcc.a(_copy_data.o)
 .data          0x00000000        0x0 c:/program files (x86)/atmel/studio/7.0/toolchain/avr8/avr8-gnu-toolchain/bin/../lib/gcc/avr/4.9.2/avr5\libgcc.a(_copy_data.o)
 .bss           0x00000000        0x0 c:/program files (x86)/atmel/studio/7.0/toolchain/avr8/avr8-gnu-toolchain/bin/../lib/gcc/avr/4.9.2/avr5\libgcc.a(_copy_data.o)
 .text.libgcc.mul
                0x00000000        0x0 c:/program files (x86)/atmel/studio/7.0/toolchain/avr8/avr8-gnu-toolchain/bin/../lib/gcc/avr/4.9.2/avr5\libgcc.a(_copy_data.o)
 .text.libgcc.div
                0x00000000        0x0 c:/program files (x86)/atmel/studio/7.0/toolchain/avr8/avr8-gnu-toolchain/bin/../lib/gcc/avr/4.9.2/avr5\libgcc.a(_copy_data.o)
 .text.libgcc   0x00000000        0x0 c:/program files (x86)/atmel/studio/7.0/toolchain/avr8/avr8-gnu-toolchain/bin/../lib/gcc/avr/4.9.2/avr5\libgcc.a(_copy_data.o)
 .text.libgcc.prologue
                0x00000000        0x0 c:/program files (x86)/atmel/studio/7.0/toolchain/avr8/avr8-gnu-toolchain/bin/../lib/gcc/avr/4.9.2/avr5\libgcc.a(_copy_data.o)
 .text.libgcc.builtins
                0x00000000        0x0 c:/program files (x86)/atmel/studio/7.0/toolchain/avr8/avr8-gnu-toolchain/bin/../lib/gcc/avr/4.9.2/avr5\libgcc.a(_copy_data.o)
 .text.libgcc.fmul
                0x00000000        0x0 c:/program files (x86)/atmel/studio/7.0/toolchain/avr8/avr8-gnu-toolchain/bin/../lib/gcc/avr/4.9.2/avr5\libgcc.a(_copy_data.o)
 .text.libgcc.fixed
                0x00000000        0x0 c:/program files (x86)/atmel/studio/7.0/toolchain/avr8/avr8-gnu-toolchain/bin/../lib/gcc/avr/4.9.2/avr5\libgcc.a(_copy_data.o)
 .text          0x00000000        0x0 c:/program files (x86)/atmel/studio/7.0/toolchain/avr8/avr8-gnu-toolchain/bin/../lib/gcc/avr/4.9.2/avr5\libgcc.a(_clear_bss.o)
 .data          0x00000000        0x0 c:/program files (x86)/atmel/studio/7.0/toolchain/avr8/avr8-gnu-toolchain/bin/../lib/gcc/avr/4.9.2/avr5\libgcc.a(_clear_bss.o)
 .bss           0x00000000        0x0 c:/program files (x86)/atmel/studio/7.0/toolchain/avr8/avr8-gnu-toolchain/bin/../lib/gcc/avr/4.9.2/avr5\libgcc.a(_clear_bss.o)
 .text.libgcc.mul
                0x00000000        0x0 c:/program files (x86)/atmel/studio/7.0/toolchain/avr8/avr8-gnu-toolchain/bin/../lib/gcc/avr/4.9.2/avr5\libgcc.a(_clear_bss.o)
 .text.libgcc.div
                0x00000000        0x0 c:/program files (x86)/atmel/studio/7.0/toolchain/avr8/avr8-gnu-toolchain/bin/../lib/gcc/avr/4.9.2/avr5\libgcc.a(_clear_bss.o)
 .text.libgcc   0x00000000        0x0 c:/program files (x86)/atmel/studio/7.0/toolchain/avr8/avr8-gnu-toolchain/bin/../lib/gcc/avr/4.9.2/avr5\libgcc.a(_clear_bss.o)
 .text.libgcc.prologue
                0x00000000        0x0 c:/program files (x86)/atmel/studio/7.0/toolchain/avr8/avr8-gnu-toolchain/bin/../lib/gcc/avr/4.9.2/avr5\libgcc.a(_clear_bss.o)
 .text.libgcc.builtins
                0x00000000        0x0 c:/program files (x86)/atmel/studio/7.0/toolchain/avr8/avr8-gnu-toolchain/bin/../lib/gcc/avr/4.9.2/avr5\libgcc.a(_clear_bss.o)
 .text.libgcc.fmul
                0x00000000        0x0 c:/program files (x86)/atmel/studio/7.0/toolchain/avr8/avr8-gnu-toolchain/bin/../lib/gcc/avr/4.9.2/avr5\libgcc.a(_clear_bss.o)
 .text.libgcc.fixed
                0x00000000        0x0 c:/program files (x86)/atmel/studio/7.0/toolchain/avr8/avr8-gnu-toolchain/bin/../lib/gcc/avr/4.9.2/avr5\libgcc.a(_clear_bss.o)
 .text          0x00000000        0x0 c:/program files (x86)/atmel/studio/7.0/toolchain/avr8/avr8-gnu-toolchain/bin/../lib/gcc/avr/4.9.2/avr5\libgcc.a(_umulhisi3.o)
 .data          0x00000000        0x0 c:/program files (x86)/atmel/studio/7.0/toolchain/avr8/avr8-gnu-toolchain/bin/../lib/gcc/avr/4.9.2/avr5\libgcc.a(_umulhisi3.o)
 .bss           0x00000000        0x0 c:/program files (x86)/atmel/studio/7.0/toolchain/avr8/avr8-gnu-toolchain/bin/../lib/gcc/avr/4.9.2/avr5\libgcc.a(_umulhisi3.o)
 .text.libgcc.mul
                0x00000000       0x1e c:/program files (x86)/atmel/studio/7.0/toolchain/avr8/avr8-gnu-toolchain/bin/../lib/gcc/avr/4.9.2/avr5\libgcc.a(_umulhisi3.o)
 .text.libgcc.div
                0x00000000        0x0 c:/program files (x86)/atmel/studio/7.0/toolchain/avr8/avr8-gnu-toolchain/bin/../lib/gcc/avr/4.9.2/avr5\libgcc.a(_umulhisi3.o)
 .text.libgcc   0x00000000        0x0 c:/program files (x86)/atmel/studio/7.0/toolchain/avr8/avr8-gnu-toolchain/bin/../lib/gcc/avr/4.9.2/avr5\libgcc.a(_umulhisi3.o)
 .text.libgcc.prologue
                0x00000000        0x0 c:/program files (x86)/atmel/studio/7.0/toolchain/avr8/avr8-gnu-toolchain/bin/../lib/gcc/avr/4.9.2/avr5\libgcc.a(_umulhisi3.o)
 .text.libgcc.builtins
                0x00000000        0x0 c:/program files (x86)/atmel/studio/7.0/toolchain/avr8/avr8-gnu-toolchain/bin/../lib/gcc/avr/4.9.2/avr5\libgcc.a(_umulhisi3.o)
 .text.libgcc.fmul
                0x00000000        0x0 c:/program files (x86)/atmel/studio/7.0/toolchain/avr8/avr8-gnu-toolchain/bin/../lib/gcc/avr/4.9.2/avr5\libgcc.a(_umulhisi3.o)
 .text.libgcc.fixed
                0x00000000        0x0 c:/program files (x86)/atmel/studio/7.0/toolchain/avr8/avr8-gnu-toolchain/bin/../lib/gcc/avr/4.9.2/avr5\libgcc.a(_umulhisi3.o)
 .text          0x00000000        0x0 c:/program files (x86)/atmel/studio/7.0/toolchain/avr8/avr8-gnu-toolchain/bin/../lib/gcc/avr/4.9.2/avr5\libgcc.a(_muluhisi3.o)
 .data          0x00000000        0x0 c:/program files (x86)/atmel/studio/7.0/toolchain/avr8/avr8-gnu-toolchain/bin/../lib/gcc/avr/4.9.2/avr5\libgcc.a(_muluhisi3.o)
 .bss           0x00000000        0x0 c:/program files (x86)/atmel/studio/7.0/toolchain/avr8/avr8-gnu-toolchain/bin/../lib/gcc/avr/4.9.2/avr5\libgcc.a(_muluhisi3.o)
 .text.libgcc.mul
                0x00000000       0x16 c:/program files (x86)/atmel/studio/7.0/toolchain/avr8/avr8-gnu-toolchain/bin/../lib/gcc/avr/4.9.2/avr5\libgcc.a(_muluhisi3.o)
 .text.libgcc.div
                0x00000000        0x0 c:/program files (x86)/atmel/studio/7.0/toolchain/avr8/avr8-gnu-toolchain/bin/../lib/gcc/avr/4.9.2/avr5\libgcc.a(_muluhisi3.o)
 .text.libgcc   0x00000000        0x0 c:/program files (x86)/atmel/studio/7.0/toolchain/avr8/avr8-gnu-toolchain/bin/../lib/gcc/avr/4.9.2/avr5\libgcc.a(_muluhisi3.o)
 .text.libgcc.prologue
                0x00000000        0x0 c:/program files (x86)/atmel/studio/7.0/toolchain/avr8/avr8-gnu-toolchain/bin/../lib/gcc/avr/4.9.2/avr5\libgcc.a(_muluhisi3.o)
 .text.libgcc.builtins
                0x00000000        0x0 c:/program files (x86)/atmel/studio/7.0/toolchain/avr8/avr8-gnu-toolchain/bin/../lib/gcc/avr/4.9.2/avr5\libgcc.a(_muluhisi3.o)
 .text.libgcc.fmul
                0x00000000        0x0 c:/program files (x86)/atmel/studio/7.0/toolchain/avr8/avr8-gnu-toolchain/bin/../lib/gcc/avr/4.9.2/avr5\libgcc.a(_muluhisi3.o)
 .text.libgcc.fixed
                0x00000000        0x0 c:/program files (x86)/atmel/studio/7.0/toolchain/avr8/avr8-gnu-toolchain/bin/../lib/gcc/avr/4.9.2/avr5\libgcc.a(_muluhisi3.o)

Memory Configuration

Name             Origin             Length             Attributes
text             0x00000000         0x00020000         xr
data             0x00800060         0x0000ffa0         rw !x
eeprom           0x00810000         0x00010000         rw !x
fuse             0x00820000         0x00000400         rw !x
lock             0x00830000         0x00000400         rw !x
signature        0x00840000         0x00000400         rw !x
user_signatures  0x00850000         0x00000400         rw !x
*default*        0x00000000         0xffffffff

Linker script and memory map

Address of section .data set to 0x800100
LOAD C:/Program Files (x86)/Atmel/Studio/7.0/Packs/atmel/ATmega_DFP/1.0.90/gcc/dev/atmega644p/avr5/crtatmega644p.o
LOAD common_avr-liberty-master_src/buffer.o
LOAD common_avr-liberty-master_src/glcd.o
LOAD common_avr-liberty-master_src/ks0108.o
LOAD common_avr-liberty-master_src/rprintf.o
LOAD common_avr-liberty-master_src/timerx8.o
LOAD common_avr-liberty-master_src/uart.o
LOAD common_src/fun.o
LOAD LMRfR_button/button.o
LOAD LMRfR_lcd_ks0108lib/graphic.o
LOAD LMRfR_lcd_ks0108lib/KS0108-AVR.o
LOAD LMRfR_lcd_ks0108lib/KS0108.o
LOAD LMRfR_main/main.o
START GROUP
LOAD c:/program files (x86)/atmel/studio/7.0/toolchain/avr8/avr8-gnu-toolchain/bin/../lib/gcc/avr/4.9.2/../../../../avr/lib/avr5\libm.a
END GROUP
START GROUP
LOAD c:/program files (x86)/atmel/studio/7.0/toolchain/avr8/avr8-gnu-toolchain/bin/../lib/gcc/avr/4.9.2/avr5\libgcc.a
LOAD c:/program files (x86)/atmel/studio/7.0/toolchain/avr8/avr8-gnu-toolchain/bin/../lib/gcc/avr/4.9.2/../../../../avr/lib/avr5\libm.a
LOAD c:/program files (x86)/atmel/studio/7.0/toolchain/avr8/avr8-gnu-toolchain/bin/../lib/gcc/avr/4.9.2/../../../../avr/lib/avr5\libc.a
LOAD C:/Program Files (x86)/Atmel/Studio/7.0/Packs/atmel/ATmega_DFP/1.0.90/gcc/dev/atmega644p/avr5\libatmega644p.a
END GROUP

.hash
 *(.hash)

.dynsym
 *(.dynsym)

.dynstr
 *(.dynstr)

.gnu.version
 *(.gnu.version)

.gnu.version_d
 *(.gnu.version_d)

.gnu.version_r
 *(.gnu.version_r)

.rel.init
 *(.rel.init)

.rela.init
 *(.rela.init)

.rel.text
 *(.rel.text)
 *(.rel.text.*)
 *(.rel.gnu.linkonce.t*)

.rela.text
 *(.rela.text)
 *(.rela.text.*)
 *(.rela.gnu.linkonce.t*)

.rel.fini
 *(.rel.fini)

.rela.fini
 *(.rela.fini)

.rel.rodata
 *(.rel.rodata)
 *(.rel.rodata.*)
 *(.rel.gnu.linkonce.r*)

.rela.rodata
 *(.rela.rodata)
 *(.rela.rodata.*)
 *(.rela.gnu.linkonce.r*)

.rel.data
 *(.rel.data)
 *(.rel.data.*)
 *(.rel.gnu.linkonce.d*)

.rela.data
 *(.rela.data)
 *(.rela.data.*)
 *(.rela.gnu.linkonce.d*)

.rel.ctors
 *(.rel.ctors)

.rela.ctors
 *(.rela.ctors)

.rel.dtors
 *(.rel.dtors)

.rela.dtors
 *(.rela.dtors)

.rel.got
 *(.rel.got)

.rela.got
 *(.rela.got)

.rel.bss
 *(.rel.bss)

.rela.bss
 *(.rela.bss)

.rel.plt
 *(.rel.plt)

.rela.plt
 *(.rela.plt)

.text           0x00000000     0x126c
 *(.vectors)
 .vectors       0x00000000       0x7c C:/Program Files (x86)/Atmel/Studio/7.0/Packs/atmel/ATmega_DFP/1.0.90/gcc/dev/atmega644p/avr5/crtatmega644p.o
                0x00000000                __vector_default
                0x00000000                __vectors
 *(.vectors)
 *(.progmem.gcc*)
                0x0000007c                . = ALIGN (0x2)
                0x0000007c                __trampolines_start = .
 *(.trampolines)
 .trampolines   0x0000007c        0x0 linker stubs
 *(.trampolines*)
                0x0000007c                __trampolines_end = .
 *(.progmem*)
                0x0000007c                . = ALIGN (0x2)
 *(.jumptables)
 *(.jumptables*)
 *(.lowtext)
 *(.lowtext*)
                0x0000007c                __ctors_start = .
 *(.ctors)
                0x0000007c                __ctors_end = .
                0x0000007c                __dtors_start = .
 *(.dtors)
                0x0000007c                __dtors_end = .
 SORT(*)(.ctors)
 SORT(*)(.dtors)
 *(.init0)
 .init0         0x0000007c        0x0 C:/Program Files (x86)/Atmel/Studio/7.0/Packs/atmel/ATmega_DFP/1.0.90/gcc/dev/atmega644p/avr5/crtatmega644p.o
                0x0000007c                __init
 *(.init0)
 *(.init1)
 *(.init1)
 *(.init2)
 .init2         0x0000007c        0xc C:/Program Files (x86)/Atmel/Studio/7.0/Packs/atmel/ATmega_DFP/1.0.90/gcc/dev/atmega644p/avr5/crtatmega644p.o
 *(.init2)
 *(.init3)
 *(.init3)
 *(.init4)
 .init4         0x00000088       0x16 c:/program files (x86)/atmel/studio/7.0/toolchain/avr8/avr8-gnu-toolchain/bin/../lib/gcc/avr/4.9.2/avr5\libgcc.a(_copy_data.o)
                0x00000088                __do_copy_data
 .init4         0x0000009e       0x10 c:/program files (x86)/atmel/studio/7.0/toolchain/avr8/avr8-gnu-toolchain/bin/../lib/gcc/avr/4.9.2/avr5\libgcc.a(_clear_bss.o)
                0x0000009e                __do_clear_bss
 *(.init4)
 *(.init5)
 *(.init5)
 *(.init6)
 *(.init6)
 *(.init7)
 *(.init7)
 *(.init8)
 *(.init8)
 *(.init9)
 .init9         0x000000ae        0x8 C:/Program Files (x86)/Atmel/Studio/7.0/Packs/atmel/ATmega_DFP/1.0.90/gcc/dev/atmega644p/avr5/crtatmega644p.o
 *(.init9)
 *(.text)
 .text          0x000000b6        0x4 C:/Program Files (x86)/Atmel/Studio/7.0/Packs/atmel/ATmega_DFP/1.0.90/gcc/dev/atmega644p/avr5/crtatmega644p.o
                0x000000b6                __vector_28
                0x000000b6                __vector_1
                0x000000b6                __vector_24
                0x000000b6                __bad_interrupt
                0x000000b6                __vector_6
                0x000000b6                __vector_3
                0x000000b6                __vector_23
                0x000000b6                __vector_30
                0x000000b6                __vector_25
                0x000000b6                __vector_17
                0x000000b6                __vector_19
                0x000000b6                __vector_7
                0x000000b6                __vector_27
                0x000000b6                __vector_5
                0x000000b6                __vector_4
                0x000000b6                __vector_2
                0x000000b6                __vector_21
                0x000000b6                __vector_29
                0x000000b6                __vector_8
                0x000000b6                __vector_26
                0x000000b6                __vector_16
                0x000000ba                . = ALIGN (0x2)
 *(.text.*)
 .text.bufferInit
                0x000000ba       0x78 common_avr-liberty-master_src/buffer.o
                0x000000ba                bufferInit
 .text.bufferGetFromFront
                0x00000132       0xd6 common_avr-liberty-master_src/buffer.o
                0x00000132                bufferGetFromFront
 .text.bufferAddToEnd
                0x00000208       0xc0 common_avr-liberty-master_src/buffer.o
                0x00000208                bufferAddToEnd
 .text.glcdInitHW
                0x000002c8      0x140 common_avr-liberty-master_src/ks0108.o
                0x000002c8                glcdInitHW
 .text.rprintfInit
                0x00000408       0x24 common_avr-liberty-master_src/rprintf.o
                0x00000408                rprintfInit
 .text.__vector_18
                0x0000042c       0xb8 common_avr-liberty-master_src/timerx8.o
                0x0000042c                __vector_18
 .text.__vector_15
                0x000004e4       0x6c common_avr-liberty-master_src/timerx8.o
                0x000004e4                __vector_15
 .text.__vector_11
                0x00000550       0x92 common_avr-liberty-master_src/timerx8.o
                0x00000550                __vector_11
 .text.__vector_13
                0x000005e2       0x6c common_avr-liberty-master_src/timerx8.o
                0x000005e2                __vector_13
 .text.__vector_14
                0x0000064e       0x6c common_avr-liberty-master_src/timerx8.o
                0x0000064e                __vector_14
 .text.__vector_12
                0x000006ba       0x6c common_avr-liberty-master_src/timerx8.o
                0x000006ba                __vector_12
 .text.__vector_9
                0x00000726       0x6c common_avr-liberty-master_src/timerx8.o
                0x00000726                __vector_9
 .text.__vector_10
                0x00000792       0x6c common_avr-liberty-master_src/timerx8.o
                0x00000792                __vector_10
 .text.uartInit
                0x000007fe       0x44 common_avr-liberty-master_src/uart.o
                0x000007fe                uartInit
 .text.uartInitBuffers
                0x00000842       0x2e common_avr-liberty-master_src/uart.o
                0x00000842                uartInitBuffers
 .text.uartSetBaudRate
                0x00000870       0xc2 common_avr-liberty-master_src/uart.o
                0x00000870                uartSetBaudRate
 .text.uartSendByte
                0x00000932       0x2c common_avr-liberty-master_src/uart.o
                0x00000932                uartSendByte
 .text.__vector_22
                0x0000095e       0x94 common_avr-liberty-master_src/uart.o
                0x0000095e                __vector_22
 .text.__vector_20
                0x000009f2       0x9e common_avr-liberty-master_src/uart.o
                0x000009f2                __vector_20
 .text.ButtonInit
                0x00000a90       0x44 LMRfR_button/button.o
                0x00000a90                ButtonInit
 .text.ButtonCycleUpdate
                0x00000ad4      0x23a LMRfR_button/button.o
                0x00000ad4                ButtonCycleUpdate
 .text.ButtonGetIO_State
                0x00000d0e      0x19a LMRfR_button/button.o
 .text.main     0x00000ea8      0x11e LMRfR_main/main.o
                0x00000ea8                main
 .text.avr-libc.fplib
                0x00000fc6        0xa c:/program files (x86)/atmel/studio/7.0/toolchain/avr8/avr8-gnu-toolchain/bin/../lib/gcc/avr/4.9.2/../../../../avr/lib/avr5\libm.a(cmpsf2.o)
                0x00000fc6                __nesf2
                0x00000fc6                __eqsf2
                0x00000fc6                __cmpsf2
                0x00000fc6                __ltsf2
                0x00000fc6                __lesf2
 .text.avr-libc.fplib
                0x00000fd0       0x5e c:/program files (x86)/atmel/studio/7.0/toolchain/avr8/avr8-gnu-toolchain/bin/../lib/gcc/avr/4.9.2/../../../../avr/lib/avr5\libm.a(fixunssfsi.o)
                0x00000fd0                __fixunssfsi
 .text.avr-libc.fplib
                0x0000102e       0x48 c:/program files (x86)/atmel/studio/7.0/toolchain/avr8/avr8-gnu-toolchain/bin/../lib/gcc/avr/4.9.2/../../../../avr/lib/avr5\libm.a(fp_cmp.o)
                0x0000102e                __fp_cmp
 .text.avr-libc.fplib
                0x00001076       0x44 c:/program files (x86)/atmel/studio/7.0/toolchain/avr8/avr8-gnu-toolchain/bin/../lib/gcc/avr/4.9.2/../../../../avr/lib/avr5\libm.a(fp_split3.o)
                0x00001076                __fp_split3
                0x00001086                __fp_splitA
 .text.avr-libc.fplib
                0x000010ba        0xe c:/program files (x86)/atmel/studio/7.0/toolchain/avr8/avr8-gnu-toolchain/bin/../lib/gcc/avr/4.9.2/../../../../avr/lib/avr5\libm.a(fp_zero.o)
                0x000010ba                __fp_zero
                0x000010bc                __fp_szero
 .text.avr-libc.fplib
                0x000010c8        0xa c:/program files (x86)/atmel/studio/7.0/toolchain/avr8/avr8-gnu-toolchain/bin/../lib/gcc/avr/4.9.2/../../../../avr/lib/avr5\libm.a(gesf2.o)
                0x000010c8                __gesf2
                0x000010c8                __gtsf2
 .text.avr-libc.fplib
                0x000010d2        0x8 c:/program files (x86)/atmel/studio/7.0/toolchain/avr8/avr8-gnu-toolchain/bin/../lib/gcc/avr/4.9.2/../../../../avr/lib/avr5\libm.a(mulsf3.o)
                0x000010d2                __mulsf3
 .text.avr-libc.fplib
                0x000010da       0xd2 c:/program files (x86)/atmel/studio/7.0/toolchain/avr8/avr8-gnu-toolchain/bin/../lib/gcc/avr/4.9.2/../../../../avr/lib/avr5\libm.a(mulsf3x.o)
                0x000010f8                __mulsf3x
                0x000010fe                __mulsf3_pse
 .text.avr-libc.fplib
                0x000011ac        0xc c:/program files (x86)/atmel/studio/7.0/toolchain/avr8/avr8-gnu-toolchain/bin/../lib/gcc/avr/4.9.2/../../../../avr/lib/avr5\libm.a(fp_inf.o)
                0x000011ac                __fp_inf
 .text.avr-libc.fplib
                0x000011b8        0x6 c:/program files (x86)/atmel/studio/7.0/toolchain/avr8/avr8-gnu-toolchain/bin/../lib/gcc/avr/4.9.2/../../../../avr/lib/avr5\libm.a(fp_nan.o)
                0x000011b8                __fp_nan
 .text.avr-libc.fplib
                0x000011be        0xe c:/program files (x86)/atmel/studio/7.0/toolchain/avr8/avr8-gnu-toolchain/bin/../lib/gcc/avr/4.9.2/../../../../avr/lib/avr5\libm.a(fp_pscA.o)
                0x000011be                __fp_pscA
 .text.avr-libc.fplib
                0x000011cc        0xe c:/program files (x86)/atmel/studio/7.0/toolchain/avr8/avr8-gnu-toolchain/bin/../lib/gcc/avr/4.9.2/../../../../avr/lib/avr5\libm.a(fp_pscB.o)
                0x000011cc                __fp_pscB
 .text.avr-libc.fplib
                0x000011da       0x22 c:/program files (x86)/atmel/studio/7.0/toolchain/avr8/avr8-gnu-toolchain/bin/../lib/gcc/avr/4.9.2/../../../../avr/lib/avr5\libm.a(fp_round.o)
                0x000011da                __fp_round
 .text.libgcc.div
                0x000011fc       0x28 c:/program files (x86)/atmel/studio/7.0/toolchain/avr8/avr8-gnu-toolchain/bin/../lib/gcc/avr/4.9.2/avr5\libgcc.a(_udivmodhi4.o)
                0x000011fc                __udivmodhi4
 .text.libgcc.div
                0x00001224       0x44 c:/program files (x86)/atmel/studio/7.0/toolchain/avr8/avr8-gnu-toolchain/bin/../lib/gcc/avr/4.9.2/avr5\libgcc.a(_udivmodsi4.o)
                0x00001224                __udivmodsi4
                0x00001268                . = ALIGN (0x2)
 *(.fini9)
 .fini9         0x00001268        0x0 c:/program files (x86)/atmel/studio/7.0/toolchain/avr8/avr8-gnu-toolchain/bin/../lib/gcc/avr/4.9.2/avr5\libgcc.a(_exit.o)
                0x00001268                _exit
                0x00001268                exit
 *(.fini9)
 *(.fini8)
 *(.fini8)
 *(.fini7)
 *(.fini7)
 *(.fini6)
 *(.fini6)
 *(.fini5)
 *(.fini5)
 *(.fini4)
 *(.fini4)
 *(.fini3)
 *(.fini3)
 *(.fini2)
 *(.fini2)
 *(.fini1)
 *(.fini1)
 *(.fini0)
 .fini0         0x00001268        0x4 c:/program files (x86)/atmel/studio/7.0/toolchain/avr8/avr8-gnu-toolchain/bin/../lib/gcc/avr/4.9.2/avr5\libgcc.a(_exit.o)
 *(.fini0)
                0x0000126c                _etext = .

.data           0x00800100        0x0 load address 0x0000126c
                0x00800100                PROVIDE (__data_start, .)
 *(.data)
 *(.data*)
 *(.rodata)
 *(.rodata*)
 *(.gnu.linkonce.d*)
                0x00800100                . = ALIGN (0x2)
                0x00800100                _edata = .
                0x00800100                PROVIDE (__data_end, .)

.bss            0x00800100       0xcc
                0x00800100                PROVIDE (__bss_start, .)
 *(.bss)
 *(.bss*)
 .bss.rputchar  0x00800100        0x2 common_avr-liberty-master_src/rprintf.o
 .bss.TimerIntFunc
                0x00800102        0xe common_avr-liberty-master_src/timerx8.o
 .bss.uartRxData
                0x00800110       0x40 common_avr-liberty-master_src/uart.o
 .bss.uartTxData
                0x00800150       0x40 common_avr-liberty-master_src/uart.o
 .bss.UartRxFunc
                0x00800190        0x2 common_avr-liberty-master_src/uart.o
 *(COMMON)
 COMMON         0x00800192        0xc common_avr-liberty-master_src/timerx8.o
                0x00800192                Timer0Reg0
                0x00800196                TimerPauseReg
                0x0080019a                Timer2Reg0
 COMMON         0x0080019e       0x14 common_avr-liberty-master_src/uart.o
                0x0080019e                uartReadyTx
                0x0080019f                uartRxBuffer
                0x008001a7                uartBufferedTx
                0x008001a8                uartTxBuffer
                0x008001b0                uartRxOverflow
 COMMON         0x008001b2       0x1a LMRfR_button/button.o
                0x008001b2                button
                0x008001cc                PROVIDE (__bss_end, .)
                0x0000126c                __data_load_start = LOADADDR (.data)
                0x0000126c                __data_load_end = (__data_load_start + SIZEOF (.data))

.noinit         0x008001cc        0x0
                0x008001cc                PROVIDE (__noinit_start, .)
 *(.noinit*)
                0x008001cc                PROVIDE (__noinit_end, .)
                0x008001cc                _end = .
                0x008001cc                PROVIDE (__heap_start, .)

.eeprom         0x00810000        0x0
 *(.eeprom*)
                0x00810000                __eeprom_end = .

.fuse
 *(.fuse)
 *(.lfuse)
 *(.hfuse)
 *(.efuse)

.lock
 *(.lock*)

.signature
 *(.signature*)

.user_signatures
 *(.user_signatures*)

.stab
 *(.stab)

.stabstr
 *(.stabstr)

.stab.excl
 *(.stab.excl)

.stab.exclstr
 *(.stab.exclstr)

.stab.index
 *(.stab.index)

.stab.indexstr
 *(.stab.indexstr)

.comment        0x00000000       0x30
 *(.comment)
 .comment       0x00000000       0x30 common_avr-liberty-master_src/buffer.o
                                 0x31 (size before relaxing)
 .comment       0x00000030       0x31 common_avr-liberty-master_src/ks0108.o
 .comment       0x00000030       0x31 common_avr-liberty-master_src/rprintf.o
 .comment       0x00000030       0x31 common_avr-liberty-master_src/timerx8.o
 .comment       0x00000030       0x31 common_avr-liberty-master_src/uart.o
 .comment       0x00000030       0x31 LMRfR_button/button.o
 .comment       0x00000030       0x31 LMRfR_main/main.o

.note.gnu.avr.deviceinfo
                0x00000000       0x40
 .note.gnu.avr.deviceinfo
                0x00000000       0x40 C:/Program Files (x86)/Atmel/Studio/7.0/Packs/atmel/ATmega_DFP/1.0.90/gcc/dev/atmega644p/avr5/crtatmega644p.o

.note.gnu.build-id
 *(.note.gnu.build-id)

.debug
 *(.debug)

.line
 *(.line)

.debug_srcinfo
 *(.debug_srcinfo)

.debug_sfnames
 *(.debug_sfnames)

.debug_aranges  0x00000000      0x3a0
 *(.debug_aranges)
 .debug_aranges
                0x00000000       0x50 common_avr-liberty-master_src/buffer.o
 .debug_aranges
                0x00000050       0xa0 common_avr-liberty-master_src/ks0108.o
 .debug_aranges
                0x000000f0       0x78 common_avr-liberty-master_src/rprintf.o
 .debug_aranges
                0x00000168      0x130 common_avr-liberty-master_src/timerx8.o
 .debug_aranges
                0x00000298       0x90 common_avr-liberty-master_src/uart.o
 .debug_aranges
                0x00000328       0x50 LMRfR_button/button.o
 .debug_aranges
                0x00000378       0x28 LMRfR_main/main.o

.debug_pubnames
 *(.debug_pubnames)

.debug_info     0x00000000     0x1ded
 *(.debug_info .gnu.linkonce.wi.*)
 .debug_info    0x00000000      0x2db common_avr-liberty-master_src/buffer.o
 .debug_info    0x000002db      0x484 common_avr-liberty-master_src/ks0108.o
 .debug_info    0x0000075f      0x4ee common_avr-liberty-master_src/rprintf.o
 .debug_info    0x00000c4d      0x65f common_avr-liberty-master_src/timerx8.o
 .debug_info    0x000012ac      0x3c3 common_avr-liberty-master_src/uart.o
 .debug_info    0x0000166f      0x3d3 LMRfR_button/button.o
 .debug_info    0x00001a42      0x3ab LMRfR_main/main.o

.debug_abbrev   0x00000000      0x955
 *(.debug_abbrev)
 .debug_abbrev  0x00000000       0xcc common_avr-liberty-master_src/buffer.o
 .debug_abbrev  0x000000cc      0x17d common_avr-liberty-master_src/ks0108.o
 .debug_abbrev  0x00000249      0x16b common_avr-liberty-master_src/rprintf.o
 .debug_abbrev  0x000003b4      0x1ca common_avr-liberty-master_src/timerx8.o
 .debug_abbrev  0x0000057e      0x17d common_avr-liberty-master_src/uart.o
 .debug_abbrev  0x000006fb      0x152 LMRfR_button/button.o
 .debug_abbrev  0x0000084d      0x108 LMRfR_main/main.o

.debug_line     0x00000000      0xfad
 *(.debug_line .debug_line.* .debug_line_end)
 .debug_line    0x00000000      0x157 common_avr-liberty-master_src/buffer.o
 .debug_line    0x00000157      0x30b common_avr-liberty-master_src/ks0108.o
 .debug_line    0x00000462      0x2a7 common_avr-liberty-master_src/rprintf.o
 .debug_line    0x00000709      0x3a7 common_avr-liberty-master_src/timerx8.o
 .debug_line    0x00000ab0      0x200 common_avr-liberty-master_src/uart.o
 .debug_line    0x00000cb0      0x181 LMRfR_button/button.o
 .debug_line    0x00000e31      0x17c LMRfR_main/main.o

.debug_frame    0x00000000      0xf98
 *(.debug_frame)
 .debug_frame   0x00000000       0xf4 common_avr-liberty-master_src/buffer.o
 .debug_frame   0x000000f4      0x24c common_avr-liberty-master_src/ks0108.o
 .debug_frame   0x00000340      0x1bc common_avr-liberty-master_src/rprintf.o
 .debug_frame   0x000004fc      0x6b4 common_avr-liberty-master_src/timerx8.o
 .debug_frame   0x00000bb0      0x2a0 common_avr-liberty-master_src/uart.o
 .debug_frame   0x00000e50       0xf4 LMRfR_button/button.o
 .debug_frame   0x00000f44       0x54 LMRfR_main/main.o

.debug_str      0x00000000      0xc63
 *(.debug_str)
 .debug_str     0x00000000      0x228 common_avr-liberty-master_src/buffer.o
                                0x274 (size before relaxing)
 .debug_str     0x00000228      0x1a6 common_avr-liberty-master_src/ks0108.o
                                0x346 (size before relaxing)
 .debug_str     0x000003ce      0x175 common_avr-liberty-master_src/rprintf.o
                                0x309 (size before relaxing)
 .debug_str     0x00000543      0x30f common_avr-liberty-master_src/timerx8.o
                                0x4a5 (size before relaxing)
 .debug_str     0x00000852      0x1b1 common_avr-liberty-master_src/uart.o
                                0x36a (size before relaxing)
 .debug_str     0x00000a03      0x202 LMRfR_button/button.o
                                0x37d (size before relaxing)
 .debug_str     0x00000c05       0x5e LMRfR_main/main.o
                                0x1e2 (size before relaxing)

.debug_loc      0x00000000     0x2116
 *(.debug_loc)
 .debug_loc     0x00000000      0x1f6 common_avr-liberty-master_src/buffer.o
 .debug_loc     0x000001f6      0x4e2 common_avr-liberty-master_src/ks0108.o
 .debug_loc     0x000006d8      0x3ad common_avr-liberty-master_src/rprintf.o
 .debug_loc     0x00000a85      0xed1 common_avr-liberty-master_src/timerx8.o
 .debug_loc     0x00001956      0x589 common_avr-liberty-master_src/uart.o
 .debug_loc     0x00001edf      0x1b5 LMRfR_button/button.o
 .debug_loc     0x00002094       0x82 LMRfR_main/main.o

.debug_macinfo
 *(.debug_macinfo)

.debug_weaknames
 *(.debug_weaknames)

.debug_funcnames
 *(.debug_funcnames)

.debug_typenames
 *(.debug_typenames)

.debug_varnames
 *(.debug_varnames)

.debug_pubtypes
 *(.debug_pubtypes)

.debug_ranges   0x00000000      0x330
 *(.debug_ranges)
 .debug_ranges  0x00000000       0x40 common_avr-liberty-master_src/buffer.o
 .debug_ranges  0x00000040       0x90 common_avr-liberty-master_src/ks0108.o
 .debug_ranges  0x000000d0       0x68 common_avr-liberty-master_src/rprintf.o
 .debug_ranges  0x00000138      0x120 common_avr-liberty-master_src/timerx8.o
 .debug_ranges  0x00000258       0x80 common_avr-liberty-master_src/uart.o
 .debug_ranges  0x000002d8       0x40 LMRfR_button/button.o
 .debug_ranges  0x00000318       0x18 LMRfR_main/main.o

.debug_macro
 *(.debug_macro)
OUTPUT(LevelMeterRfRemote.elf elf32-avr)
LOAD linker stubs
